Running with wandb account: 
Namespace(epochs=500, lr=0.02, weight_decay=0.0006685729356079199, sheaf_decay=0.0006685729356079199, early_stopping=200, min_acc=0.0, stop_strategy='loss', d=2, layers=2, normalised=True, deg_normalised=False, linear=False, hidden_channels=16, input_dropout=0.0, dropout=0.7276458263736642, left_weights=True, right_weights=True, add_lp=False, add_hp=False, use_act=True, second_linear=False, orth='householder', sheaf_act='tanh', edge_weights=True, sparse_learner=False, dataset='wisconsin', seed=43, cuda=0, folds=10, model='GeneralSheaf', entity='', evectors=0, max_t=1.0, int_method=None, step_size=1, max_iters=100, adjoint_method='adaptive_heun', adjoint=False, adjoint_step_size=1, tol_scale=1.0, tol_scale_adjoint=1.0, max_nfe=1000, no_early=False, earlystopxT=3, max_test_steps=100, num_nodes=200, num_classes=2, num_feats=10, het_coef=0.9, edge_noise=0.05, node_degree=10, feat_noise=0.25, ellipsoid_radius=1, just_add_noise=False, ellipsoids=True, classes_corr=None, dual_diff_strength=1.0, dual_normalised=True, sheaf_init=False, dual_left_linear=False, dual_right_linear=False, dual_linear=True, learn_first_maps=False, dual_diag=False, rotation_invariant_sheaf_learner=False, node_edge_sims_time_dependent=False, num_of_convolutions=1, dim_list=[], zero_laplacian=False, maps_lr=None, use_epsilons=True, use_embedding=True, checkpoint_epochs=[0, 1, 5, 15, 50, 200], save_laplacians=True, save_norms=False, sha='04b0f2da1b8e61766df1e4d09ed93fbf726b5185', graph_size=251, input_dim=1703, output_dim=5, device=device(type='cuda', index=0))
Saved Forman eigs to /home/fguadagn/FMG_Master_Thesis/neural-sheaf-diffusion-modified/results/forman_eigs/wisconsin/normalised-true/stalk_dim-2/2-layers/16-hidden/500-epochs/checkpoints/epoch-0/GeneralSheaf_wisconsin_layer0_fold0_seed43.npy shape=(251, 2)
Saved Forman eigs to /home/fguadagn/FMG_Master_Thesis/neural-sheaf-diffusion-modified/results/forman_eigs/wisconsin/normalised-true/stalk_dim-2/2-layers/16-hidden/500-epochs/checkpoints/epoch-0/GeneralSheaf_wisconsin_layer1_fold0_seed43.npy shape=(251, 2)
Saved Forman eigs to /home/fguadagn/FMG_Master_Thesis/neural-sheaf-diffusion-modified/results/forman_eigs/wisconsin/normalised-true/stalk_dim-2/2-layers/16-hidden/500-epochs/checkpoints/epoch-1/GeneralSheaf_wisconsin_layer0_fold0_seed43.npy shape=(251, 2)
Saved Forman eigs to /home/fguadagn/FMG_Master_Thesis/neural-sheaf-diffusion-modified/results/forman_eigs/wisconsin/normalised-true/stalk_dim-2/2-layers/16-hidden/500-epochs/checkpoints/epoch-1/GeneralSheaf_wisconsin_layer1_fold0_seed43.npy shape=(251, 2)
Saved Forman eigs to /home/fguadagn/FMG_Master_Thesis/neural-sheaf-diffusion-modified/results/forman_eigs/wisconsin/normalised-true/stalk_dim-2/2-layers/16-hidden/500-epochs/checkpoints/epoch-5/GeneralSheaf_wisconsin_layer0_fold0_seed43.npy shape=(251, 2)
Saved Forman eigs to /home/fguadagn/FMG_Master_Thesis/neural-sheaf-diffusion-modified/results/forman_eigs/wisconsin/normalised-true/stalk_dim-2/2-layers/16-hidden/500-epochs/checkpoints/epoch-5/GeneralSheaf_wisconsin_layer1_fold0_seed43.npy shape=(251, 2)
Saved Forman eigs to /home/fguadagn/FMG_Master_Thesis/neural-sheaf-diffusion-modified/results/forman_eigs/wisconsin/normalised-true/stalk_dim-2/2-layers/16-hidden/500-epochs/checkpoints/epoch-15/GeneralSheaf_wisconsin_layer0_fold0_seed43.npy shape=(251, 2)
Saved Forman eigs to /home/fguadagn/FMG_Master_Thesis/neural-sheaf-diffusion-modified/results/forman_eigs/wisconsin/normalised-true/stalk_dim-2/2-layers/16-hidden/500-epochs/checkpoints/epoch-15/GeneralSheaf_wisconsin_layer1_fold0_seed43.npy shape=(251, 2)
Saved Forman eigs to /home/fguadagn/FMG_Master_Thesis/neural-sheaf-diffusion-modified/results/forman_eigs/wisconsin/normalised-true/stalk_dim-2/2-layers/16-hidden/500-epochs/checkpoints/epoch-50/GeneralSheaf_wisconsin_layer0_fold0_seed43.npy shape=(251, 2)
Saved Forman eigs to /home/fguadagn/FMG_Master_Thesis/neural-sheaf-diffusion-modified/results/forman_eigs/wisconsin/normalised-true/stalk_dim-2/2-layers/16-hidden/500-epochs/checkpoints/epoch-50/GeneralSheaf_wisconsin_layer1_fold0_seed43.npy shape=(251, 2)
Saved Forman eigs to /home/fguadagn/FMG_Master_Thesis/neural-sheaf-diffusion-modified/results/forman_eigs/wisconsin/normalised-true/stalk_dim-2/2-layers/16-hidden/500-epochs/checkpoints/epoch-200/GeneralSheaf_wisconsin_layer0_fold0_seed43.npy shape=(251, 2)
Saved Forman eigs to /home/fguadagn/FMG_Master_Thesis/neural-sheaf-diffusion-modified/results/forman_eigs/wisconsin/normalised-true/stalk_dim-2/2-layers/16-hidden/500-epochs/checkpoints/epoch-200/GeneralSheaf_wisconsin_layer1_fold0_seed43.npy shape=(251, 2)
Fold 0 | Epochs: 468 | Best epoch: 268
Test acc (best epoch): 0.8235
Test acc (last epoch): 0.8235
Best val acc: 0.8750
Laplacian 0: Max: 0.1559, Min: -0.9846, Avg: -0.0240, Abs avg: 0.0252
Laplacian 1: Max: 0.3158, Min: -0.4257, Avg: -0.0217, Abs avg: 0.0271
Epsilons 0: [2.011 1.99 ]
Epsilons 1: [2.03 2.  ]
Updated best_epochs.json: fold_0 -> epoch 268
Saved Forman eigs to /home/fguadagn/FMG_Master_Thesis/neural-sheaf-diffusion-modified/results/forman_eigs/wisconsin/normalised-true/stalk_dim-2/2-layers/16-hidden/500-epochs/GeneralSheaf_wisconsin_layer0_fold0_seed43.npy shape=(251, 2)
Saved Forman eigs to /home/fguadagn/FMG_Master_Thesis/neural-sheaf-diffusion-modified/results/forman_eigs/wisconsin/normalised-true/stalk_dim-2/2-layers/16-hidden/500-epochs/GeneralSheaf_wisconsin_layer1_fold0_seed43.npy shape=(251, 2)
Saved f0_top to /home/fguadagn/FMG_Master_Thesis/neural-sheaf-diffusion-modified/results/forman_eigs/wisconsin/normalised-true/stalk_dim-2/2-layers/16-hidden/500-epochs/f0_top_wisconsin_n251_fold0_seed43.npy
Saved Forman eigs to /home/fguadagn/FMG_Master_Thesis/neural-sheaf-diffusion-modified/results/forman_eigs/wisconsin/normalised-true/stalk_dim-2/2-layers/16-hidden/500-epochs/checkpoints/epoch-0/GeneralSheaf_wisconsin_layer0_fold1_seed43.npy shape=(251, 2)
Saved Forman eigs to /home/fguadagn/FMG_Master_Thesis/neural-sheaf-diffusion-modified/results/forman_eigs/wisconsin/normalised-true/stalk_dim-2/2-layers/16-hidden/500-epochs/checkpoints/epoch-0/GeneralSheaf_wisconsin_layer1_fold1_seed43.npy shape=(251, 2)
Saved Forman eigs to /home/fguadagn/FMG_Master_Thesis/neural-sheaf-diffusion-modified/results/forman_eigs/wisconsin/normalised-true/stalk_dim-2/2-layers/16-hidden/500-epochs/checkpoints/epoch-1/GeneralSheaf_wisconsin_layer0_fold1_seed43.npy shape=(251, 2)
Saved Forman eigs to /home/fguadagn/FMG_Master_Thesis/neural-sheaf-diffusion-modified/results/forman_eigs/wisconsin/normalised-true/stalk_dim-2/2-layers/16-hidden/500-epochs/checkpoints/epoch-1/GeneralSheaf_wisconsin_layer1_fold1_seed43.npy shape=(251, 2)
Saved Forman eigs to /home/fguadagn/FMG_Master_Thesis/neural-sheaf-diffusion-modified/results/forman_eigs/wisconsin/normalised-true/stalk_dim-2/2-layers/16-hidden/500-epochs/checkpoints/epoch-5/GeneralSheaf_wisconsin_layer0_fold1_seed43.npy shape=(251, 2)
Saved Forman eigs to /home/fguadagn/FMG_Master_Thesis/neural-sheaf-diffusion-modified/results/forman_eigs/wisconsin/normalised-true/stalk_dim-2/2-layers/16-hidden/500-epochs/checkpoints/epoch-5/GeneralSheaf_wisconsin_layer1_fold1_seed43.npy shape=(251, 2)
Saved Forman eigs to /home/fguadagn/FMG_Master_Thesis/neural-sheaf-diffusion-modified/results/forman_eigs/wisconsin/normalised-true/stalk_dim-2/2-layers/16-hidden/500-epochs/checkpoints/epoch-15/GeneralSheaf_wisconsin_layer0_fold1_seed43.npy shape=(251, 2)
Saved Forman eigs to /home/fguadagn/FMG_Master_Thesis/neural-sheaf-diffusion-modified/results/forman_eigs/wisconsin/normalised-true/stalk_dim-2/2-layers/16-hidden/500-epochs/checkpoints/epoch-15/GeneralSheaf_wisconsin_layer1_fold1_seed43.npy shape=(251, 2)
Saved Forman eigs to /home/fguadagn/FMG_Master_Thesis/neural-sheaf-diffusion-modified/results/forman_eigs/wisconsin/normalised-true/stalk_dim-2/2-layers/16-hidden/500-epochs/checkpoints/epoch-50/GeneralSheaf_wisconsin_layer0_fold1_seed43.npy shape=(251, 2)
Saved Forman eigs to /home/fguadagn/FMG_Master_Thesis/neural-sheaf-diffusion-modified/results/forman_eigs/wisconsin/normalised-true/stalk_dim-2/2-layers/16-hidden/500-epochs/checkpoints/epoch-50/GeneralSheaf_wisconsin_layer1_fold1_seed43.npy shape=(251, 2)
Saved Forman eigs to /home/fguadagn/FMG_Master_Thesis/neural-sheaf-diffusion-modified/results/forman_eigs/wisconsin/normalised-true/stalk_dim-2/2-layers/16-hidden/500-epochs/checkpoints/epoch-200/GeneralSheaf_wisconsin_layer0_fold1_seed43.npy shape=(251, 2)
Saved Forman eigs to /home/fguadagn/FMG_Master_Thesis/neural-sheaf-diffusion-modified/results/forman_eigs/wisconsin/normalised-true/stalk_dim-2/2-layers/16-hidden/500-epochs/checkpoints/epoch-200/GeneralSheaf_wisconsin_layer1_fold1_seed43.npy shape=(251, 2)
Fold 1 | Epochs: 279 | Best epoch: 79
Test acc (best epoch): 0.8824
Test acc (last epoch): 0.9020
Best val acc: 0.7875
Laplacian 0: Max: 0.2945, Min: -0.4995, Avg: -0.0240, Abs avg: 0.0382
Laplacian 1: Max: 0.5922, Min: -0.4324, Avg: -0.0072, Abs avg: 0.0402
Epsilons 0: [1.808 1.735]
Epsilons 1: [1.829 1.758]
Updated best_epochs.json: fold_1 -> epoch 79
Saved Forman eigs to /home/fguadagn/FMG_Master_Thesis/neural-sheaf-diffusion-modified/results/forman_eigs/wisconsin/normalised-true/stalk_dim-2/2-layers/16-hidden/500-epochs/GeneralSheaf_wisconsin_layer0_fold1_seed43.npy shape=(251, 2)
Saved Forman eigs to /home/fguadagn/FMG_Master_Thesis/neural-sheaf-diffusion-modified/results/forman_eigs/wisconsin/normalised-true/stalk_dim-2/2-layers/16-hidden/500-epochs/GeneralSheaf_wisconsin_layer1_fold1_seed43.npy shape=(251, 2)
Saved f0_top to /home/fguadagn/FMG_Master_Thesis/neural-sheaf-diffusion-modified/results/forman_eigs/wisconsin/normalised-true/stalk_dim-2/2-layers/16-hidden/500-epochs/f0_top_wisconsin_n251_fold1_seed43.npy
Saved Forman eigs to /home/fguadagn/FMG_Master_Thesis/neural-sheaf-diffusion-modified/results/forman_eigs/wisconsin/normalised-true/stalk_dim-2/2-layers/16-hidden/500-epochs/checkpoints/epoch-0/GeneralSheaf_wisconsin_layer0_fold2_seed43.npy shape=(251, 2)
Saved Forman eigs to /home/fguadagn/FMG_Master_Thesis/neural-sheaf-diffusion-modified/results/forman_eigs/wisconsin/normalised-true/stalk_dim-2/2-layers/16-hidden/500-epochs/checkpoints/epoch-0/GeneralSheaf_wisconsin_layer1_fold2_seed43.npy shape=(251, 2)
Saved Forman eigs to /home/fguadagn/FMG_Master_Thesis/neural-sheaf-diffusion-modified/results/forman_eigs/wisconsin/normalised-true/stalk_dim-2/2-layers/16-hidden/500-epochs/checkpoints/epoch-1/GeneralSheaf_wisconsin_layer0_fold2_seed43.npy shape=(251, 2)
Saved Forman eigs to /home/fguadagn/FMG_Master_Thesis/neural-sheaf-diffusion-modified/results/forman_eigs/wisconsin/normalised-true/stalk_dim-2/2-layers/16-hidden/500-epochs/checkpoints/epoch-1/GeneralSheaf_wisconsin_layer1_fold2_seed43.npy shape=(251, 2)
Saved Forman eigs to /home/fguadagn/FMG_Master_Thesis/neural-sheaf-diffusion-modified/results/forman_eigs/wisconsin/normalised-true/stalk_dim-2/2-layers/16-hidden/500-epochs/checkpoints/epoch-5/GeneralSheaf_wisconsin_layer0_fold2_seed43.npy shape=(251, 2)
Saved Forman eigs to /home/fguadagn/FMG_Master_Thesis/neural-sheaf-diffusion-modified/results/forman_eigs/wisconsin/normalised-true/stalk_dim-2/2-layers/16-hidden/500-epochs/checkpoints/epoch-5/GeneralSheaf_wisconsin_layer1_fold2_seed43.npy shape=(251, 2)
Saved Forman eigs to /home/fguadagn/FMG_Master_Thesis/neural-sheaf-diffusion-modified/results/forman_eigs/wisconsin/normalised-true/stalk_dim-2/2-layers/16-hidden/500-epochs/checkpoints/epoch-15/GeneralSheaf_wisconsin_layer0_fold2_seed43.npy shape=(251, 2)
Saved Forman eigs to /home/fguadagn/FMG_Master_Thesis/neural-sheaf-diffusion-modified/results/forman_eigs/wisconsin/normalised-true/stalk_dim-2/2-layers/16-hidden/500-epochs/checkpoints/epoch-15/GeneralSheaf_wisconsin_layer1_fold2_seed43.npy shape=(251, 2)
Saved Forman eigs to /home/fguadagn/FMG_Master_Thesis/neural-sheaf-diffusion-modified/results/forman_eigs/wisconsin/normalised-true/stalk_dim-2/2-layers/16-hidden/500-epochs/checkpoints/epoch-50/GeneralSheaf_wisconsin_layer0_fold2_seed43.npy shape=(251, 2)
Saved Forman eigs to /home/fguadagn/FMG_Master_Thesis/neural-sheaf-diffusion-modified/results/forman_eigs/wisconsin/normalised-true/stalk_dim-2/2-layers/16-hidden/500-epochs/checkpoints/epoch-50/GeneralSheaf_wisconsin_layer1_fold2_seed43.npy shape=(251, 2)
Saved Forman eigs to /home/fguadagn/FMG_Master_Thesis/neural-sheaf-diffusion-modified/results/forman_eigs/wisconsin/normalised-true/stalk_dim-2/2-layers/16-hidden/500-epochs/checkpoints/epoch-200/GeneralSheaf_wisconsin_layer0_fold2_seed43.npy shape=(251, 2)
Saved Forman eigs to /home/fguadagn/FMG_Master_Thesis/neural-sheaf-diffusion-modified/results/forman_eigs/wisconsin/normalised-true/stalk_dim-2/2-layers/16-hidden/500-epochs/checkpoints/epoch-200/GeneralSheaf_wisconsin_layer1_fold2_seed43.npy shape=(251, 2)
Fold 2 | Epochs: 499 | Best epoch: 433
Test acc (best epoch): 0.8627
Test acc (last epoch): 0.8824
Best val acc: 0.8875
Laplacian 0: Max: 0.7850, Min: -0.4561, Avg: 0.0044, Abs avg: 0.0292
Laplacian 1: Max: 1.0693, Min: -0.3973, Avg: 0.0269, Abs avg: 0.0637
Epsilons 0: [1.992 1.912]
Epsilons 1: [2.011 1.927]
Updated best_epochs.json: fold_2 -> epoch 433
Saved Forman eigs to /home/fguadagn/FMG_Master_Thesis/neural-sheaf-diffusion-modified/results/forman_eigs/wisconsin/normalised-true/stalk_dim-2/2-layers/16-hidden/500-epochs/GeneralSheaf_wisconsin_layer0_fold2_seed43.npy shape=(251, 2)
Saved Forman eigs to /home/fguadagn/FMG_Master_Thesis/neural-sheaf-diffusion-modified/results/forman_eigs/wisconsin/normalised-true/stalk_dim-2/2-layers/16-hidden/500-epochs/GeneralSheaf_wisconsin_layer1_fold2_seed43.npy shape=(251, 2)
Saved f0_top to /home/fguadagn/FMG_Master_Thesis/neural-sheaf-diffusion-modified/results/forman_eigs/wisconsin/normalised-true/stalk_dim-2/2-layers/16-hidden/500-epochs/f0_top_wisconsin_n251_fold2_seed43.npy
Saved Forman eigs to /home/fguadagn/FMG_Master_Thesis/neural-sheaf-diffusion-modified/results/forman_eigs/wisconsin/normalised-true/stalk_dim-2/2-layers/16-hidden/500-epochs/checkpoints/epoch-0/GeneralSheaf_wisconsin_layer0_fold3_seed43.npy shape=(251, 2)
Saved Forman eigs to /home/fguadagn/FMG_Master_Thesis/neural-sheaf-diffusion-modified/results/forman_eigs/wisconsin/normalised-true/stalk_dim-2/2-layers/16-hidden/500-epochs/checkpoints/epoch-0/GeneralSheaf_wisconsin_layer1_fold3_seed43.npy shape=(251, 2)
Saved Forman eigs to /home/fguadagn/FMG_Master_Thesis/neural-sheaf-diffusion-modified/results/forman_eigs/wisconsin/normalised-true/stalk_dim-2/2-layers/16-hidden/500-epochs/checkpoints/epoch-1/GeneralSheaf_wisconsin_layer0_fold3_seed43.npy shape=(251, 2)
Saved Forman eigs to /home/fguadagn/FMG_Master_Thesis/neural-sheaf-diffusion-modified/results/forman_eigs/wisconsin/normalised-true/stalk_dim-2/2-layers/16-hidden/500-epochs/checkpoints/epoch-1/GeneralSheaf_wisconsin_layer1_fold3_seed43.npy shape=(251, 2)
Saved Forman eigs to /home/fguadagn/FMG_Master_Thesis/neural-sheaf-diffusion-modified/results/forman_eigs/wisconsin/normalised-true/stalk_dim-2/2-layers/16-hidden/500-epochs/checkpoints/epoch-5/GeneralSheaf_wisconsin_layer0_fold3_seed43.npy shape=(251, 2)
Saved Forman eigs to /home/fguadagn/FMG_Master_Thesis/neural-sheaf-diffusion-modified/results/forman_eigs/wisconsin/normalised-true/stalk_dim-2/2-layers/16-hidden/500-epochs/checkpoints/epoch-5/GeneralSheaf_wisconsin_layer1_fold3_seed43.npy shape=(251, 2)
Saved Forman eigs to /home/fguadagn/FMG_Master_Thesis/neural-sheaf-diffusion-modified/results/forman_eigs/wisconsin/normalised-true/stalk_dim-2/2-layers/16-hidden/500-epochs/checkpoints/epoch-15/GeneralSheaf_wisconsin_layer0_fold3_seed43.npy shape=(251, 2)
Saved Forman eigs to /home/fguadagn/FMG_Master_Thesis/neural-sheaf-diffusion-modified/results/forman_eigs/wisconsin/normalised-true/stalk_dim-2/2-layers/16-hidden/500-epochs/checkpoints/epoch-15/GeneralSheaf_wisconsin_layer1_fold3_seed43.npy shape=(251, 2)
Saved Forman eigs to /home/fguadagn/FMG_Master_Thesis/neural-sheaf-diffusion-modified/results/forman_eigs/wisconsin/normalised-true/stalk_dim-2/2-layers/16-hidden/500-epochs/checkpoints/epoch-50/GeneralSheaf_wisconsin_layer0_fold3_seed43.npy shape=(251, 2)
Saved Forman eigs to /home/fguadagn/FMG_Master_Thesis/neural-sheaf-diffusion-modified/results/forman_eigs/wisconsin/normalised-true/stalk_dim-2/2-layers/16-hidden/500-epochs/checkpoints/epoch-50/GeneralSheaf_wisconsin_layer1_fold3_seed43.npy shape=(251, 2)
Saved Forman eigs to /home/fguadagn/FMG_Master_Thesis/neural-sheaf-diffusion-modified/results/forman_eigs/wisconsin/normalised-true/stalk_dim-2/2-layers/16-hidden/500-epochs/checkpoints/epoch-200/GeneralSheaf_wisconsin_layer0_fold3_seed43.npy shape=(251, 2)
Saved Forman eigs to /home/fguadagn/FMG_Master_Thesis/neural-sheaf-diffusion-modified/results/forman_eigs/wisconsin/normalised-true/stalk_dim-2/2-layers/16-hidden/500-epochs/checkpoints/epoch-200/GeneralSheaf_wisconsin_layer1_fold3_seed43.npy shape=(251, 2)
Fold 3 | Epochs: 363 | Best epoch: 163
Test acc (best epoch): 0.9020
Test acc (last epoch): 0.9412
Best val acc: 0.8000
Laplacian 0: Max: 0.5497, Min: -0.4087, Avg: 0.0028, Abs avg: 0.0493
Laplacian 1: Max: 1.0413, Min: -1.0571, Avg: 0.0193, Abs avg: 0.0621
Epsilons 0: [1.894 1.922]
Epsilons 1: [1.915 1.944]
Updated best_epochs.json: fold_3 -> epoch 163
Saved Forman eigs to /home/fguadagn/FMG_Master_Thesis/neural-sheaf-diffusion-modified/results/forman_eigs/wisconsin/normalised-true/stalk_dim-2/2-layers/16-hidden/500-epochs/GeneralSheaf_wisconsin_layer0_fold3_seed43.npy shape=(251, 2)
Saved Forman eigs to /home/fguadagn/FMG_Master_Thesis/neural-sheaf-diffusion-modified/results/forman_eigs/wisconsin/normalised-true/stalk_dim-2/2-layers/16-hidden/500-epochs/GeneralSheaf_wisconsin_layer1_fold3_seed43.npy shape=(251, 2)
Saved f0_top to /home/fguadagn/FMG_Master_Thesis/neural-sheaf-diffusion-modified/results/forman_eigs/wisconsin/normalised-true/stalk_dim-2/2-layers/16-hidden/500-epochs/f0_top_wisconsin_n251_fold3_seed43.npy
Saved Forman eigs to /home/fguadagn/FMG_Master_Thesis/neural-sheaf-diffusion-modified/results/forman_eigs/wisconsin/normalised-true/stalk_dim-2/2-layers/16-hidden/500-epochs/checkpoints/epoch-0/GeneralSheaf_wisconsin_layer0_fold4_seed43.npy shape=(251, 2)
Saved Forman eigs to /home/fguadagn/FMG_Master_Thesis/neural-sheaf-diffusion-modified/results/forman_eigs/wisconsin/normalised-true/stalk_dim-2/2-layers/16-hidden/500-epochs/checkpoints/epoch-0/GeneralSheaf_wisconsin_layer1_fold4_seed43.npy shape=(251, 2)
Saved Forman eigs to /home/fguadagn/FMG_Master_Thesis/neural-sheaf-diffusion-modified/results/forman_eigs/wisconsin/normalised-true/stalk_dim-2/2-layers/16-hidden/500-epochs/checkpoints/epoch-1/GeneralSheaf_wisconsin_layer0_fold4_seed43.npy shape=(251, 2)
Saved Forman eigs to /home/fguadagn/FMG_Master_Thesis/neural-sheaf-diffusion-modified/results/forman_eigs/wisconsin/normalised-true/stalk_dim-2/2-layers/16-hidden/500-epochs/checkpoints/epoch-1/GeneralSheaf_wisconsin_layer1_fold4_seed43.npy shape=(251, 2)
Saved Forman eigs to /home/fguadagn/FMG_Master_Thesis/neural-sheaf-diffusion-modified/results/forman_eigs/wisconsin/normalised-true/stalk_dim-2/2-layers/16-hidden/500-epochs/checkpoints/epoch-5/GeneralSheaf_wisconsin_layer0_fold4_seed43.npy shape=(251, 2)
Saved Forman eigs to /home/fguadagn/FMG_Master_Thesis/neural-sheaf-diffusion-modified/results/forman_eigs/wisconsin/normalised-true/stalk_dim-2/2-layers/16-hidden/500-epochs/checkpoints/epoch-5/GeneralSheaf_wisconsin_layer1_fold4_seed43.npy shape=(251, 2)
Saved Forman eigs to /home/fguadagn/FMG_Master_Thesis/neural-sheaf-diffusion-modified/results/forman_eigs/wisconsin/normalised-true/stalk_dim-2/2-layers/16-hidden/500-epochs/checkpoints/epoch-15/GeneralSheaf_wisconsin_layer0_fold4_seed43.npy shape=(251, 2)
Saved Forman eigs to /home/fguadagn/FMG_Master_Thesis/neural-sheaf-diffusion-modified/results/forman_eigs/wisconsin/normalised-true/stalk_dim-2/2-layers/16-hidden/500-epochs/checkpoints/epoch-15/GeneralSheaf_wisconsin_layer1_fold4_seed43.npy shape=(251, 2)
Saved Forman eigs to /home/fguadagn/FMG_Master_Thesis/neural-sheaf-diffusion-modified/results/forman_eigs/wisconsin/normalised-true/stalk_dim-2/2-layers/16-hidden/500-epochs/checkpoints/epoch-50/GeneralSheaf_wisconsin_layer0_fold4_seed43.npy shape=(251, 2)
Saved Forman eigs to /home/fguadagn/FMG_Master_Thesis/neural-sheaf-diffusion-modified/results/forman_eigs/wisconsin/normalised-true/stalk_dim-2/2-layers/16-hidden/500-epochs/checkpoints/epoch-50/GeneralSheaf_wisconsin_layer1_fold4_seed43.npy shape=(251, 2)
Saved Forman eigs to /home/fguadagn/FMG_Master_Thesis/neural-sheaf-diffusion-modified/results/forman_eigs/wisconsin/normalised-true/stalk_dim-2/2-layers/16-hidden/500-epochs/checkpoints/epoch-200/GeneralSheaf_wisconsin_layer0_fold4_seed43.npy shape=(251, 2)
Saved Forman eigs to /home/fguadagn/FMG_Master_Thesis/neural-sheaf-diffusion-modified/results/forman_eigs/wisconsin/normalised-true/stalk_dim-2/2-layers/16-hidden/500-epochs/checkpoints/epoch-200/GeneralSheaf_wisconsin_layer1_fold4_seed43.npy shape=(251, 2)
Fold 4 | Epochs: 499 | Best epoch: 325
Test acc (best epoch): 0.8627
Test acc (last epoch): 0.8627
Best val acc: 0.7500
Laplacian 0: Max: 0.6799, Min: -0.6071, Avg: 0.0180, Abs avg: 0.0855
Laplacian 1: Max: 1.5226, Min: -1.1618, Avg: -0.0100, Abs avg: 0.2611
Epsilons 0: [1.96  2.028]
Epsilons 1: [1.94  2.022]
Updated best_epochs.json: fold_4 -> epoch 325
Saved Forman eigs to /home/fguadagn/FMG_Master_Thesis/neural-sheaf-diffusion-modified/results/forman_eigs/wisconsin/normalised-true/stalk_dim-2/2-layers/16-hidden/500-epochs/GeneralSheaf_wisconsin_layer0_fold4_seed43.npy shape=(251, 2)
Saved Forman eigs to /home/fguadagn/FMG_Master_Thesis/neural-sheaf-diffusion-modified/results/forman_eigs/wisconsin/normalised-true/stalk_dim-2/2-layers/16-hidden/500-epochs/GeneralSheaf_wisconsin_layer1_fold4_seed43.npy shape=(251, 2)
Saved f0_top to /home/fguadagn/FMG_Master_Thesis/neural-sheaf-diffusion-modified/results/forman_eigs/wisconsin/normalised-true/stalk_dim-2/2-layers/16-hidden/500-epochs/f0_top_wisconsin_n251_fold4_seed43.npy
Saved Forman eigs to /home/fguadagn/FMG_Master_Thesis/neural-sheaf-diffusion-modified/results/forman_eigs/wisconsin/normalised-true/stalk_dim-2/2-layers/16-hidden/500-epochs/checkpoints/epoch-0/GeneralSheaf_wisconsin_layer0_fold5_seed43.npy shape=(251, 2)
Saved Forman eigs to /home/fguadagn/FMG_Master_Thesis/neural-sheaf-diffusion-modified/results/forman_eigs/wisconsin/normalised-true/stalk_dim-2/2-layers/16-hidden/500-epochs/checkpoints/epoch-0/GeneralSheaf_wisconsin_layer1_fold5_seed43.npy shape=(251, 2)
Saved Forman eigs to /home/fguadagn/FMG_Master_Thesis/neural-sheaf-diffusion-modified/results/forman_eigs/wisconsin/normalised-true/stalk_dim-2/2-layers/16-hidden/500-epochs/checkpoints/epoch-1/GeneralSheaf_wisconsin_layer0_fold5_seed43.npy shape=(251, 2)
Saved Forman eigs to /home/fguadagn/FMG_Master_Thesis/neural-sheaf-diffusion-modified/results/forman_eigs/wisconsin/normalised-true/stalk_dim-2/2-layers/16-hidden/500-epochs/checkpoints/epoch-1/GeneralSheaf_wisconsin_layer1_fold5_seed43.npy shape=(251, 2)
Saved Forman eigs to /home/fguadagn/FMG_Master_Thesis/neural-sheaf-diffusion-modified/results/forman_eigs/wisconsin/normalised-true/stalk_dim-2/2-layers/16-hidden/500-epochs/checkpoints/epoch-5/GeneralSheaf_wisconsin_layer0_fold5_seed43.npy shape=(251, 2)
Saved Forman eigs to /home/fguadagn/FMG_Master_Thesis/neural-sheaf-diffusion-modified/results/forman_eigs/wisconsin/normalised-true/stalk_dim-2/2-layers/16-hidden/500-epochs/checkpoints/epoch-5/GeneralSheaf_wisconsin_layer1_fold5_seed43.npy shape=(251, 2)
Saved Forman eigs to /home/fguadagn/FMG_Master_Thesis/neural-sheaf-diffusion-modified/results/forman_eigs/wisconsin/normalised-true/stalk_dim-2/2-layers/16-hidden/500-epochs/checkpoints/epoch-15/GeneralSheaf_wisconsin_layer0_fold5_seed43.npy shape=(251, 2)
Saved Forman eigs to /home/fguadagn/FMG_Master_Thesis/neural-sheaf-diffusion-modified/results/forman_eigs/wisconsin/normalised-true/stalk_dim-2/2-layers/16-hidden/500-epochs/checkpoints/epoch-15/GeneralSheaf_wisconsin_layer1_fold5_seed43.npy shape=(251, 2)
Saved Forman eigs to /home/fguadagn/FMG_Master_Thesis/neural-sheaf-diffusion-modified/results/forman_eigs/wisconsin/normalised-true/stalk_dim-2/2-layers/16-hidden/500-epochs/checkpoints/epoch-50/GeneralSheaf_wisconsin_layer0_fold5_seed43.npy shape=(251, 2)
Saved Forman eigs to /home/fguadagn/FMG_Master_Thesis/neural-sheaf-diffusion-modified/results/forman_eigs/wisconsin/normalised-true/stalk_dim-2/2-layers/16-hidden/500-epochs/checkpoints/epoch-50/GeneralSheaf_wisconsin_layer1_fold5_seed43.npy shape=(251, 2)
Saved Forman eigs to /home/fguadagn/FMG_Master_Thesis/neural-sheaf-diffusion-modified/results/forman_eigs/wisconsin/normalised-true/stalk_dim-2/2-layers/16-hidden/500-epochs/checkpoints/epoch-200/GeneralSheaf_wisconsin_layer0_fold5_seed43.npy shape=(251, 2)
Saved Forman eigs to /home/fguadagn/FMG_Master_Thesis/neural-sheaf-diffusion-modified/results/forman_eigs/wisconsin/normalised-true/stalk_dim-2/2-layers/16-hidden/500-epochs/checkpoints/epoch-200/GeneralSheaf_wisconsin_layer1_fold5_seed43.npy shape=(251, 2)
Fold 5 | Epochs: 466 | Best epoch: 266
Test acc (best epoch): 0.9020
Test acc (last epoch): 0.8627
Best val acc: 0.8750
Laplacian 0: Max: 0.3083, Min: -0.6308, Avg: -0.0269, Abs avg: 0.0405
Laplacian 1: Max: 0.2838, Min: -0.7677, Avg: -0.0359, Abs avg: 0.0727
Epsilons 0: [2.016 1.992]
Epsilons 1: [2.026 1.996]
Updated best_epochs.json: fold_5 -> epoch 266
Saved Forman eigs to /home/fguadagn/FMG_Master_Thesis/neural-sheaf-diffusion-modified/results/forman_eigs/wisconsin/normalised-true/stalk_dim-2/2-layers/16-hidden/500-epochs/GeneralSheaf_wisconsin_layer0_fold5_seed43.npy shape=(251, 2)
Saved Forman eigs to /home/fguadagn/FMG_Master_Thesis/neural-sheaf-diffusion-modified/results/forman_eigs/wisconsin/normalised-true/stalk_dim-2/2-layers/16-hidden/500-epochs/GeneralSheaf_wisconsin_layer1_fold5_seed43.npy shape=(251, 2)
Saved f0_top to /home/fguadagn/FMG_Master_Thesis/neural-sheaf-diffusion-modified/results/forman_eigs/wisconsin/normalised-true/stalk_dim-2/2-layers/16-hidden/500-epochs/f0_top_wisconsin_n251_fold5_seed43.npy
Saved Forman eigs to /home/fguadagn/FMG_Master_Thesis/neural-sheaf-diffusion-modified/results/forman_eigs/wisconsin/normalised-true/stalk_dim-2/2-layers/16-hidden/500-epochs/checkpoints/epoch-0/GeneralSheaf_wisconsin_layer0_fold6_seed43.npy shape=(251, 2)
Saved Forman eigs to /home/fguadagn/FMG_Master_Thesis/neural-sheaf-diffusion-modified/results/forman_eigs/wisconsin/normalised-true/stalk_dim-2/2-layers/16-hidden/500-epochs/checkpoints/epoch-0/GeneralSheaf_wisconsin_layer1_fold6_seed43.npy shape=(251, 2)
Saved Forman eigs to /home/fguadagn/FMG_Master_Thesis/neural-sheaf-diffusion-modified/results/forman_eigs/wisconsin/normalised-true/stalk_dim-2/2-layers/16-hidden/500-epochs/checkpoints/epoch-1/GeneralSheaf_wisconsin_layer0_fold6_seed43.npy shape=(251, 2)
Saved Forman eigs to /home/fguadagn/FMG_Master_Thesis/neural-sheaf-diffusion-modified/results/forman_eigs/wisconsin/normalised-true/stalk_dim-2/2-layers/16-hidden/500-epochs/checkpoints/epoch-1/GeneralSheaf_wisconsin_layer1_fold6_seed43.npy shape=(251, 2)
Saved Forman eigs to /home/fguadagn/FMG_Master_Thesis/neural-sheaf-diffusion-modified/results/forman_eigs/wisconsin/normalised-true/stalk_dim-2/2-layers/16-hidden/500-epochs/checkpoints/epoch-5/GeneralSheaf_wisconsin_layer0_fold6_seed43.npy shape=(251, 2)
Saved Forman eigs to /home/fguadagn/FMG_Master_Thesis/neural-sheaf-diffusion-modified/results/forman_eigs/wisconsin/normalised-true/stalk_dim-2/2-layers/16-hidden/500-epochs/checkpoints/epoch-5/GeneralSheaf_wisconsin_layer1_fold6_seed43.npy shape=(251, 2)
Saved Forman eigs to /home/fguadagn/FMG_Master_Thesis/neural-sheaf-diffusion-modified/results/forman_eigs/wisconsin/normalised-true/stalk_dim-2/2-layers/16-hidden/500-epochs/checkpoints/epoch-15/GeneralSheaf_wisconsin_layer0_fold6_seed43.npy shape=(251, 2)
Saved Forman eigs to /home/fguadagn/FMG_Master_Thesis/neural-sheaf-diffusion-modified/results/forman_eigs/wisconsin/normalised-true/stalk_dim-2/2-layers/16-hidden/500-epochs/checkpoints/epoch-15/GeneralSheaf_wisconsin_layer1_fold6_seed43.npy shape=(251, 2)
Saved Forman eigs to /home/fguadagn/FMG_Master_Thesis/neural-sheaf-diffusion-modified/results/forman_eigs/wisconsin/normalised-true/stalk_dim-2/2-layers/16-hidden/500-epochs/checkpoints/epoch-50/GeneralSheaf_wisconsin_layer0_fold6_seed43.npy shape=(251, 2)
Saved Forman eigs to /home/fguadagn/FMG_Master_Thesis/neural-sheaf-diffusion-modified/results/forman_eigs/wisconsin/normalised-true/stalk_dim-2/2-layers/16-hidden/500-epochs/checkpoints/epoch-50/GeneralSheaf_wisconsin_layer1_fold6_seed43.npy shape=(251, 2)
Saved Forman eigs to /home/fguadagn/FMG_Master_Thesis/neural-sheaf-diffusion-modified/results/forman_eigs/wisconsin/normalised-true/stalk_dim-2/2-layers/16-hidden/500-epochs/checkpoints/epoch-200/GeneralSheaf_wisconsin_layer0_fold6_seed43.npy shape=(251, 2)
Saved Forman eigs to /home/fguadagn/FMG_Master_Thesis/neural-sheaf-diffusion-modified/results/forman_eigs/wisconsin/normalised-true/stalk_dim-2/2-layers/16-hidden/500-epochs/checkpoints/epoch-200/GeneralSheaf_wisconsin_layer1_fold6_seed43.npy shape=(251, 2)
Fold 6 | Epochs: 263 | Best epoch: 63
Test acc (best epoch): 0.8627
Test acc (last epoch): 0.8627
Best val acc: 0.8750
Laplacian 0: Max: 0.5950, Min: -0.5646, Avg: -0.0414, Abs avg: 0.0674
Laplacian 1: Max: 0.9277, Min: -0.4978, Avg: 0.1169, Abs avg: 0.1704
Epsilons 0: [1.749 1.746]
Epsilons 1: [1.765 1.78 ]
Updated best_epochs.json: fold_6 -> epoch 63
Saved Forman eigs to /home/fguadagn/FMG_Master_Thesis/neural-sheaf-diffusion-modified/results/forman_eigs/wisconsin/normalised-true/stalk_dim-2/2-layers/16-hidden/500-epochs/GeneralSheaf_wisconsin_layer0_fold6_seed43.npy shape=(251, 2)
Saved Forman eigs to /home/fguadagn/FMG_Master_Thesis/neural-sheaf-diffusion-modified/results/forman_eigs/wisconsin/normalised-true/stalk_dim-2/2-layers/16-hidden/500-epochs/GeneralSheaf_wisconsin_layer1_fold6_seed43.npy shape=(251, 2)
Saved f0_top to /home/fguadagn/FMG_Master_Thesis/neural-sheaf-diffusion-modified/results/forman_eigs/wisconsin/normalised-true/stalk_dim-2/2-layers/16-hidden/500-epochs/f0_top_wisconsin_n251_fold6_seed43.npy
Saved Forman eigs to /home/fguadagn/FMG_Master_Thesis/neural-sheaf-diffusion-modified/results/forman_eigs/wisconsin/normalised-true/stalk_dim-2/2-layers/16-hidden/500-epochs/checkpoints/epoch-0/GeneralSheaf_wisconsin_layer0_fold7_seed43.npy shape=(251, 2)
Saved Forman eigs to /home/fguadagn/FMG_Master_Thesis/neural-sheaf-diffusion-modified/results/forman_eigs/wisconsin/normalised-true/stalk_dim-2/2-layers/16-hidden/500-epochs/checkpoints/epoch-0/GeneralSheaf_wisconsin_layer1_fold7_seed43.npy shape=(251, 2)
Saved Forman eigs to /home/fguadagn/FMG_Master_Thesis/neural-sheaf-diffusion-modified/results/forman_eigs/wisconsin/normalised-true/stalk_dim-2/2-layers/16-hidden/500-epochs/checkpoints/epoch-1/GeneralSheaf_wisconsin_layer0_fold7_seed43.npy shape=(251, 2)
Saved Forman eigs to /home/fguadagn/FMG_Master_Thesis/neural-sheaf-diffusion-modified/results/forman_eigs/wisconsin/normalised-true/stalk_dim-2/2-layers/16-hidden/500-epochs/checkpoints/epoch-1/GeneralSheaf_wisconsin_layer1_fold7_seed43.npy shape=(251, 2)
Saved Forman eigs to /home/fguadagn/FMG_Master_Thesis/neural-sheaf-diffusion-modified/results/forman_eigs/wisconsin/normalised-true/stalk_dim-2/2-layers/16-hidden/500-epochs/checkpoints/epoch-5/GeneralSheaf_wisconsin_layer0_fold7_seed43.npy shape=(251, 2)
Saved Forman eigs to /home/fguadagn/FMG_Master_Thesis/neural-sheaf-diffusion-modified/results/forman_eigs/wisconsin/normalised-true/stalk_dim-2/2-layers/16-hidden/500-epochs/checkpoints/epoch-5/GeneralSheaf_wisconsin_layer1_fold7_seed43.npy shape=(251, 2)
Saved Forman eigs to /home/fguadagn/FMG_Master_Thesis/neural-sheaf-diffusion-modified/results/forman_eigs/wisconsin/normalised-true/stalk_dim-2/2-layers/16-hidden/500-epochs/checkpoints/epoch-15/GeneralSheaf_wisconsin_layer0_fold7_seed43.npy shape=(251, 2)
Saved Forman eigs to /home/fguadagn/FMG_Master_Thesis/neural-sheaf-diffusion-modified/results/forman_eigs/wisconsin/normalised-true/stalk_dim-2/2-layers/16-hidden/500-epochs/checkpoints/epoch-15/GeneralSheaf_wisconsin_layer1_fold7_seed43.npy shape=(251, 2)
Saved Forman eigs to /home/fguadagn/FMG_Master_Thesis/neural-sheaf-diffusion-modified/results/forman_eigs/wisconsin/normalised-true/stalk_dim-2/2-layers/16-hidden/500-epochs/checkpoints/epoch-50/GeneralSheaf_wisconsin_layer0_fold7_seed43.npy shape=(251, 2)
Saved Forman eigs to /home/fguadagn/FMG_Master_Thesis/neural-sheaf-diffusion-modified/results/forman_eigs/wisconsin/normalised-true/stalk_dim-2/2-layers/16-hidden/500-epochs/checkpoints/epoch-50/GeneralSheaf_wisconsin_layer1_fold7_seed43.npy shape=(251, 2)
Saved Forman eigs to /home/fguadagn/FMG_Master_Thesis/neural-sheaf-diffusion-modified/results/forman_eigs/wisconsin/normalised-true/stalk_dim-2/2-layers/16-hidden/500-epochs/checkpoints/epoch-200/GeneralSheaf_wisconsin_layer0_fold7_seed43.npy shape=(251, 2)
Saved Forman eigs to /home/fguadagn/FMG_Master_Thesis/neural-sheaf-diffusion-modified/results/forman_eigs/wisconsin/normalised-true/stalk_dim-2/2-layers/16-hidden/500-epochs/checkpoints/epoch-200/GeneralSheaf_wisconsin_layer1_fold7_seed43.npy shape=(251, 2)
Fold 7 | Epochs: 352 | Best epoch: 152
Test acc (best epoch): 0.8627
Test acc (last epoch): 0.8039
Best val acc: 0.8875
Laplacian 0: Max: 0.1286, Min: -0.2892, Avg: -0.0287, Abs avg: 0.0314
Laplacian 1: Max: 0.3119, Min: -0.4906, Avg: -0.0678, Abs avg: 0.0852
Epsilons 0: [1.964 1.938]
Epsilons 1: [1.976 1.969]
Updated best_epochs.json: fold_7 -> epoch 152
Saved Forman eigs to /home/fguadagn/FMG_Master_Thesis/neural-sheaf-diffusion-modified/results/forman_eigs/wisconsin/normalised-true/stalk_dim-2/2-layers/16-hidden/500-epochs/GeneralSheaf_wisconsin_layer0_fold7_seed43.npy shape=(251, 2)
Saved Forman eigs to /home/fguadagn/FMG_Master_Thesis/neural-sheaf-diffusion-modified/results/forman_eigs/wisconsin/normalised-true/stalk_dim-2/2-layers/16-hidden/500-epochs/GeneralSheaf_wisconsin_layer1_fold7_seed43.npy shape=(251, 2)
Saved f0_top to /home/fguadagn/FMG_Master_Thesis/neural-sheaf-diffusion-modified/results/forman_eigs/wisconsin/normalised-true/stalk_dim-2/2-layers/16-hidden/500-epochs/f0_top_wisconsin_n251_fold7_seed43.npy
Saved Forman eigs to /home/fguadagn/FMG_Master_Thesis/neural-sheaf-diffusion-modified/results/forman_eigs/wisconsin/normalised-true/stalk_dim-2/2-layers/16-hidden/500-epochs/checkpoints/epoch-0/GeneralSheaf_wisconsin_layer0_fold8_seed43.npy shape=(251, 2)
Saved Forman eigs to /home/fguadagn/FMG_Master_Thesis/neural-sheaf-diffusion-modified/results/forman_eigs/wisconsin/normalised-true/stalk_dim-2/2-layers/16-hidden/500-epochs/checkpoints/epoch-0/GeneralSheaf_wisconsin_layer1_fold8_seed43.npy shape=(251, 2)
Saved Forman eigs to /home/fguadagn/FMG_Master_Thesis/neural-sheaf-diffusion-modified/results/forman_eigs/wisconsin/normalised-true/stalk_dim-2/2-layers/16-hidden/500-epochs/checkpoints/epoch-1/GeneralSheaf_wisconsin_layer0_fold8_seed43.npy shape=(251, 2)
Saved Forman eigs to /home/fguadagn/FMG_Master_Thesis/neural-sheaf-diffusion-modified/results/forman_eigs/wisconsin/normalised-true/stalk_dim-2/2-layers/16-hidden/500-epochs/checkpoints/epoch-1/GeneralSheaf_wisconsin_layer1_fold8_seed43.npy shape=(251, 2)
Saved Forman eigs to /home/fguadagn/FMG_Master_Thesis/neural-sheaf-diffusion-modified/results/forman_eigs/wisconsin/normalised-true/stalk_dim-2/2-layers/16-hidden/500-epochs/checkpoints/epoch-5/GeneralSheaf_wisconsin_layer0_fold8_seed43.npy shape=(251, 2)
Saved Forman eigs to /home/fguadagn/FMG_Master_Thesis/neural-sheaf-diffusion-modified/results/forman_eigs/wisconsin/normalised-true/stalk_dim-2/2-layers/16-hidden/500-epochs/checkpoints/epoch-5/GeneralSheaf_wisconsin_layer1_fold8_seed43.npy shape=(251, 2)
Saved Forman eigs to /home/fguadagn/FMG_Master_Thesis/neural-sheaf-diffusion-modified/results/forman_eigs/wisconsin/normalised-true/stalk_dim-2/2-layers/16-hidden/500-epochs/checkpoints/epoch-15/GeneralSheaf_wisconsin_layer0_fold8_seed43.npy shape=(251, 2)
Saved Forman eigs to /home/fguadagn/FMG_Master_Thesis/neural-sheaf-diffusion-modified/results/forman_eigs/wisconsin/normalised-true/stalk_dim-2/2-layers/16-hidden/500-epochs/checkpoints/epoch-15/GeneralSheaf_wisconsin_layer1_fold8_seed43.npy shape=(251, 2)
Saved Forman eigs to /home/fguadagn/FMG_Master_Thesis/neural-sheaf-diffusion-modified/results/forman_eigs/wisconsin/normalised-true/stalk_dim-2/2-layers/16-hidden/500-epochs/checkpoints/epoch-50/GeneralSheaf_wisconsin_layer0_fold8_seed43.npy shape=(251, 2)
Saved Forman eigs to /home/fguadagn/FMG_Master_Thesis/neural-sheaf-diffusion-modified/results/forman_eigs/wisconsin/normalised-true/stalk_dim-2/2-layers/16-hidden/500-epochs/checkpoints/epoch-50/GeneralSheaf_wisconsin_layer1_fold8_seed43.npy shape=(251, 2)
Saved Forman eigs to /home/fguadagn/FMG_Master_Thesis/neural-sheaf-diffusion-modified/results/forman_eigs/wisconsin/normalised-true/stalk_dim-2/2-layers/16-hidden/500-epochs/checkpoints/epoch-200/GeneralSheaf_wisconsin_layer0_fold8_seed43.npy shape=(251, 2)
Saved Forman eigs to /home/fguadagn/FMG_Master_Thesis/neural-sheaf-diffusion-modified/results/forman_eigs/wisconsin/normalised-true/stalk_dim-2/2-layers/16-hidden/500-epochs/checkpoints/epoch-200/GeneralSheaf_wisconsin_layer1_fold8_seed43.npy shape=(251, 2)
Fold 8 | Epochs: 499 | Best epoch: 310
Test acc (best epoch): 0.8431
Test acc (last epoch): 0.8627
Best val acc: 0.8750
Laplacian 0: Max: 0.3934, Min: -0.4135, Avg: -0.0516, Abs avg: 0.0675
Laplacian 1: Max: 0.6674, Min: -1.0037, Avg: -0.1151, Abs avg: 0.1731
Epsilons 0: [1.97  1.918]
Epsilons 1: [1.985 1.91 ]
Updated best_epochs.json: fold_8 -> epoch 310
Saved Forman eigs to /home/fguadagn/FMG_Master_Thesis/neural-sheaf-diffusion-modified/results/forman_eigs/wisconsin/normalised-true/stalk_dim-2/2-layers/16-hidden/500-epochs/GeneralSheaf_wisconsin_layer0_fold8_seed43.npy shape=(251, 2)
Saved Forman eigs to /home/fguadagn/FMG_Master_Thesis/neural-sheaf-diffusion-modified/results/forman_eigs/wisconsin/normalised-true/stalk_dim-2/2-layers/16-hidden/500-epochs/GeneralSheaf_wisconsin_layer1_fold8_seed43.npy shape=(251, 2)
Saved f0_top to /home/fguadagn/FMG_Master_Thesis/neural-sheaf-diffusion-modified/results/forman_eigs/wisconsin/normalised-true/stalk_dim-2/2-layers/16-hidden/500-epochs/f0_top_wisconsin_n251_fold8_seed43.npy
Saved Forman eigs to /home/fguadagn/FMG_Master_Thesis/neural-sheaf-diffusion-modified/results/forman_eigs/wisconsin/normalised-true/stalk_dim-2/2-layers/16-hidden/500-epochs/checkpoints/epoch-0/GeneralSheaf_wisconsin_layer0_fold9_seed43.npy shape=(251, 2)
Saved Forman eigs to /home/fguadagn/FMG_Master_Thesis/neural-sheaf-diffusion-modified/results/forman_eigs/wisconsin/normalised-true/stalk_dim-2/2-layers/16-hidden/500-epochs/checkpoints/epoch-0/GeneralSheaf_wisconsin_layer1_fold9_seed43.npy shape=(251, 2)
Saved Forman eigs to /home/fguadagn/FMG_Master_Thesis/neural-sheaf-diffusion-modified/results/forman_eigs/wisconsin/normalised-true/stalk_dim-2/2-layers/16-hidden/500-epochs/checkpoints/epoch-1/GeneralSheaf_wisconsin_layer0_fold9_seed43.npy shape=(251, 2)
Saved Forman eigs to /home/fguadagn/FMG_Master_Thesis/neural-sheaf-diffusion-modified/results/forman_eigs/wisconsin/normalised-true/stalk_dim-2/2-layers/16-hidden/500-epochs/checkpoints/epoch-1/GeneralSheaf_wisconsin_layer1_fold9_seed43.npy shape=(251, 2)
Saved Forman eigs to /home/fguadagn/FMG_Master_Thesis/neural-sheaf-diffusion-modified/results/forman_eigs/wisconsin/normalised-true/stalk_dim-2/2-layers/16-hidden/500-epochs/checkpoints/epoch-5/GeneralSheaf_wisconsin_layer0_fold9_seed43.npy shape=(251, 2)
Saved Forman eigs to /home/fguadagn/FMG_Master_Thesis/neural-sheaf-diffusion-modified/results/forman_eigs/wisconsin/normalised-true/stalk_dim-2/2-layers/16-hidden/500-epochs/checkpoints/epoch-5/GeneralSheaf_wisconsin_layer1_fold9_seed43.npy shape=(251, 2)
Saved Forman eigs to /home/fguadagn/FMG_Master_Thesis/neural-sheaf-diffusion-modified/results/forman_eigs/wisconsin/normalised-true/stalk_dim-2/2-layers/16-hidden/500-epochs/checkpoints/epoch-15/GeneralSheaf_wisconsin_layer0_fold9_seed43.npy shape=(251, 2)
Saved Forman eigs to /home/fguadagn/FMG_Master_Thesis/neural-sheaf-diffusion-modified/results/forman_eigs/wisconsin/normalised-true/stalk_dim-2/2-layers/16-hidden/500-epochs/checkpoints/epoch-15/GeneralSheaf_wisconsin_layer1_fold9_seed43.npy shape=(251, 2)
Saved Forman eigs to /home/fguadagn/FMG_Master_Thesis/neural-sheaf-diffusion-modified/results/forman_eigs/wisconsin/normalised-true/stalk_dim-2/2-layers/16-hidden/500-epochs/checkpoints/epoch-50/GeneralSheaf_wisconsin_layer0_fold9_seed43.npy shape=(251, 2)
Saved Forman eigs to /home/fguadagn/FMG_Master_Thesis/neural-sheaf-diffusion-modified/results/forman_eigs/wisconsin/normalised-true/stalk_dim-2/2-layers/16-hidden/500-epochs/checkpoints/epoch-50/GeneralSheaf_wisconsin_layer1_fold9_seed43.npy shape=(251, 2)
Saved Forman eigs to /home/fguadagn/FMG_Master_Thesis/neural-sheaf-diffusion-modified/results/forman_eigs/wisconsin/normalised-true/stalk_dim-2/2-layers/16-hidden/500-epochs/checkpoints/epoch-200/GeneralSheaf_wisconsin_layer0_fold9_seed43.npy shape=(251, 2)
Saved Forman eigs to /home/fguadagn/FMG_Master_Thesis/neural-sheaf-diffusion-modified/results/forman_eigs/wisconsin/normalised-true/stalk_dim-2/2-layers/16-hidden/500-epochs/checkpoints/epoch-200/GeneralSheaf_wisconsin_layer1_fold9_seed43.npy shape=(251, 2)
Fold 9 | Epochs: 499 | Best epoch: 425
Test acc (best epoch): 0.8824
Test acc (last epoch): 0.9020
Best val acc: 0.8750
Laplacian 0: Max: 0.3666, Min: -0.1460, Avg: 0.0225, Abs avg: 0.0328
Laplacian 1: Max: 1.1372, Min: -0.9196, Avg: 0.0162, Abs avg: 0.1407
Epsilons 0: [1.994 1.976]
Epsilons 1: [1.995 1.995]
Updated best_epochs.json: fold_9 -> epoch 425
Saved Forman eigs to /home/fguadagn/FMG_Master_Thesis/neural-sheaf-diffusion-modified/results/forman_eigs/wisconsin/normalised-true/stalk_dim-2/2-layers/16-hidden/500-epochs/GeneralSheaf_wisconsin_layer0_fold9_seed43.npy shape=(251, 2)
Saved Forman eigs to /home/fguadagn/FMG_Master_Thesis/neural-sheaf-diffusion-modified/results/forman_eigs/wisconsin/normalised-true/stalk_dim-2/2-layers/16-hidden/500-epochs/GeneralSheaf_wisconsin_layer1_fold9_seed43.npy shape=(251, 2)
Saved f0_top to /home/fguadagn/FMG_Master_Thesis/neural-sheaf-diffusion-modified/results/forman_eigs/wisconsin/normalised-true/stalk_dim-2/2-layers/16-hidden/500-epochs/f0_top_wisconsin_n251_fold9_seed43.npy
GeneralSheaf on wisconsin | SHA: 04b0f2da1b8e61766df1e4d09ed93fbf726b5185
Test acc: 86.8627 +/- 2.3283 | Val acc: 84.8750
