
Found 11 combination(s) (model=GeneralSheaf, normalised=true):
  amazon_ratings        d=5  layers=5  checkpoints: ['epoch-0', 'epoch-1', 'epoch-15', 'epoch-200', 'epoch-5', 'epoch-50', 'last']
  citeseer              d=5  layers=4  checkpoints: ['epoch-0', 'epoch-1', 'epoch-15', 'epoch-200', 'epoch-5', 'epoch-50', 'last']
  cora                  d=3  layers=3  checkpoints: ['epoch-0', 'epoch-1', 'epoch-15', 'epoch-200', 'epoch-5', 'epoch-50', 'last']
  cora                  d=5  layers=3  checkpoints: ['epoch-0', 'epoch-1', 'epoch-15', 'epoch-200', 'epoch-5', 'epoch-50', 'last']
  cornell               d=2  layers=2  checkpoints: ['epoch-0', 'epoch-1', 'epoch-15', 'epoch-200', 'epoch-5', 'epoch-50', 'last']
  minesweeper           d=5  layers=6  checkpoints: ['epoch-0', 'epoch-1', 'epoch-15', 'epoch-200', 'epoch-5', 'epoch-50', 'last']
  pubmed                d=5  layers=4  checkpoints: ['epoch-0', 'epoch-1', 'epoch-15', 'epoch-200', 'epoch-5', 'epoch-50', 'last']
  questions             d=5  layers=4  checkpoints: ['epoch-0', 'epoch-1', 'epoch-15', 'epoch-200', 'epoch-5', 'epoch-50', 'last']
  roman_empire          d=5  layers=5  checkpoints: ['epoch-0', 'epoch-1', 'epoch-15', 'epoch-200', 'epoch-5', 'epoch-50', 'last']
  tolokers              d=3  layers=4  checkpoints: ['epoch-0', 'epoch-1', 'epoch-15', 'epoch-200', 'epoch-5', 'epoch-50', 'last']
  wisconsin             d=2  layers=2  checkpoints: ['epoch-0', 'epoch-1', 'epoch-15', 'epoch-200', 'epoch-5', 'epoch-50', 'last']

→ amazon_ratings  d=5  layers=5  normalised=true
   epoch-0       fold 0 done
   epoch-0       fold 1 done
   epoch-0       fold 2 done
   epoch-0       fold 3 done
   epoch-0       fold 4 done
   epoch-0       fold 5 done
   epoch-0       fold 6 done
   epoch-0       fold 7 done
   epoch-0       fold 8 done
   epoch-0       fold 9 done
   epoch-1       fold 0 done
   epoch-1       fold 1 done
   epoch-1       fold 2 done
   epoch-1       fold 3 done
   epoch-1       fold 4 done
   epoch-1       fold 5 done
   epoch-1       fold 6 done
   epoch-1       fold 7 done
   epoch-1       fold 8 done
   epoch-1       fold 9 done
   epoch-5       fold 0 done
   epoch-5       fold 1 done
   epoch-5       fold 2 done
   epoch-5       fold 3 done
   epoch-5       fold 4 done
   epoch-5       fold 5 done
   epoch-5       fold 6 done
   epoch-5       fold 7 done
   epoch-5       fold 8 done
   epoch-5       fold 9 done
   epoch-15      fold 0 done
   epoch-15      fold 1 done
   epoch-15      fold 2 done
   epoch-15      fold 3 done
   epoch-15      fold 4 done
   epoch-15      fold 5 done
   epoch-15      fold 6 done
   epoch-15      fold 7 done
   epoch-15      fold 8 done
   epoch-15      fold 9 done
   epoch-50      fold 0 done
   epoch-50      fold 1 done
   epoch-50      fold 2 done
   epoch-50      fold 3 done
   epoch-50      fold 4 done
   epoch-50      fold 5 done
   epoch-50      fold 6 done
   epoch-50      fold 7 done
   epoch-50      fold 8 done
   epoch-50      fold 9 done
   epoch-200     fold 0 done
   epoch-200     fold 1 done
   epoch-200     fold 2 done
   epoch-200     fold 3 done
   epoch-200     fold 4 done
   epoch-200     fold 5 done
   epoch-200     fold 6 done
   epoch-200     fold 7 done
   epoch-200     fold 8 done
   epoch-200     fold 9 done
   last          fold 0 done
   last          fold 1 done
   last          fold 2 done
   last          fold 3 done
   last          fold 4 done
   last          fold 5 done
   last          fold 6 done
   last          fold 7 done
   last          fold 8 done
   last          fold 9 done
   saved megaplot → quick_analysis/checkpoint_forman/amazon_ratings_GeneralSheaf_d5_5L_Norm_True_checkpoints_evolution.pdf
   saved heatmap  → quick_analysis/checkpoint_forman/amazon_ratings_GeneralSheaf_d5_5L_Norm_True_heatmap.pdf

→ citeseer  d=5  layers=4  normalised=true
   epoch-0       fold 0 done
   epoch-0       fold 1 done
   epoch-0       fold 2 done
   epoch-0       fold 3 done
   epoch-0       fold 4 done
   epoch-0       fold 5 done
   epoch-0       fold 6 done
   epoch-0       fold 7 done
   epoch-0       fold 8 done
   epoch-0       fold 9 done
   epoch-1       fold 0 done
   epoch-1       fold 1 done
   epoch-1       fold 2 done
   epoch-1       fold 3 done
   epoch-1       fold 4 done
   epoch-1       fold 5 done
   epoch-1       fold 6 done
   epoch-1       fold 7 done
   epoch-1       fold 8 done
   epoch-1       fold 9 done
   epoch-5       fold 0 done
   epoch-5       fold 1 done
   epoch-5       fold 2 done
   epoch-5       fold 3 done
   epoch-5       fold 4 done
   epoch-5       fold 5 done
   epoch-5       fold 6 done
   epoch-5       fold 7 done
   epoch-5       fold 8 done
   epoch-5       fold 9 done
   epoch-15      fold 0 done
   epoch-15      fold 1 done
   epoch-15      fold 2 done
   epoch-15      fold 3 done
   epoch-15      fold 4 done
   epoch-15      fold 5 done
   epoch-15      fold 6 done
   epoch-15      fold 7 done
   epoch-15      fold 8 done
   epoch-15      fold 9 done
   epoch-50      fold 0 done
   epoch-50      fold 1 done
   epoch-50      fold 2 done
   epoch-50      fold 3 done
   epoch-50      fold 4 done
   epoch-50      fold 5 done
   epoch-50      fold 6 done
   epoch-50      fold 7 done
   epoch-50      fold 8 done
   epoch-50      fold 9 done
   epoch-200     fold 0 done
   epoch-200     fold 1 done
   epoch-200     fold 2 done
   epoch-200     fold 3 done
   epoch-200     fold 4 done
   epoch-200     fold 5 done
   epoch-200     fold 6 done
   epoch-200     fold 7 done
   epoch-200     fold 8 done
   epoch-200     fold 9 done
   last          fold 0 done
   last          fold 1 done
   last          fold 2 done
   last          fold 3 done
   last          fold 4 done
   last          fold 5 done
   last          fold 6 done
   last          fold 7 done
   last          fold 8 done
   last          fold 9 done
   saved megaplot → quick_analysis/checkpoint_forman/citeseer_GeneralSheaf_d5_4L_Norm_True_checkpoints_evolution.pdf
   saved heatmap  → quick_analysis/checkpoint_forman/citeseer_GeneralSheaf_d5_4L_Norm_True_heatmap.pdf

→ cora  d=3  layers=3  normalised=true
   epoch-0       fold 0 done
   epoch-0       fold 1 done
   epoch-0       fold 2 done
   epoch-0       fold 3 done
   epoch-0       fold 4 done
   epoch-0       fold 5 done
   epoch-0       fold 6 done
   epoch-0       fold 7 done
   epoch-0       fold 8 done
   epoch-0       fold 9 done
   epoch-1       fold 0 done
   epoch-1       fold 1 done
   epoch-1       fold 2 done
   epoch-1       fold 3 done
   epoch-1       fold 4 done
   epoch-1       fold 5 done
   epoch-1       fold 6 done
   epoch-1       fold 7 done
   epoch-1       fold 8 done
   epoch-1       fold 9 done
   epoch-5       fold 0 done
   epoch-5       fold 1 done
   epoch-5       fold 2 done
   epoch-5       fold 3 done
   epoch-5       fold 4 done
   epoch-5       fold 5 done
   epoch-5       fold 6 done
   epoch-5       fold 7 done
   epoch-5       fold 8 done
   epoch-5       fold 9 done
   epoch-15      fold 0 done
   epoch-15      fold 1 done
   epoch-15      fold 2 done
   epoch-15      fold 3 done
   epoch-15      fold 4 done
   epoch-15      fold 5 done
   epoch-15      fold 6 done
   epoch-15      fold 7 done
   epoch-15      fold 8 done
   epoch-15      fold 9 done
   epoch-50      fold 0 done
   epoch-50      fold 1 done
   epoch-50      fold 2 done
   epoch-50      fold 3 done
   epoch-50      fold 4 done
   epoch-50      fold 5 done
   epoch-50      fold 6 done
   epoch-50      fold 7 done
   epoch-50      fold 8 done
   epoch-50      fold 9 done
   epoch-200     fold 0 done
   epoch-200     fold 1 done
   epoch-200     fold 2 done
   epoch-200     fold 3 done
   epoch-200     fold 4 done
   epoch-200     fold 5 done
   epoch-200     fold 6 done
   epoch-200     fold 7 done
   epoch-200     fold 8 done
   epoch-200     fold 9 done
   last          fold 0 done
   last          fold 1 done
   last          fold 2 done
   last          fold 3 done
   last          fold 4 done
   last          fold 5 done
   last          fold 6 done
   last          fold 7 done
   last          fold 8 done
   last          fold 9 done
   saved megaplot → quick_analysis/checkpoint_forman/cora_GeneralSheaf_d3_3L_Norm_True_checkpoints_evolution.pdf
   saved heatmap  → quick_analysis/checkpoint_forman/cora_GeneralSheaf_d3_3L_Norm_True_heatmap.pdf

→ cora  d=5  layers=3  normalised=true
   epoch-0       fold 0 done
   epoch-0       fold 1 done
   epoch-0       fold 2 done
   epoch-0       fold 3 done
   epoch-0       fold 4 done
   epoch-0       fold 5 done
   epoch-0       fold 6 done
   epoch-0       fold 7 done
   epoch-0       fold 8 done
   epoch-0       fold 9 done
   epoch-1       fold 0 done
   epoch-1       fold 1 done
   epoch-1       fold 2 done
   epoch-1       fold 3 done
   epoch-1       fold 4 done
   epoch-1       fold 5 done
   epoch-1       fold 6 done
   epoch-1       fold 7 done
   epoch-1       fold 8 done
   epoch-1       fold 9 done
   epoch-5       fold 0 done
   epoch-5       fold 1 done
   epoch-5       fold 2 done
   epoch-5       fold 3 done
   epoch-5       fold 4 done
   epoch-5       fold 5 done
   epoch-5       fold 6 done
   epoch-5       fold 7 done
   epoch-5       fold 8 done
   epoch-5       fold 9 done
   epoch-15      fold 0 done
   epoch-15      fold 1 done
   epoch-15      fold 2 done
   epoch-15      fold 3 done
   epoch-15      fold 4 done
   epoch-15      fold 5 done
   epoch-15      fold 6 done
   epoch-15      fold 7 done
   epoch-15      fold 8 done
   epoch-15      fold 9 done
   epoch-50      fold 0 done
   epoch-50      fold 1 done
   epoch-50      fold 2 done
   epoch-50      fold 3 done
   epoch-50      fold 4 done
   epoch-50      fold 5 done
   epoch-50      fold 6 done
   epoch-50      fold 7 done
   epoch-50      fold 8 done
   epoch-50      fold 9 done
   epoch-200     fold 0 done
   epoch-200     fold 1 done
   epoch-200     fold 2 done
   epoch-200     fold 3 done
   epoch-200     fold 4 done
   epoch-200     fold 5 done
   epoch-200     fold 6 done
   epoch-200     fold 7 done
   epoch-200     fold 8 done
   epoch-200     fold 9 done
   last          fold 0 done
   last          fold 1 done
   last          fold 2 done
   last          fold 3 done
   last          fold 4 done
   last          fold 5 done
   last          fold 6 done
   last          fold 7 done
   last          fold 8 done
   last          fold 9 done
   saved megaplot → quick_analysis/checkpoint_forman/cora_GeneralSheaf_d5_3L_Norm_True_checkpoints_evolution.pdf
   saved heatmap  → quick_analysis/checkpoint_forman/cora_GeneralSheaf_d5_3L_Norm_True_heatmap.pdf

→ cornell  d=2  layers=2  normalised=true
   epoch-0       fold 0 done
   epoch-0       fold 1 done
   epoch-0       fold 2 done
   epoch-0       fold 3 done
   epoch-0       fold 4 done
   epoch-0       fold 5 done
   epoch-0       fold 6 done
   epoch-0       fold 7 done
   epoch-0       fold 8 done
   epoch-0       fold 9 done
   epoch-1       fold 0 done
   epoch-1       fold 1 done
   epoch-1       fold 2 done
   epoch-1       fold 3 done
   epoch-1       fold 4 done
   epoch-1       fold 5 done
   epoch-1       fold 6 done
   epoch-1       fold 7 done
   epoch-1       fold 8 done
   epoch-1       fold 9 done
   epoch-5       fold 0 done
   epoch-5       fold 1 done
   epoch-5       fold 2 done
   epoch-5       fold 3 done
   epoch-5       fold 4 done
   epoch-5       fold 5 done
   epoch-5       fold 6 done
   epoch-5       fold 7 done
   epoch-5       fold 8 done
   epoch-5       fold 9 done
   epoch-15      fold 0 done
   epoch-15      fold 1 done
   epoch-15      fold 2 done
   epoch-15      fold 3 done
   epoch-15      fold 4 done
   epoch-15      fold 5 done
   epoch-15      fold 6 done
   epoch-15      fold 7 done
   epoch-15      fold 8 done
   epoch-15      fold 9 done
   epoch-50      fold 0 done
   epoch-50      fold 1 done
   epoch-50      fold 2 done
   epoch-50      fold 3 done
   epoch-50      fold 4 done
   epoch-50      fold 5 done
   epoch-50      fold 6 done
   epoch-50      fold 7 done
   epoch-50      fold 8 done
   epoch-50      fold 9 done
   epoch-200     fold 0 done
   epoch-200     fold 1 done
   epoch-200     fold 2 done
   epoch-200     fold 3 done
   epoch-200     fold 4 done
   epoch-200     fold 5 done
   epoch-200     fold 6 done
   epoch-200     fold 7 done
   epoch-200     fold 8 done
   epoch-200     fold 9 done
   last          fold 0 done
   last          fold 1 done
   last          fold 2 done
   last          fold 3 done
   last          fold 4 done
   last          fold 5 done
   last          fold 6 done
   last          fold 7 done
   last          fold 8 done
   last          fold 9 done
   saved megaplot → quick_analysis/checkpoint_forman/cornell_GeneralSheaf_d2_2L_Norm_True_checkpoints_evolution.pdf
   saved heatmap  → quick_analysis/checkpoint_forman/cornell_GeneralSheaf_d2_2L_Norm_True_heatmap.pdf

→ minesweeper  d=5  layers=6  normalised=true
   epoch-0       fold 0 done
   epoch-0       fold 1 done
   epoch-0       fold 2 done
   epoch-0       fold 3 done
   epoch-0       fold 4 done
   epoch-0       fold 5 done
   epoch-0       fold 6 done
   epoch-0       fold 7 done
   epoch-0       fold 8 done
   epoch-0       fold 9 done
   epoch-1       fold 0 done
   epoch-1       fold 1 done
   epoch-1       fold 2 done
   epoch-1       fold 3 done
   epoch-1       fold 4 done
   epoch-1       fold 5 done
   epoch-1       fold 6 done
   epoch-1       fold 7 done
   epoch-1       fold 8 done
   epoch-1       fold 9 done
   epoch-5       fold 0 done
   epoch-5       fold 1 done
   epoch-5       fold 2 done
   epoch-5       fold 3 done
   epoch-5       fold 4 done
   epoch-5       fold 5 done
   epoch-5       fold 6 done
   epoch-5       fold 7 done
   epoch-5       fold 8 done
   epoch-5       fold 9 done
   epoch-15      fold 0 done
   epoch-15      fold 1 done
   epoch-15      fold 2 done
   epoch-15      fold 3 done
   epoch-15      fold 4 done
   epoch-15      fold 5 done
   epoch-15      fold 6 done
   epoch-15      fold 7 done
   epoch-15      fold 8 done
   epoch-15      fold 9 done
   epoch-50      fold 0 done
   epoch-50      fold 1 done
   epoch-50      fold 2 done
   epoch-50      fold 3 done
   epoch-50      fold 4 done
   epoch-50      fold 5 done
   epoch-50      fold 6 done
   epoch-50      fold 7 done
   epoch-50      fold 8 done
   epoch-50      fold 9 done
   epoch-200     fold 0 done
   epoch-200     fold 1 done
   epoch-200     fold 2 done
   epoch-200     fold 3 done
   epoch-200     fold 4 done
   epoch-200     fold 5 done
   epoch-200     fold 6 done
   epoch-200     fold 7 done
   epoch-200     fold 8 done
   epoch-200     fold 9 done
   last          fold 0 done
   last          fold 1 done
   last          fold 2 done
   last          fold 3 done
   last          fold 4 done
   last          fold 5 done
   last          fold 6 done
   last          fold 7 done
   last          fold 8 done
   last          fold 9 done
   saved megaplot → quick_analysis/checkpoint_forman/minesweeper_GeneralSheaf_d5_6L_Norm_True_checkpoints_evolution.pdf
   saved heatmap  → quick_analysis/checkpoint_forman/minesweeper_GeneralSheaf_d5_6L_Norm_True_heatmap.pdf

→ pubmed  d=5  layers=4  normalised=true
   epoch-0       fold 0 done
   epoch-0       fold 1 done
   epoch-0       fold 2 done
   epoch-0       fold 3 done
   epoch-0       fold 4 done
   epoch-0       fold 5 done
   epoch-0       fold 6 done
   epoch-0       fold 7 done
   epoch-0       fold 8 done
   epoch-0       fold 9 done
   epoch-1       fold 0 done
   epoch-1       fold 1 done
   epoch-1       fold 2 done
   epoch-1       fold 3 done
   epoch-1       fold 4 done
   epoch-1       fold 5 done
   epoch-1       fold 6 done
   epoch-1       fold 7 done
   epoch-1       fold 8 done
   epoch-1       fold 9 done
   epoch-5       fold 0 done
   epoch-5       fold 1 done
   epoch-5       fold 2 done
   epoch-5       fold 3 done
   epoch-5       fold 4 done
   epoch-5       fold 5 done
   epoch-5       fold 6 done
   epoch-5       fold 7 done
   epoch-5       fold 8 done
   epoch-5       fold 9 done
   epoch-15      fold 0 done
   epoch-15      fold 1 done
   epoch-15      fold 2 done
   epoch-15      fold 3 done
   epoch-15      fold 4 done
   epoch-15      fold 5 done
   epoch-15      fold 6 done
   epoch-15      fold 7 done
   epoch-15      fold 8 done
   epoch-15      fold 9 done
   epoch-50      fold 0 done
   epoch-50      fold 1 done
   epoch-50      fold 2 done
   epoch-50      fold 3 done
   epoch-50      fold 4 done
   epoch-50      fold 5 done
   epoch-50      fold 6 done
   epoch-50      fold 7 done
   epoch-50      fold 8 done
   epoch-50      fold 9 done
   epoch-200     fold 0 done
   epoch-200     fold 1 done
   epoch-200     fold 2 done
   epoch-200     fold 3 done
   epoch-200     fold 4 done
   epoch-200     fold 5 done
   epoch-200     fold 6 done
   epoch-200     fold 7 done
   epoch-200     fold 8 done
   epoch-200     fold 9 done
   last          fold 0 done
   last          fold 1 done
   last          fold 2 done
   last          fold 3 done
   last          fold 4 done
   last          fold 5 done
   last          fold 6 done
   last          fold 7 done
   last          fold 8 done
   last          fold 9 done
   saved megaplot → quick_analysis/checkpoint_forman/pubmed_GeneralSheaf_d5_4L_Norm_True_checkpoints_evolution.pdf
   saved heatmap  → quick_analysis/checkpoint_forman/pubmed_GeneralSheaf_d5_4L_Norm_True_heatmap.pdf

→ questions  d=5  layers=4  normalised=true
   epoch-0       fold 0 done
   epoch-0       fold 1 done
   epoch-0       fold 2 done
   epoch-0       fold 3 done
   epoch-0       fold 4 done
   epoch-0       fold 5 done
   epoch-0       fold 6 done
   epoch-0       fold 7 done
   epoch-0       fold 8 done
   epoch-0       fold 9 done
   epoch-1       fold 0 done
   epoch-1       fold 1 done
   epoch-1       fold 2 done
   epoch-1       fold 3 done
   epoch-1       fold 4 done
   epoch-1       fold 5 done
   epoch-1       fold 6 done
   epoch-1       fold 7 done
   epoch-1       fold 8 done
   epoch-1       fold 9 done
   epoch-5       fold 0 done
   epoch-5       fold 1 done
   epoch-5       fold 2 done
   epoch-5       fold 3 done
   epoch-5       fold 4 done
   epoch-5       fold 5 done
   epoch-5       fold 6 done
   epoch-5       fold 7 done
   epoch-5       fold 8 done
   epoch-5       fold 9 done
   epoch-15      fold 0 done
   epoch-15      fold 1 done
   epoch-15      fold 2 done
   epoch-15      fold 3 done
   epoch-15      fold 4 done
   epoch-15      fold 5 done
   epoch-15      fold 6 done
   epoch-15      fold 7 done
   epoch-15      fold 8 done
   epoch-15      fold 9 done
   epoch-50      fold 0 done
   epoch-50      fold 1 done
   epoch-50      fold 2 done
   epoch-50      fold 3 done
   epoch-50      fold 4 done
   epoch-50      fold 5 done
   epoch-50      fold 6 done
   epoch-50      fold 7 done
   epoch-50      fold 8 done
   epoch-50      fold 9 done
   epoch-200     fold 0 done
   epoch-200     fold 1 done
   epoch-200     fold 2 done
   epoch-200     fold 3 done
   epoch-200     fold 4 done
   epoch-200     fold 5 done
   epoch-200     fold 6 done
   epoch-200     fold 7 done
   epoch-200     fold 8 done
   epoch-200     fold 9 done
   last          fold 0 done
   last          fold 1 done
   last          fold 2 done
   last          fold 3 done
   last          fold 4 done
   last          fold 5 done
   last          fold 6 done
   last          fold 7 done
   last          fold 8 done
   last          fold 9 done
   saved megaplot → quick_analysis/checkpoint_forman/questions_GeneralSheaf_d5_4L_Norm_True_checkpoints_evolution.pdf
   saved heatmap  → quick_analysis/checkpoint_forman/questions_GeneralSheaf_d5_4L_Norm_True_heatmap.pdf

→ roman_empire  d=5  layers=5  normalised=true
   epoch-0       fold 0 done
   epoch-0       fold 1 done
   epoch-0       fold 2 done
   epoch-0       fold 3 done
   epoch-0       fold 4 done
   epoch-0       fold 5 done
   epoch-0       fold 6 done
   epoch-0       fold 7 done
   epoch-0       fold 8 done
   epoch-0       fold 9 done
   epoch-1       fold 0 done
   epoch-1       fold 1 done
   epoch-1       fold 2 done
   epoch-1       fold 3 done
   epoch-1       fold 4 done
   epoch-1       fold 5 done
   epoch-1       fold 6 done
   epoch-1       fold 7 done
   epoch-1       fold 8 done
   epoch-1       fold 9 done
   epoch-5       fold 0 done
   epoch-5       fold 1 done
   epoch-5       fold 2 done
   epoch-5       fold 3 done
   epoch-5       fold 4 done
   epoch-5       fold 5 done
   epoch-5       fold 6 done
   epoch-5       fold 7 done
   epoch-5       fold 8 done
   epoch-5       fold 9 done
   epoch-15      fold 0 done
   epoch-15      fold 1 done
   epoch-15      fold 2 done
   epoch-15      fold 3 done
   epoch-15      fold 4 done
   epoch-15      fold 5 done
   epoch-15      fold 6 done
   epoch-15      fold 7 done
   epoch-15      fold 8 done
   epoch-15      fold 9 done
   epoch-50      fold 0 done
   epoch-50      fold 1 done
   epoch-50      fold 2 done
   epoch-50      fold 3 done
   epoch-50      fold 4 done
   epoch-50      fold 5 done
   epoch-50      fold 6 done
   epoch-50      fold 7 done
   epoch-50      fold 8 done
   epoch-50      fold 9 done
   epoch-200     fold 0 done
   epoch-200     fold 1 done
   epoch-200     fold 2 done
   epoch-200     fold 3 done
   epoch-200     fold 4 done
   epoch-200     fold 5 done
   epoch-200     fold 6 done
   epoch-200     fold 7 done
   epoch-200     fold 8 done
   epoch-200     fold 9 done
   last          fold 0 done
   last          fold 1 done
   last          fold 2 done
   last          fold 3 done
   last          fold 4 done
   last          fold 5 done
   last          fold 6 done
   last          fold 7 done
   last          fold 8 done
   last          fold 9 done
   saved megaplot → quick_analysis/checkpoint_forman/roman_empire_GeneralSheaf_d5_5L_Norm_True_checkpoints_evolution.pdf
   saved heatmap  → quick_analysis/checkpoint_forman/roman_empire_GeneralSheaf_d5_5L_Norm_True_heatmap.pdf

→ tolokers  d=3  layers=4  normalised=true
   epoch-0       fold 0 done
   epoch-0       fold 1 done
   epoch-0       fold 2 done
   epoch-0       fold 3 done
   epoch-0       fold 4 done
   epoch-0       fold 5 done
   epoch-0       fold 6 done
   epoch-0       fold 7 done
   epoch-0       fold 8 done
   epoch-0       fold 9 done
   epoch-1       fold 0 done
   epoch-1       fold 1 done
   epoch-1       fold 2 done
   epoch-1       fold 3 done
   epoch-1       fold 4 done
   epoch-1       fold 5 done
   epoch-1       fold 6 done
   epoch-1       fold 7 done
   epoch-1       fold 8 done
   epoch-1       fold 9 done
   epoch-5       fold 0 done
   epoch-5       fold 1 done
   epoch-5       fold 2 done
   epoch-5       fold 3 done
   epoch-5       fold 4 done
   epoch-5       fold 5 done
   epoch-5       fold 6 done
   epoch-5       fold 7 done
   epoch-5       fold 8 done
   epoch-5       fold 9 done
   epoch-15      fold 0 done
   epoch-15      fold 1 done
   epoch-15      fold 2 done
   epoch-15      fold 3 done
   epoch-15      fold 4 done
   epoch-15      fold 5 done
   epoch-15      fold 6 done
   epoch-15      fold 7 done
   epoch-15      fold 8 done
   epoch-15      fold 9 done
   epoch-50      fold 0 done
   epoch-50      fold 1 done
   epoch-50      fold 2 done
   epoch-50      fold 3 done
   epoch-50      fold 4 done
   epoch-50      fold 5 done
   epoch-50      fold 6 done
   epoch-50      fold 7 done
   epoch-50      fold 8 done
   epoch-50      fold 9 done
   epoch-200     fold 0 done
   epoch-200     fold 1 done
   epoch-200     fold 2 done
   epoch-200     fold 3 done
   epoch-200     fold 4 done
   epoch-200     fold 5 done
   epoch-200     fold 6 done
   epoch-200     fold 7 done
   epoch-200     fold 8 done
   epoch-200     fold 9 done
   last          fold 0 done
   last          fold 1 done
   last          fold 2 done
   last          fold 3 done
   last          fold 4 done
   last          fold 5 done
   last          fold 6 done
   last          fold 7 done
   last          fold 8 done
   last          fold 9 done
   saved megaplot → quick_analysis/checkpoint_forman/tolokers_GeneralSheaf_d3_4L_Norm_True_checkpoints_evolution.pdf
   saved heatmap  → quick_analysis/checkpoint_forman/tolokers_GeneralSheaf_d3_4L_Norm_True_heatmap.pdf

→ wisconsin  d=2  layers=2  normalised=true
   epoch-0       fold 0 done
   epoch-0       fold 1 done
   epoch-0       fold 2 done
   epoch-0       fold 3 done
   epoch-0       fold 4 done
   epoch-0       fold 5 done
   epoch-0       fold 6 done
   epoch-0       fold 7 done
   epoch-0       fold 8 done
   epoch-0       fold 9 done
   epoch-1       fold 0 done
   epoch-1       fold 1 done
   epoch-1       fold 2 done
   epoch-1       fold 3 done
   epoch-1       fold 4 done
   epoch-1       fold 5 done
   epoch-1       fold 6 done
   epoch-1       fold 7 done
   epoch-1       fold 8 done
   epoch-1       fold 9 done
   epoch-5       fold 0 done
   epoch-5       fold 1 done
   epoch-5       fold 2 done
   epoch-5       fold 3 done
   epoch-5       fold 4 done
   epoch-5       fold 5 done
   epoch-5       fold 6 done
   epoch-5       fold 7 done
   epoch-5       fold 8 done
   epoch-5       fold 9 done
   epoch-15      fold 0 done
   epoch-15      fold 1 done
   epoch-15      fold 2 done
   epoch-15      fold 3 done
   epoch-15      fold 4 done
   epoch-15      fold 5 done
   epoch-15      fold 6 done
   epoch-15      fold 7 done
   epoch-15      fold 8 done
   epoch-15      fold 9 done
   epoch-50      fold 0 done
   epoch-50      fold 1 done
   epoch-50      fold 2 done
   epoch-50      fold 3 done
   epoch-50      fold 4 done
   epoch-50      fold 5 done
   epoch-50      fold 6 done
   epoch-50      fold 7 done
   epoch-50      fold 8 done
   epoch-50      fold 9 done
   epoch-200     fold 0 done
   epoch-200     fold 1 done
   epoch-200     fold 2 done
   epoch-200     fold 3 done
   epoch-200     fold 4 done
   epoch-200     fold 5 done
   epoch-200     fold 6 done
   epoch-200     fold 7 done
   epoch-200     fold 8 done
   epoch-200     fold 9 done
   last          fold 0 done
   last          fold 1 done
   last          fold 2 done
   last          fold 3 done
   last          fold 4 done
   last          fold 5 done
   last          fold 6 done
   last          fold 7 done
   last          fold 8 done
   last          fold 9 done
   saved megaplot → quick_analysis/checkpoint_forman/wisconsin_GeneralSheaf_d2_2L_Norm_True_checkpoints_evolution.pdf
   saved heatmap  → quick_analysis/checkpoint_forman/wisconsin_GeneralSheaf_d2_2L_Norm_True_heatmap.pdf

All done.
