Discovering: model=GeneralSheaf  normalised=true
  [WARNING] training_args.json missing, inferred from path
  found: citeseer  d=5  L=4
  found: roman_empire  d=5  L=5

Found 2 experiment(s).

============================================================
  citeseer  |  GeneralSheaf  d=5  L=4
============================================================
  Computing betweenness (k=500) …
  Graph: 3327 nodes, 4552 edges

  --- epoch-0 ---
    fold 0 done
    fold 1 done
    fold 2 done
    fold 3 done
    fold 4 done
    fold 5 done
    fold 6 done
    fold 7 done
    fold 8 done
    fold 9 — norms missing, skipped
  -> 9 fold(s) | deg ρ@X_L=-0.022  conf ρ@X_L=0.012  d_test@X_L=-0.034

  --- epoch-1 ---
    fold 0 done
    fold 1 done
    fold 2 done
    fold 3 done
    fold 4 done
    fold 5 done
    fold 6 done
    fold 7 done
    fold 8 done
    fold 9 — norms missing, skipped
  -> 9 fold(s) | deg ρ@X_L=0.096  conf ρ@X_L=0.290  d_test@X_L=0.498

  --- epoch-5 ---
    fold 0 done
    fold 1 done
    fold 2 done
    fold 3 done
    fold 4 done
    fold 5 done
    fold 6 done
    fold 7 done
    fold 8 done
    fold 9 — norms missing, skipped
  -> 9 fold(s) | deg ρ@X_L=0.116  conf ρ@X_L=0.700  d_test@X_L=0.984

  --- epoch-15 ---
    fold 0 done
    fold 1 done
    fold 2 done
    fold 3 done
    fold 4 done
    fold 5 done
    fold 6 done
    fold 7 done
    fold 8 done
    fold 9 — norms missing, skipped
  -> 9 fold(s) | deg ρ@X_L=0.274  conf ρ@X_L=0.705  d_test@X_L=0.332

  --- epoch-50 ---
    fold 0 done
    fold 1 done
    fold 2 done
    fold 3 done
    fold 4 done
    fold 5 done
    fold 6 done
    fold 7 done
    fold 8 done
    fold 9 — norms missing, skipped
  -> 9 fold(s) | deg ρ@X_L=0.596  conf ρ@X_L=0.663  d_test@X_L=0.219

  --- epoch-200 ---
    fold 0 done
    fold 1 done
    fold 2 done
    fold 3 done
    fold 4 done
    fold 5 done
    fold 6 done
    fold 7 done
    fold 8 — norms missing, skipped
    fold 9 — norms missing, skipped
  -> 8 fold(s) | deg ρ@X_L=0.650  conf ρ@X_L=0.735  d_test@X_L=0.341

  --- best-epoch ---
    fold 0 done
    fold 1 done
    fold 2 done
    fold 3 done
    fold 4 done
    fold 5 done
    fold 6 done
    fold 7 done
    fold 8 — norms missing, skipped
    fold 9 — norms missing, skipped
  -> 8 fold(s) | deg ρ@X_L=0.536  conf ρ@X_L=0.682  d_test@X_L=0.277

  --- last ---
    fold 0 done
    fold 1 done
    fold 2 done
    fold 3 done
    fold 4 done
    fold 5 done
    fold 6 done
    fold 7 done
    fold 8 — norms missing, skipped
    fold 9 — norms missing, skipped
  -> 8 fold(s) | deg ρ@X_L=0.644  conf ρ@X_L=0.734  d_test@X_L=0.338
  Saved to /home/fguadagn/FMG_Master_Thesis/neural-sheaf-diffusion-modified/quick_analysis/conviction_heatmap/GeneralSheaf/normalised_true/citeseer_GeneralSheaf_d5_4L_Norm_True_conviction_heatmap.pdf

============================================================
  roman_empire  |  GeneralSheaf  d=5  L=5
============================================================
  Computing betweenness (k=500) …
  Graph: 22662 nodes, 32927 edges

  --- epoch-0 ---
    fold 0 done
    fold 1 done
    fold 2 done
    fold 3 done
    fold 4 done
    fold 5 done
    fold 6 done
    fold 7 done
    fold 8 done
    fold 9 done
  -> 10 fold(s) | deg ρ@X_L=-0.108  conf ρ@X_L=0.556  d_test@X_L=-0.045

  --- epoch-1 ---
    fold 0 done
    fold 1 done
    fold 2 done
    fold 3 done
    fold 4 done
    fold 5 done
    fold 6 done
    fold 7 done
    fold 8 done
    fold 9 done
  -> 10 fold(s) | deg ρ@X_L=-0.104  conf ρ@X_L=0.820  d_test@X_L=1.118

  --- epoch-5 ---
    fold 0 done
    fold 1 done
    fold 2 done
    fold 3 done
    fold 4 done
    fold 5 done
    fold 6 done
    fold 7 done
    fold 8 done
    fold 9 done
  -> 10 fold(s) | deg ρ@X_L=0.136  conf ρ@X_L=0.937  d_test@X_L=1.184

  --- epoch-15 ---
    fold 0 done
    fold 1 done
    fold 2 done
    fold 3 done
    fold 4 done
    fold 5 done
    fold 6 done
    fold 7 done
    fold 8 done
    fold 9 done
  -> 10 fold(s) | deg ρ@X_L=0.151  conf ρ@X_L=0.830  d_test@X_L=0.945

  --- epoch-50 ---
    fold 0 done
    fold 1 done
    fold 2 done
    fold 3 done
    fold 4 done
    fold 5 done
    fold 6 done
    fold 7 done
    fold 8 done
    fold 9 done
  -> 10 fold(s) | deg ρ@X_L=0.328  conf ρ@X_L=0.464  d_test@X_L=0.390

  --- epoch-200 ---
    fold 0 done
    fold 1 done
    fold 2 done
    fold 3 done
    fold 4 done
    fold 5 done
    fold 6 done
    fold 7 done
    fold 8 done
    fold 9 done
  -> 10 fold(s) | deg ρ@X_L=0.403  conf ρ@X_L=0.390  d_test@X_L=0.346

  --- best-epoch ---
    fold 0 done
    fold 1 done
    fold 2 done
    fold 3 done
    fold 4 done
    fold 5 done
    fold 6 done
    fold 7 done
    fold 8 done
    fold 9 done
  -> 10 fold(s) | deg ρ@X_L=0.414  conf ρ@X_L=0.373  d_test@X_L=0.366

  --- last ---
    fold 0 done
    fold 1 done
    fold 2 done
    fold 3 done
    fold 4 done
    fold 5 done
    fold 6 done
    fold 7 done
    fold 8 done
    fold 9 done
  -> 10 fold(s) | deg ρ@X_L=0.418  conf ρ@X_L=0.384  d_test@X_L=0.366
  Saved to /home/fguadagn/FMG_Master_Thesis/neural-sheaf-diffusion-modified/quick_analysis/conviction_heatmap/GeneralSheaf/normalised_true/roman_empire_GeneralSheaf_d5_5L_Norm_True_conviction_heatmap.pdf

Done. Plots in: /home/fguadagn/FMG_Master_Thesis/neural-sheaf-diffusion-modified/quick_analysis/conviction_heatmap/GeneralSheaf/normalised_true
