/home/fguadagn/FMG_Master_Thesis/neural-sheaf-diffusion-modified/utils/heterophilic.py:231: FutureWarning: You are using `torch.load` with `weights_only=False` (the current default value), which uses the default pickle module implicitly. It is possible to construct malicious pickle data which will execute arbitrary code during unpickling (See https://github.com/pytorch/pytorch/blob/main/SECURITY.md#untrusted-models for more details). In a future release, the default value for `weights_only` will be flipped to `True`. This limits the functions that could be executed during unpickling. Arbitrary objects will no longer be allowed to be loaded via this mode unless they are explicitly allowlisted by the user via `torch.serialization.add_safe_globals`. We recommend you start setting `weights_only=True` for any use case where you don't have full control of the loaded file. Please open an issue on GitHub for any issues related to this experimental feature.
  self.data, self.slices = torch.load(self.processed_paths[0])
wandb: [wandb.login()] Loaded credentials for https://api.wandb.ai from WANDB_API_KEY.
wandb: Currently logged in as: franceguad2002 (franceguad2002-epfl) to https://api.wandb.ai. Use `wandb login --relogin` to force relogin
wandb: Tracking run with wandb version 0.26.1
wandb: Run data is saved locally in /home/fguadagn/FMG_Master_Thesis/neural-sheaf-diffusion-modified/wandb/run-20260709_213720-pm6250k7
wandb: Run `wandb offline` to turn off syncing.
wandb: Syncing run GeneralSheaf_cornell_normalised-true_stalk-2_2layers_16hidden_500epochs_seed43
wandb: ⭐️ View project at https://wandb.ai/franceguad2002-epfl/sheaf
wandb: 🚀 View run at https://wandb.ai/franceguad2002-epfl/sheaf/runs/pm6250k7
  0%|          | 0/10 [00:00<?, ?it/s] 10%|█         | 1/10 [00:06<00:55,  6.15s/it] 20%|██        | 2/10 [00:09<00:35,  4.39s/it] 30%|███       | 3/10 [00:14<00:33,  4.77s/it] 40%|████      | 4/10 [00:18<00:27,  4.53s/it] 50%|█████     | 5/10 [00:23<00:22,  4.47s/it] 60%|██████    | 6/10 [00:28<00:18,  4.64s/it] 70%|███████   | 7/10 [00:30<00:12,  4.08s/it] 80%|████████  | 8/10 [00:34<00:07,  3.93s/it] 90%|█████████ | 9/10 [00:40<00:04,  4.40s/it]100%|██████████| 10/10 [00:44<00:00,  4.51s/it]100%|██████████| 10/10 [00:44<00:00,  4.48s/it]
wandb: updating run metadata
wandb: uploading history steps 353-357, summary, console lines 298-461; uploading output.log; uploading wandb-summary.json; uploading config.yaml
wandb: uploading history steps 353-357, summary, console lines 298-461
wandb: uploading data
wandb: 
wandb: Run history:
wandb:          best_epoch ▃▁▆▃▃▄▁▃▆█
wandb:       best_test_acc ▁▆█▂▇▄▅▃▅▅
wandb:        best_val_acc ▃▃▆▃▅█▁▅▆▃
wandb:  fold0_tmp_test_acc ▁▁▁▁▁▄▅▅▃▄▆▅▄▅▅▃▄▅▆▆▄▄▅▅▄▆███▆▆▄▅▆▆▆▅▅▆▇
wandb: fold0_tmp_test_loss ▅▄▄▄▇▆▇██▆▃▅▆▇▂▄▄▄█▇▆▄▅▆▇▁▁▄▃▄▅▄▂▃█▂▂▆▆▃
wandb:     fold0_train_acc ▁▁▁▄▅▇▇▇▇▇██████████████████████████████
wandb:    fold0_train_loss ██▇▇▅▂▂▁▁▁▁▁▁▁▁▁▁▁▁▁▁▁▁▁▁▁▁▁▁▁▁▁▁▁▁▁▁▁▁▁
wandb:       fold0_val_acc ▁▅▅▄▄▇▇▅▇▇▅▆▅▆▅██▆▇▇▇█▇▆▆▇█▆▆▆▆▅▆▇█▇▆▆▇▆
wandb:      fold0_val_loss ▇▆▃▃▆▄▄▅▂▄▃▂▃▅▂▁▃▄▄▂▄▂▆▆▇▆▄▄▄▂▂▂██▅▇█▂▄▄
wandb:       last_test_acc ▁▄█▂▆▁▃▅▄▅
wandb:                  +3 ...
wandb: 
wandb: Run summary:
wandb:          best_epoch 433
wandb:       best_test_acc 0.83784
wandb:        best_val_acc 0.81356
wandb:  fold0_tmp_test_acc 0.67568
wandb: fold0_tmp_test_loss 1.05552
wandb:     fold0_train_acc 1
wandb:    fold0_train_loss 0.00401
wandb:       fold0_val_acc 0.74576
wandb:      fold0_val_loss 0.80067
wandb:       last_test_acc 0.78378
wandb:                  +3 ...
wandb: 
wandb: 🚀 View run GeneralSheaf_cornell_normalised-true_stalk-2_2layers_16hidden_500epochs_seed43 at: https://wandb.ai/franceguad2002-epfl/sheaf/runs/pm6250k7
wandb: ⭐️ View project at: https://wandb.ai/franceguad2002-epfl/sheaf
wandb: Synced 5 W&B file(s), 0 media file(s), 0 artifact file(s) and 0 other file(s)
wandb: Find logs at: ./wandb/run-20260709_213720-pm6250k7/logs
