Running with wandb account: franceguad2002-epfl
Namespace(epochs=500, lr=0.01, weight_decay=0.0006914841722570725, sheaf_decay=0.00031764232712732976, early_stopping=200, min_acc=0.0, stop_strategy='loss', d=5, layers=4, normalised=True, deg_normalised=False, linear=False, hidden_channels=16, input_dropout=0.2, dropout=0.2, left_weights=True, right_weights=True, add_lp=False, add_hp=False, use_act=True, second_linear=False, orth='householder', sheaf_act='tanh', edge_weights=False, sparse_learner=False, dataset='citeseer', seed=43, cuda=0, folds=10, model='GeneralSheaf', entity='franceguad2002-epfl', evectors=0, max_t=1.0, int_method=None, step_size=1, max_iters=100, adjoint_method='adaptive_heun', adjoint=False, adjoint_step_size=1, tol_scale=1.0, tol_scale_adjoint=1.0, max_nfe=1000, no_early=False, earlystopxT=3, max_test_steps=100, num_nodes=200, num_classes=2, num_feats=10, het_coef=0.9, edge_noise=0.05, node_degree=10, feat_noise=0.25, ellipsoid_radius=1, just_add_noise=False, ellipsoids=True, classes_corr=None, dual_diff_strength=1.0, dual_normalised=True, sheaf_init=False, dual_left_linear=True, dual_right_linear=True, dual_linear=False, learn_first_maps=False, learnt_map_type='general', rotation_invariant_sheaf_learner=False, node_edge_sims_time_dependent=False, num_of_convolutions=1, dim_list=[], zero_laplacian=False, maps_lr=None, use_epsilons=True, use_embedding=True, checkpoint_epochs=[0, 1, 5, 15, 50, 200], save_laplacians=False, save_norms=True, save_preds=True, save_saliency=True, save_others=False, sha='76c20f9b6a5a98e71dded402ae983d844519635e', graph_size=3327, input_dim=3703, output_dim=6, device=device(type='cuda', index=0))
Non zero masks tensor(3312)
Nodes 3327
Non valid 15
Saved node norms to /home/fguadagn/FMG_Master_Thesis/neural-sheaf-diffusion-modified/results/node_norms/citeseer/GeneralSheaf/normalised-true/stalk_dim-5/4-layers/16-hidden/500-epochs/checkpoints/epoch-0/GeneralSheaf_citeseer_fold0_seed43.pt
Saved confidence to /home/fguadagn/FMG_Master_Thesis/neural-sheaf-diffusion-modified/results/node_conf/citeseer/GeneralSheaf/normalised-true/stalk_dim-5/4-layers/16-hidden/500-epochs/checkpoints/epoch-0/GeneralSheaf_citeseer_fold0_seed43.pt
Saved per-node accuracy to /home/fguadagn/FMG_Master_Thesis/neural-sheaf-diffusion-modified/results/node_accuracy/citeseer/GeneralSheaf/normalised-true/stalk_dim-5/4-layers/16-hidden/500-epochs/checkpoints/epoch-0/GeneralSheaf_citeseer_fold0_seed43.pt
Saved saliency to /home/fguadagn/FMG_Master_Thesis/neural-sheaf-diffusion-modified/results/node_saliency/citeseer/GeneralSheaf/normalised-true/stalk_dim-5/4-layers/16-hidden/500-epochs/checkpoints/epoch-0/GeneralSheaf_citeseer_fold0_seed43.pt
Saved node norms to /home/fguadagn/FMG_Master_Thesis/neural-sheaf-diffusion-modified/results/node_norms/citeseer/GeneralSheaf/normalised-true/stalk_dim-5/4-layers/16-hidden/500-epochs/checkpoints/epoch-1/GeneralSheaf_citeseer_fold0_seed43.pt
Saved confidence to /home/fguadagn/FMG_Master_Thesis/neural-sheaf-diffusion-modified/results/node_conf/citeseer/GeneralSheaf/normalised-true/stalk_dim-5/4-layers/16-hidden/500-epochs/checkpoints/epoch-1/GeneralSheaf_citeseer_fold0_seed43.pt
Saved per-node accuracy to /home/fguadagn/FMG_Master_Thesis/neural-sheaf-diffusion-modified/results/node_accuracy/citeseer/GeneralSheaf/normalised-true/stalk_dim-5/4-layers/16-hidden/500-epochs/checkpoints/epoch-1/GeneralSheaf_citeseer_fold0_seed43.pt
Saved saliency to /home/fguadagn/FMG_Master_Thesis/neural-sheaf-diffusion-modified/results/node_saliency/citeseer/GeneralSheaf/normalised-true/stalk_dim-5/4-layers/16-hidden/500-epochs/checkpoints/epoch-1/GeneralSheaf_citeseer_fold0_seed43.pt
Saved node norms to /home/fguadagn/FMG_Master_Thesis/neural-sheaf-diffusion-modified/results/node_norms/citeseer/GeneralSheaf/normalised-true/stalk_dim-5/4-layers/16-hidden/500-epochs/checkpoints/epoch-5/GeneralSheaf_citeseer_fold0_seed43.pt
Saved confidence to /home/fguadagn/FMG_Master_Thesis/neural-sheaf-diffusion-modified/results/node_conf/citeseer/GeneralSheaf/normalised-true/stalk_dim-5/4-layers/16-hidden/500-epochs/checkpoints/epoch-5/GeneralSheaf_citeseer_fold0_seed43.pt
Saved per-node accuracy to /home/fguadagn/FMG_Master_Thesis/neural-sheaf-diffusion-modified/results/node_accuracy/citeseer/GeneralSheaf/normalised-true/stalk_dim-5/4-layers/16-hidden/500-epochs/checkpoints/epoch-5/GeneralSheaf_citeseer_fold0_seed43.pt
Saved saliency to /home/fguadagn/FMG_Master_Thesis/neural-sheaf-diffusion-modified/results/node_saliency/citeseer/GeneralSheaf/normalised-true/stalk_dim-5/4-layers/16-hidden/500-epochs/checkpoints/epoch-5/GeneralSheaf_citeseer_fold0_seed43.pt
Saved node norms to /home/fguadagn/FMG_Master_Thesis/neural-sheaf-diffusion-modified/results/node_norms/citeseer/GeneralSheaf/normalised-true/stalk_dim-5/4-layers/16-hidden/500-epochs/checkpoints/epoch-15/GeneralSheaf_citeseer_fold0_seed43.pt
Saved confidence to /home/fguadagn/FMG_Master_Thesis/neural-sheaf-diffusion-modified/results/node_conf/citeseer/GeneralSheaf/normalised-true/stalk_dim-5/4-layers/16-hidden/500-epochs/checkpoints/epoch-15/GeneralSheaf_citeseer_fold0_seed43.pt
Saved per-node accuracy to /home/fguadagn/FMG_Master_Thesis/neural-sheaf-diffusion-modified/results/node_accuracy/citeseer/GeneralSheaf/normalised-true/stalk_dim-5/4-layers/16-hidden/500-epochs/checkpoints/epoch-15/GeneralSheaf_citeseer_fold0_seed43.pt
Saved saliency to /home/fguadagn/FMG_Master_Thesis/neural-sheaf-diffusion-modified/results/node_saliency/citeseer/GeneralSheaf/normalised-true/stalk_dim-5/4-layers/16-hidden/500-epochs/checkpoints/epoch-15/GeneralSheaf_citeseer_fold0_seed43.pt
Saved node norms to /home/fguadagn/FMG_Master_Thesis/neural-sheaf-diffusion-modified/results/node_norms/citeseer/GeneralSheaf/normalised-true/stalk_dim-5/4-layers/16-hidden/500-epochs/checkpoints/epoch-50/GeneralSheaf_citeseer_fold0_seed43.pt
Saved confidence to /home/fguadagn/FMG_Master_Thesis/neural-sheaf-diffusion-modified/results/node_conf/citeseer/GeneralSheaf/normalised-true/stalk_dim-5/4-layers/16-hidden/500-epochs/checkpoints/epoch-50/GeneralSheaf_citeseer_fold0_seed43.pt
Saved per-node accuracy to /home/fguadagn/FMG_Master_Thesis/neural-sheaf-diffusion-modified/results/node_accuracy/citeseer/GeneralSheaf/normalised-true/stalk_dim-5/4-layers/16-hidden/500-epochs/checkpoints/epoch-50/GeneralSheaf_citeseer_fold0_seed43.pt
Saved saliency to /home/fguadagn/FMG_Master_Thesis/neural-sheaf-diffusion-modified/results/node_saliency/citeseer/GeneralSheaf/normalised-true/stalk_dim-5/4-layers/16-hidden/500-epochs/checkpoints/epoch-50/GeneralSheaf_citeseer_fold0_seed43.pt
Saved node norms to /home/fguadagn/FMG_Master_Thesis/neural-sheaf-diffusion-modified/results/node_norms/citeseer/GeneralSheaf/normalised-true/stalk_dim-5/4-layers/16-hidden/500-epochs/checkpoints/epoch-200/GeneralSheaf_citeseer_fold0_seed43.pt
Saved confidence to /home/fguadagn/FMG_Master_Thesis/neural-sheaf-diffusion-modified/results/node_conf/citeseer/GeneralSheaf/normalised-true/stalk_dim-5/4-layers/16-hidden/500-epochs/checkpoints/epoch-200/GeneralSheaf_citeseer_fold0_seed43.pt
Saved per-node accuracy to /home/fguadagn/FMG_Master_Thesis/neural-sheaf-diffusion-modified/results/node_accuracy/citeseer/GeneralSheaf/normalised-true/stalk_dim-5/4-layers/16-hidden/500-epochs/checkpoints/epoch-200/GeneralSheaf_citeseer_fold0_seed43.pt
Saved saliency to /home/fguadagn/FMG_Master_Thesis/neural-sheaf-diffusion-modified/results/node_saliency/citeseer/GeneralSheaf/normalised-true/stalk_dim-5/4-layers/16-hidden/500-epochs/checkpoints/epoch-200/GeneralSheaf_citeseer_fold0_seed43.pt
Fold 0 | Epochs: 227 | Best epoch: 27
Test acc (best epoch): 0.6241
Test acc (last epoch): 0.7188
Best val acc: 0.6673
Laplacian 0: Max: 0.0819, Min: -0.3327, Avg: -0.0347, Abs avg: 0.0552
Laplacian 1: Max: 0.3680, Min: -1.1344, Avg: -0.1193, Abs avg: 0.1755
Laplacian 2: Max: 4.3380, Min: -2.5992, Avg: 0.0888, Abs avg: 0.3266
Laplacian 3: Max: 4.7872, Min: -4.0925, Avg: 0.5667, Abs avg: 0.8258
Epsilons 0: [0.804 0.858 0.81  0.902 0.747]
Epsilons 1: [0.769 0.811 0.751 0.883 0.691]
Epsilons 2: [0.72  0.734 0.71  0.801 0.644]
Epsilons 3: [0.681 0.687 0.652 0.705 0.614]
Saved node norms to /home/fguadagn/FMG_Master_Thesis/neural-sheaf-diffusion-modified/results/node_norms/citeseer/GeneralSheaf/normalised-true/stalk_dim-5/4-layers/16-hidden/500-epochs/checkpoints/best-epoch/GeneralSheaf_citeseer_fold0_seed43.pt
Saved best-epoch node norms (epoch 27) to checkpoints/best-epoch/
Saved confidence to /home/fguadagn/FMG_Master_Thesis/neural-sheaf-diffusion-modified/results/node_conf/citeseer/GeneralSheaf/normalised-true/stalk_dim-5/4-layers/16-hidden/500-epochs/checkpoints/best-epoch/GeneralSheaf_citeseer_fold0_seed43.pt
Saved per-node accuracy to /home/fguadagn/FMG_Master_Thesis/neural-sheaf-diffusion-modified/results/node_accuracy/citeseer/GeneralSheaf/normalised-true/stalk_dim-5/4-layers/16-hidden/500-epochs/checkpoints/best-epoch/GeneralSheaf_citeseer_fold0_seed43.pt
Saved saliency to /home/fguadagn/FMG_Master_Thesis/neural-sheaf-diffusion-modified/results/node_saliency/citeseer/GeneralSheaf/normalised-true/stalk_dim-5/4-layers/16-hidden/500-epochs/checkpoints/best-epoch/GeneralSheaf_citeseer_fold0_seed43.pt
Saved training args to /home/fguadagn/FMG_Master_Thesis/neural-sheaf-diffusion-modified/results/model_weights/citeseer/GeneralSheaf/normalised-true/stalk_dim-5/4-layers/16-hidden/500-epochs/training_args.json
Saved model weights to /home/fguadagn/FMG_Master_Thesis/neural-sheaf-diffusion-modified/results/model_weights/citeseer/GeneralSheaf/normalised-true/stalk_dim-5/4-layers/16-hidden/500-epochs/checkpoints/best-epoch/GeneralSheaf_citeseer_fold0_seed43.pth
Saved fold masks to /home/fguadagn/FMG_Master_Thesis/neural-sheaf-diffusion-modified/results/model_weights/citeseer/GeneralSheaf/normalised-true/stalk_dim-5/4-layers/16-hidden/500-epochs/checkpoints/best-epoch/GeneralSheaf_citeseer_fold0_seed43_masks.pt
Saved best-epoch model weights and masks (epoch 27) to checkpoints/best-epoch/
Updated best_epochs.json: fold_0 -> epoch 27
Saved node norms to /home/fguadagn/FMG_Master_Thesis/neural-sheaf-diffusion-modified/results/node_norms/citeseer/GeneralSheaf/normalised-true/stalk_dim-5/4-layers/16-hidden/500-epochs/GeneralSheaf_citeseer_fold0_seed43.pt
Saved node predictions to /home/fguadagn/FMG_Master_Thesis/neural-sheaf-diffusion-modified/results/node_preds/citeseer/GeneralSheaf/normalised-true/stalk_dim-5/4-layers/16-hidden/500-epochs/GeneralSheaf_citeseer_fold0_seed43.pt
Saved confidence to /home/fguadagn/FMG_Master_Thesis/neural-sheaf-diffusion-modified/results/node_conf/citeseer/GeneralSheaf/normalised-true/stalk_dim-5/4-layers/16-hidden/500-epochs/GeneralSheaf_citeseer_fold0_seed43.pt
Saved per-node accuracy to /home/fguadagn/FMG_Master_Thesis/neural-sheaf-diffusion-modified/results/node_accuracy/citeseer/GeneralSheaf/normalised-true/stalk_dim-5/4-layers/16-hidden/500-epochs/GeneralSheaf_citeseer_fold0_seed43.pt
Saved saliency to /home/fguadagn/FMG_Master_Thesis/neural-sheaf-diffusion-modified/results/node_saliency/citeseer/GeneralSheaf/normalised-true/stalk_dim-5/4-layers/16-hidden/500-epochs/GeneralSheaf_citeseer_fold0_seed43.pt
Non zero masks tensor(3312)
Nodes 3327
Non valid 15
Saved node norms to /home/fguadagn/FMG_Master_Thesis/neural-sheaf-diffusion-modified/results/node_norms/citeseer/GeneralSheaf/normalised-true/stalk_dim-5/4-layers/16-hidden/500-epochs/checkpoints/epoch-0/GeneralSheaf_citeseer_fold1_seed43.pt
Saved confidence to /home/fguadagn/FMG_Master_Thesis/neural-sheaf-diffusion-modified/results/node_conf/citeseer/GeneralSheaf/normalised-true/stalk_dim-5/4-layers/16-hidden/500-epochs/checkpoints/epoch-0/GeneralSheaf_citeseer_fold1_seed43.pt
Saved per-node accuracy to /home/fguadagn/FMG_Master_Thesis/neural-sheaf-diffusion-modified/results/node_accuracy/citeseer/GeneralSheaf/normalised-true/stalk_dim-5/4-layers/16-hidden/500-epochs/checkpoints/epoch-0/GeneralSheaf_citeseer_fold1_seed43.pt
Saved saliency to /home/fguadagn/FMG_Master_Thesis/neural-sheaf-diffusion-modified/results/node_saliency/citeseer/GeneralSheaf/normalised-true/stalk_dim-5/4-layers/16-hidden/500-epochs/checkpoints/epoch-0/GeneralSheaf_citeseer_fold1_seed43.pt
Saved node norms to /home/fguadagn/FMG_Master_Thesis/neural-sheaf-diffusion-modified/results/node_norms/citeseer/GeneralSheaf/normalised-true/stalk_dim-5/4-layers/16-hidden/500-epochs/checkpoints/epoch-1/GeneralSheaf_citeseer_fold1_seed43.pt
Saved confidence to /home/fguadagn/FMG_Master_Thesis/neural-sheaf-diffusion-modified/results/node_conf/citeseer/GeneralSheaf/normalised-true/stalk_dim-5/4-layers/16-hidden/500-epochs/checkpoints/epoch-1/GeneralSheaf_citeseer_fold1_seed43.pt
Saved per-node accuracy to /home/fguadagn/FMG_Master_Thesis/neural-sheaf-diffusion-modified/results/node_accuracy/citeseer/GeneralSheaf/normalised-true/stalk_dim-5/4-layers/16-hidden/500-epochs/checkpoints/epoch-1/GeneralSheaf_citeseer_fold1_seed43.pt
Saved saliency to /home/fguadagn/FMG_Master_Thesis/neural-sheaf-diffusion-modified/results/node_saliency/citeseer/GeneralSheaf/normalised-true/stalk_dim-5/4-layers/16-hidden/500-epochs/checkpoints/epoch-1/GeneralSheaf_citeseer_fold1_seed43.pt
Saved node norms to /home/fguadagn/FMG_Master_Thesis/neural-sheaf-diffusion-modified/results/node_norms/citeseer/GeneralSheaf/normalised-true/stalk_dim-5/4-layers/16-hidden/500-epochs/checkpoints/epoch-5/GeneralSheaf_citeseer_fold1_seed43.pt
Saved confidence to /home/fguadagn/FMG_Master_Thesis/neural-sheaf-diffusion-modified/results/node_conf/citeseer/GeneralSheaf/normalised-true/stalk_dim-5/4-layers/16-hidden/500-epochs/checkpoints/epoch-5/GeneralSheaf_citeseer_fold1_seed43.pt
Saved per-node accuracy to /home/fguadagn/FMG_Master_Thesis/neural-sheaf-diffusion-modified/results/node_accuracy/citeseer/GeneralSheaf/normalised-true/stalk_dim-5/4-layers/16-hidden/500-epochs/checkpoints/epoch-5/GeneralSheaf_citeseer_fold1_seed43.pt
Saved saliency to /home/fguadagn/FMG_Master_Thesis/neural-sheaf-diffusion-modified/results/node_saliency/citeseer/GeneralSheaf/normalised-true/stalk_dim-5/4-layers/16-hidden/500-epochs/checkpoints/epoch-5/GeneralSheaf_citeseer_fold1_seed43.pt
Saved node norms to /home/fguadagn/FMG_Master_Thesis/neural-sheaf-diffusion-modified/results/node_norms/citeseer/GeneralSheaf/normalised-true/stalk_dim-5/4-layers/16-hidden/500-epochs/checkpoints/epoch-15/GeneralSheaf_citeseer_fold1_seed43.pt
Saved confidence to /home/fguadagn/FMG_Master_Thesis/neural-sheaf-diffusion-modified/results/node_conf/citeseer/GeneralSheaf/normalised-true/stalk_dim-5/4-layers/16-hidden/500-epochs/checkpoints/epoch-15/GeneralSheaf_citeseer_fold1_seed43.pt
Saved per-node accuracy to /home/fguadagn/FMG_Master_Thesis/neural-sheaf-diffusion-modified/results/node_accuracy/citeseer/GeneralSheaf/normalised-true/stalk_dim-5/4-layers/16-hidden/500-epochs/checkpoints/epoch-15/GeneralSheaf_citeseer_fold1_seed43.pt
Saved saliency to /home/fguadagn/FMG_Master_Thesis/neural-sheaf-diffusion-modified/results/node_saliency/citeseer/GeneralSheaf/normalised-true/stalk_dim-5/4-layers/16-hidden/500-epochs/checkpoints/epoch-15/GeneralSheaf_citeseer_fold1_seed43.pt
Saved node norms to /home/fguadagn/FMG_Master_Thesis/neural-sheaf-diffusion-modified/results/node_norms/citeseer/GeneralSheaf/normalised-true/stalk_dim-5/4-layers/16-hidden/500-epochs/checkpoints/epoch-50/GeneralSheaf_citeseer_fold1_seed43.pt
Saved confidence to /home/fguadagn/FMG_Master_Thesis/neural-sheaf-diffusion-modified/results/node_conf/citeseer/GeneralSheaf/normalised-true/stalk_dim-5/4-layers/16-hidden/500-epochs/checkpoints/epoch-50/GeneralSheaf_citeseer_fold1_seed43.pt
Saved per-node accuracy to /home/fguadagn/FMG_Master_Thesis/neural-sheaf-diffusion-modified/results/node_accuracy/citeseer/GeneralSheaf/normalised-true/stalk_dim-5/4-layers/16-hidden/500-epochs/checkpoints/epoch-50/GeneralSheaf_citeseer_fold1_seed43.pt
Saved saliency to /home/fguadagn/FMG_Master_Thesis/neural-sheaf-diffusion-modified/results/node_saliency/citeseer/GeneralSheaf/normalised-true/stalk_dim-5/4-layers/16-hidden/500-epochs/checkpoints/epoch-50/GeneralSheaf_citeseer_fold1_seed43.pt
Saved node norms to /home/fguadagn/FMG_Master_Thesis/neural-sheaf-diffusion-modified/results/node_norms/citeseer/GeneralSheaf/normalised-true/stalk_dim-5/4-layers/16-hidden/500-epochs/checkpoints/epoch-200/GeneralSheaf_citeseer_fold1_seed43.pt
Saved confidence to /home/fguadagn/FMG_Master_Thesis/neural-sheaf-diffusion-modified/results/node_conf/citeseer/GeneralSheaf/normalised-true/stalk_dim-5/4-layers/16-hidden/500-epochs/checkpoints/epoch-200/GeneralSheaf_citeseer_fold1_seed43.pt
Saved per-node accuracy to /home/fguadagn/FMG_Master_Thesis/neural-sheaf-diffusion-modified/results/node_accuracy/citeseer/GeneralSheaf/normalised-true/stalk_dim-5/4-layers/16-hidden/500-epochs/checkpoints/epoch-200/GeneralSheaf_citeseer_fold1_seed43.pt
Saved saliency to /home/fguadagn/FMG_Master_Thesis/neural-sheaf-diffusion-modified/results/node_saliency/citeseer/GeneralSheaf/normalised-true/stalk_dim-5/4-layers/16-hidden/500-epochs/checkpoints/epoch-200/GeneralSheaf_citeseer_fold1_seed43.pt
Fold 1 | Epochs: 229 | Best epoch: 29
Test acc (best epoch): 0.6943
Test acc (last epoch): 0.7184
Best val acc: 0.6780
Laplacian 0: Max: 0.1620, Min: -1.0533, Avg: -0.1703, Abs avg: 0.2257
Laplacian 1: Max: 1.8882, Min: -0.9099, Avg: 0.0034, Abs avg: 0.3260
Laplacian 2: Max: 3.3531, Min: -2.0851, Avg: -0.0676, Abs avg: 0.3640
Laplacian 3: Max: 4.9649, Min: -4.3805, Avg: 0.3324, Abs avg: 0.7927
Epsilons 0: [0.76  0.707 0.967 0.694 0.702]
Epsilons 1: [0.76  0.691 0.925 0.643 0.66 ]
Epsilons 2: [0.721 0.686 0.868 0.624 0.631]
Epsilons 3: [0.694 0.647 0.721 0.601 0.598]
Saved node norms to /home/fguadagn/FMG_Master_Thesis/neural-sheaf-diffusion-modified/results/node_norms/citeseer/GeneralSheaf/normalised-true/stalk_dim-5/4-layers/16-hidden/500-epochs/checkpoints/best-epoch/GeneralSheaf_citeseer_fold1_seed43.pt
Saved best-epoch node norms (epoch 29) to checkpoints/best-epoch/
Saved confidence to /home/fguadagn/FMG_Master_Thesis/neural-sheaf-diffusion-modified/results/node_conf/citeseer/GeneralSheaf/normalised-true/stalk_dim-5/4-layers/16-hidden/500-epochs/checkpoints/best-epoch/GeneralSheaf_citeseer_fold1_seed43.pt
Saved per-node accuracy to /home/fguadagn/FMG_Master_Thesis/neural-sheaf-diffusion-modified/results/node_accuracy/citeseer/GeneralSheaf/normalised-true/stalk_dim-5/4-layers/16-hidden/500-epochs/checkpoints/best-epoch/GeneralSheaf_citeseer_fold1_seed43.pt
Saved saliency to /home/fguadagn/FMG_Master_Thesis/neural-sheaf-diffusion-modified/results/node_saliency/citeseer/GeneralSheaf/normalised-true/stalk_dim-5/4-layers/16-hidden/500-epochs/checkpoints/best-epoch/GeneralSheaf_citeseer_fold1_seed43.pt
Saved model weights to /home/fguadagn/FMG_Master_Thesis/neural-sheaf-diffusion-modified/results/model_weights/citeseer/GeneralSheaf/normalised-true/stalk_dim-5/4-layers/16-hidden/500-epochs/checkpoints/best-epoch/GeneralSheaf_citeseer_fold1_seed43.pth
Saved fold masks to /home/fguadagn/FMG_Master_Thesis/neural-sheaf-diffusion-modified/results/model_weights/citeseer/GeneralSheaf/normalised-true/stalk_dim-5/4-layers/16-hidden/500-epochs/checkpoints/best-epoch/GeneralSheaf_citeseer_fold1_seed43_masks.pt
Saved best-epoch model weights and masks (epoch 29) to checkpoints/best-epoch/
Updated best_epochs.json: fold_1 -> epoch 29
Saved node norms to /home/fguadagn/FMG_Master_Thesis/neural-sheaf-diffusion-modified/results/node_norms/citeseer/GeneralSheaf/normalised-true/stalk_dim-5/4-layers/16-hidden/500-epochs/GeneralSheaf_citeseer_fold1_seed43.pt
Saved node predictions to /home/fguadagn/FMG_Master_Thesis/neural-sheaf-diffusion-modified/results/node_preds/citeseer/GeneralSheaf/normalised-true/stalk_dim-5/4-layers/16-hidden/500-epochs/GeneralSheaf_citeseer_fold1_seed43.pt
Saved confidence to /home/fguadagn/FMG_Master_Thesis/neural-sheaf-diffusion-modified/results/node_conf/citeseer/GeneralSheaf/normalised-true/stalk_dim-5/4-layers/16-hidden/500-epochs/GeneralSheaf_citeseer_fold1_seed43.pt
Saved per-node accuracy to /home/fguadagn/FMG_Master_Thesis/neural-sheaf-diffusion-modified/results/node_accuracy/citeseer/GeneralSheaf/normalised-true/stalk_dim-5/4-layers/16-hidden/500-epochs/GeneralSheaf_citeseer_fold1_seed43.pt
Saved saliency to /home/fguadagn/FMG_Master_Thesis/neural-sheaf-diffusion-modified/results/node_saliency/citeseer/GeneralSheaf/normalised-true/stalk_dim-5/4-layers/16-hidden/500-epochs/GeneralSheaf_citeseer_fold1_seed43.pt
Non zero masks tensor(3312)
Nodes 3327
Non valid 15
Saved node norms to /home/fguadagn/FMG_Master_Thesis/neural-sheaf-diffusion-modified/results/node_norms/citeseer/GeneralSheaf/normalised-true/stalk_dim-5/4-layers/16-hidden/500-epochs/checkpoints/epoch-0/GeneralSheaf_citeseer_fold2_seed43.pt
Saved confidence to /home/fguadagn/FMG_Master_Thesis/neural-sheaf-diffusion-modified/results/node_conf/citeseer/GeneralSheaf/normalised-true/stalk_dim-5/4-layers/16-hidden/500-epochs/checkpoints/epoch-0/GeneralSheaf_citeseer_fold2_seed43.pt
Saved per-node accuracy to /home/fguadagn/FMG_Master_Thesis/neural-sheaf-diffusion-modified/results/node_accuracy/citeseer/GeneralSheaf/normalised-true/stalk_dim-5/4-layers/16-hidden/500-epochs/checkpoints/epoch-0/GeneralSheaf_citeseer_fold2_seed43.pt
Saved saliency to /home/fguadagn/FMG_Master_Thesis/neural-sheaf-diffusion-modified/results/node_saliency/citeseer/GeneralSheaf/normalised-true/stalk_dim-5/4-layers/16-hidden/500-epochs/checkpoints/epoch-0/GeneralSheaf_citeseer_fold2_seed43.pt
Saved node norms to /home/fguadagn/FMG_Master_Thesis/neural-sheaf-diffusion-modified/results/node_norms/citeseer/GeneralSheaf/normalised-true/stalk_dim-5/4-layers/16-hidden/500-epochs/checkpoints/epoch-1/GeneralSheaf_citeseer_fold2_seed43.pt
Saved confidence to /home/fguadagn/FMG_Master_Thesis/neural-sheaf-diffusion-modified/results/node_conf/citeseer/GeneralSheaf/normalised-true/stalk_dim-5/4-layers/16-hidden/500-epochs/checkpoints/epoch-1/GeneralSheaf_citeseer_fold2_seed43.pt
Saved per-node accuracy to /home/fguadagn/FMG_Master_Thesis/neural-sheaf-diffusion-modified/results/node_accuracy/citeseer/GeneralSheaf/normalised-true/stalk_dim-5/4-layers/16-hidden/500-epochs/checkpoints/epoch-1/GeneralSheaf_citeseer_fold2_seed43.pt
Saved saliency to /home/fguadagn/FMG_Master_Thesis/neural-sheaf-diffusion-modified/results/node_saliency/citeseer/GeneralSheaf/normalised-true/stalk_dim-5/4-layers/16-hidden/500-epochs/checkpoints/epoch-1/GeneralSheaf_citeseer_fold2_seed43.pt
Saved node norms to /home/fguadagn/FMG_Master_Thesis/neural-sheaf-diffusion-modified/results/node_norms/citeseer/GeneralSheaf/normalised-true/stalk_dim-5/4-layers/16-hidden/500-epochs/checkpoints/epoch-5/GeneralSheaf_citeseer_fold2_seed43.pt
Saved confidence to /home/fguadagn/FMG_Master_Thesis/neural-sheaf-diffusion-modified/results/node_conf/citeseer/GeneralSheaf/normalised-true/stalk_dim-5/4-layers/16-hidden/500-epochs/checkpoints/epoch-5/GeneralSheaf_citeseer_fold2_seed43.pt
Saved per-node accuracy to /home/fguadagn/FMG_Master_Thesis/neural-sheaf-diffusion-modified/results/node_accuracy/citeseer/GeneralSheaf/normalised-true/stalk_dim-5/4-layers/16-hidden/500-epochs/checkpoints/epoch-5/GeneralSheaf_citeseer_fold2_seed43.pt
Saved saliency to /home/fguadagn/FMG_Master_Thesis/neural-sheaf-diffusion-modified/results/node_saliency/citeseer/GeneralSheaf/normalised-true/stalk_dim-5/4-layers/16-hidden/500-epochs/checkpoints/epoch-5/GeneralSheaf_citeseer_fold2_seed43.pt
Saved node norms to /home/fguadagn/FMG_Master_Thesis/neural-sheaf-diffusion-modified/results/node_norms/citeseer/GeneralSheaf/normalised-true/stalk_dim-5/4-layers/16-hidden/500-epochs/checkpoints/epoch-15/GeneralSheaf_citeseer_fold2_seed43.pt
Saved confidence to /home/fguadagn/FMG_Master_Thesis/neural-sheaf-diffusion-modified/results/node_conf/citeseer/GeneralSheaf/normalised-true/stalk_dim-5/4-layers/16-hidden/500-epochs/checkpoints/epoch-15/GeneralSheaf_citeseer_fold2_seed43.pt
Saved per-node accuracy to /home/fguadagn/FMG_Master_Thesis/neural-sheaf-diffusion-modified/results/node_accuracy/citeseer/GeneralSheaf/normalised-true/stalk_dim-5/4-layers/16-hidden/500-epochs/checkpoints/epoch-15/GeneralSheaf_citeseer_fold2_seed43.pt
Saved saliency to /home/fguadagn/FMG_Master_Thesis/neural-sheaf-diffusion-modified/results/node_saliency/citeseer/GeneralSheaf/normalised-true/stalk_dim-5/4-layers/16-hidden/500-epochs/checkpoints/epoch-15/GeneralSheaf_citeseer_fold2_seed43.pt
Saved node norms to /home/fguadagn/FMG_Master_Thesis/neural-sheaf-diffusion-modified/results/node_norms/citeseer/GeneralSheaf/normalised-true/stalk_dim-5/4-layers/16-hidden/500-epochs/checkpoints/epoch-50/GeneralSheaf_citeseer_fold2_seed43.pt
Saved confidence to /home/fguadagn/FMG_Master_Thesis/neural-sheaf-diffusion-modified/results/node_conf/citeseer/GeneralSheaf/normalised-true/stalk_dim-5/4-layers/16-hidden/500-epochs/checkpoints/epoch-50/GeneralSheaf_citeseer_fold2_seed43.pt
Saved per-node accuracy to /home/fguadagn/FMG_Master_Thesis/neural-sheaf-diffusion-modified/results/node_accuracy/citeseer/GeneralSheaf/normalised-true/stalk_dim-5/4-layers/16-hidden/500-epochs/checkpoints/epoch-50/GeneralSheaf_citeseer_fold2_seed43.pt
Saved saliency to /home/fguadagn/FMG_Master_Thesis/neural-sheaf-diffusion-modified/results/node_saliency/citeseer/GeneralSheaf/normalised-true/stalk_dim-5/4-layers/16-hidden/500-epochs/checkpoints/epoch-50/GeneralSheaf_citeseer_fold2_seed43.pt
Saved node norms to /home/fguadagn/FMG_Master_Thesis/neural-sheaf-diffusion-modified/results/node_norms/citeseer/GeneralSheaf/normalised-true/stalk_dim-5/4-layers/16-hidden/500-epochs/checkpoints/epoch-200/GeneralSheaf_citeseer_fold2_seed43.pt
Saved confidence to /home/fguadagn/FMG_Master_Thesis/neural-sheaf-diffusion-modified/results/node_conf/citeseer/GeneralSheaf/normalised-true/stalk_dim-5/4-layers/16-hidden/500-epochs/checkpoints/epoch-200/GeneralSheaf_citeseer_fold2_seed43.pt
Saved per-node accuracy to /home/fguadagn/FMG_Master_Thesis/neural-sheaf-diffusion-modified/results/node_accuracy/citeseer/GeneralSheaf/normalised-true/stalk_dim-5/4-layers/16-hidden/500-epochs/checkpoints/epoch-200/GeneralSheaf_citeseer_fold2_seed43.pt
Saved saliency to /home/fguadagn/FMG_Master_Thesis/neural-sheaf-diffusion-modified/results/node_saliency/citeseer/GeneralSheaf/normalised-true/stalk_dim-5/4-layers/16-hidden/500-epochs/checkpoints/epoch-200/GeneralSheaf_citeseer_fold2_seed43.pt
Fold 2 | Epochs: 234 | Best epoch: 34
Test acc (best epoch): 0.6556
Test acc (last epoch): 0.6964
Best val acc: 0.6798
Laplacian 0: Max: 0.1481, Min: -0.3897, Avg: -0.0749, Abs avg: 0.0883
Laplacian 1: Max: 0.6290, Min: -0.8840, Avg: -0.0459, Abs avg: 0.2232
Laplacian 2: Max: 2.3549, Min: -1.9866, Avg: -0.0342, Abs avg: 0.3407
Laplacian 3: Max: 4.8448, Min: -4.5344, Avg: 0.0010, Abs avg: 0.7081
Epsilons 0: [0.654 0.798 0.945 0.682 1.027]
Epsilons 1: [0.604 0.77  0.918 0.662 1.01 ]
Epsilons 2: [0.556 0.713 0.879 0.605 0.976]
Epsilons 3: [0.538 0.69  0.782 0.607 0.834]
Saved node norms to /home/fguadagn/FMG_Master_Thesis/neural-sheaf-diffusion-modified/results/node_norms/citeseer/GeneralSheaf/normalised-true/stalk_dim-5/4-layers/16-hidden/500-epochs/checkpoints/best-epoch/GeneralSheaf_citeseer_fold2_seed43.pt
Saved best-epoch node norms (epoch 34) to checkpoints/best-epoch/
Saved confidence to /home/fguadagn/FMG_Master_Thesis/neural-sheaf-diffusion-modified/results/node_conf/citeseer/GeneralSheaf/normalised-true/stalk_dim-5/4-layers/16-hidden/500-epochs/checkpoints/best-epoch/GeneralSheaf_citeseer_fold2_seed43.pt
Saved per-node accuracy to /home/fguadagn/FMG_Master_Thesis/neural-sheaf-diffusion-modified/results/node_accuracy/citeseer/GeneralSheaf/normalised-true/stalk_dim-5/4-layers/16-hidden/500-epochs/checkpoints/best-epoch/GeneralSheaf_citeseer_fold2_seed43.pt
Saved saliency to /home/fguadagn/FMG_Master_Thesis/neural-sheaf-diffusion-modified/results/node_saliency/citeseer/GeneralSheaf/normalised-true/stalk_dim-5/4-layers/16-hidden/500-epochs/checkpoints/best-epoch/GeneralSheaf_citeseer_fold2_seed43.pt
Saved model weights to /home/fguadagn/FMG_Master_Thesis/neural-sheaf-diffusion-modified/results/model_weights/citeseer/GeneralSheaf/normalised-true/stalk_dim-5/4-layers/16-hidden/500-epochs/checkpoints/best-epoch/GeneralSheaf_citeseer_fold2_seed43.pth
Saved fold masks to /home/fguadagn/FMG_Master_Thesis/neural-sheaf-diffusion-modified/results/model_weights/citeseer/GeneralSheaf/normalised-true/stalk_dim-5/4-layers/16-hidden/500-epochs/checkpoints/best-epoch/GeneralSheaf_citeseer_fold2_seed43_masks.pt
Saved best-epoch model weights and masks (epoch 34) to checkpoints/best-epoch/
Updated best_epochs.json: fold_2 -> epoch 34
Saved node norms to /home/fguadagn/FMG_Master_Thesis/neural-sheaf-diffusion-modified/results/node_norms/citeseer/GeneralSheaf/normalised-true/stalk_dim-5/4-layers/16-hidden/500-epochs/GeneralSheaf_citeseer_fold2_seed43.pt
Saved node predictions to /home/fguadagn/FMG_Master_Thesis/neural-sheaf-diffusion-modified/results/node_preds/citeseer/GeneralSheaf/normalised-true/stalk_dim-5/4-layers/16-hidden/500-epochs/GeneralSheaf_citeseer_fold2_seed43.pt
Saved confidence to /home/fguadagn/FMG_Master_Thesis/neural-sheaf-diffusion-modified/results/node_conf/citeseer/GeneralSheaf/normalised-true/stalk_dim-5/4-layers/16-hidden/500-epochs/GeneralSheaf_citeseer_fold2_seed43.pt
Saved per-node accuracy to /home/fguadagn/FMG_Master_Thesis/neural-sheaf-diffusion-modified/results/node_accuracy/citeseer/GeneralSheaf/normalised-true/stalk_dim-5/4-layers/16-hidden/500-epochs/GeneralSheaf_citeseer_fold2_seed43.pt
Saved saliency to /home/fguadagn/FMG_Master_Thesis/neural-sheaf-diffusion-modified/results/node_saliency/citeseer/GeneralSheaf/normalised-true/stalk_dim-5/4-layers/16-hidden/500-epochs/GeneralSheaf_citeseer_fold2_seed43.pt
Non zero masks tensor(3312)
Nodes 3327
Non valid 15
Saved node norms to /home/fguadagn/FMG_Master_Thesis/neural-sheaf-diffusion-modified/results/node_norms/citeseer/GeneralSheaf/normalised-true/stalk_dim-5/4-layers/16-hidden/500-epochs/checkpoints/epoch-0/GeneralSheaf_citeseer_fold3_seed43.pt
Saved confidence to /home/fguadagn/FMG_Master_Thesis/neural-sheaf-diffusion-modified/results/node_conf/citeseer/GeneralSheaf/normalised-true/stalk_dim-5/4-layers/16-hidden/500-epochs/checkpoints/epoch-0/GeneralSheaf_citeseer_fold3_seed43.pt
Saved per-node accuracy to /home/fguadagn/FMG_Master_Thesis/neural-sheaf-diffusion-modified/results/node_accuracy/citeseer/GeneralSheaf/normalised-true/stalk_dim-5/4-layers/16-hidden/500-epochs/checkpoints/epoch-0/GeneralSheaf_citeseer_fold3_seed43.pt
Saved saliency to /home/fguadagn/FMG_Master_Thesis/neural-sheaf-diffusion-modified/results/node_saliency/citeseer/GeneralSheaf/normalised-true/stalk_dim-5/4-layers/16-hidden/500-epochs/checkpoints/epoch-0/GeneralSheaf_citeseer_fold3_seed43.pt
Saved node norms to /home/fguadagn/FMG_Master_Thesis/neural-sheaf-diffusion-modified/results/node_norms/citeseer/GeneralSheaf/normalised-true/stalk_dim-5/4-layers/16-hidden/500-epochs/checkpoints/epoch-1/GeneralSheaf_citeseer_fold3_seed43.pt
Saved confidence to /home/fguadagn/FMG_Master_Thesis/neural-sheaf-diffusion-modified/results/node_conf/citeseer/GeneralSheaf/normalised-true/stalk_dim-5/4-layers/16-hidden/500-epochs/checkpoints/epoch-1/GeneralSheaf_citeseer_fold3_seed43.pt
Saved per-node accuracy to /home/fguadagn/FMG_Master_Thesis/neural-sheaf-diffusion-modified/results/node_accuracy/citeseer/GeneralSheaf/normalised-true/stalk_dim-5/4-layers/16-hidden/500-epochs/checkpoints/epoch-1/GeneralSheaf_citeseer_fold3_seed43.pt
Saved saliency to /home/fguadagn/FMG_Master_Thesis/neural-sheaf-diffusion-modified/results/node_saliency/citeseer/GeneralSheaf/normalised-true/stalk_dim-5/4-layers/16-hidden/500-epochs/checkpoints/epoch-1/GeneralSheaf_citeseer_fold3_seed43.pt
Saved node norms to /home/fguadagn/FMG_Master_Thesis/neural-sheaf-diffusion-modified/results/node_norms/citeseer/GeneralSheaf/normalised-true/stalk_dim-5/4-layers/16-hidden/500-epochs/checkpoints/epoch-5/GeneralSheaf_citeseer_fold3_seed43.pt
Saved confidence to /home/fguadagn/FMG_Master_Thesis/neural-sheaf-diffusion-modified/results/node_conf/citeseer/GeneralSheaf/normalised-true/stalk_dim-5/4-layers/16-hidden/500-epochs/checkpoints/epoch-5/GeneralSheaf_citeseer_fold3_seed43.pt
Saved per-node accuracy to /home/fguadagn/FMG_Master_Thesis/neural-sheaf-diffusion-modified/results/node_accuracy/citeseer/GeneralSheaf/normalised-true/stalk_dim-5/4-layers/16-hidden/500-epochs/checkpoints/epoch-5/GeneralSheaf_citeseer_fold3_seed43.pt
Saved saliency to /home/fguadagn/FMG_Master_Thesis/neural-sheaf-diffusion-modified/results/node_saliency/citeseer/GeneralSheaf/normalised-true/stalk_dim-5/4-layers/16-hidden/500-epochs/checkpoints/epoch-5/GeneralSheaf_citeseer_fold3_seed43.pt
Saved node norms to /home/fguadagn/FMG_Master_Thesis/neural-sheaf-diffusion-modified/results/node_norms/citeseer/GeneralSheaf/normalised-true/stalk_dim-5/4-layers/16-hidden/500-epochs/checkpoints/epoch-15/GeneralSheaf_citeseer_fold3_seed43.pt
Saved confidence to /home/fguadagn/FMG_Master_Thesis/neural-sheaf-diffusion-modified/results/node_conf/citeseer/GeneralSheaf/normalised-true/stalk_dim-5/4-layers/16-hidden/500-epochs/checkpoints/epoch-15/GeneralSheaf_citeseer_fold3_seed43.pt
Saved per-node accuracy to /home/fguadagn/FMG_Master_Thesis/neural-sheaf-diffusion-modified/results/node_accuracy/citeseer/GeneralSheaf/normalised-true/stalk_dim-5/4-layers/16-hidden/500-epochs/checkpoints/epoch-15/GeneralSheaf_citeseer_fold3_seed43.pt
Saved saliency to /home/fguadagn/FMG_Master_Thesis/neural-sheaf-diffusion-modified/results/node_saliency/citeseer/GeneralSheaf/normalised-true/stalk_dim-5/4-layers/16-hidden/500-epochs/checkpoints/epoch-15/GeneralSheaf_citeseer_fold3_seed43.pt
Saved node norms to /home/fguadagn/FMG_Master_Thesis/neural-sheaf-diffusion-modified/results/node_norms/citeseer/GeneralSheaf/normalised-true/stalk_dim-5/4-layers/16-hidden/500-epochs/checkpoints/epoch-50/GeneralSheaf_citeseer_fold3_seed43.pt
Saved confidence to /home/fguadagn/FMG_Master_Thesis/neural-sheaf-diffusion-modified/results/node_conf/citeseer/GeneralSheaf/normalised-true/stalk_dim-5/4-layers/16-hidden/500-epochs/checkpoints/epoch-50/GeneralSheaf_citeseer_fold3_seed43.pt
Saved per-node accuracy to /home/fguadagn/FMG_Master_Thesis/neural-sheaf-diffusion-modified/results/node_accuracy/citeseer/GeneralSheaf/normalised-true/stalk_dim-5/4-layers/16-hidden/500-epochs/checkpoints/epoch-50/GeneralSheaf_citeseer_fold3_seed43.pt
Saved saliency to /home/fguadagn/FMG_Master_Thesis/neural-sheaf-diffusion-modified/results/node_saliency/citeseer/GeneralSheaf/normalised-true/stalk_dim-5/4-layers/16-hidden/500-epochs/checkpoints/epoch-50/GeneralSheaf_citeseer_fold3_seed43.pt
Saved node norms to /home/fguadagn/FMG_Master_Thesis/neural-sheaf-diffusion-modified/results/node_norms/citeseer/GeneralSheaf/normalised-true/stalk_dim-5/4-layers/16-hidden/500-epochs/checkpoints/epoch-200/GeneralSheaf_citeseer_fold3_seed43.pt
Saved confidence to /home/fguadagn/FMG_Master_Thesis/neural-sheaf-diffusion-modified/results/node_conf/citeseer/GeneralSheaf/normalised-true/stalk_dim-5/4-layers/16-hidden/500-epochs/checkpoints/epoch-200/GeneralSheaf_citeseer_fold3_seed43.pt
Saved per-node accuracy to /home/fguadagn/FMG_Master_Thesis/neural-sheaf-diffusion-modified/results/node_accuracy/citeseer/GeneralSheaf/normalised-true/stalk_dim-5/4-layers/16-hidden/500-epochs/checkpoints/epoch-200/GeneralSheaf_citeseer_fold3_seed43.pt
Saved saliency to /home/fguadagn/FMG_Master_Thesis/neural-sheaf-diffusion-modified/results/node_saliency/citeseer/GeneralSheaf/normalised-true/stalk_dim-5/4-layers/16-hidden/500-epochs/checkpoints/epoch-200/GeneralSheaf_citeseer_fold3_seed43.pt
Fold 3 | Epochs: 229 | Best epoch: 29
Test acc (best epoch): 0.6154
Test acc (last epoch): 0.6983
Best val acc: 0.6333
Laplacian 0: Max: 0.1035, Min: -0.4024, Avg: -0.0911, Abs avg: 0.1116
Laplacian 1: Max: 0.1518, Min: -0.8463, Avg: -0.2511, Abs avg: 0.2557
Laplacian 2: Max: 3.4199, Min: -2.2809, Avg: -0.1000, Abs avg: 0.2994
Laplacian 3: Max: 3.9325, Min: -4.3648, Avg: 0.0731, Abs avg: 0.8328
Epsilons 0: [0.926 0.927 0.879 0.622 0.855]
Epsilons 1: [0.908 0.892 0.825 0.565 0.848]
Epsilons 2: [0.875 0.83  0.737 0.546 0.781]
Epsilons 3: [0.754 0.764 0.654 0.552 0.706]
Saved node norms to /home/fguadagn/FMG_Master_Thesis/neural-sheaf-diffusion-modified/results/node_norms/citeseer/GeneralSheaf/normalised-true/stalk_dim-5/4-layers/16-hidden/500-epochs/checkpoints/best-epoch/GeneralSheaf_citeseer_fold3_seed43.pt
Saved best-epoch node norms (epoch 29) to checkpoints/best-epoch/
Saved confidence to /home/fguadagn/FMG_Master_Thesis/neural-sheaf-diffusion-modified/results/node_conf/citeseer/GeneralSheaf/normalised-true/stalk_dim-5/4-layers/16-hidden/500-epochs/checkpoints/best-epoch/GeneralSheaf_citeseer_fold3_seed43.pt
Saved per-node accuracy to /home/fguadagn/FMG_Master_Thesis/neural-sheaf-diffusion-modified/results/node_accuracy/citeseer/GeneralSheaf/normalised-true/stalk_dim-5/4-layers/16-hidden/500-epochs/checkpoints/best-epoch/GeneralSheaf_citeseer_fold3_seed43.pt
Saved saliency to /home/fguadagn/FMG_Master_Thesis/neural-sheaf-diffusion-modified/results/node_saliency/citeseer/GeneralSheaf/normalised-true/stalk_dim-5/4-layers/16-hidden/500-epochs/checkpoints/best-epoch/GeneralSheaf_citeseer_fold3_seed43.pt
Saved model weights to /home/fguadagn/FMG_Master_Thesis/neural-sheaf-diffusion-modified/results/model_weights/citeseer/GeneralSheaf/normalised-true/stalk_dim-5/4-layers/16-hidden/500-epochs/checkpoints/best-epoch/GeneralSheaf_citeseer_fold3_seed43.pth
Saved fold masks to /home/fguadagn/FMG_Master_Thesis/neural-sheaf-diffusion-modified/results/model_weights/citeseer/GeneralSheaf/normalised-true/stalk_dim-5/4-layers/16-hidden/500-epochs/checkpoints/best-epoch/GeneralSheaf_citeseer_fold3_seed43_masks.pt
Saved best-epoch model weights and masks (epoch 29) to checkpoints/best-epoch/
Updated best_epochs.json: fold_3 -> epoch 29
Saved node norms to /home/fguadagn/FMG_Master_Thesis/neural-sheaf-diffusion-modified/results/node_norms/citeseer/GeneralSheaf/normalised-true/stalk_dim-5/4-layers/16-hidden/500-epochs/GeneralSheaf_citeseer_fold3_seed43.pt
Saved node predictions to /home/fguadagn/FMG_Master_Thesis/neural-sheaf-diffusion-modified/results/node_preds/citeseer/GeneralSheaf/normalised-true/stalk_dim-5/4-layers/16-hidden/500-epochs/GeneralSheaf_citeseer_fold3_seed43.pt
Saved confidence to /home/fguadagn/FMG_Master_Thesis/neural-sheaf-diffusion-modified/results/node_conf/citeseer/GeneralSheaf/normalised-true/stalk_dim-5/4-layers/16-hidden/500-epochs/GeneralSheaf_citeseer_fold3_seed43.pt
Saved per-node accuracy to /home/fguadagn/FMG_Master_Thesis/neural-sheaf-diffusion-modified/results/node_accuracy/citeseer/GeneralSheaf/normalised-true/stalk_dim-5/4-layers/16-hidden/500-epochs/GeneralSheaf_citeseer_fold3_seed43.pt
Saved saliency to /home/fguadagn/FMG_Master_Thesis/neural-sheaf-diffusion-modified/results/node_saliency/citeseer/GeneralSheaf/normalised-true/stalk_dim-5/4-layers/16-hidden/500-epochs/GeneralSheaf_citeseer_fold3_seed43.pt
Non zero masks tensor(2110)
Nodes 3327
Non valid 15
Saved node norms to /home/fguadagn/FMG_Master_Thesis/neural-sheaf-diffusion-modified/results/node_norms/citeseer/GeneralSheaf/normalised-true/stalk_dim-5/4-layers/16-hidden/500-epochs/checkpoints/epoch-0/GeneralSheaf_citeseer_fold4_seed43.pt
Saved confidence to /home/fguadagn/FMG_Master_Thesis/neural-sheaf-diffusion-modified/results/node_conf/citeseer/GeneralSheaf/normalised-true/stalk_dim-5/4-layers/16-hidden/500-epochs/checkpoints/epoch-0/GeneralSheaf_citeseer_fold4_seed43.pt
Saved per-node accuracy to /home/fguadagn/FMG_Master_Thesis/neural-sheaf-diffusion-modified/results/node_accuracy/citeseer/GeneralSheaf/normalised-true/stalk_dim-5/4-layers/16-hidden/500-epochs/checkpoints/epoch-0/GeneralSheaf_citeseer_fold4_seed43.pt
Saved saliency to /home/fguadagn/FMG_Master_Thesis/neural-sheaf-diffusion-modified/results/node_saliency/citeseer/GeneralSheaf/normalised-true/stalk_dim-5/4-layers/16-hidden/500-epochs/checkpoints/epoch-0/GeneralSheaf_citeseer_fold4_seed43.pt
Saved node norms to /home/fguadagn/FMG_Master_Thesis/neural-sheaf-diffusion-modified/results/node_norms/citeseer/GeneralSheaf/normalised-true/stalk_dim-5/4-layers/16-hidden/500-epochs/checkpoints/epoch-1/GeneralSheaf_citeseer_fold4_seed43.pt
Saved confidence to /home/fguadagn/FMG_Master_Thesis/neural-sheaf-diffusion-modified/results/node_conf/citeseer/GeneralSheaf/normalised-true/stalk_dim-5/4-layers/16-hidden/500-epochs/checkpoints/epoch-1/GeneralSheaf_citeseer_fold4_seed43.pt
Saved per-node accuracy to /home/fguadagn/FMG_Master_Thesis/neural-sheaf-diffusion-modified/results/node_accuracy/citeseer/GeneralSheaf/normalised-true/stalk_dim-5/4-layers/16-hidden/500-epochs/checkpoints/epoch-1/GeneralSheaf_citeseer_fold4_seed43.pt
Saved saliency to /home/fguadagn/FMG_Master_Thesis/neural-sheaf-diffusion-modified/results/node_saliency/citeseer/GeneralSheaf/normalised-true/stalk_dim-5/4-layers/16-hidden/500-epochs/checkpoints/epoch-1/GeneralSheaf_citeseer_fold4_seed43.pt
Saved node norms to /home/fguadagn/FMG_Master_Thesis/neural-sheaf-diffusion-modified/results/node_norms/citeseer/GeneralSheaf/normalised-true/stalk_dim-5/4-layers/16-hidden/500-epochs/checkpoints/epoch-5/GeneralSheaf_citeseer_fold4_seed43.pt
Saved confidence to /home/fguadagn/FMG_Master_Thesis/neural-sheaf-diffusion-modified/results/node_conf/citeseer/GeneralSheaf/normalised-true/stalk_dim-5/4-layers/16-hidden/500-epochs/checkpoints/epoch-5/GeneralSheaf_citeseer_fold4_seed43.pt
Saved per-node accuracy to /home/fguadagn/FMG_Master_Thesis/neural-sheaf-diffusion-modified/results/node_accuracy/citeseer/GeneralSheaf/normalised-true/stalk_dim-5/4-layers/16-hidden/500-epochs/checkpoints/epoch-5/GeneralSheaf_citeseer_fold4_seed43.pt
Saved saliency to /home/fguadagn/FMG_Master_Thesis/neural-sheaf-diffusion-modified/results/node_saliency/citeseer/GeneralSheaf/normalised-true/stalk_dim-5/4-layers/16-hidden/500-epochs/checkpoints/epoch-5/GeneralSheaf_citeseer_fold4_seed43.pt
Saved node norms to /home/fguadagn/FMG_Master_Thesis/neural-sheaf-diffusion-modified/results/node_norms/citeseer/GeneralSheaf/normalised-true/stalk_dim-5/4-layers/16-hidden/500-epochs/checkpoints/epoch-15/GeneralSheaf_citeseer_fold4_seed43.pt
Saved confidence to /home/fguadagn/FMG_Master_Thesis/neural-sheaf-diffusion-modified/results/node_conf/citeseer/GeneralSheaf/normalised-true/stalk_dim-5/4-layers/16-hidden/500-epochs/checkpoints/epoch-15/GeneralSheaf_citeseer_fold4_seed43.pt
Saved per-node accuracy to /home/fguadagn/FMG_Master_Thesis/neural-sheaf-diffusion-modified/results/node_accuracy/citeseer/GeneralSheaf/normalised-true/stalk_dim-5/4-layers/16-hidden/500-epochs/checkpoints/epoch-15/GeneralSheaf_citeseer_fold4_seed43.pt
Saved saliency to /home/fguadagn/FMG_Master_Thesis/neural-sheaf-diffusion-modified/results/node_saliency/citeseer/GeneralSheaf/normalised-true/stalk_dim-5/4-layers/16-hidden/500-epochs/checkpoints/epoch-15/GeneralSheaf_citeseer_fold4_seed43.pt
Saved node norms to /home/fguadagn/FMG_Master_Thesis/neural-sheaf-diffusion-modified/results/node_norms/citeseer/GeneralSheaf/normalised-true/stalk_dim-5/4-layers/16-hidden/500-epochs/checkpoints/epoch-50/GeneralSheaf_citeseer_fold4_seed43.pt
Saved confidence to /home/fguadagn/FMG_Master_Thesis/neural-sheaf-diffusion-modified/results/node_conf/citeseer/GeneralSheaf/normalised-true/stalk_dim-5/4-layers/16-hidden/500-epochs/checkpoints/epoch-50/GeneralSheaf_citeseer_fold4_seed43.pt
Saved per-node accuracy to /home/fguadagn/FMG_Master_Thesis/neural-sheaf-diffusion-modified/results/node_accuracy/citeseer/GeneralSheaf/normalised-true/stalk_dim-5/4-layers/16-hidden/500-epochs/checkpoints/epoch-50/GeneralSheaf_citeseer_fold4_seed43.pt
Saved saliency to /home/fguadagn/FMG_Master_Thesis/neural-sheaf-diffusion-modified/results/node_saliency/citeseer/GeneralSheaf/normalised-true/stalk_dim-5/4-layers/16-hidden/500-epochs/checkpoints/epoch-50/GeneralSheaf_citeseer_fold4_seed43.pt
Saved node norms to /home/fguadagn/FMG_Master_Thesis/neural-sheaf-diffusion-modified/results/node_norms/citeseer/GeneralSheaf/normalised-true/stalk_dim-5/4-layers/16-hidden/500-epochs/checkpoints/epoch-200/GeneralSheaf_citeseer_fold4_seed43.pt
Saved confidence to /home/fguadagn/FMG_Master_Thesis/neural-sheaf-diffusion-modified/results/node_conf/citeseer/GeneralSheaf/normalised-true/stalk_dim-5/4-layers/16-hidden/500-epochs/checkpoints/epoch-200/GeneralSheaf_citeseer_fold4_seed43.pt
Saved per-node accuracy to /home/fguadagn/FMG_Master_Thesis/neural-sheaf-diffusion-modified/results/node_accuracy/citeseer/GeneralSheaf/normalised-true/stalk_dim-5/4-layers/16-hidden/500-epochs/checkpoints/epoch-200/GeneralSheaf_citeseer_fold4_seed43.pt
Saved saliency to /home/fguadagn/FMG_Master_Thesis/neural-sheaf-diffusion-modified/results/node_saliency/citeseer/GeneralSheaf/normalised-true/stalk_dim-5/4-layers/16-hidden/500-epochs/checkpoints/epoch-200/GeneralSheaf_citeseer_fold4_seed43.pt
Fold 4 | Epochs: 220 | Best epoch: 20
Test acc (best epoch): 0.6368
Test acc (last epoch): 0.7476
Best val acc: 0.5849
Laplacian 0: Max: 0.2567, Min: -0.6395, Avg: -0.0163, Abs avg: 0.0942
Laplacian 1: Max: 1.7943, Min: -1.2632, Avg: -0.0316, Abs avg: 0.1223
Laplacian 2: Max: 3.6984, Min: -3.3595, Avg: 0.0286, Abs avg: 0.3270
Laplacian 3: Max: 4.8525, Min: -4.8112, Avg: 0.1401, Abs avg: 0.8075
Epsilons 0: [0.633 0.647 0.813 0.653 0.863]
Epsilons 1: [0.589 0.62  0.763 0.611 0.804]
Epsilons 2: [0.502 0.592 0.715 0.54  0.758]
Epsilons 3: [0.548 0.526 0.676 0.568 0.643]
Saved node norms to /home/fguadagn/FMG_Master_Thesis/neural-sheaf-diffusion-modified/results/node_norms/citeseer/GeneralSheaf/normalised-true/stalk_dim-5/4-layers/16-hidden/500-epochs/checkpoints/best-epoch/GeneralSheaf_citeseer_fold4_seed43.pt
Saved best-epoch node norms (epoch 20) to checkpoints/best-epoch/
Saved confidence to /home/fguadagn/FMG_Master_Thesis/neural-sheaf-diffusion-modified/results/node_conf/citeseer/GeneralSheaf/normalised-true/stalk_dim-5/4-layers/16-hidden/500-epochs/checkpoints/best-epoch/GeneralSheaf_citeseer_fold4_seed43.pt
Saved per-node accuracy to /home/fguadagn/FMG_Master_Thesis/neural-sheaf-diffusion-modified/results/node_accuracy/citeseer/GeneralSheaf/normalised-true/stalk_dim-5/4-layers/16-hidden/500-epochs/checkpoints/best-epoch/GeneralSheaf_citeseer_fold4_seed43.pt
Saved saliency to /home/fguadagn/FMG_Master_Thesis/neural-sheaf-diffusion-modified/results/node_saliency/citeseer/GeneralSheaf/normalised-true/stalk_dim-5/4-layers/16-hidden/500-epochs/checkpoints/best-epoch/GeneralSheaf_citeseer_fold4_seed43.pt
Saved model weights to /home/fguadagn/FMG_Master_Thesis/neural-sheaf-diffusion-modified/results/model_weights/citeseer/GeneralSheaf/normalised-true/stalk_dim-5/4-layers/16-hidden/500-epochs/checkpoints/best-epoch/GeneralSheaf_citeseer_fold4_seed43.pth
Saved fold masks to /home/fguadagn/FMG_Master_Thesis/neural-sheaf-diffusion-modified/results/model_weights/citeseer/GeneralSheaf/normalised-true/stalk_dim-5/4-layers/16-hidden/500-epochs/checkpoints/best-epoch/GeneralSheaf_citeseer_fold4_seed43_masks.pt
Saved best-epoch model weights and masks (epoch 20) to checkpoints/best-epoch/
Updated best_epochs.json: fold_4 -> epoch 20
Saved node norms to /home/fguadagn/FMG_Master_Thesis/neural-sheaf-diffusion-modified/results/node_norms/citeseer/GeneralSheaf/normalised-true/stalk_dim-5/4-layers/16-hidden/500-epochs/GeneralSheaf_citeseer_fold4_seed43.pt
Saved node predictions to /home/fguadagn/FMG_Master_Thesis/neural-sheaf-diffusion-modified/results/node_preds/citeseer/GeneralSheaf/normalised-true/stalk_dim-5/4-layers/16-hidden/500-epochs/GeneralSheaf_citeseer_fold4_seed43.pt
Saved confidence to /home/fguadagn/FMG_Master_Thesis/neural-sheaf-diffusion-modified/results/node_conf/citeseer/GeneralSheaf/normalised-true/stalk_dim-5/4-layers/16-hidden/500-epochs/GeneralSheaf_citeseer_fold4_seed43.pt
Saved per-node accuracy to /home/fguadagn/FMG_Master_Thesis/neural-sheaf-diffusion-modified/results/node_accuracy/citeseer/GeneralSheaf/normalised-true/stalk_dim-5/4-layers/16-hidden/500-epochs/GeneralSheaf_citeseer_fold4_seed43.pt
Saved saliency to /home/fguadagn/FMG_Master_Thesis/neural-sheaf-diffusion-modified/results/node_saliency/citeseer/GeneralSheaf/normalised-true/stalk_dim-5/4-layers/16-hidden/500-epochs/GeneralSheaf_citeseer_fold4_seed43.pt
Non zero masks tensor(2110)
Nodes 3327
Non valid 15
Saved node norms to /home/fguadagn/FMG_Master_Thesis/neural-sheaf-diffusion-modified/results/node_norms/citeseer/GeneralSheaf/normalised-true/stalk_dim-5/4-layers/16-hidden/500-epochs/checkpoints/epoch-0/GeneralSheaf_citeseer_fold5_seed43.pt
Saved confidence to /home/fguadagn/FMG_Master_Thesis/neural-sheaf-diffusion-modified/results/node_conf/citeseer/GeneralSheaf/normalised-true/stalk_dim-5/4-layers/16-hidden/500-epochs/checkpoints/epoch-0/GeneralSheaf_citeseer_fold5_seed43.pt
Saved per-node accuracy to /home/fguadagn/FMG_Master_Thesis/neural-sheaf-diffusion-modified/results/node_accuracy/citeseer/GeneralSheaf/normalised-true/stalk_dim-5/4-layers/16-hidden/500-epochs/checkpoints/epoch-0/GeneralSheaf_citeseer_fold5_seed43.pt
Saved saliency to /home/fguadagn/FMG_Master_Thesis/neural-sheaf-diffusion-modified/results/node_saliency/citeseer/GeneralSheaf/normalised-true/stalk_dim-5/4-layers/16-hidden/500-epochs/checkpoints/epoch-0/GeneralSheaf_citeseer_fold5_seed43.pt
Saved node norms to /home/fguadagn/FMG_Master_Thesis/neural-sheaf-diffusion-modified/results/node_norms/citeseer/GeneralSheaf/normalised-true/stalk_dim-5/4-layers/16-hidden/500-epochs/checkpoints/epoch-1/GeneralSheaf_citeseer_fold5_seed43.pt
Saved confidence to /home/fguadagn/FMG_Master_Thesis/neural-sheaf-diffusion-modified/results/node_conf/citeseer/GeneralSheaf/normalised-true/stalk_dim-5/4-layers/16-hidden/500-epochs/checkpoints/epoch-1/GeneralSheaf_citeseer_fold5_seed43.pt
Saved per-node accuracy to /home/fguadagn/FMG_Master_Thesis/neural-sheaf-diffusion-modified/results/node_accuracy/citeseer/GeneralSheaf/normalised-true/stalk_dim-5/4-layers/16-hidden/500-epochs/checkpoints/epoch-1/GeneralSheaf_citeseer_fold5_seed43.pt
Saved saliency to /home/fguadagn/FMG_Master_Thesis/neural-sheaf-diffusion-modified/results/node_saliency/citeseer/GeneralSheaf/normalised-true/stalk_dim-5/4-layers/16-hidden/500-epochs/checkpoints/epoch-1/GeneralSheaf_citeseer_fold5_seed43.pt
Saved node norms to /home/fguadagn/FMG_Master_Thesis/neural-sheaf-diffusion-modified/results/node_norms/citeseer/GeneralSheaf/normalised-true/stalk_dim-5/4-layers/16-hidden/500-epochs/checkpoints/epoch-5/GeneralSheaf_citeseer_fold5_seed43.pt
Saved confidence to /home/fguadagn/FMG_Master_Thesis/neural-sheaf-diffusion-modified/results/node_conf/citeseer/GeneralSheaf/normalised-true/stalk_dim-5/4-layers/16-hidden/500-epochs/checkpoints/epoch-5/GeneralSheaf_citeseer_fold5_seed43.pt
Saved per-node accuracy to /home/fguadagn/FMG_Master_Thesis/neural-sheaf-diffusion-modified/results/node_accuracy/citeseer/GeneralSheaf/normalised-true/stalk_dim-5/4-layers/16-hidden/500-epochs/checkpoints/epoch-5/GeneralSheaf_citeseer_fold5_seed43.pt
Saved saliency to /home/fguadagn/FMG_Master_Thesis/neural-sheaf-diffusion-modified/results/node_saliency/citeseer/GeneralSheaf/normalised-true/stalk_dim-5/4-layers/16-hidden/500-epochs/checkpoints/epoch-5/GeneralSheaf_citeseer_fold5_seed43.pt
Saved node norms to /home/fguadagn/FMG_Master_Thesis/neural-sheaf-diffusion-modified/results/node_norms/citeseer/GeneralSheaf/normalised-true/stalk_dim-5/4-layers/16-hidden/500-epochs/checkpoints/epoch-15/GeneralSheaf_citeseer_fold5_seed43.pt
Saved confidence to /home/fguadagn/FMG_Master_Thesis/neural-sheaf-diffusion-modified/results/node_conf/citeseer/GeneralSheaf/normalised-true/stalk_dim-5/4-layers/16-hidden/500-epochs/checkpoints/epoch-15/GeneralSheaf_citeseer_fold5_seed43.pt
Saved per-node accuracy to /home/fguadagn/FMG_Master_Thesis/neural-sheaf-diffusion-modified/results/node_accuracy/citeseer/GeneralSheaf/normalised-true/stalk_dim-5/4-layers/16-hidden/500-epochs/checkpoints/epoch-15/GeneralSheaf_citeseer_fold5_seed43.pt
Saved saliency to /home/fguadagn/FMG_Master_Thesis/neural-sheaf-diffusion-modified/results/node_saliency/citeseer/GeneralSheaf/normalised-true/stalk_dim-5/4-layers/16-hidden/500-epochs/checkpoints/epoch-15/GeneralSheaf_citeseer_fold5_seed43.pt
Saved node norms to /home/fguadagn/FMG_Master_Thesis/neural-sheaf-diffusion-modified/results/node_norms/citeseer/GeneralSheaf/normalised-true/stalk_dim-5/4-layers/16-hidden/500-epochs/checkpoints/epoch-50/GeneralSheaf_citeseer_fold5_seed43.pt
Saved confidence to /home/fguadagn/FMG_Master_Thesis/neural-sheaf-diffusion-modified/results/node_conf/citeseer/GeneralSheaf/normalised-true/stalk_dim-5/4-layers/16-hidden/500-epochs/checkpoints/epoch-50/GeneralSheaf_citeseer_fold5_seed43.pt
Saved per-node accuracy to /home/fguadagn/FMG_Master_Thesis/neural-sheaf-diffusion-modified/results/node_accuracy/citeseer/GeneralSheaf/normalised-true/stalk_dim-5/4-layers/16-hidden/500-epochs/checkpoints/epoch-50/GeneralSheaf_citeseer_fold5_seed43.pt
Saved saliency to /home/fguadagn/FMG_Master_Thesis/neural-sheaf-diffusion-modified/results/node_saliency/citeseer/GeneralSheaf/normalised-true/stalk_dim-5/4-layers/16-hidden/500-epochs/checkpoints/epoch-50/GeneralSheaf_citeseer_fold5_seed43.pt
Saved node norms to /home/fguadagn/FMG_Master_Thesis/neural-sheaf-diffusion-modified/results/node_norms/citeseer/GeneralSheaf/normalised-true/stalk_dim-5/4-layers/16-hidden/500-epochs/checkpoints/epoch-200/GeneralSheaf_citeseer_fold5_seed43.pt
Saved confidence to /home/fguadagn/FMG_Master_Thesis/neural-sheaf-diffusion-modified/results/node_conf/citeseer/GeneralSheaf/normalised-true/stalk_dim-5/4-layers/16-hidden/500-epochs/checkpoints/epoch-200/GeneralSheaf_citeseer_fold5_seed43.pt
Saved per-node accuracy to /home/fguadagn/FMG_Master_Thesis/neural-sheaf-diffusion-modified/results/node_accuracy/citeseer/GeneralSheaf/normalised-true/stalk_dim-5/4-layers/16-hidden/500-epochs/checkpoints/epoch-200/GeneralSheaf_citeseer_fold5_seed43.pt
Saved saliency to /home/fguadagn/FMG_Master_Thesis/neural-sheaf-diffusion-modified/results/node_saliency/citeseer/GeneralSheaf/normalised-true/stalk_dim-5/4-layers/16-hidden/500-epochs/checkpoints/epoch-200/GeneralSheaf_citeseer_fold5_seed43.pt
Fold 5 | Epochs: 224 | Best epoch: 24
Test acc (best epoch): 0.5863
Test acc (last epoch): 0.6809
Best val acc: 0.6409
Laplacian 0: Max: 0.2353, Min: -0.4693, Avg: -0.0294, Abs avg: 0.1175
Laplacian 1: Max: 0.3618, Min: -1.1834, Avg: -0.1531, Abs avg: 0.1818
Laplacian 2: Max: 3.3500, Min: -2.5153, Avg: -0.2206, Abs avg: 0.3359
Laplacian 3: Max: 4.7588, Min: -4.6417, Avg: -0.1459, Abs avg: 0.9091
Epsilons 0: [0.653 0.784 0.801 0.754 0.583]
Epsilons 1: [0.61  0.758 0.772 0.732 0.525]
Epsilons 2: [0.592 0.682 0.707 0.655 0.488]
Epsilons 3: [0.599 0.595 0.598 0.622 0.473]
Saved node norms to /home/fguadagn/FMG_Master_Thesis/neural-sheaf-diffusion-modified/results/node_norms/citeseer/GeneralSheaf/normalised-true/stalk_dim-5/4-layers/16-hidden/500-epochs/checkpoints/best-epoch/GeneralSheaf_citeseer_fold5_seed43.pt
Saved best-epoch node norms (epoch 24) to checkpoints/best-epoch/
Saved confidence to /home/fguadagn/FMG_Master_Thesis/neural-sheaf-diffusion-modified/results/node_conf/citeseer/GeneralSheaf/normalised-true/stalk_dim-5/4-layers/16-hidden/500-epochs/checkpoints/best-epoch/GeneralSheaf_citeseer_fold5_seed43.pt
Saved per-node accuracy to /home/fguadagn/FMG_Master_Thesis/neural-sheaf-diffusion-modified/results/node_accuracy/citeseer/GeneralSheaf/normalised-true/stalk_dim-5/4-layers/16-hidden/500-epochs/checkpoints/best-epoch/GeneralSheaf_citeseer_fold5_seed43.pt
Saved saliency to /home/fguadagn/FMG_Master_Thesis/neural-sheaf-diffusion-modified/results/node_saliency/citeseer/GeneralSheaf/normalised-true/stalk_dim-5/4-layers/16-hidden/500-epochs/checkpoints/best-epoch/GeneralSheaf_citeseer_fold5_seed43.pt
Saved model weights to /home/fguadagn/FMG_Master_Thesis/neural-sheaf-diffusion-modified/results/model_weights/citeseer/GeneralSheaf/normalised-true/stalk_dim-5/4-layers/16-hidden/500-epochs/checkpoints/best-epoch/GeneralSheaf_citeseer_fold5_seed43.pth
Saved fold masks to /home/fguadagn/FMG_Master_Thesis/neural-sheaf-diffusion-modified/results/model_weights/citeseer/GeneralSheaf/normalised-true/stalk_dim-5/4-layers/16-hidden/500-epochs/checkpoints/best-epoch/GeneralSheaf_citeseer_fold5_seed43_masks.pt
Saved best-epoch model weights and masks (epoch 24) to checkpoints/best-epoch/
Updated best_epochs.json: fold_5 -> epoch 24
Saved node norms to /home/fguadagn/FMG_Master_Thesis/neural-sheaf-diffusion-modified/results/node_norms/citeseer/GeneralSheaf/normalised-true/stalk_dim-5/4-layers/16-hidden/500-epochs/GeneralSheaf_citeseer_fold5_seed43.pt
Saved node predictions to /home/fguadagn/FMG_Master_Thesis/neural-sheaf-diffusion-modified/results/node_preds/citeseer/GeneralSheaf/normalised-true/stalk_dim-5/4-layers/16-hidden/500-epochs/GeneralSheaf_citeseer_fold5_seed43.pt
Saved confidence to /home/fguadagn/FMG_Master_Thesis/neural-sheaf-diffusion-modified/results/node_conf/citeseer/GeneralSheaf/normalised-true/stalk_dim-5/4-layers/16-hidden/500-epochs/GeneralSheaf_citeseer_fold5_seed43.pt
Saved per-node accuracy to /home/fguadagn/FMG_Master_Thesis/neural-sheaf-diffusion-modified/results/node_accuracy/citeseer/GeneralSheaf/normalised-true/stalk_dim-5/4-layers/16-hidden/500-epochs/GeneralSheaf_citeseer_fold5_seed43.pt
Saved saliency to /home/fguadagn/FMG_Master_Thesis/neural-sheaf-diffusion-modified/results/node_saliency/citeseer/GeneralSheaf/normalised-true/stalk_dim-5/4-layers/16-hidden/500-epochs/GeneralSheaf_citeseer_fold5_seed43.pt
Non zero masks tensor(3312)
Nodes 3327
Non valid 15
Saved node norms to /home/fguadagn/FMG_Master_Thesis/neural-sheaf-diffusion-modified/results/node_norms/citeseer/GeneralSheaf/normalised-true/stalk_dim-5/4-layers/16-hidden/500-epochs/checkpoints/epoch-0/GeneralSheaf_citeseer_fold6_seed43.pt
Saved confidence to /home/fguadagn/FMG_Master_Thesis/neural-sheaf-diffusion-modified/results/node_conf/citeseer/GeneralSheaf/normalised-true/stalk_dim-5/4-layers/16-hidden/500-epochs/checkpoints/epoch-0/GeneralSheaf_citeseer_fold6_seed43.pt
Saved per-node accuracy to /home/fguadagn/FMG_Master_Thesis/neural-sheaf-diffusion-modified/results/node_accuracy/citeseer/GeneralSheaf/normalised-true/stalk_dim-5/4-layers/16-hidden/500-epochs/checkpoints/epoch-0/GeneralSheaf_citeseer_fold6_seed43.pt
Saved saliency to /home/fguadagn/FMG_Master_Thesis/neural-sheaf-diffusion-modified/results/node_saliency/citeseer/GeneralSheaf/normalised-true/stalk_dim-5/4-layers/16-hidden/500-epochs/checkpoints/epoch-0/GeneralSheaf_citeseer_fold6_seed43.pt
Saved node norms to /home/fguadagn/FMG_Master_Thesis/neural-sheaf-diffusion-modified/results/node_norms/citeseer/GeneralSheaf/normalised-true/stalk_dim-5/4-layers/16-hidden/500-epochs/checkpoints/epoch-1/GeneralSheaf_citeseer_fold6_seed43.pt
Saved confidence to /home/fguadagn/FMG_Master_Thesis/neural-sheaf-diffusion-modified/results/node_conf/citeseer/GeneralSheaf/normalised-true/stalk_dim-5/4-layers/16-hidden/500-epochs/checkpoints/epoch-1/GeneralSheaf_citeseer_fold6_seed43.pt
Saved per-node accuracy to /home/fguadagn/FMG_Master_Thesis/neural-sheaf-diffusion-modified/results/node_accuracy/citeseer/GeneralSheaf/normalised-true/stalk_dim-5/4-layers/16-hidden/500-epochs/checkpoints/epoch-1/GeneralSheaf_citeseer_fold6_seed43.pt
Saved saliency to /home/fguadagn/FMG_Master_Thesis/neural-sheaf-diffusion-modified/results/node_saliency/citeseer/GeneralSheaf/normalised-true/stalk_dim-5/4-layers/16-hidden/500-epochs/checkpoints/epoch-1/GeneralSheaf_citeseer_fold6_seed43.pt
Saved node norms to /home/fguadagn/FMG_Master_Thesis/neural-sheaf-diffusion-modified/results/node_norms/citeseer/GeneralSheaf/normalised-true/stalk_dim-5/4-layers/16-hidden/500-epochs/checkpoints/epoch-5/GeneralSheaf_citeseer_fold6_seed43.pt
Saved confidence to /home/fguadagn/FMG_Master_Thesis/neural-sheaf-diffusion-modified/results/node_conf/citeseer/GeneralSheaf/normalised-true/stalk_dim-5/4-layers/16-hidden/500-epochs/checkpoints/epoch-5/GeneralSheaf_citeseer_fold6_seed43.pt
Saved per-node accuracy to /home/fguadagn/FMG_Master_Thesis/neural-sheaf-diffusion-modified/results/node_accuracy/citeseer/GeneralSheaf/normalised-true/stalk_dim-5/4-layers/16-hidden/500-epochs/checkpoints/epoch-5/GeneralSheaf_citeseer_fold6_seed43.pt
Saved saliency to /home/fguadagn/FMG_Master_Thesis/neural-sheaf-diffusion-modified/results/node_saliency/citeseer/GeneralSheaf/normalised-true/stalk_dim-5/4-layers/16-hidden/500-epochs/checkpoints/epoch-5/GeneralSheaf_citeseer_fold6_seed43.pt
Saved node norms to /home/fguadagn/FMG_Master_Thesis/neural-sheaf-diffusion-modified/results/node_norms/citeseer/GeneralSheaf/normalised-true/stalk_dim-5/4-layers/16-hidden/500-epochs/checkpoints/epoch-15/GeneralSheaf_citeseer_fold6_seed43.pt
Saved confidence to /home/fguadagn/FMG_Master_Thesis/neural-sheaf-diffusion-modified/results/node_conf/citeseer/GeneralSheaf/normalised-true/stalk_dim-5/4-layers/16-hidden/500-epochs/checkpoints/epoch-15/GeneralSheaf_citeseer_fold6_seed43.pt
Saved per-node accuracy to /home/fguadagn/FMG_Master_Thesis/neural-sheaf-diffusion-modified/results/node_accuracy/citeseer/GeneralSheaf/normalised-true/stalk_dim-5/4-layers/16-hidden/500-epochs/checkpoints/epoch-15/GeneralSheaf_citeseer_fold6_seed43.pt
Saved saliency to /home/fguadagn/FMG_Master_Thesis/neural-sheaf-diffusion-modified/results/node_saliency/citeseer/GeneralSheaf/normalised-true/stalk_dim-5/4-layers/16-hidden/500-epochs/checkpoints/epoch-15/GeneralSheaf_citeseer_fold6_seed43.pt
Saved node norms to /home/fguadagn/FMG_Master_Thesis/neural-sheaf-diffusion-modified/results/node_norms/citeseer/GeneralSheaf/normalised-true/stalk_dim-5/4-layers/16-hidden/500-epochs/checkpoints/epoch-50/GeneralSheaf_citeseer_fold6_seed43.pt
Saved confidence to /home/fguadagn/FMG_Master_Thesis/neural-sheaf-diffusion-modified/results/node_conf/citeseer/GeneralSheaf/normalised-true/stalk_dim-5/4-layers/16-hidden/500-epochs/checkpoints/epoch-50/GeneralSheaf_citeseer_fold6_seed43.pt
Saved per-node accuracy to /home/fguadagn/FMG_Master_Thesis/neural-sheaf-diffusion-modified/results/node_accuracy/citeseer/GeneralSheaf/normalised-true/stalk_dim-5/4-layers/16-hidden/500-epochs/checkpoints/epoch-50/GeneralSheaf_citeseer_fold6_seed43.pt
Saved saliency to /home/fguadagn/FMG_Master_Thesis/neural-sheaf-diffusion-modified/results/node_saliency/citeseer/GeneralSheaf/normalised-true/stalk_dim-5/4-layers/16-hidden/500-epochs/checkpoints/epoch-50/GeneralSheaf_citeseer_fold6_seed43.pt
Saved node norms to /home/fguadagn/FMG_Master_Thesis/neural-sheaf-diffusion-modified/results/node_norms/citeseer/GeneralSheaf/normalised-true/stalk_dim-5/4-layers/16-hidden/500-epochs/checkpoints/epoch-200/GeneralSheaf_citeseer_fold6_seed43.pt
Saved confidence to /home/fguadagn/FMG_Master_Thesis/neural-sheaf-diffusion-modified/results/node_conf/citeseer/GeneralSheaf/normalised-true/stalk_dim-5/4-layers/16-hidden/500-epochs/checkpoints/epoch-200/GeneralSheaf_citeseer_fold6_seed43.pt
Saved per-node accuracy to /home/fguadagn/FMG_Master_Thesis/neural-sheaf-diffusion-modified/results/node_accuracy/citeseer/GeneralSheaf/normalised-true/stalk_dim-5/4-layers/16-hidden/500-epochs/checkpoints/epoch-200/GeneralSheaf_citeseer_fold6_seed43.pt
Saved saliency to /home/fguadagn/FMG_Master_Thesis/neural-sheaf-diffusion-modified/results/node_saliency/citeseer/GeneralSheaf/normalised-true/stalk_dim-5/4-layers/16-hidden/500-epochs/checkpoints/epoch-200/GeneralSheaf_citeseer_fold6_seed43.pt
Fold 6 | Epochs: 294 | Best epoch: 94
Test acc (best epoch): 0.7089
Test acc (last epoch): 0.7225
Best val acc: 0.7391
Laplacian 0: Max: 0.2090, Min: -0.2874, Avg: -0.0010, Abs avg: 0.0592
Laplacian 1: Max: 0.9605, Min: -1.1712, Avg: -0.0048, Abs avg: 0.3176
Laplacian 2: Max: 2.7324, Min: -1.9501, Avg: 0.0325, Abs avg: 0.3727
Laplacian 3: Max: 4.7207, Min: -4.7984, Avg: 0.1992, Abs avg: 0.7982
Epsilons 0: [0.791 0.791 0.783 1.052 0.968]
Epsilons 1: [0.767 0.717 0.7   1.056 0.928]
Epsilons 2: [0.725 0.655 0.636 0.964 0.843]
Epsilons 3: [0.706 0.603 0.633 0.811 0.79 ]
Saved node norms to /home/fguadagn/FMG_Master_Thesis/neural-sheaf-diffusion-modified/results/node_norms/citeseer/GeneralSheaf/normalised-true/stalk_dim-5/4-layers/16-hidden/500-epochs/checkpoints/best-epoch/GeneralSheaf_citeseer_fold6_seed43.pt
Saved best-epoch node norms (epoch 94) to checkpoints/best-epoch/
Saved confidence to /home/fguadagn/FMG_Master_Thesis/neural-sheaf-diffusion-modified/results/node_conf/citeseer/GeneralSheaf/normalised-true/stalk_dim-5/4-layers/16-hidden/500-epochs/checkpoints/best-epoch/GeneralSheaf_citeseer_fold6_seed43.pt
Saved per-node accuracy to /home/fguadagn/FMG_Master_Thesis/neural-sheaf-diffusion-modified/results/node_accuracy/citeseer/GeneralSheaf/normalised-true/stalk_dim-5/4-layers/16-hidden/500-epochs/checkpoints/best-epoch/GeneralSheaf_citeseer_fold6_seed43.pt
Saved saliency to /home/fguadagn/FMG_Master_Thesis/neural-sheaf-diffusion-modified/results/node_saliency/citeseer/GeneralSheaf/normalised-true/stalk_dim-5/4-layers/16-hidden/500-epochs/checkpoints/best-epoch/GeneralSheaf_citeseer_fold6_seed43.pt
Saved model weights to /home/fguadagn/FMG_Master_Thesis/neural-sheaf-diffusion-modified/results/model_weights/citeseer/GeneralSheaf/normalised-true/stalk_dim-5/4-layers/16-hidden/500-epochs/checkpoints/best-epoch/GeneralSheaf_citeseer_fold6_seed43.pth
Saved fold masks to /home/fguadagn/FMG_Master_Thesis/neural-sheaf-diffusion-modified/results/model_weights/citeseer/GeneralSheaf/normalised-true/stalk_dim-5/4-layers/16-hidden/500-epochs/checkpoints/best-epoch/GeneralSheaf_citeseer_fold6_seed43_masks.pt
Saved best-epoch model weights and masks (epoch 94) to checkpoints/best-epoch/
Updated best_epochs.json: fold_6 -> epoch 94
Saved node norms to /home/fguadagn/FMG_Master_Thesis/neural-sheaf-diffusion-modified/results/node_norms/citeseer/GeneralSheaf/normalised-true/stalk_dim-5/4-layers/16-hidden/500-epochs/GeneralSheaf_citeseer_fold6_seed43.pt
Saved node predictions to /home/fguadagn/FMG_Master_Thesis/neural-sheaf-diffusion-modified/results/node_preds/citeseer/GeneralSheaf/normalised-true/stalk_dim-5/4-layers/16-hidden/500-epochs/GeneralSheaf_citeseer_fold6_seed43.pt
Saved confidence to /home/fguadagn/FMG_Master_Thesis/neural-sheaf-diffusion-modified/results/node_conf/citeseer/GeneralSheaf/normalised-true/stalk_dim-5/4-layers/16-hidden/500-epochs/GeneralSheaf_citeseer_fold6_seed43.pt
Saved per-node accuracy to /home/fguadagn/FMG_Master_Thesis/neural-sheaf-diffusion-modified/results/node_accuracy/citeseer/GeneralSheaf/normalised-true/stalk_dim-5/4-layers/16-hidden/500-epochs/GeneralSheaf_citeseer_fold6_seed43.pt
Saved saliency to /home/fguadagn/FMG_Master_Thesis/neural-sheaf-diffusion-modified/results/node_saliency/citeseer/GeneralSheaf/normalised-true/stalk_dim-5/4-layers/16-hidden/500-epochs/GeneralSheaf_citeseer_fold6_seed43.pt
Non zero masks tensor(3312)
Nodes 3327
Non valid 15
Saved node norms to /home/fguadagn/FMG_Master_Thesis/neural-sheaf-diffusion-modified/results/node_norms/citeseer/GeneralSheaf/normalised-true/stalk_dim-5/4-layers/16-hidden/500-epochs/checkpoints/epoch-0/GeneralSheaf_citeseer_fold7_seed43.pt
Saved confidence to /home/fguadagn/FMG_Master_Thesis/neural-sheaf-diffusion-modified/results/node_conf/citeseer/GeneralSheaf/normalised-true/stalk_dim-5/4-layers/16-hidden/500-epochs/checkpoints/epoch-0/GeneralSheaf_citeseer_fold7_seed43.pt
Saved per-node accuracy to /home/fguadagn/FMG_Master_Thesis/neural-sheaf-diffusion-modified/results/node_accuracy/citeseer/GeneralSheaf/normalised-true/stalk_dim-5/4-layers/16-hidden/500-epochs/checkpoints/epoch-0/GeneralSheaf_citeseer_fold7_seed43.pt
Saved saliency to /home/fguadagn/FMG_Master_Thesis/neural-sheaf-diffusion-modified/results/node_saliency/citeseer/GeneralSheaf/normalised-true/stalk_dim-5/4-layers/16-hidden/500-epochs/checkpoints/epoch-0/GeneralSheaf_citeseer_fold7_seed43.pt
Saved node norms to /home/fguadagn/FMG_Master_Thesis/neural-sheaf-diffusion-modified/results/node_norms/citeseer/GeneralSheaf/normalised-true/stalk_dim-5/4-layers/16-hidden/500-epochs/checkpoints/epoch-1/GeneralSheaf_citeseer_fold7_seed43.pt
Saved confidence to /home/fguadagn/FMG_Master_Thesis/neural-sheaf-diffusion-modified/results/node_conf/citeseer/GeneralSheaf/normalised-true/stalk_dim-5/4-layers/16-hidden/500-epochs/checkpoints/epoch-1/GeneralSheaf_citeseer_fold7_seed43.pt
Saved per-node accuracy to /home/fguadagn/FMG_Master_Thesis/neural-sheaf-diffusion-modified/results/node_accuracy/citeseer/GeneralSheaf/normalised-true/stalk_dim-5/4-layers/16-hidden/500-epochs/checkpoints/epoch-1/GeneralSheaf_citeseer_fold7_seed43.pt
Saved saliency to /home/fguadagn/FMG_Master_Thesis/neural-sheaf-diffusion-modified/results/node_saliency/citeseer/GeneralSheaf/normalised-true/stalk_dim-5/4-layers/16-hidden/500-epochs/checkpoints/epoch-1/GeneralSheaf_citeseer_fold7_seed43.pt
Saved node norms to /home/fguadagn/FMG_Master_Thesis/neural-sheaf-diffusion-modified/results/node_norms/citeseer/GeneralSheaf/normalised-true/stalk_dim-5/4-layers/16-hidden/500-epochs/checkpoints/epoch-5/GeneralSheaf_citeseer_fold7_seed43.pt
Saved confidence to /home/fguadagn/FMG_Master_Thesis/neural-sheaf-diffusion-modified/results/node_conf/citeseer/GeneralSheaf/normalised-true/stalk_dim-5/4-layers/16-hidden/500-epochs/checkpoints/epoch-5/GeneralSheaf_citeseer_fold7_seed43.pt
Saved per-node accuracy to /home/fguadagn/FMG_Master_Thesis/neural-sheaf-diffusion-modified/results/node_accuracy/citeseer/GeneralSheaf/normalised-true/stalk_dim-5/4-layers/16-hidden/500-epochs/checkpoints/epoch-5/GeneralSheaf_citeseer_fold7_seed43.pt
Saved saliency to /home/fguadagn/FMG_Master_Thesis/neural-sheaf-diffusion-modified/results/node_saliency/citeseer/GeneralSheaf/normalised-true/stalk_dim-5/4-layers/16-hidden/500-epochs/checkpoints/epoch-5/GeneralSheaf_citeseer_fold7_seed43.pt
Saved node norms to /home/fguadagn/FMG_Master_Thesis/neural-sheaf-diffusion-modified/results/node_norms/citeseer/GeneralSheaf/normalised-true/stalk_dim-5/4-layers/16-hidden/500-epochs/checkpoints/epoch-15/GeneralSheaf_citeseer_fold7_seed43.pt
Saved confidence to /home/fguadagn/FMG_Master_Thesis/neural-sheaf-diffusion-modified/results/node_conf/citeseer/GeneralSheaf/normalised-true/stalk_dim-5/4-layers/16-hidden/500-epochs/checkpoints/epoch-15/GeneralSheaf_citeseer_fold7_seed43.pt
Saved per-node accuracy to /home/fguadagn/FMG_Master_Thesis/neural-sheaf-diffusion-modified/results/node_accuracy/citeseer/GeneralSheaf/normalised-true/stalk_dim-5/4-layers/16-hidden/500-epochs/checkpoints/epoch-15/GeneralSheaf_citeseer_fold7_seed43.pt
Saved saliency to /home/fguadagn/FMG_Master_Thesis/neural-sheaf-diffusion-modified/results/node_saliency/citeseer/GeneralSheaf/normalised-true/stalk_dim-5/4-layers/16-hidden/500-epochs/checkpoints/epoch-15/GeneralSheaf_citeseer_fold7_seed43.pt
Saved node norms to /home/fguadagn/FMG_Master_Thesis/neural-sheaf-diffusion-modified/results/node_norms/citeseer/GeneralSheaf/normalised-true/stalk_dim-5/4-layers/16-hidden/500-epochs/checkpoints/epoch-50/GeneralSheaf_citeseer_fold7_seed43.pt
Saved confidence to /home/fguadagn/FMG_Master_Thesis/neural-sheaf-diffusion-modified/results/node_conf/citeseer/GeneralSheaf/normalised-true/stalk_dim-5/4-layers/16-hidden/500-epochs/checkpoints/epoch-50/GeneralSheaf_citeseer_fold7_seed43.pt
Saved per-node accuracy to /home/fguadagn/FMG_Master_Thesis/neural-sheaf-diffusion-modified/results/node_accuracy/citeseer/GeneralSheaf/normalised-true/stalk_dim-5/4-layers/16-hidden/500-epochs/checkpoints/epoch-50/GeneralSheaf_citeseer_fold7_seed43.pt
Saved saliency to /home/fguadagn/FMG_Master_Thesis/neural-sheaf-diffusion-modified/results/node_saliency/citeseer/GeneralSheaf/normalised-true/stalk_dim-5/4-layers/16-hidden/500-epochs/checkpoints/epoch-50/GeneralSheaf_citeseer_fold7_seed43.pt
Saved node norms to /home/fguadagn/FMG_Master_Thesis/neural-sheaf-diffusion-modified/results/node_norms/citeseer/GeneralSheaf/normalised-true/stalk_dim-5/4-layers/16-hidden/500-epochs/checkpoints/epoch-200/GeneralSheaf_citeseer_fold7_seed43.pt
Saved confidence to /home/fguadagn/FMG_Master_Thesis/neural-sheaf-diffusion-modified/results/node_conf/citeseer/GeneralSheaf/normalised-true/stalk_dim-5/4-layers/16-hidden/500-epochs/checkpoints/epoch-200/GeneralSheaf_citeseer_fold7_seed43.pt
Saved per-node accuracy to /home/fguadagn/FMG_Master_Thesis/neural-sheaf-diffusion-modified/results/node_accuracy/citeseer/GeneralSheaf/normalised-true/stalk_dim-5/4-layers/16-hidden/500-epochs/checkpoints/epoch-200/GeneralSheaf_citeseer_fold7_seed43.pt
Saved saliency to /home/fguadagn/FMG_Master_Thesis/neural-sheaf-diffusion-modified/results/node_saliency/citeseer/GeneralSheaf/normalised-true/stalk_dim-5/4-layers/16-hidden/500-epochs/checkpoints/epoch-200/GeneralSheaf_citeseer_fold7_seed43.pt
Fold 7 | Epochs: 228 | Best epoch: 28
Test acc (best epoch): 0.6657
Test acc (last epoch): 0.7184
Best val acc: 0.6525
Laplacian 0: Max: 0.1783, Min: -0.2601, Avg: -0.0047, Abs avg: 0.0518
Laplacian 1: Max: 0.9156, Min: -1.0799, Avg: -0.0517, Abs avg: 0.2261
Laplacian 2: Max: 3.0372, Min: -1.6884, Avg: 0.0428, Abs avg: 0.3658
Laplacian 3: Max: 4.9264, Min: -3.9950, Avg: 0.2586, Abs avg: 0.9203
Epsilons 0: [0.856 0.756 0.826 0.85  0.906]
Epsilons 1: [0.823 0.698 0.791 0.829 0.88 ]
Epsilons 2: [0.742 0.649 0.723 0.775 0.835]
Epsilons 3: [0.663 0.666 0.67  0.7   0.702]
Saved node norms to /home/fguadagn/FMG_Master_Thesis/neural-sheaf-diffusion-modified/results/node_norms/citeseer/GeneralSheaf/normalised-true/stalk_dim-5/4-layers/16-hidden/500-epochs/checkpoints/best-epoch/GeneralSheaf_citeseer_fold7_seed43.pt
Saved best-epoch node norms (epoch 28) to checkpoints/best-epoch/
Saved confidence to /home/fguadagn/FMG_Master_Thesis/neural-sheaf-diffusion-modified/results/node_conf/citeseer/GeneralSheaf/normalised-true/stalk_dim-5/4-layers/16-hidden/500-epochs/checkpoints/best-epoch/GeneralSheaf_citeseer_fold7_seed43.pt
Saved per-node accuracy to /home/fguadagn/FMG_Master_Thesis/neural-sheaf-diffusion-modified/results/node_accuracy/citeseer/GeneralSheaf/normalised-true/stalk_dim-5/4-layers/16-hidden/500-epochs/checkpoints/best-epoch/GeneralSheaf_citeseer_fold7_seed43.pt
Saved saliency to /home/fguadagn/FMG_Master_Thesis/neural-sheaf-diffusion-modified/results/node_saliency/citeseer/GeneralSheaf/normalised-true/stalk_dim-5/4-layers/16-hidden/500-epochs/checkpoints/best-epoch/GeneralSheaf_citeseer_fold7_seed43.pt
Saved model weights to /home/fguadagn/FMG_Master_Thesis/neural-sheaf-diffusion-modified/results/model_weights/citeseer/GeneralSheaf/normalised-true/stalk_dim-5/4-layers/16-hidden/500-epochs/checkpoints/best-epoch/GeneralSheaf_citeseer_fold7_seed43.pth
Saved fold masks to /home/fguadagn/FMG_Master_Thesis/neural-sheaf-diffusion-modified/results/model_weights/citeseer/GeneralSheaf/normalised-true/stalk_dim-5/4-layers/16-hidden/500-epochs/checkpoints/best-epoch/GeneralSheaf_citeseer_fold7_seed43_masks.pt
Saved best-epoch model weights and masks (epoch 28) to checkpoints/best-epoch/
Updated best_epochs.json: fold_7 -> epoch 28
Saved node norms to /home/fguadagn/FMG_Master_Thesis/neural-sheaf-diffusion-modified/results/node_norms/citeseer/GeneralSheaf/normalised-true/stalk_dim-5/4-layers/16-hidden/500-epochs/GeneralSheaf_citeseer_fold7_seed43.pt
Saved node predictions to /home/fguadagn/FMG_Master_Thesis/neural-sheaf-diffusion-modified/results/node_preds/citeseer/GeneralSheaf/normalised-true/stalk_dim-5/4-layers/16-hidden/500-epochs/GeneralSheaf_citeseer_fold7_seed43.pt
Saved confidence to /home/fguadagn/FMG_Master_Thesis/neural-sheaf-diffusion-modified/results/node_conf/citeseer/GeneralSheaf/normalised-true/stalk_dim-5/4-layers/16-hidden/500-epochs/GeneralSheaf_citeseer_fold7_seed43.pt
Saved per-node accuracy to /home/fguadagn/FMG_Master_Thesis/neural-sheaf-diffusion-modified/results/node_accuracy/citeseer/GeneralSheaf/normalised-true/stalk_dim-5/4-layers/16-hidden/500-epochs/GeneralSheaf_citeseer_fold7_seed43.pt
Saved saliency to /home/fguadagn/FMG_Master_Thesis/neural-sheaf-diffusion-modified/results/node_saliency/citeseer/GeneralSheaf/normalised-true/stalk_dim-5/4-layers/16-hidden/500-epochs/GeneralSheaf_citeseer_fold7_seed43.pt
Non zero masks tensor(3312)
Nodes 3327
Non valid 15
Saved node norms to /home/fguadagn/FMG_Master_Thesis/neural-sheaf-diffusion-modified/results/node_norms/citeseer/GeneralSheaf/normalised-true/stalk_dim-5/4-layers/16-hidden/500-epochs/checkpoints/epoch-0/GeneralSheaf_citeseer_fold8_seed43.pt
Saved confidence to /home/fguadagn/FMG_Master_Thesis/neural-sheaf-diffusion-modified/results/node_conf/citeseer/GeneralSheaf/normalised-true/stalk_dim-5/4-layers/16-hidden/500-epochs/checkpoints/epoch-0/GeneralSheaf_citeseer_fold8_seed43.pt
Saved per-node accuracy to /home/fguadagn/FMG_Master_Thesis/neural-sheaf-diffusion-modified/results/node_accuracy/citeseer/GeneralSheaf/normalised-true/stalk_dim-5/4-layers/16-hidden/500-epochs/checkpoints/epoch-0/GeneralSheaf_citeseer_fold8_seed43.pt
Saved saliency to /home/fguadagn/FMG_Master_Thesis/neural-sheaf-diffusion-modified/results/node_saliency/citeseer/GeneralSheaf/normalised-true/stalk_dim-5/4-layers/16-hidden/500-epochs/checkpoints/epoch-0/GeneralSheaf_citeseer_fold8_seed43.pt
Saved node norms to /home/fguadagn/FMG_Master_Thesis/neural-sheaf-diffusion-modified/results/node_norms/citeseer/GeneralSheaf/normalised-true/stalk_dim-5/4-layers/16-hidden/500-epochs/checkpoints/epoch-1/GeneralSheaf_citeseer_fold8_seed43.pt
Saved confidence to /home/fguadagn/FMG_Master_Thesis/neural-sheaf-diffusion-modified/results/node_conf/citeseer/GeneralSheaf/normalised-true/stalk_dim-5/4-layers/16-hidden/500-epochs/checkpoints/epoch-1/GeneralSheaf_citeseer_fold8_seed43.pt
Saved per-node accuracy to /home/fguadagn/FMG_Master_Thesis/neural-sheaf-diffusion-modified/results/node_accuracy/citeseer/GeneralSheaf/normalised-true/stalk_dim-5/4-layers/16-hidden/500-epochs/checkpoints/epoch-1/GeneralSheaf_citeseer_fold8_seed43.pt
Saved saliency to /home/fguadagn/FMG_Master_Thesis/neural-sheaf-diffusion-modified/results/node_saliency/citeseer/GeneralSheaf/normalised-true/stalk_dim-5/4-layers/16-hidden/500-epochs/checkpoints/epoch-1/GeneralSheaf_citeseer_fold8_seed43.pt
Saved node norms to /home/fguadagn/FMG_Master_Thesis/neural-sheaf-diffusion-modified/results/node_norms/citeseer/GeneralSheaf/normalised-true/stalk_dim-5/4-layers/16-hidden/500-epochs/checkpoints/epoch-5/GeneralSheaf_citeseer_fold8_seed43.pt
Saved confidence to /home/fguadagn/FMG_Master_Thesis/neural-sheaf-diffusion-modified/results/node_conf/citeseer/GeneralSheaf/normalised-true/stalk_dim-5/4-layers/16-hidden/500-epochs/checkpoints/epoch-5/GeneralSheaf_citeseer_fold8_seed43.pt
Saved per-node accuracy to /home/fguadagn/FMG_Master_Thesis/neural-sheaf-diffusion-modified/results/node_accuracy/citeseer/GeneralSheaf/normalised-true/stalk_dim-5/4-layers/16-hidden/500-epochs/checkpoints/epoch-5/GeneralSheaf_citeseer_fold8_seed43.pt
Saved saliency to /home/fguadagn/FMG_Master_Thesis/neural-sheaf-diffusion-modified/results/node_saliency/citeseer/GeneralSheaf/normalised-true/stalk_dim-5/4-layers/16-hidden/500-epochs/checkpoints/epoch-5/GeneralSheaf_citeseer_fold8_seed43.pt
Saved node norms to /home/fguadagn/FMG_Master_Thesis/neural-sheaf-diffusion-modified/results/node_norms/citeseer/GeneralSheaf/normalised-true/stalk_dim-5/4-layers/16-hidden/500-epochs/checkpoints/epoch-15/GeneralSheaf_citeseer_fold8_seed43.pt
Saved confidence to /home/fguadagn/FMG_Master_Thesis/neural-sheaf-diffusion-modified/results/node_conf/citeseer/GeneralSheaf/normalised-true/stalk_dim-5/4-layers/16-hidden/500-epochs/checkpoints/epoch-15/GeneralSheaf_citeseer_fold8_seed43.pt
Saved per-node accuracy to /home/fguadagn/FMG_Master_Thesis/neural-sheaf-diffusion-modified/results/node_accuracy/citeseer/GeneralSheaf/normalised-true/stalk_dim-5/4-layers/16-hidden/500-epochs/checkpoints/epoch-15/GeneralSheaf_citeseer_fold8_seed43.pt
Saved saliency to /home/fguadagn/FMG_Master_Thesis/neural-sheaf-diffusion-modified/results/node_saliency/citeseer/GeneralSheaf/normalised-true/stalk_dim-5/4-layers/16-hidden/500-epochs/checkpoints/epoch-15/GeneralSheaf_citeseer_fold8_seed43.pt
Saved node norms to /home/fguadagn/FMG_Master_Thesis/neural-sheaf-diffusion-modified/results/node_norms/citeseer/GeneralSheaf/normalised-true/stalk_dim-5/4-layers/16-hidden/500-epochs/checkpoints/epoch-50/GeneralSheaf_citeseer_fold8_seed43.pt
Saved confidence to /home/fguadagn/FMG_Master_Thesis/neural-sheaf-diffusion-modified/results/node_conf/citeseer/GeneralSheaf/normalised-true/stalk_dim-5/4-layers/16-hidden/500-epochs/checkpoints/epoch-50/GeneralSheaf_citeseer_fold8_seed43.pt
Saved per-node accuracy to /home/fguadagn/FMG_Master_Thesis/neural-sheaf-diffusion-modified/results/node_accuracy/citeseer/GeneralSheaf/normalised-true/stalk_dim-5/4-layers/16-hidden/500-epochs/checkpoints/epoch-50/GeneralSheaf_citeseer_fold8_seed43.pt
Saved saliency to /home/fguadagn/FMG_Master_Thesis/neural-sheaf-diffusion-modified/results/node_saliency/citeseer/GeneralSheaf/normalised-true/stalk_dim-5/4-layers/16-hidden/500-epochs/checkpoints/epoch-50/GeneralSheaf_citeseer_fold8_seed43.pt
Saved node norms to /home/fguadagn/FMG_Master_Thesis/neural-sheaf-diffusion-modified/results/node_norms/citeseer/GeneralSheaf/normalised-true/stalk_dim-5/4-layers/16-hidden/500-epochs/checkpoints/epoch-200/GeneralSheaf_citeseer_fold8_seed43.pt
Saved confidence to /home/fguadagn/FMG_Master_Thesis/neural-sheaf-diffusion-modified/results/node_conf/citeseer/GeneralSheaf/normalised-true/stalk_dim-5/4-layers/16-hidden/500-epochs/checkpoints/epoch-200/GeneralSheaf_citeseer_fold8_seed43.pt
Saved per-node accuracy to /home/fguadagn/FMG_Master_Thesis/neural-sheaf-diffusion-modified/results/node_accuracy/citeseer/GeneralSheaf/normalised-true/stalk_dim-5/4-layers/16-hidden/500-epochs/checkpoints/epoch-200/GeneralSheaf_citeseer_fold8_seed43.pt
Saved saliency to /home/fguadagn/FMG_Master_Thesis/neural-sheaf-diffusion-modified/results/node_saliency/citeseer/GeneralSheaf/normalised-true/stalk_dim-5/4-layers/16-hidden/500-epochs/checkpoints/epoch-200/GeneralSheaf_citeseer_fold8_seed43.pt
Fold 8 | Epochs: 225 | Best epoch: 25
Test acc (best epoch): 0.6601
Test acc (last epoch): 0.7266
Best val acc: 0.6456
Laplacian 0: Max: 0.3152, Min: -0.3342, Avg: -0.0187, Abs avg: 0.0888
Laplacian 1: Max: 1.0821, Min: -1.0944, Avg: -0.0089, Abs avg: 0.2028
Laplacian 2: Max: 2.9927, Min: -2.9620, Avg: -0.0027, Abs avg: 0.4275
Laplacian 3: Max: 4.9266, Min: -4.3754, Avg: 0.2608, Abs avg: 0.9320
Epsilons 0: [0.855 0.85  0.903 0.768 0.754]
Epsilons 1: [0.807 0.834 0.883 0.72  0.706]
Epsilons 2: [0.748 0.752 0.789 0.69  0.637]
Epsilons 3: [0.735 0.67  0.735 0.676 0.592]
Saved node norms to /home/fguadagn/FMG_Master_Thesis/neural-sheaf-diffusion-modified/results/node_norms/citeseer/GeneralSheaf/normalised-true/stalk_dim-5/4-layers/16-hidden/500-epochs/checkpoints/best-epoch/GeneralSheaf_citeseer_fold8_seed43.pt
Saved best-epoch node norms (epoch 25) to checkpoints/best-epoch/
Saved confidence to /home/fguadagn/FMG_Master_Thesis/neural-sheaf-diffusion-modified/results/node_conf/citeseer/GeneralSheaf/normalised-true/stalk_dim-5/4-layers/16-hidden/500-epochs/checkpoints/best-epoch/GeneralSheaf_citeseer_fold8_seed43.pt
Saved per-node accuracy to /home/fguadagn/FMG_Master_Thesis/neural-sheaf-diffusion-modified/results/node_accuracy/citeseer/GeneralSheaf/normalised-true/stalk_dim-5/4-layers/16-hidden/500-epochs/checkpoints/best-epoch/GeneralSheaf_citeseer_fold8_seed43.pt
Saved saliency to /home/fguadagn/FMG_Master_Thesis/neural-sheaf-diffusion-modified/results/node_saliency/citeseer/GeneralSheaf/normalised-true/stalk_dim-5/4-layers/16-hidden/500-epochs/checkpoints/best-epoch/GeneralSheaf_citeseer_fold8_seed43.pt
Saved model weights to /home/fguadagn/FMG_Master_Thesis/neural-sheaf-diffusion-modified/results/model_weights/citeseer/GeneralSheaf/normalised-true/stalk_dim-5/4-layers/16-hidden/500-epochs/checkpoints/best-epoch/GeneralSheaf_citeseer_fold8_seed43.pth
Saved fold masks to /home/fguadagn/FMG_Master_Thesis/neural-sheaf-diffusion-modified/results/model_weights/citeseer/GeneralSheaf/normalised-true/stalk_dim-5/4-layers/16-hidden/500-epochs/checkpoints/best-epoch/GeneralSheaf_citeseer_fold8_seed43_masks.pt
Saved best-epoch model weights and masks (epoch 25) to checkpoints/best-epoch/
Updated best_epochs.json: fold_8 -> epoch 25
Saved node norms to /home/fguadagn/FMG_Master_Thesis/neural-sheaf-diffusion-modified/results/node_norms/citeseer/GeneralSheaf/normalised-true/stalk_dim-5/4-layers/16-hidden/500-epochs/GeneralSheaf_citeseer_fold8_seed43.pt
Saved node predictions to /home/fguadagn/FMG_Master_Thesis/neural-sheaf-diffusion-modified/results/node_preds/citeseer/GeneralSheaf/normalised-true/stalk_dim-5/4-layers/16-hidden/500-epochs/GeneralSheaf_citeseer_fold8_seed43.pt
Saved confidence to /home/fguadagn/FMG_Master_Thesis/neural-sheaf-diffusion-modified/results/node_conf/citeseer/GeneralSheaf/normalised-true/stalk_dim-5/4-layers/16-hidden/500-epochs/GeneralSheaf_citeseer_fold8_seed43.pt
Saved per-node accuracy to /home/fguadagn/FMG_Master_Thesis/neural-sheaf-diffusion-modified/results/node_accuracy/citeseer/GeneralSheaf/normalised-true/stalk_dim-5/4-layers/16-hidden/500-epochs/GeneralSheaf_citeseer_fold8_seed43.pt
Saved saliency to /home/fguadagn/FMG_Master_Thesis/neural-sheaf-diffusion-modified/results/node_saliency/citeseer/GeneralSheaf/normalised-true/stalk_dim-5/4-layers/16-hidden/500-epochs/GeneralSheaf_citeseer_fold8_seed43.pt
Non zero masks tensor(3312)
Nodes 3327
Non valid 15
Saved node norms to /home/fguadagn/FMG_Master_Thesis/neural-sheaf-diffusion-modified/results/node_norms/citeseer/GeneralSheaf/normalised-true/stalk_dim-5/4-layers/16-hidden/500-epochs/checkpoints/epoch-0/GeneralSheaf_citeseer_fold9_seed43.pt
Saved confidence to /home/fguadagn/FMG_Master_Thesis/neural-sheaf-diffusion-modified/results/node_conf/citeseer/GeneralSheaf/normalised-true/stalk_dim-5/4-layers/16-hidden/500-epochs/checkpoints/epoch-0/GeneralSheaf_citeseer_fold9_seed43.pt
Saved per-node accuracy to /home/fguadagn/FMG_Master_Thesis/neural-sheaf-diffusion-modified/results/node_accuracy/citeseer/GeneralSheaf/normalised-true/stalk_dim-5/4-layers/16-hidden/500-epochs/checkpoints/epoch-0/GeneralSheaf_citeseer_fold9_seed43.pt
Saved saliency to /home/fguadagn/FMG_Master_Thesis/neural-sheaf-diffusion-modified/results/node_saliency/citeseer/GeneralSheaf/normalised-true/stalk_dim-5/4-layers/16-hidden/500-epochs/checkpoints/epoch-0/GeneralSheaf_citeseer_fold9_seed43.pt
Saved node norms to /home/fguadagn/FMG_Master_Thesis/neural-sheaf-diffusion-modified/results/node_norms/citeseer/GeneralSheaf/normalised-true/stalk_dim-5/4-layers/16-hidden/500-epochs/checkpoints/epoch-1/GeneralSheaf_citeseer_fold9_seed43.pt
Saved confidence to /home/fguadagn/FMG_Master_Thesis/neural-sheaf-diffusion-modified/results/node_conf/citeseer/GeneralSheaf/normalised-true/stalk_dim-5/4-layers/16-hidden/500-epochs/checkpoints/epoch-1/GeneralSheaf_citeseer_fold9_seed43.pt
Saved per-node accuracy to /home/fguadagn/FMG_Master_Thesis/neural-sheaf-diffusion-modified/results/node_accuracy/citeseer/GeneralSheaf/normalised-true/stalk_dim-5/4-layers/16-hidden/500-epochs/checkpoints/epoch-1/GeneralSheaf_citeseer_fold9_seed43.pt
Saved saliency to /home/fguadagn/FMG_Master_Thesis/neural-sheaf-diffusion-modified/results/node_saliency/citeseer/GeneralSheaf/normalised-true/stalk_dim-5/4-layers/16-hidden/500-epochs/checkpoints/epoch-1/GeneralSheaf_citeseer_fold9_seed43.pt
Saved node norms to /home/fguadagn/FMG_Master_Thesis/neural-sheaf-diffusion-modified/results/node_norms/citeseer/GeneralSheaf/normalised-true/stalk_dim-5/4-layers/16-hidden/500-epochs/checkpoints/epoch-5/GeneralSheaf_citeseer_fold9_seed43.pt
Saved confidence to /home/fguadagn/FMG_Master_Thesis/neural-sheaf-diffusion-modified/results/node_conf/citeseer/GeneralSheaf/normalised-true/stalk_dim-5/4-layers/16-hidden/500-epochs/checkpoints/epoch-5/GeneralSheaf_citeseer_fold9_seed43.pt
Saved per-node accuracy to /home/fguadagn/FMG_Master_Thesis/neural-sheaf-diffusion-modified/results/node_accuracy/citeseer/GeneralSheaf/normalised-true/stalk_dim-5/4-layers/16-hidden/500-epochs/checkpoints/epoch-5/GeneralSheaf_citeseer_fold9_seed43.pt
Saved saliency to /home/fguadagn/FMG_Master_Thesis/neural-sheaf-diffusion-modified/results/node_saliency/citeseer/GeneralSheaf/normalised-true/stalk_dim-5/4-layers/16-hidden/500-epochs/checkpoints/epoch-5/GeneralSheaf_citeseer_fold9_seed43.pt
Saved node norms to /home/fguadagn/FMG_Master_Thesis/neural-sheaf-diffusion-modified/results/node_norms/citeseer/GeneralSheaf/normalised-true/stalk_dim-5/4-layers/16-hidden/500-epochs/checkpoints/epoch-15/GeneralSheaf_citeseer_fold9_seed43.pt
Saved confidence to /home/fguadagn/FMG_Master_Thesis/neural-sheaf-diffusion-modified/results/node_conf/citeseer/GeneralSheaf/normalised-true/stalk_dim-5/4-layers/16-hidden/500-epochs/checkpoints/epoch-15/GeneralSheaf_citeseer_fold9_seed43.pt
Saved per-node accuracy to /home/fguadagn/FMG_Master_Thesis/neural-sheaf-diffusion-modified/results/node_accuracy/citeseer/GeneralSheaf/normalised-true/stalk_dim-5/4-layers/16-hidden/500-epochs/checkpoints/epoch-15/GeneralSheaf_citeseer_fold9_seed43.pt
Saved saliency to /home/fguadagn/FMG_Master_Thesis/neural-sheaf-diffusion-modified/results/node_saliency/citeseer/GeneralSheaf/normalised-true/stalk_dim-5/4-layers/16-hidden/500-epochs/checkpoints/epoch-15/GeneralSheaf_citeseer_fold9_seed43.pt
Saved node norms to /home/fguadagn/FMG_Master_Thesis/neural-sheaf-diffusion-modified/results/node_norms/citeseer/GeneralSheaf/normalised-true/stalk_dim-5/4-layers/16-hidden/500-epochs/checkpoints/epoch-50/GeneralSheaf_citeseer_fold9_seed43.pt
Saved confidence to /home/fguadagn/FMG_Master_Thesis/neural-sheaf-diffusion-modified/results/node_conf/citeseer/GeneralSheaf/normalised-true/stalk_dim-5/4-layers/16-hidden/500-epochs/checkpoints/epoch-50/GeneralSheaf_citeseer_fold9_seed43.pt
Saved per-node accuracy to /home/fguadagn/FMG_Master_Thesis/neural-sheaf-diffusion-modified/results/node_accuracy/citeseer/GeneralSheaf/normalised-true/stalk_dim-5/4-layers/16-hidden/500-epochs/checkpoints/epoch-50/GeneralSheaf_citeseer_fold9_seed43.pt
Saved saliency to /home/fguadagn/FMG_Master_Thesis/neural-sheaf-diffusion-modified/results/node_saliency/citeseer/GeneralSheaf/normalised-true/stalk_dim-5/4-layers/16-hidden/500-epochs/checkpoints/epoch-50/GeneralSheaf_citeseer_fold9_seed43.pt
Saved node norms to /home/fguadagn/FMG_Master_Thesis/neural-sheaf-diffusion-modified/results/node_norms/citeseer/GeneralSheaf/normalised-true/stalk_dim-5/4-layers/16-hidden/500-epochs/checkpoints/epoch-200/GeneralSheaf_citeseer_fold9_seed43.pt
Saved confidence to /home/fguadagn/FMG_Master_Thesis/neural-sheaf-diffusion-modified/results/node_conf/citeseer/GeneralSheaf/normalised-true/stalk_dim-5/4-layers/16-hidden/500-epochs/checkpoints/epoch-200/GeneralSheaf_citeseer_fold9_seed43.pt
Saved per-node accuracy to /home/fguadagn/FMG_Master_Thesis/neural-sheaf-diffusion-modified/results/node_accuracy/citeseer/GeneralSheaf/normalised-true/stalk_dim-5/4-layers/16-hidden/500-epochs/checkpoints/epoch-200/GeneralSheaf_citeseer_fold9_seed43.pt
Saved saliency to /home/fguadagn/FMG_Master_Thesis/neural-sheaf-diffusion-modified/results/node_saliency/citeseer/GeneralSheaf/normalised-true/stalk_dim-5/4-layers/16-hidden/500-epochs/checkpoints/epoch-200/GeneralSheaf_citeseer_fold9_seed43.pt
Fold 9 | Epochs: 227 | Best epoch: 27
Test acc (best epoch): 0.6837
Test acc (last epoch): 0.7334
Best val acc: 0.6670
Laplacian 0: Max: 0.1902, Min: -0.9376, Avg: -0.0219, Abs avg: 0.0667
Laplacian 1: Max: 0.9625, Min: -1.5916, Avg: -0.0551, Abs avg: 0.2129
Laplacian 2: Max: 3.7375, Min: -2.9297, Avg: -0.0072, Abs avg: 0.3454
Laplacian 3: Max: 4.9801, Min: -4.6326, Avg: -0.0309, Abs avg: 0.9426
Epsilons 0: [0.788 0.779 0.762 0.963 0.849]
Epsilons 1: [0.714 0.75  0.692 0.953 0.822]
Epsilons 2: [0.657 0.694 0.657 0.848 0.8  ]
Epsilons 3: [0.668 0.648 0.633 0.725 0.764]
Saved node norms to /home/fguadagn/FMG_Master_Thesis/neural-sheaf-diffusion-modified/results/node_norms/citeseer/GeneralSheaf/normalised-true/stalk_dim-5/4-layers/16-hidden/500-epochs/checkpoints/best-epoch/GeneralSheaf_citeseer_fold9_seed43.pt
Saved best-epoch node norms (epoch 27) to checkpoints/best-epoch/
Saved confidence to /home/fguadagn/FMG_Master_Thesis/neural-sheaf-diffusion-modified/results/node_conf/citeseer/GeneralSheaf/normalised-true/stalk_dim-5/4-layers/16-hidden/500-epochs/checkpoints/best-epoch/GeneralSheaf_citeseer_fold9_seed43.pt
Saved per-node accuracy to /home/fguadagn/FMG_Master_Thesis/neural-sheaf-diffusion-modified/results/node_accuracy/citeseer/GeneralSheaf/normalised-true/stalk_dim-5/4-layers/16-hidden/500-epochs/checkpoints/best-epoch/GeneralSheaf_citeseer_fold9_seed43.pt
Saved saliency to /home/fguadagn/FMG_Master_Thesis/neural-sheaf-diffusion-modified/results/node_saliency/citeseer/GeneralSheaf/normalised-true/stalk_dim-5/4-layers/16-hidden/500-epochs/checkpoints/best-epoch/GeneralSheaf_citeseer_fold9_seed43.pt
Saved model weights to /home/fguadagn/FMG_Master_Thesis/neural-sheaf-diffusion-modified/results/model_weights/citeseer/GeneralSheaf/normalised-true/stalk_dim-5/4-layers/16-hidden/500-epochs/checkpoints/best-epoch/GeneralSheaf_citeseer_fold9_seed43.pth
Saved fold masks to /home/fguadagn/FMG_Master_Thesis/neural-sheaf-diffusion-modified/results/model_weights/citeseer/GeneralSheaf/normalised-true/stalk_dim-5/4-layers/16-hidden/500-epochs/checkpoints/best-epoch/GeneralSheaf_citeseer_fold9_seed43_masks.pt
Saved best-epoch model weights and masks (epoch 27) to checkpoints/best-epoch/
Updated best_epochs.json: fold_9 -> epoch 27
Saved node norms to /home/fguadagn/FMG_Master_Thesis/neural-sheaf-diffusion-modified/results/node_norms/citeseer/GeneralSheaf/normalised-true/stalk_dim-5/4-layers/16-hidden/500-epochs/GeneralSheaf_citeseer_fold9_seed43.pt
Saved node predictions to /home/fguadagn/FMG_Master_Thesis/neural-sheaf-diffusion-modified/results/node_preds/citeseer/GeneralSheaf/normalised-true/stalk_dim-5/4-layers/16-hidden/500-epochs/GeneralSheaf_citeseer_fold9_seed43.pt
Saved confidence to /home/fguadagn/FMG_Master_Thesis/neural-sheaf-diffusion-modified/results/node_conf/citeseer/GeneralSheaf/normalised-true/stalk_dim-5/4-layers/16-hidden/500-epochs/GeneralSheaf_citeseer_fold9_seed43.pt
Saved per-node accuracy to /home/fguadagn/FMG_Master_Thesis/neural-sheaf-diffusion-modified/results/node_accuracy/citeseer/GeneralSheaf/normalised-true/stalk_dim-5/4-layers/16-hidden/500-epochs/GeneralSheaf_citeseer_fold9_seed43.pt
Saved saliency to /home/fguadagn/FMG_Master_Thesis/neural-sheaf-diffusion-modified/results/node_saliency/citeseer/GeneralSheaf/normalised-true/stalk_dim-5/4-layers/16-hidden/500-epochs/GeneralSheaf_citeseer_fold9_seed43.pt
GeneralSheaf on citeseer | SHA: 76c20f9b6a5a98e71dded402ae983d844519635e
Test acc: 65.3081 +/- 3.5995 | Val acc: 65.8853
