Running with wandb account: franceguad2002-epfl
Namespace(epochs=500, lr=0.02, weight_decay=0.0006914841722570725, sheaf_decay=0.00031764232712732976, early_stopping=200, min_acc=0.0, stop_strategy='loss', d=2, layers=2, normalised=True, deg_normalised=False, linear=False, hidden_channels=16, input_dropout=0.2, dropout=0.5, left_weights=True, right_weights=True, add_lp=False, add_hp=False, use_act=True, second_linear=False, orth='householder', sheaf_act='tanh', edge_weights=True, sparse_learner=False, dataset='cornell', seed=43, cuda=0, folds=10, model='GeneralSheaf', entity='franceguad2002-epfl', evectors=0, max_t=1.0, int_method=None, step_size=1, max_iters=100, adjoint_method='adaptive_heun', adjoint=False, adjoint_step_size=1, tol_scale=1.0, tol_scale_adjoint=1.0, max_nfe=1000, no_early=False, earlystopxT=3, max_test_steps=100, num_nodes=200, num_classes=2, num_feats=10, het_coef=0.9, edge_noise=0.05, node_degree=10, feat_noise=0.25, ellipsoid_radius=1, just_add_noise=False, ellipsoids=True, classes_corr=None, dual_diff_strength=1.0, dual_normalised=True, sheaf_init=False, dual_left_linear=True, dual_right_linear=True, dual_linear=False, learn_first_maps=False, learnt_map_type='general', rotation_invariant_sheaf_learner=False, node_edge_sims_time_dependent=False, num_of_convolutions=1, dim_list=[], zero_laplacian=False, maps_lr=None, use_epsilons=True, use_embedding=True, checkpoint_epochs=[0, 1, 5, 15, 50, 200], save_laplacians=False, save_norms=True, save_preds=True, save_saliency=True, save_others=False, sha='76c20f9b6a5a98e71dded402ae983d844519635e', graph_size=183, input_dim=1703, output_dim=5, device=device(type='cuda', index=0))
Saved node norms to /home/fguadagn/FMG_Master_Thesis/neural-sheaf-diffusion-modified/results/node_norms/cornell/GeneralSheaf/normalised-true/stalk_dim-2/2-layers/16-hidden/500-epochs/checkpoints/epoch-0/GeneralSheaf_cornell_fold0_seed43.pt
Saved confidence to /home/fguadagn/FMG_Master_Thesis/neural-sheaf-diffusion-modified/results/node_conf/cornell/GeneralSheaf/normalised-true/stalk_dim-2/2-layers/16-hidden/500-epochs/checkpoints/epoch-0/GeneralSheaf_cornell_fold0_seed43.pt
Saved per-node accuracy to /home/fguadagn/FMG_Master_Thesis/neural-sheaf-diffusion-modified/results/node_accuracy/cornell/GeneralSheaf/normalised-true/stalk_dim-2/2-layers/16-hidden/500-epochs/checkpoints/epoch-0/GeneralSheaf_cornell_fold0_seed43.pt
Saved saliency to /home/fguadagn/FMG_Master_Thesis/neural-sheaf-diffusion-modified/results/node_saliency/cornell/GeneralSheaf/normalised-true/stalk_dim-2/2-layers/16-hidden/500-epochs/checkpoints/epoch-0/GeneralSheaf_cornell_fold0_seed43.pt
Saved node norms to /home/fguadagn/FMG_Master_Thesis/neural-sheaf-diffusion-modified/results/node_norms/cornell/GeneralSheaf/normalised-true/stalk_dim-2/2-layers/16-hidden/500-epochs/checkpoints/epoch-1/GeneralSheaf_cornell_fold0_seed43.pt
Saved confidence to /home/fguadagn/FMG_Master_Thesis/neural-sheaf-diffusion-modified/results/node_conf/cornell/GeneralSheaf/normalised-true/stalk_dim-2/2-layers/16-hidden/500-epochs/checkpoints/epoch-1/GeneralSheaf_cornell_fold0_seed43.pt
Saved per-node accuracy to /home/fguadagn/FMG_Master_Thesis/neural-sheaf-diffusion-modified/results/node_accuracy/cornell/GeneralSheaf/normalised-true/stalk_dim-2/2-layers/16-hidden/500-epochs/checkpoints/epoch-1/GeneralSheaf_cornell_fold0_seed43.pt
Saved saliency to /home/fguadagn/FMG_Master_Thesis/neural-sheaf-diffusion-modified/results/node_saliency/cornell/GeneralSheaf/normalised-true/stalk_dim-2/2-layers/16-hidden/500-epochs/checkpoints/epoch-1/GeneralSheaf_cornell_fold0_seed43.pt
Saved node norms to /home/fguadagn/FMG_Master_Thesis/neural-sheaf-diffusion-modified/results/node_norms/cornell/GeneralSheaf/normalised-true/stalk_dim-2/2-layers/16-hidden/500-epochs/checkpoints/epoch-5/GeneralSheaf_cornell_fold0_seed43.pt
Saved confidence to /home/fguadagn/FMG_Master_Thesis/neural-sheaf-diffusion-modified/results/node_conf/cornell/GeneralSheaf/normalised-true/stalk_dim-2/2-layers/16-hidden/500-epochs/checkpoints/epoch-5/GeneralSheaf_cornell_fold0_seed43.pt
Saved per-node accuracy to /home/fguadagn/FMG_Master_Thesis/neural-sheaf-diffusion-modified/results/node_accuracy/cornell/GeneralSheaf/normalised-true/stalk_dim-2/2-layers/16-hidden/500-epochs/checkpoints/epoch-5/GeneralSheaf_cornell_fold0_seed43.pt
Saved saliency to /home/fguadagn/FMG_Master_Thesis/neural-sheaf-diffusion-modified/results/node_saliency/cornell/GeneralSheaf/normalised-true/stalk_dim-2/2-layers/16-hidden/500-epochs/checkpoints/epoch-5/GeneralSheaf_cornell_fold0_seed43.pt
Saved node norms to /home/fguadagn/FMG_Master_Thesis/neural-sheaf-diffusion-modified/results/node_norms/cornell/GeneralSheaf/normalised-true/stalk_dim-2/2-layers/16-hidden/500-epochs/checkpoints/epoch-15/GeneralSheaf_cornell_fold0_seed43.pt
Saved confidence to /home/fguadagn/FMG_Master_Thesis/neural-sheaf-diffusion-modified/results/node_conf/cornell/GeneralSheaf/normalised-true/stalk_dim-2/2-layers/16-hidden/500-epochs/checkpoints/epoch-15/GeneralSheaf_cornell_fold0_seed43.pt
Saved per-node accuracy to /home/fguadagn/FMG_Master_Thesis/neural-sheaf-diffusion-modified/results/node_accuracy/cornell/GeneralSheaf/normalised-true/stalk_dim-2/2-layers/16-hidden/500-epochs/checkpoints/epoch-15/GeneralSheaf_cornell_fold0_seed43.pt
Saved saliency to /home/fguadagn/FMG_Master_Thesis/neural-sheaf-diffusion-modified/results/node_saliency/cornell/GeneralSheaf/normalised-true/stalk_dim-2/2-layers/16-hidden/500-epochs/checkpoints/epoch-15/GeneralSheaf_cornell_fold0_seed43.pt
Saved node norms to /home/fguadagn/FMG_Master_Thesis/neural-sheaf-diffusion-modified/results/node_norms/cornell/GeneralSheaf/normalised-true/stalk_dim-2/2-layers/16-hidden/500-epochs/checkpoints/epoch-50/GeneralSheaf_cornell_fold0_seed43.pt
Saved confidence to /home/fguadagn/FMG_Master_Thesis/neural-sheaf-diffusion-modified/results/node_conf/cornell/GeneralSheaf/normalised-true/stalk_dim-2/2-layers/16-hidden/500-epochs/checkpoints/epoch-50/GeneralSheaf_cornell_fold0_seed43.pt
Saved per-node accuracy to /home/fguadagn/FMG_Master_Thesis/neural-sheaf-diffusion-modified/results/node_accuracy/cornell/GeneralSheaf/normalised-true/stalk_dim-2/2-layers/16-hidden/500-epochs/checkpoints/epoch-50/GeneralSheaf_cornell_fold0_seed43.pt
Saved saliency to /home/fguadagn/FMG_Master_Thesis/neural-sheaf-diffusion-modified/results/node_saliency/cornell/GeneralSheaf/normalised-true/stalk_dim-2/2-layers/16-hidden/500-epochs/checkpoints/epoch-50/GeneralSheaf_cornell_fold0_seed43.pt
Saved node norms to /home/fguadagn/FMG_Master_Thesis/neural-sheaf-diffusion-modified/results/node_norms/cornell/GeneralSheaf/normalised-true/stalk_dim-2/2-layers/16-hidden/500-epochs/checkpoints/epoch-200/GeneralSheaf_cornell_fold0_seed43.pt
Saved confidence to /home/fguadagn/FMG_Master_Thesis/neural-sheaf-diffusion-modified/results/node_conf/cornell/GeneralSheaf/normalised-true/stalk_dim-2/2-layers/16-hidden/500-epochs/checkpoints/epoch-200/GeneralSheaf_cornell_fold0_seed43.pt
Saved per-node accuracy to /home/fguadagn/FMG_Master_Thesis/neural-sheaf-diffusion-modified/results/node_accuracy/cornell/GeneralSheaf/normalised-true/stalk_dim-2/2-layers/16-hidden/500-epochs/checkpoints/epoch-200/GeneralSheaf_cornell_fold0_seed43.pt
Saved saliency to /home/fguadagn/FMG_Master_Thesis/neural-sheaf-diffusion-modified/results/node_saliency/cornell/GeneralSheaf/normalised-true/stalk_dim-2/2-layers/16-hidden/500-epochs/checkpoints/epoch-200/GeneralSheaf_cornell_fold0_seed43.pt
Fold 0 | Epochs: 347 | Best epoch: 147
Test acc (best epoch): 0.6757
Test acc (last epoch): 0.6757
Best val acc: 0.8136
Laplacian 0: Max: 0.3757, Min: -0.4913, Avg: -0.0735, Abs avg: 0.1534
Laplacian 1: Max: 1.3875, Min: -1.6952, Avg: -0.2286, Abs avg: 0.5777
Epsilons 0: [1.646 1.492]
Epsilons 1: [1.639 1.497]
Saved node norms to /home/fguadagn/FMG_Master_Thesis/neural-sheaf-diffusion-modified/results/node_norms/cornell/GeneralSheaf/normalised-true/stalk_dim-2/2-layers/16-hidden/500-epochs/checkpoints/best-epoch/GeneralSheaf_cornell_fold0_seed43.pt
Saved best-epoch node norms (epoch 147) to checkpoints/best-epoch/
Saved confidence to /home/fguadagn/FMG_Master_Thesis/neural-sheaf-diffusion-modified/results/node_conf/cornell/GeneralSheaf/normalised-true/stalk_dim-2/2-layers/16-hidden/500-epochs/checkpoints/best-epoch/GeneralSheaf_cornell_fold0_seed43.pt
Saved per-node accuracy to /home/fguadagn/FMG_Master_Thesis/neural-sheaf-diffusion-modified/results/node_accuracy/cornell/GeneralSheaf/normalised-true/stalk_dim-2/2-layers/16-hidden/500-epochs/checkpoints/best-epoch/GeneralSheaf_cornell_fold0_seed43.pt
Saved saliency to /home/fguadagn/FMG_Master_Thesis/neural-sheaf-diffusion-modified/results/node_saliency/cornell/GeneralSheaf/normalised-true/stalk_dim-2/2-layers/16-hidden/500-epochs/checkpoints/best-epoch/GeneralSheaf_cornell_fold0_seed43.pt
Saved training args to /home/fguadagn/FMG_Master_Thesis/neural-sheaf-diffusion-modified/results/model_weights/cornell/GeneralSheaf/normalised-true/stalk_dim-2/2-layers/16-hidden/500-epochs/training_args.json
Saved model weights to /home/fguadagn/FMG_Master_Thesis/neural-sheaf-diffusion-modified/results/model_weights/cornell/GeneralSheaf/normalised-true/stalk_dim-2/2-layers/16-hidden/500-epochs/checkpoints/best-epoch/GeneralSheaf_cornell_fold0_seed43.pth
Saved fold masks to /home/fguadagn/FMG_Master_Thesis/neural-sheaf-diffusion-modified/results/model_weights/cornell/GeneralSheaf/normalised-true/stalk_dim-2/2-layers/16-hidden/500-epochs/checkpoints/best-epoch/GeneralSheaf_cornell_fold0_seed43_masks.pt
Saved best-epoch model weights and masks (epoch 147) to checkpoints/best-epoch/
Updated best_epochs.json: fold_0 -> epoch 147
Saved node norms to /home/fguadagn/FMG_Master_Thesis/neural-sheaf-diffusion-modified/results/node_norms/cornell/GeneralSheaf/normalised-true/stalk_dim-2/2-layers/16-hidden/500-epochs/GeneralSheaf_cornell_fold0_seed43.pt
Saved node predictions to /home/fguadagn/FMG_Master_Thesis/neural-sheaf-diffusion-modified/results/node_preds/cornell/GeneralSheaf/normalised-true/stalk_dim-2/2-layers/16-hidden/500-epochs/GeneralSheaf_cornell_fold0_seed43.pt
Saved confidence to /home/fguadagn/FMG_Master_Thesis/neural-sheaf-diffusion-modified/results/node_conf/cornell/GeneralSheaf/normalised-true/stalk_dim-2/2-layers/16-hidden/500-epochs/GeneralSheaf_cornell_fold0_seed43.pt
Saved per-node accuracy to /home/fguadagn/FMG_Master_Thesis/neural-sheaf-diffusion-modified/results/node_accuracy/cornell/GeneralSheaf/normalised-true/stalk_dim-2/2-layers/16-hidden/500-epochs/GeneralSheaf_cornell_fold0_seed43.pt
Saved saliency to /home/fguadagn/FMG_Master_Thesis/neural-sheaf-diffusion-modified/results/node_saliency/cornell/GeneralSheaf/normalised-true/stalk_dim-2/2-layers/16-hidden/500-epochs/GeneralSheaf_cornell_fold0_seed43.pt
Saved node norms to /home/fguadagn/FMG_Master_Thesis/neural-sheaf-diffusion-modified/results/node_norms/cornell/GeneralSheaf/normalised-true/stalk_dim-2/2-layers/16-hidden/500-epochs/checkpoints/epoch-0/GeneralSheaf_cornell_fold1_seed43.pt
Saved confidence to /home/fguadagn/FMG_Master_Thesis/neural-sheaf-diffusion-modified/results/node_conf/cornell/GeneralSheaf/normalised-true/stalk_dim-2/2-layers/16-hidden/500-epochs/checkpoints/epoch-0/GeneralSheaf_cornell_fold1_seed43.pt
Saved per-node accuracy to /home/fguadagn/FMG_Master_Thesis/neural-sheaf-diffusion-modified/results/node_accuracy/cornell/GeneralSheaf/normalised-true/stalk_dim-2/2-layers/16-hidden/500-epochs/checkpoints/epoch-0/GeneralSheaf_cornell_fold1_seed43.pt
Saved saliency to /home/fguadagn/FMG_Master_Thesis/neural-sheaf-diffusion-modified/results/node_saliency/cornell/GeneralSheaf/normalised-true/stalk_dim-2/2-layers/16-hidden/500-epochs/checkpoints/epoch-0/GeneralSheaf_cornell_fold1_seed43.pt
Saved node norms to /home/fguadagn/FMG_Master_Thesis/neural-sheaf-diffusion-modified/results/node_norms/cornell/GeneralSheaf/normalised-true/stalk_dim-2/2-layers/16-hidden/500-epochs/checkpoints/epoch-1/GeneralSheaf_cornell_fold1_seed43.pt
Saved confidence to /home/fguadagn/FMG_Master_Thesis/neural-sheaf-diffusion-modified/results/node_conf/cornell/GeneralSheaf/normalised-true/stalk_dim-2/2-layers/16-hidden/500-epochs/checkpoints/epoch-1/GeneralSheaf_cornell_fold1_seed43.pt
Saved per-node accuracy to /home/fguadagn/FMG_Master_Thesis/neural-sheaf-diffusion-modified/results/node_accuracy/cornell/GeneralSheaf/normalised-true/stalk_dim-2/2-layers/16-hidden/500-epochs/checkpoints/epoch-1/GeneralSheaf_cornell_fold1_seed43.pt
Saved saliency to /home/fguadagn/FMG_Master_Thesis/neural-sheaf-diffusion-modified/results/node_saliency/cornell/GeneralSheaf/normalised-true/stalk_dim-2/2-layers/16-hidden/500-epochs/checkpoints/epoch-1/GeneralSheaf_cornell_fold1_seed43.pt
Saved node norms to /home/fguadagn/FMG_Master_Thesis/neural-sheaf-diffusion-modified/results/node_norms/cornell/GeneralSheaf/normalised-true/stalk_dim-2/2-layers/16-hidden/500-epochs/checkpoints/epoch-5/GeneralSheaf_cornell_fold1_seed43.pt
Saved confidence to /home/fguadagn/FMG_Master_Thesis/neural-sheaf-diffusion-modified/results/node_conf/cornell/GeneralSheaf/normalised-true/stalk_dim-2/2-layers/16-hidden/500-epochs/checkpoints/epoch-5/GeneralSheaf_cornell_fold1_seed43.pt
Saved per-node accuracy to /home/fguadagn/FMG_Master_Thesis/neural-sheaf-diffusion-modified/results/node_accuracy/cornell/GeneralSheaf/normalised-true/stalk_dim-2/2-layers/16-hidden/500-epochs/checkpoints/epoch-5/GeneralSheaf_cornell_fold1_seed43.pt
Saved saliency to /home/fguadagn/FMG_Master_Thesis/neural-sheaf-diffusion-modified/results/node_saliency/cornell/GeneralSheaf/normalised-true/stalk_dim-2/2-layers/16-hidden/500-epochs/checkpoints/epoch-5/GeneralSheaf_cornell_fold1_seed43.pt
Saved node norms to /home/fguadagn/FMG_Master_Thesis/neural-sheaf-diffusion-modified/results/node_norms/cornell/GeneralSheaf/normalised-true/stalk_dim-2/2-layers/16-hidden/500-epochs/checkpoints/epoch-15/GeneralSheaf_cornell_fold1_seed43.pt
Saved confidence to /home/fguadagn/FMG_Master_Thesis/neural-sheaf-diffusion-modified/results/node_conf/cornell/GeneralSheaf/normalised-true/stalk_dim-2/2-layers/16-hidden/500-epochs/checkpoints/epoch-15/GeneralSheaf_cornell_fold1_seed43.pt
Saved per-node accuracy to /home/fguadagn/FMG_Master_Thesis/neural-sheaf-diffusion-modified/results/node_accuracy/cornell/GeneralSheaf/normalised-true/stalk_dim-2/2-layers/16-hidden/500-epochs/checkpoints/epoch-15/GeneralSheaf_cornell_fold1_seed43.pt
Saved saliency to /home/fguadagn/FMG_Master_Thesis/neural-sheaf-diffusion-modified/results/node_saliency/cornell/GeneralSheaf/normalised-true/stalk_dim-2/2-layers/16-hidden/500-epochs/checkpoints/epoch-15/GeneralSheaf_cornell_fold1_seed43.pt
Saved node norms to /home/fguadagn/FMG_Master_Thesis/neural-sheaf-diffusion-modified/results/node_norms/cornell/GeneralSheaf/normalised-true/stalk_dim-2/2-layers/16-hidden/500-epochs/checkpoints/epoch-50/GeneralSheaf_cornell_fold1_seed43.pt
Saved confidence to /home/fguadagn/FMG_Master_Thesis/neural-sheaf-diffusion-modified/results/node_conf/cornell/GeneralSheaf/normalised-true/stalk_dim-2/2-layers/16-hidden/500-epochs/checkpoints/epoch-50/GeneralSheaf_cornell_fold1_seed43.pt
Saved per-node accuracy to /home/fguadagn/FMG_Master_Thesis/neural-sheaf-diffusion-modified/results/node_accuracy/cornell/GeneralSheaf/normalised-true/stalk_dim-2/2-layers/16-hidden/500-epochs/checkpoints/epoch-50/GeneralSheaf_cornell_fold1_seed43.pt
Saved saliency to /home/fguadagn/FMG_Master_Thesis/neural-sheaf-diffusion-modified/results/node_saliency/cornell/GeneralSheaf/normalised-true/stalk_dim-2/2-layers/16-hidden/500-epochs/checkpoints/epoch-50/GeneralSheaf_cornell_fold1_seed43.pt
Saved node norms to /home/fguadagn/FMG_Master_Thesis/neural-sheaf-diffusion-modified/results/node_norms/cornell/GeneralSheaf/normalised-true/stalk_dim-2/2-layers/16-hidden/500-epochs/checkpoints/epoch-200/GeneralSheaf_cornell_fold1_seed43.pt
Saved confidence to /home/fguadagn/FMG_Master_Thesis/neural-sheaf-diffusion-modified/results/node_conf/cornell/GeneralSheaf/normalised-true/stalk_dim-2/2-layers/16-hidden/500-epochs/checkpoints/epoch-200/GeneralSheaf_cornell_fold1_seed43.pt
Saved per-node accuracy to /home/fguadagn/FMG_Master_Thesis/neural-sheaf-diffusion-modified/results/node_accuracy/cornell/GeneralSheaf/normalised-true/stalk_dim-2/2-layers/16-hidden/500-epochs/checkpoints/epoch-200/GeneralSheaf_cornell_fold1_seed43.pt
Saved saliency to /home/fguadagn/FMG_Master_Thesis/neural-sheaf-diffusion-modified/results/node_saliency/cornell/GeneralSheaf/normalised-true/stalk_dim-2/2-layers/16-hidden/500-epochs/checkpoints/epoch-200/GeneralSheaf_cornell_fold1_seed43.pt
Fold 1 | Epochs: 274 | Best epoch: 74
Test acc (best epoch): 0.8649
Test acc (last epoch): 0.7568
Best val acc: 0.7966
Laplacian 0: Max: 0.3873, Min: -1.0457, Avg: -0.3691, Abs avg: 0.3943
Laplacian 1: Max: 1.0432, Min: -1.9792, Avg: -0.4520, Abs avg: 0.6296
Epsilons 0: [1.475 1.52 ]
Epsilons 1: [1.511 1.491]
Saved node norms to /home/fguadagn/FMG_Master_Thesis/neural-sheaf-diffusion-modified/results/node_norms/cornell/GeneralSheaf/normalised-true/stalk_dim-2/2-layers/16-hidden/500-epochs/checkpoints/best-epoch/GeneralSheaf_cornell_fold1_seed43.pt
Saved best-epoch node norms (epoch 74) to checkpoints/best-epoch/
Saved confidence to /home/fguadagn/FMG_Master_Thesis/neural-sheaf-diffusion-modified/results/node_conf/cornell/GeneralSheaf/normalised-true/stalk_dim-2/2-layers/16-hidden/500-epochs/checkpoints/best-epoch/GeneralSheaf_cornell_fold1_seed43.pt
Saved per-node accuracy to /home/fguadagn/FMG_Master_Thesis/neural-sheaf-diffusion-modified/results/node_accuracy/cornell/GeneralSheaf/normalised-true/stalk_dim-2/2-layers/16-hidden/500-epochs/checkpoints/best-epoch/GeneralSheaf_cornell_fold1_seed43.pt
Saved saliency to /home/fguadagn/FMG_Master_Thesis/neural-sheaf-diffusion-modified/results/node_saliency/cornell/GeneralSheaf/normalised-true/stalk_dim-2/2-layers/16-hidden/500-epochs/checkpoints/best-epoch/GeneralSheaf_cornell_fold1_seed43.pt
Saved model weights to /home/fguadagn/FMG_Master_Thesis/neural-sheaf-diffusion-modified/results/model_weights/cornell/GeneralSheaf/normalised-true/stalk_dim-2/2-layers/16-hidden/500-epochs/checkpoints/best-epoch/GeneralSheaf_cornell_fold1_seed43.pth
Saved fold masks to /home/fguadagn/FMG_Master_Thesis/neural-sheaf-diffusion-modified/results/model_weights/cornell/GeneralSheaf/normalised-true/stalk_dim-2/2-layers/16-hidden/500-epochs/checkpoints/best-epoch/GeneralSheaf_cornell_fold1_seed43_masks.pt
Saved best-epoch model weights and masks (epoch 74) to checkpoints/best-epoch/
Updated best_epochs.json: fold_1 -> epoch 74
Saved node norms to /home/fguadagn/FMG_Master_Thesis/neural-sheaf-diffusion-modified/results/node_norms/cornell/GeneralSheaf/normalised-true/stalk_dim-2/2-layers/16-hidden/500-epochs/GeneralSheaf_cornell_fold1_seed43.pt
Saved node predictions to /home/fguadagn/FMG_Master_Thesis/neural-sheaf-diffusion-modified/results/node_preds/cornell/GeneralSheaf/normalised-true/stalk_dim-2/2-layers/16-hidden/500-epochs/GeneralSheaf_cornell_fold1_seed43.pt
Saved confidence to /home/fguadagn/FMG_Master_Thesis/neural-sheaf-diffusion-modified/results/node_conf/cornell/GeneralSheaf/normalised-true/stalk_dim-2/2-layers/16-hidden/500-epochs/GeneralSheaf_cornell_fold1_seed43.pt
Saved per-node accuracy to /home/fguadagn/FMG_Master_Thesis/neural-sheaf-diffusion-modified/results/node_accuracy/cornell/GeneralSheaf/normalised-true/stalk_dim-2/2-layers/16-hidden/500-epochs/GeneralSheaf_cornell_fold1_seed43.pt
Saved saliency to /home/fguadagn/FMG_Master_Thesis/neural-sheaf-diffusion-modified/results/node_saliency/cornell/GeneralSheaf/normalised-true/stalk_dim-2/2-layers/16-hidden/500-epochs/GeneralSheaf_cornell_fold1_seed43.pt
Saved node norms to /home/fguadagn/FMG_Master_Thesis/neural-sheaf-diffusion-modified/results/node_norms/cornell/GeneralSheaf/normalised-true/stalk_dim-2/2-layers/16-hidden/500-epochs/checkpoints/epoch-0/GeneralSheaf_cornell_fold2_seed43.pt
Saved confidence to /home/fguadagn/FMG_Master_Thesis/neural-sheaf-diffusion-modified/results/node_conf/cornell/GeneralSheaf/normalised-true/stalk_dim-2/2-layers/16-hidden/500-epochs/checkpoints/epoch-0/GeneralSheaf_cornell_fold2_seed43.pt
Saved per-node accuracy to /home/fguadagn/FMG_Master_Thesis/neural-sheaf-diffusion-modified/results/node_accuracy/cornell/GeneralSheaf/normalised-true/stalk_dim-2/2-layers/16-hidden/500-epochs/checkpoints/epoch-0/GeneralSheaf_cornell_fold2_seed43.pt
Saved saliency to /home/fguadagn/FMG_Master_Thesis/neural-sheaf-diffusion-modified/results/node_saliency/cornell/GeneralSheaf/normalised-true/stalk_dim-2/2-layers/16-hidden/500-epochs/checkpoints/epoch-0/GeneralSheaf_cornell_fold2_seed43.pt
Saved node norms to /home/fguadagn/FMG_Master_Thesis/neural-sheaf-diffusion-modified/results/node_norms/cornell/GeneralSheaf/normalised-true/stalk_dim-2/2-layers/16-hidden/500-epochs/checkpoints/epoch-1/GeneralSheaf_cornell_fold2_seed43.pt
Saved confidence to /home/fguadagn/FMG_Master_Thesis/neural-sheaf-diffusion-modified/results/node_conf/cornell/GeneralSheaf/normalised-true/stalk_dim-2/2-layers/16-hidden/500-epochs/checkpoints/epoch-1/GeneralSheaf_cornell_fold2_seed43.pt
Saved per-node accuracy to /home/fguadagn/FMG_Master_Thesis/neural-sheaf-diffusion-modified/results/node_accuracy/cornell/GeneralSheaf/normalised-true/stalk_dim-2/2-layers/16-hidden/500-epochs/checkpoints/epoch-1/GeneralSheaf_cornell_fold2_seed43.pt
Saved saliency to /home/fguadagn/FMG_Master_Thesis/neural-sheaf-diffusion-modified/results/node_saliency/cornell/GeneralSheaf/normalised-true/stalk_dim-2/2-layers/16-hidden/500-epochs/checkpoints/epoch-1/GeneralSheaf_cornell_fold2_seed43.pt
Saved node norms to /home/fguadagn/FMG_Master_Thesis/neural-sheaf-diffusion-modified/results/node_norms/cornell/GeneralSheaf/normalised-true/stalk_dim-2/2-layers/16-hidden/500-epochs/checkpoints/epoch-5/GeneralSheaf_cornell_fold2_seed43.pt
Saved confidence to /home/fguadagn/FMG_Master_Thesis/neural-sheaf-diffusion-modified/results/node_conf/cornell/GeneralSheaf/normalised-true/stalk_dim-2/2-layers/16-hidden/500-epochs/checkpoints/epoch-5/GeneralSheaf_cornell_fold2_seed43.pt
Saved per-node accuracy to /home/fguadagn/FMG_Master_Thesis/neural-sheaf-diffusion-modified/results/node_accuracy/cornell/GeneralSheaf/normalised-true/stalk_dim-2/2-layers/16-hidden/500-epochs/checkpoints/epoch-5/GeneralSheaf_cornell_fold2_seed43.pt
Saved saliency to /home/fguadagn/FMG_Master_Thesis/neural-sheaf-diffusion-modified/results/node_saliency/cornell/GeneralSheaf/normalised-true/stalk_dim-2/2-layers/16-hidden/500-epochs/checkpoints/epoch-5/GeneralSheaf_cornell_fold2_seed43.pt
Saved node norms to /home/fguadagn/FMG_Master_Thesis/neural-sheaf-diffusion-modified/results/node_norms/cornell/GeneralSheaf/normalised-true/stalk_dim-2/2-layers/16-hidden/500-epochs/checkpoints/epoch-15/GeneralSheaf_cornell_fold2_seed43.pt
Saved confidence to /home/fguadagn/FMG_Master_Thesis/neural-sheaf-diffusion-modified/results/node_conf/cornell/GeneralSheaf/normalised-true/stalk_dim-2/2-layers/16-hidden/500-epochs/checkpoints/epoch-15/GeneralSheaf_cornell_fold2_seed43.pt
Saved per-node accuracy to /home/fguadagn/FMG_Master_Thesis/neural-sheaf-diffusion-modified/results/node_accuracy/cornell/GeneralSheaf/normalised-true/stalk_dim-2/2-layers/16-hidden/500-epochs/checkpoints/epoch-15/GeneralSheaf_cornell_fold2_seed43.pt
Saved saliency to /home/fguadagn/FMG_Master_Thesis/neural-sheaf-diffusion-modified/results/node_saliency/cornell/GeneralSheaf/normalised-true/stalk_dim-2/2-layers/16-hidden/500-epochs/checkpoints/epoch-15/GeneralSheaf_cornell_fold2_seed43.pt
Saved node norms to /home/fguadagn/FMG_Master_Thesis/neural-sheaf-diffusion-modified/results/node_norms/cornell/GeneralSheaf/normalised-true/stalk_dim-2/2-layers/16-hidden/500-epochs/checkpoints/epoch-50/GeneralSheaf_cornell_fold2_seed43.pt
Saved confidence to /home/fguadagn/FMG_Master_Thesis/neural-sheaf-diffusion-modified/results/node_conf/cornell/GeneralSheaf/normalised-true/stalk_dim-2/2-layers/16-hidden/500-epochs/checkpoints/epoch-50/GeneralSheaf_cornell_fold2_seed43.pt
Saved per-node accuracy to /home/fguadagn/FMG_Master_Thesis/neural-sheaf-diffusion-modified/results/node_accuracy/cornell/GeneralSheaf/normalised-true/stalk_dim-2/2-layers/16-hidden/500-epochs/checkpoints/epoch-50/GeneralSheaf_cornell_fold2_seed43.pt
Saved saliency to /home/fguadagn/FMG_Master_Thesis/neural-sheaf-diffusion-modified/results/node_saliency/cornell/GeneralSheaf/normalised-true/stalk_dim-2/2-layers/16-hidden/500-epochs/checkpoints/epoch-50/GeneralSheaf_cornell_fold2_seed43.pt
Saved node norms to /home/fguadagn/FMG_Master_Thesis/neural-sheaf-diffusion-modified/results/node_norms/cornell/GeneralSheaf/normalised-true/stalk_dim-2/2-layers/16-hidden/500-epochs/checkpoints/epoch-200/GeneralSheaf_cornell_fold2_seed43.pt
Saved confidence to /home/fguadagn/FMG_Master_Thesis/neural-sheaf-diffusion-modified/results/node_conf/cornell/GeneralSheaf/normalised-true/stalk_dim-2/2-layers/16-hidden/500-epochs/checkpoints/epoch-200/GeneralSheaf_cornell_fold2_seed43.pt
Saved per-node accuracy to /home/fguadagn/FMG_Master_Thesis/neural-sheaf-diffusion-modified/results/node_accuracy/cornell/GeneralSheaf/normalised-true/stalk_dim-2/2-layers/16-hidden/500-epochs/checkpoints/epoch-200/GeneralSheaf_cornell_fold2_seed43.pt
Saved saliency to /home/fguadagn/FMG_Master_Thesis/neural-sheaf-diffusion-modified/results/node_saliency/cornell/GeneralSheaf/normalised-true/stalk_dim-2/2-layers/16-hidden/500-epochs/checkpoints/epoch-200/GeneralSheaf_cornell_fold2_seed43.pt
Fold 2 | Epochs: 499 | Best epoch: 344
Test acc (best epoch): 0.9459
Test acc (last epoch): 0.8919
Best val acc: 0.8814
Laplacian 0: Max: 0.4645, Min: -0.6086, Avg: 0.0002, Abs avg: 0.1390
Laplacian 1: Max: 1.0374, Min: -1.5400, Avg: -0.2351, Abs avg: 0.5546
Epsilons 0: [1.686 1.724]
Epsilons 1: [1.693 1.714]
Saved node norms to /home/fguadagn/FMG_Master_Thesis/neural-sheaf-diffusion-modified/results/node_norms/cornell/GeneralSheaf/normalised-true/stalk_dim-2/2-layers/16-hidden/500-epochs/checkpoints/best-epoch/GeneralSheaf_cornell_fold2_seed43.pt
Saved best-epoch node norms (epoch 344) to checkpoints/best-epoch/
Saved confidence to /home/fguadagn/FMG_Master_Thesis/neural-sheaf-diffusion-modified/results/node_conf/cornell/GeneralSheaf/normalised-true/stalk_dim-2/2-layers/16-hidden/500-epochs/checkpoints/best-epoch/GeneralSheaf_cornell_fold2_seed43.pt
Saved per-node accuracy to /home/fguadagn/FMG_Master_Thesis/neural-sheaf-diffusion-modified/results/node_accuracy/cornell/GeneralSheaf/normalised-true/stalk_dim-2/2-layers/16-hidden/500-epochs/checkpoints/best-epoch/GeneralSheaf_cornell_fold2_seed43.pt
Saved saliency to /home/fguadagn/FMG_Master_Thesis/neural-sheaf-diffusion-modified/results/node_saliency/cornell/GeneralSheaf/normalised-true/stalk_dim-2/2-layers/16-hidden/500-epochs/checkpoints/best-epoch/GeneralSheaf_cornell_fold2_seed43.pt
Saved model weights to /home/fguadagn/FMG_Master_Thesis/neural-sheaf-diffusion-modified/results/model_weights/cornell/GeneralSheaf/normalised-true/stalk_dim-2/2-layers/16-hidden/500-epochs/checkpoints/best-epoch/GeneralSheaf_cornell_fold2_seed43.pth
Saved fold masks to /home/fguadagn/FMG_Master_Thesis/neural-sheaf-diffusion-modified/results/model_weights/cornell/GeneralSheaf/normalised-true/stalk_dim-2/2-layers/16-hidden/500-epochs/checkpoints/best-epoch/GeneralSheaf_cornell_fold2_seed43_masks.pt
Saved best-epoch model weights and masks (epoch 344) to checkpoints/best-epoch/
Updated best_epochs.json: fold_2 -> epoch 344
Saved node norms to /home/fguadagn/FMG_Master_Thesis/neural-sheaf-diffusion-modified/results/node_norms/cornell/GeneralSheaf/normalised-true/stalk_dim-2/2-layers/16-hidden/500-epochs/GeneralSheaf_cornell_fold2_seed43.pt
Saved node predictions to /home/fguadagn/FMG_Master_Thesis/neural-sheaf-diffusion-modified/results/node_preds/cornell/GeneralSheaf/normalised-true/stalk_dim-2/2-layers/16-hidden/500-epochs/GeneralSheaf_cornell_fold2_seed43.pt
Saved confidence to /home/fguadagn/FMG_Master_Thesis/neural-sheaf-diffusion-modified/results/node_conf/cornell/GeneralSheaf/normalised-true/stalk_dim-2/2-layers/16-hidden/500-epochs/GeneralSheaf_cornell_fold2_seed43.pt
Saved per-node accuracy to /home/fguadagn/FMG_Master_Thesis/neural-sheaf-diffusion-modified/results/node_accuracy/cornell/GeneralSheaf/normalised-true/stalk_dim-2/2-layers/16-hidden/500-epochs/GeneralSheaf_cornell_fold2_seed43.pt
Saved saliency to /home/fguadagn/FMG_Master_Thesis/neural-sheaf-diffusion-modified/results/node_saliency/cornell/GeneralSheaf/normalised-true/stalk_dim-2/2-layers/16-hidden/500-epochs/GeneralSheaf_cornell_fold2_seed43.pt
Saved node norms to /home/fguadagn/FMG_Master_Thesis/neural-sheaf-diffusion-modified/results/node_norms/cornell/GeneralSheaf/normalised-true/stalk_dim-2/2-layers/16-hidden/500-epochs/checkpoints/epoch-0/GeneralSheaf_cornell_fold3_seed43.pt
Saved confidence to /home/fguadagn/FMG_Master_Thesis/neural-sheaf-diffusion-modified/results/node_conf/cornell/GeneralSheaf/normalised-true/stalk_dim-2/2-layers/16-hidden/500-epochs/checkpoints/epoch-0/GeneralSheaf_cornell_fold3_seed43.pt
Saved per-node accuracy to /home/fguadagn/FMG_Master_Thesis/neural-sheaf-diffusion-modified/results/node_accuracy/cornell/GeneralSheaf/normalised-true/stalk_dim-2/2-layers/16-hidden/500-epochs/checkpoints/epoch-0/GeneralSheaf_cornell_fold3_seed43.pt
Saved saliency to /home/fguadagn/FMG_Master_Thesis/neural-sheaf-diffusion-modified/results/node_saliency/cornell/GeneralSheaf/normalised-true/stalk_dim-2/2-layers/16-hidden/500-epochs/checkpoints/epoch-0/GeneralSheaf_cornell_fold3_seed43.pt
Saved node norms to /home/fguadagn/FMG_Master_Thesis/neural-sheaf-diffusion-modified/results/node_norms/cornell/GeneralSheaf/normalised-true/stalk_dim-2/2-layers/16-hidden/500-epochs/checkpoints/epoch-1/GeneralSheaf_cornell_fold3_seed43.pt
Saved confidence to /home/fguadagn/FMG_Master_Thesis/neural-sheaf-diffusion-modified/results/node_conf/cornell/GeneralSheaf/normalised-true/stalk_dim-2/2-layers/16-hidden/500-epochs/checkpoints/epoch-1/GeneralSheaf_cornell_fold3_seed43.pt
Saved per-node accuracy to /home/fguadagn/FMG_Master_Thesis/neural-sheaf-diffusion-modified/results/node_accuracy/cornell/GeneralSheaf/normalised-true/stalk_dim-2/2-layers/16-hidden/500-epochs/checkpoints/epoch-1/GeneralSheaf_cornell_fold3_seed43.pt
Saved saliency to /home/fguadagn/FMG_Master_Thesis/neural-sheaf-diffusion-modified/results/node_saliency/cornell/GeneralSheaf/normalised-true/stalk_dim-2/2-layers/16-hidden/500-epochs/checkpoints/epoch-1/GeneralSheaf_cornell_fold3_seed43.pt
Saved node norms to /home/fguadagn/FMG_Master_Thesis/neural-sheaf-diffusion-modified/results/node_norms/cornell/GeneralSheaf/normalised-true/stalk_dim-2/2-layers/16-hidden/500-epochs/checkpoints/epoch-5/GeneralSheaf_cornell_fold3_seed43.pt
Saved confidence to /home/fguadagn/FMG_Master_Thesis/neural-sheaf-diffusion-modified/results/node_conf/cornell/GeneralSheaf/normalised-true/stalk_dim-2/2-layers/16-hidden/500-epochs/checkpoints/epoch-5/GeneralSheaf_cornell_fold3_seed43.pt
Saved per-node accuracy to /home/fguadagn/FMG_Master_Thesis/neural-sheaf-diffusion-modified/results/node_accuracy/cornell/GeneralSheaf/normalised-true/stalk_dim-2/2-layers/16-hidden/500-epochs/checkpoints/epoch-5/GeneralSheaf_cornell_fold3_seed43.pt
Saved saliency to /home/fguadagn/FMG_Master_Thesis/neural-sheaf-diffusion-modified/results/node_saliency/cornell/GeneralSheaf/normalised-true/stalk_dim-2/2-layers/16-hidden/500-epochs/checkpoints/epoch-5/GeneralSheaf_cornell_fold3_seed43.pt
Saved node norms to /home/fguadagn/FMG_Master_Thesis/neural-sheaf-diffusion-modified/results/node_norms/cornell/GeneralSheaf/normalised-true/stalk_dim-2/2-layers/16-hidden/500-epochs/checkpoints/epoch-15/GeneralSheaf_cornell_fold3_seed43.pt
Saved confidence to /home/fguadagn/FMG_Master_Thesis/neural-sheaf-diffusion-modified/results/node_conf/cornell/GeneralSheaf/normalised-true/stalk_dim-2/2-layers/16-hidden/500-epochs/checkpoints/epoch-15/GeneralSheaf_cornell_fold3_seed43.pt
Saved per-node accuracy to /home/fguadagn/FMG_Master_Thesis/neural-sheaf-diffusion-modified/results/node_accuracy/cornell/GeneralSheaf/normalised-true/stalk_dim-2/2-layers/16-hidden/500-epochs/checkpoints/epoch-15/GeneralSheaf_cornell_fold3_seed43.pt
Saved saliency to /home/fguadagn/FMG_Master_Thesis/neural-sheaf-diffusion-modified/results/node_saliency/cornell/GeneralSheaf/normalised-true/stalk_dim-2/2-layers/16-hidden/500-epochs/checkpoints/epoch-15/GeneralSheaf_cornell_fold3_seed43.pt
Saved node norms to /home/fguadagn/FMG_Master_Thesis/neural-sheaf-diffusion-modified/results/node_norms/cornell/GeneralSheaf/normalised-true/stalk_dim-2/2-layers/16-hidden/500-epochs/checkpoints/epoch-50/GeneralSheaf_cornell_fold3_seed43.pt
Saved confidence to /home/fguadagn/FMG_Master_Thesis/neural-sheaf-diffusion-modified/results/node_conf/cornell/GeneralSheaf/normalised-true/stalk_dim-2/2-layers/16-hidden/500-epochs/checkpoints/epoch-50/GeneralSheaf_cornell_fold3_seed43.pt
Saved per-node accuracy to /home/fguadagn/FMG_Master_Thesis/neural-sheaf-diffusion-modified/results/node_accuracy/cornell/GeneralSheaf/normalised-true/stalk_dim-2/2-layers/16-hidden/500-epochs/checkpoints/epoch-50/GeneralSheaf_cornell_fold3_seed43.pt
Saved saliency to /home/fguadagn/FMG_Master_Thesis/neural-sheaf-diffusion-modified/results/node_saliency/cornell/GeneralSheaf/normalised-true/stalk_dim-2/2-layers/16-hidden/500-epochs/checkpoints/epoch-50/GeneralSheaf_cornell_fold3_seed43.pt
Saved node norms to /home/fguadagn/FMG_Master_Thesis/neural-sheaf-diffusion-modified/results/node_norms/cornell/GeneralSheaf/normalised-true/stalk_dim-2/2-layers/16-hidden/500-epochs/checkpoints/epoch-200/GeneralSheaf_cornell_fold3_seed43.pt
Saved confidence to /home/fguadagn/FMG_Master_Thesis/neural-sheaf-diffusion-modified/results/node_conf/cornell/GeneralSheaf/normalised-true/stalk_dim-2/2-layers/16-hidden/500-epochs/checkpoints/epoch-200/GeneralSheaf_cornell_fold3_seed43.pt
Saved per-node accuracy to /home/fguadagn/FMG_Master_Thesis/neural-sheaf-diffusion-modified/results/node_accuracy/cornell/GeneralSheaf/normalised-true/stalk_dim-2/2-layers/16-hidden/500-epochs/checkpoints/epoch-200/GeneralSheaf_cornell_fold3_seed43.pt
Saved saliency to /home/fguadagn/FMG_Master_Thesis/neural-sheaf-diffusion-modified/results/node_saliency/cornell/GeneralSheaf/normalised-true/stalk_dim-2/2-layers/16-hidden/500-epochs/checkpoints/epoch-200/GeneralSheaf_cornell_fold3_seed43.pt
Fold 3 | Epochs: 388 | Best epoch: 188
Test acc (best epoch): 0.7027
Test acc (last epoch): 0.7027
Best val acc: 0.8136
Laplacian 0: Max: 0.4200, Min: -0.5089, Avg: -0.0288, Abs avg: 0.1659
Laplacian 1: Max: 1.4958, Min: -1.7962, Avg: -0.0726, Abs avg: 0.5493
Epsilons 0: [1.654 1.566]
Epsilons 1: [1.665 1.592]
Saved node norms to /home/fguadagn/FMG_Master_Thesis/neural-sheaf-diffusion-modified/results/node_norms/cornell/GeneralSheaf/normalised-true/stalk_dim-2/2-layers/16-hidden/500-epochs/checkpoints/best-epoch/GeneralSheaf_cornell_fold3_seed43.pt
Saved best-epoch node norms (epoch 188) to checkpoints/best-epoch/
Saved confidence to /home/fguadagn/FMG_Master_Thesis/neural-sheaf-diffusion-modified/results/node_conf/cornell/GeneralSheaf/normalised-true/stalk_dim-2/2-layers/16-hidden/500-epochs/checkpoints/best-epoch/GeneralSheaf_cornell_fold3_seed43.pt
Saved per-node accuracy to /home/fguadagn/FMG_Master_Thesis/neural-sheaf-diffusion-modified/results/node_accuracy/cornell/GeneralSheaf/normalised-true/stalk_dim-2/2-layers/16-hidden/500-epochs/checkpoints/best-epoch/GeneralSheaf_cornell_fold3_seed43.pt
Saved saliency to /home/fguadagn/FMG_Master_Thesis/neural-sheaf-diffusion-modified/results/node_saliency/cornell/GeneralSheaf/normalised-true/stalk_dim-2/2-layers/16-hidden/500-epochs/checkpoints/best-epoch/GeneralSheaf_cornell_fold3_seed43.pt
Saved model weights to /home/fguadagn/FMG_Master_Thesis/neural-sheaf-diffusion-modified/results/model_weights/cornell/GeneralSheaf/normalised-true/stalk_dim-2/2-layers/16-hidden/500-epochs/checkpoints/best-epoch/GeneralSheaf_cornell_fold3_seed43.pth
Saved fold masks to /home/fguadagn/FMG_Master_Thesis/neural-sheaf-diffusion-modified/results/model_weights/cornell/GeneralSheaf/normalised-true/stalk_dim-2/2-layers/16-hidden/500-epochs/checkpoints/best-epoch/GeneralSheaf_cornell_fold3_seed43_masks.pt
Saved best-epoch model weights and masks (epoch 188) to checkpoints/best-epoch/
Updated best_epochs.json: fold_3 -> epoch 188
Saved node norms to /home/fguadagn/FMG_Master_Thesis/neural-sheaf-diffusion-modified/results/node_norms/cornell/GeneralSheaf/normalised-true/stalk_dim-2/2-layers/16-hidden/500-epochs/GeneralSheaf_cornell_fold3_seed43.pt
Saved node predictions to /home/fguadagn/FMG_Master_Thesis/neural-sheaf-diffusion-modified/results/node_preds/cornell/GeneralSheaf/normalised-true/stalk_dim-2/2-layers/16-hidden/500-epochs/GeneralSheaf_cornell_fold3_seed43.pt
Saved confidence to /home/fguadagn/FMG_Master_Thesis/neural-sheaf-diffusion-modified/results/node_conf/cornell/GeneralSheaf/normalised-true/stalk_dim-2/2-layers/16-hidden/500-epochs/GeneralSheaf_cornell_fold3_seed43.pt
Saved per-node accuracy to /home/fguadagn/FMG_Master_Thesis/neural-sheaf-diffusion-modified/results/node_accuracy/cornell/GeneralSheaf/normalised-true/stalk_dim-2/2-layers/16-hidden/500-epochs/GeneralSheaf_cornell_fold3_seed43.pt
Saved saliency to /home/fguadagn/FMG_Master_Thesis/neural-sheaf-diffusion-modified/results/node_saliency/cornell/GeneralSheaf/normalised-true/stalk_dim-2/2-layers/16-hidden/500-epochs/GeneralSheaf_cornell_fold3_seed43.pt
Saved node norms to /home/fguadagn/FMG_Master_Thesis/neural-sheaf-diffusion-modified/results/node_norms/cornell/GeneralSheaf/normalised-true/stalk_dim-2/2-layers/16-hidden/500-epochs/checkpoints/epoch-0/GeneralSheaf_cornell_fold4_seed43.pt
Saved confidence to /home/fguadagn/FMG_Master_Thesis/neural-sheaf-diffusion-modified/results/node_conf/cornell/GeneralSheaf/normalised-true/stalk_dim-2/2-layers/16-hidden/500-epochs/checkpoints/epoch-0/GeneralSheaf_cornell_fold4_seed43.pt
Saved per-node accuracy to /home/fguadagn/FMG_Master_Thesis/neural-sheaf-diffusion-modified/results/node_accuracy/cornell/GeneralSheaf/normalised-true/stalk_dim-2/2-layers/16-hidden/500-epochs/checkpoints/epoch-0/GeneralSheaf_cornell_fold4_seed43.pt
Saved saliency to /home/fguadagn/FMG_Master_Thesis/neural-sheaf-diffusion-modified/results/node_saliency/cornell/GeneralSheaf/normalised-true/stalk_dim-2/2-layers/16-hidden/500-epochs/checkpoints/epoch-0/GeneralSheaf_cornell_fold4_seed43.pt
Saved node norms to /home/fguadagn/FMG_Master_Thesis/neural-sheaf-diffusion-modified/results/node_norms/cornell/GeneralSheaf/normalised-true/stalk_dim-2/2-layers/16-hidden/500-epochs/checkpoints/epoch-1/GeneralSheaf_cornell_fold4_seed43.pt
Saved confidence to /home/fguadagn/FMG_Master_Thesis/neural-sheaf-diffusion-modified/results/node_conf/cornell/GeneralSheaf/normalised-true/stalk_dim-2/2-layers/16-hidden/500-epochs/checkpoints/epoch-1/GeneralSheaf_cornell_fold4_seed43.pt
Saved per-node accuracy to /home/fguadagn/FMG_Master_Thesis/neural-sheaf-diffusion-modified/results/node_accuracy/cornell/GeneralSheaf/normalised-true/stalk_dim-2/2-layers/16-hidden/500-epochs/checkpoints/epoch-1/GeneralSheaf_cornell_fold4_seed43.pt
Saved saliency to /home/fguadagn/FMG_Master_Thesis/neural-sheaf-diffusion-modified/results/node_saliency/cornell/GeneralSheaf/normalised-true/stalk_dim-2/2-layers/16-hidden/500-epochs/checkpoints/epoch-1/GeneralSheaf_cornell_fold4_seed43.pt
Saved node norms to /home/fguadagn/FMG_Master_Thesis/neural-sheaf-diffusion-modified/results/node_norms/cornell/GeneralSheaf/normalised-true/stalk_dim-2/2-layers/16-hidden/500-epochs/checkpoints/epoch-5/GeneralSheaf_cornell_fold4_seed43.pt
Saved confidence to /home/fguadagn/FMG_Master_Thesis/neural-sheaf-diffusion-modified/results/node_conf/cornell/GeneralSheaf/normalised-true/stalk_dim-2/2-layers/16-hidden/500-epochs/checkpoints/epoch-5/GeneralSheaf_cornell_fold4_seed43.pt
Saved per-node accuracy to /home/fguadagn/FMG_Master_Thesis/neural-sheaf-diffusion-modified/results/node_accuracy/cornell/GeneralSheaf/normalised-true/stalk_dim-2/2-layers/16-hidden/500-epochs/checkpoints/epoch-5/GeneralSheaf_cornell_fold4_seed43.pt
Saved saliency to /home/fguadagn/FMG_Master_Thesis/neural-sheaf-diffusion-modified/results/node_saliency/cornell/GeneralSheaf/normalised-true/stalk_dim-2/2-layers/16-hidden/500-epochs/checkpoints/epoch-5/GeneralSheaf_cornell_fold4_seed43.pt
Saved node norms to /home/fguadagn/FMG_Master_Thesis/neural-sheaf-diffusion-modified/results/node_norms/cornell/GeneralSheaf/normalised-true/stalk_dim-2/2-layers/16-hidden/500-epochs/checkpoints/epoch-15/GeneralSheaf_cornell_fold4_seed43.pt
Saved confidence to /home/fguadagn/FMG_Master_Thesis/neural-sheaf-diffusion-modified/results/node_conf/cornell/GeneralSheaf/normalised-true/stalk_dim-2/2-layers/16-hidden/500-epochs/checkpoints/epoch-15/GeneralSheaf_cornell_fold4_seed43.pt
Saved per-node accuracy to /home/fguadagn/FMG_Master_Thesis/neural-sheaf-diffusion-modified/results/node_accuracy/cornell/GeneralSheaf/normalised-true/stalk_dim-2/2-layers/16-hidden/500-epochs/checkpoints/epoch-15/GeneralSheaf_cornell_fold4_seed43.pt
Saved saliency to /home/fguadagn/FMG_Master_Thesis/neural-sheaf-diffusion-modified/results/node_saliency/cornell/GeneralSheaf/normalised-true/stalk_dim-2/2-layers/16-hidden/500-epochs/checkpoints/epoch-15/GeneralSheaf_cornell_fold4_seed43.pt
Saved node norms to /home/fguadagn/FMG_Master_Thesis/neural-sheaf-diffusion-modified/results/node_norms/cornell/GeneralSheaf/normalised-true/stalk_dim-2/2-layers/16-hidden/500-epochs/checkpoints/epoch-50/GeneralSheaf_cornell_fold4_seed43.pt
Saved confidence to /home/fguadagn/FMG_Master_Thesis/neural-sheaf-diffusion-modified/results/node_conf/cornell/GeneralSheaf/normalised-true/stalk_dim-2/2-layers/16-hidden/500-epochs/checkpoints/epoch-50/GeneralSheaf_cornell_fold4_seed43.pt
Saved per-node accuracy to /home/fguadagn/FMG_Master_Thesis/neural-sheaf-diffusion-modified/results/node_accuracy/cornell/GeneralSheaf/normalised-true/stalk_dim-2/2-layers/16-hidden/500-epochs/checkpoints/epoch-50/GeneralSheaf_cornell_fold4_seed43.pt
Saved saliency to /home/fguadagn/FMG_Master_Thesis/neural-sheaf-diffusion-modified/results/node_saliency/cornell/GeneralSheaf/normalised-true/stalk_dim-2/2-layers/16-hidden/500-epochs/checkpoints/epoch-50/GeneralSheaf_cornell_fold4_seed43.pt
Saved node norms to /home/fguadagn/FMG_Master_Thesis/neural-sheaf-diffusion-modified/results/node_norms/cornell/GeneralSheaf/normalised-true/stalk_dim-2/2-layers/16-hidden/500-epochs/checkpoints/epoch-200/GeneralSheaf_cornell_fold4_seed43.pt
Saved confidence to /home/fguadagn/FMG_Master_Thesis/neural-sheaf-diffusion-modified/results/node_conf/cornell/GeneralSheaf/normalised-true/stalk_dim-2/2-layers/16-hidden/500-epochs/checkpoints/epoch-200/GeneralSheaf_cornell_fold4_seed43.pt
Saved per-node accuracy to /home/fguadagn/FMG_Master_Thesis/neural-sheaf-diffusion-modified/results/node_accuracy/cornell/GeneralSheaf/normalised-true/stalk_dim-2/2-layers/16-hidden/500-epochs/checkpoints/epoch-200/GeneralSheaf_cornell_fold4_seed43.pt
Saved saliency to /home/fguadagn/FMG_Master_Thesis/neural-sheaf-diffusion-modified/results/node_saliency/cornell/GeneralSheaf/normalised-true/stalk_dim-2/2-layers/16-hidden/500-epochs/checkpoints/epoch-200/GeneralSheaf_cornell_fold4_seed43.pt
Fold 4 | Epochs: 344 | Best epoch: 144
Test acc (best epoch): 0.8919
Test acc (last epoch): 0.8378
Best val acc: 0.8475
Laplacian 0: Max: 0.6132, Min: -0.8572, Avg: -0.0870, Abs avg: 0.2332
Laplacian 1: Max: 1.8374, Min: -1.6957, Avg: 0.0748, Abs avg: 0.4822
Epsilons 0: [1.565 1.667]
Epsilons 1: [1.55  1.662]
Saved node norms to /home/fguadagn/FMG_Master_Thesis/neural-sheaf-diffusion-modified/results/node_norms/cornell/GeneralSheaf/normalised-true/stalk_dim-2/2-layers/16-hidden/500-epochs/checkpoints/best-epoch/GeneralSheaf_cornell_fold4_seed43.pt
Saved best-epoch node norms (epoch 144) to checkpoints/best-epoch/
Saved confidence to /home/fguadagn/FMG_Master_Thesis/neural-sheaf-diffusion-modified/results/node_conf/cornell/GeneralSheaf/normalised-true/stalk_dim-2/2-layers/16-hidden/500-epochs/checkpoints/best-epoch/GeneralSheaf_cornell_fold4_seed43.pt
Saved per-node accuracy to /home/fguadagn/FMG_Master_Thesis/neural-sheaf-diffusion-modified/results/node_accuracy/cornell/GeneralSheaf/normalised-true/stalk_dim-2/2-layers/16-hidden/500-epochs/checkpoints/best-epoch/GeneralSheaf_cornell_fold4_seed43.pt
Saved saliency to /home/fguadagn/FMG_Master_Thesis/neural-sheaf-diffusion-modified/results/node_saliency/cornell/GeneralSheaf/normalised-true/stalk_dim-2/2-layers/16-hidden/500-epochs/checkpoints/best-epoch/GeneralSheaf_cornell_fold4_seed43.pt
Saved model weights to /home/fguadagn/FMG_Master_Thesis/neural-sheaf-diffusion-modified/results/model_weights/cornell/GeneralSheaf/normalised-true/stalk_dim-2/2-layers/16-hidden/500-epochs/checkpoints/best-epoch/GeneralSheaf_cornell_fold4_seed43.pth
Saved fold masks to /home/fguadagn/FMG_Master_Thesis/neural-sheaf-diffusion-modified/results/model_weights/cornell/GeneralSheaf/normalised-true/stalk_dim-2/2-layers/16-hidden/500-epochs/checkpoints/best-epoch/GeneralSheaf_cornell_fold4_seed43_masks.pt
Saved best-epoch model weights and masks (epoch 144) to checkpoints/best-epoch/
Updated best_epochs.json: fold_4 -> epoch 144
Saved node norms to /home/fguadagn/FMG_Master_Thesis/neural-sheaf-diffusion-modified/results/node_norms/cornell/GeneralSheaf/normalised-true/stalk_dim-2/2-layers/16-hidden/500-epochs/GeneralSheaf_cornell_fold4_seed43.pt
Saved node predictions to /home/fguadagn/FMG_Master_Thesis/neural-sheaf-diffusion-modified/results/node_preds/cornell/GeneralSheaf/normalised-true/stalk_dim-2/2-layers/16-hidden/500-epochs/GeneralSheaf_cornell_fold4_seed43.pt
Saved confidence to /home/fguadagn/FMG_Master_Thesis/neural-sheaf-diffusion-modified/results/node_conf/cornell/GeneralSheaf/normalised-true/stalk_dim-2/2-layers/16-hidden/500-epochs/GeneralSheaf_cornell_fold4_seed43.pt
Saved per-node accuracy to /home/fguadagn/FMG_Master_Thesis/neural-sheaf-diffusion-modified/results/node_accuracy/cornell/GeneralSheaf/normalised-true/stalk_dim-2/2-layers/16-hidden/500-epochs/GeneralSheaf_cornell_fold4_seed43.pt
Saved saliency to /home/fguadagn/FMG_Master_Thesis/neural-sheaf-diffusion-modified/results/node_saliency/cornell/GeneralSheaf/normalised-true/stalk_dim-2/2-layers/16-hidden/500-epochs/GeneralSheaf_cornell_fold4_seed43.pt
Saved node norms to /home/fguadagn/FMG_Master_Thesis/neural-sheaf-diffusion-modified/results/node_norms/cornell/GeneralSheaf/normalised-true/stalk_dim-2/2-layers/16-hidden/500-epochs/checkpoints/epoch-0/GeneralSheaf_cornell_fold5_seed43.pt
Saved confidence to /home/fguadagn/FMG_Master_Thesis/neural-sheaf-diffusion-modified/results/node_conf/cornell/GeneralSheaf/normalised-true/stalk_dim-2/2-layers/16-hidden/500-epochs/checkpoints/epoch-0/GeneralSheaf_cornell_fold5_seed43.pt
Saved per-node accuracy to /home/fguadagn/FMG_Master_Thesis/neural-sheaf-diffusion-modified/results/node_accuracy/cornell/GeneralSheaf/normalised-true/stalk_dim-2/2-layers/16-hidden/500-epochs/checkpoints/epoch-0/GeneralSheaf_cornell_fold5_seed43.pt
Saved saliency to /home/fguadagn/FMG_Master_Thesis/neural-sheaf-diffusion-modified/results/node_saliency/cornell/GeneralSheaf/normalised-true/stalk_dim-2/2-layers/16-hidden/500-epochs/checkpoints/epoch-0/GeneralSheaf_cornell_fold5_seed43.pt
Saved node norms to /home/fguadagn/FMG_Master_Thesis/neural-sheaf-diffusion-modified/results/node_norms/cornell/GeneralSheaf/normalised-true/stalk_dim-2/2-layers/16-hidden/500-epochs/checkpoints/epoch-1/GeneralSheaf_cornell_fold5_seed43.pt
Saved confidence to /home/fguadagn/FMG_Master_Thesis/neural-sheaf-diffusion-modified/results/node_conf/cornell/GeneralSheaf/normalised-true/stalk_dim-2/2-layers/16-hidden/500-epochs/checkpoints/epoch-1/GeneralSheaf_cornell_fold5_seed43.pt
Saved per-node accuracy to /home/fguadagn/FMG_Master_Thesis/neural-sheaf-diffusion-modified/results/node_accuracy/cornell/GeneralSheaf/normalised-true/stalk_dim-2/2-layers/16-hidden/500-epochs/checkpoints/epoch-1/GeneralSheaf_cornell_fold5_seed43.pt
Saved saliency to /home/fguadagn/FMG_Master_Thesis/neural-sheaf-diffusion-modified/results/node_saliency/cornell/GeneralSheaf/normalised-true/stalk_dim-2/2-layers/16-hidden/500-epochs/checkpoints/epoch-1/GeneralSheaf_cornell_fold5_seed43.pt
Saved node norms to /home/fguadagn/FMG_Master_Thesis/neural-sheaf-diffusion-modified/results/node_norms/cornell/GeneralSheaf/normalised-true/stalk_dim-2/2-layers/16-hidden/500-epochs/checkpoints/epoch-5/GeneralSheaf_cornell_fold5_seed43.pt
Saved confidence to /home/fguadagn/FMG_Master_Thesis/neural-sheaf-diffusion-modified/results/node_conf/cornell/GeneralSheaf/normalised-true/stalk_dim-2/2-layers/16-hidden/500-epochs/checkpoints/epoch-5/GeneralSheaf_cornell_fold5_seed43.pt
Saved per-node accuracy to /home/fguadagn/FMG_Master_Thesis/neural-sheaf-diffusion-modified/results/node_accuracy/cornell/GeneralSheaf/normalised-true/stalk_dim-2/2-layers/16-hidden/500-epochs/checkpoints/epoch-5/GeneralSheaf_cornell_fold5_seed43.pt
Saved saliency to /home/fguadagn/FMG_Master_Thesis/neural-sheaf-diffusion-modified/results/node_saliency/cornell/GeneralSheaf/normalised-true/stalk_dim-2/2-layers/16-hidden/500-epochs/checkpoints/epoch-5/GeneralSheaf_cornell_fold5_seed43.pt
Saved node norms to /home/fguadagn/FMG_Master_Thesis/neural-sheaf-diffusion-modified/results/node_norms/cornell/GeneralSheaf/normalised-true/stalk_dim-2/2-layers/16-hidden/500-epochs/checkpoints/epoch-15/GeneralSheaf_cornell_fold5_seed43.pt
Saved confidence to /home/fguadagn/FMG_Master_Thesis/neural-sheaf-diffusion-modified/results/node_conf/cornell/GeneralSheaf/normalised-true/stalk_dim-2/2-layers/16-hidden/500-epochs/checkpoints/epoch-15/GeneralSheaf_cornell_fold5_seed43.pt
Saved per-node accuracy to /home/fguadagn/FMG_Master_Thesis/neural-sheaf-diffusion-modified/results/node_accuracy/cornell/GeneralSheaf/normalised-true/stalk_dim-2/2-layers/16-hidden/500-epochs/checkpoints/epoch-15/GeneralSheaf_cornell_fold5_seed43.pt
Saved saliency to /home/fguadagn/FMG_Master_Thesis/neural-sheaf-diffusion-modified/results/node_saliency/cornell/GeneralSheaf/normalised-true/stalk_dim-2/2-layers/16-hidden/500-epochs/checkpoints/epoch-15/GeneralSheaf_cornell_fold5_seed43.pt
Saved node norms to /home/fguadagn/FMG_Master_Thesis/neural-sheaf-diffusion-modified/results/node_norms/cornell/GeneralSheaf/normalised-true/stalk_dim-2/2-layers/16-hidden/500-epochs/checkpoints/epoch-50/GeneralSheaf_cornell_fold5_seed43.pt
Saved confidence to /home/fguadagn/FMG_Master_Thesis/neural-sheaf-diffusion-modified/results/node_conf/cornell/GeneralSheaf/normalised-true/stalk_dim-2/2-layers/16-hidden/500-epochs/checkpoints/epoch-50/GeneralSheaf_cornell_fold5_seed43.pt
Saved per-node accuracy to /home/fguadagn/FMG_Master_Thesis/neural-sheaf-diffusion-modified/results/node_accuracy/cornell/GeneralSheaf/normalised-true/stalk_dim-2/2-layers/16-hidden/500-epochs/checkpoints/epoch-50/GeneralSheaf_cornell_fold5_seed43.pt
Saved saliency to /home/fguadagn/FMG_Master_Thesis/neural-sheaf-diffusion-modified/results/node_saliency/cornell/GeneralSheaf/normalised-true/stalk_dim-2/2-layers/16-hidden/500-epochs/checkpoints/epoch-50/GeneralSheaf_cornell_fold5_seed43.pt
Saved node norms to /home/fguadagn/FMG_Master_Thesis/neural-sheaf-diffusion-modified/results/node_norms/cornell/GeneralSheaf/normalised-true/stalk_dim-2/2-layers/16-hidden/500-epochs/checkpoints/epoch-200/GeneralSheaf_cornell_fold5_seed43.pt
Saved confidence to /home/fguadagn/FMG_Master_Thesis/neural-sheaf-diffusion-modified/results/node_conf/cornell/GeneralSheaf/normalised-true/stalk_dim-2/2-layers/16-hidden/500-epochs/checkpoints/epoch-200/GeneralSheaf_cornell_fold5_seed43.pt
Saved per-node accuracy to /home/fguadagn/FMG_Master_Thesis/neural-sheaf-diffusion-modified/results/node_accuracy/cornell/GeneralSheaf/normalised-true/stalk_dim-2/2-layers/16-hidden/500-epochs/checkpoints/epoch-200/GeneralSheaf_cornell_fold5_seed43.pt
Saved saliency to /home/fguadagn/FMG_Master_Thesis/neural-sheaf-diffusion-modified/results/node_saliency/cornell/GeneralSheaf/normalised-true/stalk_dim-2/2-layers/16-hidden/500-epochs/checkpoints/epoch-200/GeneralSheaf_cornell_fold5_seed43.pt
Fold 5 | Epochs: 438 | Best epoch: 238
Test acc (best epoch): 0.7838
Test acc (last epoch): 0.6757
Best val acc: 0.9153
Laplacian 0: Max: 0.3276, Min: -0.4787, Avg: -0.0339, Abs avg: 0.1116
Laplacian 1: Max: 1.2153, Min: -1.5336, Avg: -0.2313, Abs avg: 0.3648
Epsilons 0: [1.707 1.698]
Epsilons 1: [1.718 1.718]
Saved node norms to /home/fguadagn/FMG_Master_Thesis/neural-sheaf-diffusion-modified/results/node_norms/cornell/GeneralSheaf/normalised-true/stalk_dim-2/2-layers/16-hidden/500-epochs/checkpoints/best-epoch/GeneralSheaf_cornell_fold5_seed43.pt
Saved best-epoch node norms (epoch 238) to checkpoints/best-epoch/
Saved confidence to /home/fguadagn/FMG_Master_Thesis/neural-sheaf-diffusion-modified/results/node_conf/cornell/GeneralSheaf/normalised-true/stalk_dim-2/2-layers/16-hidden/500-epochs/checkpoints/best-epoch/GeneralSheaf_cornell_fold5_seed43.pt
Saved per-node accuracy to /home/fguadagn/FMG_Master_Thesis/neural-sheaf-diffusion-modified/results/node_accuracy/cornell/GeneralSheaf/normalised-true/stalk_dim-2/2-layers/16-hidden/500-epochs/checkpoints/best-epoch/GeneralSheaf_cornell_fold5_seed43.pt
Saved saliency to /home/fguadagn/FMG_Master_Thesis/neural-sheaf-diffusion-modified/results/node_saliency/cornell/GeneralSheaf/normalised-true/stalk_dim-2/2-layers/16-hidden/500-epochs/checkpoints/best-epoch/GeneralSheaf_cornell_fold5_seed43.pt
Saved model weights to /home/fguadagn/FMG_Master_Thesis/neural-sheaf-diffusion-modified/results/model_weights/cornell/GeneralSheaf/normalised-true/stalk_dim-2/2-layers/16-hidden/500-epochs/checkpoints/best-epoch/GeneralSheaf_cornell_fold5_seed43.pth
Saved fold masks to /home/fguadagn/FMG_Master_Thesis/neural-sheaf-diffusion-modified/results/model_weights/cornell/GeneralSheaf/normalised-true/stalk_dim-2/2-layers/16-hidden/500-epochs/checkpoints/best-epoch/GeneralSheaf_cornell_fold5_seed43_masks.pt
Saved best-epoch model weights and masks (epoch 238) to checkpoints/best-epoch/
Updated best_epochs.json: fold_5 -> epoch 238
Saved node norms to /home/fguadagn/FMG_Master_Thesis/neural-sheaf-diffusion-modified/results/node_norms/cornell/GeneralSheaf/normalised-true/stalk_dim-2/2-layers/16-hidden/500-epochs/GeneralSheaf_cornell_fold5_seed43.pt
Saved node predictions to /home/fguadagn/FMG_Master_Thesis/neural-sheaf-diffusion-modified/results/node_preds/cornell/GeneralSheaf/normalised-true/stalk_dim-2/2-layers/16-hidden/500-epochs/GeneralSheaf_cornell_fold5_seed43.pt
Saved confidence to /home/fguadagn/FMG_Master_Thesis/neural-sheaf-diffusion-modified/results/node_conf/cornell/GeneralSheaf/normalised-true/stalk_dim-2/2-layers/16-hidden/500-epochs/GeneralSheaf_cornell_fold5_seed43.pt
Saved per-node accuracy to /home/fguadagn/FMG_Master_Thesis/neural-sheaf-diffusion-modified/results/node_accuracy/cornell/GeneralSheaf/normalised-true/stalk_dim-2/2-layers/16-hidden/500-epochs/GeneralSheaf_cornell_fold5_seed43.pt
Saved saliency to /home/fguadagn/FMG_Master_Thesis/neural-sheaf-diffusion-modified/results/node_saliency/cornell/GeneralSheaf/normalised-true/stalk_dim-2/2-layers/16-hidden/500-epochs/GeneralSheaf_cornell_fold5_seed43.pt
Saved node norms to /home/fguadagn/FMG_Master_Thesis/neural-sheaf-diffusion-modified/results/node_norms/cornell/GeneralSheaf/normalised-true/stalk_dim-2/2-layers/16-hidden/500-epochs/checkpoints/epoch-0/GeneralSheaf_cornell_fold6_seed43.pt
Saved confidence to /home/fguadagn/FMG_Master_Thesis/neural-sheaf-diffusion-modified/results/node_conf/cornell/GeneralSheaf/normalised-true/stalk_dim-2/2-layers/16-hidden/500-epochs/checkpoints/epoch-0/GeneralSheaf_cornell_fold6_seed43.pt
Saved per-node accuracy to /home/fguadagn/FMG_Master_Thesis/neural-sheaf-diffusion-modified/results/node_accuracy/cornell/GeneralSheaf/normalised-true/stalk_dim-2/2-layers/16-hidden/500-epochs/checkpoints/epoch-0/GeneralSheaf_cornell_fold6_seed43.pt
Saved saliency to /home/fguadagn/FMG_Master_Thesis/neural-sheaf-diffusion-modified/results/node_saliency/cornell/GeneralSheaf/normalised-true/stalk_dim-2/2-layers/16-hidden/500-epochs/checkpoints/epoch-0/GeneralSheaf_cornell_fold6_seed43.pt
Saved node norms to /home/fguadagn/FMG_Master_Thesis/neural-sheaf-diffusion-modified/results/node_norms/cornell/GeneralSheaf/normalised-true/stalk_dim-2/2-layers/16-hidden/500-epochs/checkpoints/epoch-1/GeneralSheaf_cornell_fold6_seed43.pt
Saved confidence to /home/fguadagn/FMG_Master_Thesis/neural-sheaf-diffusion-modified/results/node_conf/cornell/GeneralSheaf/normalised-true/stalk_dim-2/2-layers/16-hidden/500-epochs/checkpoints/epoch-1/GeneralSheaf_cornell_fold6_seed43.pt
Saved per-node accuracy to /home/fguadagn/FMG_Master_Thesis/neural-sheaf-diffusion-modified/results/node_accuracy/cornell/GeneralSheaf/normalised-true/stalk_dim-2/2-layers/16-hidden/500-epochs/checkpoints/epoch-1/GeneralSheaf_cornell_fold6_seed43.pt
Saved saliency to /home/fguadagn/FMG_Master_Thesis/neural-sheaf-diffusion-modified/results/node_saliency/cornell/GeneralSheaf/normalised-true/stalk_dim-2/2-layers/16-hidden/500-epochs/checkpoints/epoch-1/GeneralSheaf_cornell_fold6_seed43.pt
Saved node norms to /home/fguadagn/FMG_Master_Thesis/neural-sheaf-diffusion-modified/results/node_norms/cornell/GeneralSheaf/normalised-true/stalk_dim-2/2-layers/16-hidden/500-epochs/checkpoints/epoch-5/GeneralSheaf_cornell_fold6_seed43.pt
Saved confidence to /home/fguadagn/FMG_Master_Thesis/neural-sheaf-diffusion-modified/results/node_conf/cornell/GeneralSheaf/normalised-true/stalk_dim-2/2-layers/16-hidden/500-epochs/checkpoints/epoch-5/GeneralSheaf_cornell_fold6_seed43.pt
Saved per-node accuracy to /home/fguadagn/FMG_Master_Thesis/neural-sheaf-diffusion-modified/results/node_accuracy/cornell/GeneralSheaf/normalised-true/stalk_dim-2/2-layers/16-hidden/500-epochs/checkpoints/epoch-5/GeneralSheaf_cornell_fold6_seed43.pt
Saved saliency to /home/fguadagn/FMG_Master_Thesis/neural-sheaf-diffusion-modified/results/node_saliency/cornell/GeneralSheaf/normalised-true/stalk_dim-2/2-layers/16-hidden/500-epochs/checkpoints/epoch-5/GeneralSheaf_cornell_fold6_seed43.pt
Saved node norms to /home/fguadagn/FMG_Master_Thesis/neural-sheaf-diffusion-modified/results/node_norms/cornell/GeneralSheaf/normalised-true/stalk_dim-2/2-layers/16-hidden/500-epochs/checkpoints/epoch-15/GeneralSheaf_cornell_fold6_seed43.pt
Saved confidence to /home/fguadagn/FMG_Master_Thesis/neural-sheaf-diffusion-modified/results/node_conf/cornell/GeneralSheaf/normalised-true/stalk_dim-2/2-layers/16-hidden/500-epochs/checkpoints/epoch-15/GeneralSheaf_cornell_fold6_seed43.pt
Saved per-node accuracy to /home/fguadagn/FMG_Master_Thesis/neural-sheaf-diffusion-modified/results/node_accuracy/cornell/GeneralSheaf/normalised-true/stalk_dim-2/2-layers/16-hidden/500-epochs/checkpoints/epoch-15/GeneralSheaf_cornell_fold6_seed43.pt
Saved saliency to /home/fguadagn/FMG_Master_Thesis/neural-sheaf-diffusion-modified/results/node_saliency/cornell/GeneralSheaf/normalised-true/stalk_dim-2/2-layers/16-hidden/500-epochs/checkpoints/epoch-15/GeneralSheaf_cornell_fold6_seed43.pt
Saved node norms to /home/fguadagn/FMG_Master_Thesis/neural-sheaf-diffusion-modified/results/node_norms/cornell/GeneralSheaf/normalised-true/stalk_dim-2/2-layers/16-hidden/500-epochs/checkpoints/epoch-50/GeneralSheaf_cornell_fold6_seed43.pt
Saved confidence to /home/fguadagn/FMG_Master_Thesis/neural-sheaf-diffusion-modified/results/node_conf/cornell/GeneralSheaf/normalised-true/stalk_dim-2/2-layers/16-hidden/500-epochs/checkpoints/epoch-50/GeneralSheaf_cornell_fold6_seed43.pt
Saved per-node accuracy to /home/fguadagn/FMG_Master_Thesis/neural-sheaf-diffusion-modified/results/node_accuracy/cornell/GeneralSheaf/normalised-true/stalk_dim-2/2-layers/16-hidden/500-epochs/checkpoints/epoch-50/GeneralSheaf_cornell_fold6_seed43.pt
Saved saliency to /home/fguadagn/FMG_Master_Thesis/neural-sheaf-diffusion-modified/results/node_saliency/cornell/GeneralSheaf/normalised-true/stalk_dim-2/2-layers/16-hidden/500-epochs/checkpoints/epoch-50/GeneralSheaf_cornell_fold6_seed43.pt
Saved node norms to /home/fguadagn/FMG_Master_Thesis/neural-sheaf-diffusion-modified/results/node_norms/cornell/GeneralSheaf/normalised-true/stalk_dim-2/2-layers/16-hidden/500-epochs/checkpoints/epoch-200/GeneralSheaf_cornell_fold6_seed43.pt
Saved confidence to /home/fguadagn/FMG_Master_Thesis/neural-sheaf-diffusion-modified/results/node_conf/cornell/GeneralSheaf/normalised-true/stalk_dim-2/2-layers/16-hidden/500-epochs/checkpoints/epoch-200/GeneralSheaf_cornell_fold6_seed43.pt
Saved per-node accuracy to /home/fguadagn/FMG_Master_Thesis/neural-sheaf-diffusion-modified/results/node_accuracy/cornell/GeneralSheaf/normalised-true/stalk_dim-2/2-layers/16-hidden/500-epochs/checkpoints/epoch-200/GeneralSheaf_cornell_fold6_seed43.pt
Saved saliency to /home/fguadagn/FMG_Master_Thesis/neural-sheaf-diffusion-modified/results/node_saliency/cornell/GeneralSheaf/normalised-true/stalk_dim-2/2-layers/16-hidden/500-epochs/checkpoints/epoch-200/GeneralSheaf_cornell_fold6_seed43.pt
Fold 6 | Epochs: 260 | Best epoch: 60
Test acc (best epoch): 0.8108
Test acc (last epoch): 0.7297
Best val acc: 0.7627
Laplacian 0: Max: 0.2141, Min: -0.7720, Avg: -0.1793, Abs avg: 0.1894
Laplacian 1: Max: 0.8892, Min: -1.3969, Avg: -0.3636, Abs avg: 0.5518
Epsilons 0: [1.471 1.524]
Epsilons 1: [1.506 1.517]
Saved node norms to /home/fguadagn/FMG_Master_Thesis/neural-sheaf-diffusion-modified/results/node_norms/cornell/GeneralSheaf/normalised-true/stalk_dim-2/2-layers/16-hidden/500-epochs/checkpoints/best-epoch/GeneralSheaf_cornell_fold6_seed43.pt
Saved best-epoch node norms (epoch 60) to checkpoints/best-epoch/
Saved confidence to /home/fguadagn/FMG_Master_Thesis/neural-sheaf-diffusion-modified/results/node_conf/cornell/GeneralSheaf/normalised-true/stalk_dim-2/2-layers/16-hidden/500-epochs/checkpoints/best-epoch/GeneralSheaf_cornell_fold6_seed43.pt
Saved per-node accuracy to /home/fguadagn/FMG_Master_Thesis/neural-sheaf-diffusion-modified/results/node_accuracy/cornell/GeneralSheaf/normalised-true/stalk_dim-2/2-layers/16-hidden/500-epochs/checkpoints/best-epoch/GeneralSheaf_cornell_fold6_seed43.pt
Saved saliency to /home/fguadagn/FMG_Master_Thesis/neural-sheaf-diffusion-modified/results/node_saliency/cornell/GeneralSheaf/normalised-true/stalk_dim-2/2-layers/16-hidden/500-epochs/checkpoints/best-epoch/GeneralSheaf_cornell_fold6_seed43.pt
Saved model weights to /home/fguadagn/FMG_Master_Thesis/neural-sheaf-diffusion-modified/results/model_weights/cornell/GeneralSheaf/normalised-true/stalk_dim-2/2-layers/16-hidden/500-epochs/checkpoints/best-epoch/GeneralSheaf_cornell_fold6_seed43.pth
Saved fold masks to /home/fguadagn/FMG_Master_Thesis/neural-sheaf-diffusion-modified/results/model_weights/cornell/GeneralSheaf/normalised-true/stalk_dim-2/2-layers/16-hidden/500-epochs/checkpoints/best-epoch/GeneralSheaf_cornell_fold6_seed43_masks.pt
Saved best-epoch model weights and masks (epoch 60) to checkpoints/best-epoch/
Updated best_epochs.json: fold_6 -> epoch 60
Saved node norms to /home/fguadagn/FMG_Master_Thesis/neural-sheaf-diffusion-modified/results/node_norms/cornell/GeneralSheaf/normalised-true/stalk_dim-2/2-layers/16-hidden/500-epochs/GeneralSheaf_cornell_fold6_seed43.pt
Saved node predictions to /home/fguadagn/FMG_Master_Thesis/neural-sheaf-diffusion-modified/results/node_preds/cornell/GeneralSheaf/normalised-true/stalk_dim-2/2-layers/16-hidden/500-epochs/GeneralSheaf_cornell_fold6_seed43.pt
Saved confidence to /home/fguadagn/FMG_Master_Thesis/neural-sheaf-diffusion-modified/results/node_conf/cornell/GeneralSheaf/normalised-true/stalk_dim-2/2-layers/16-hidden/500-epochs/GeneralSheaf_cornell_fold6_seed43.pt
Saved per-node accuracy to /home/fguadagn/FMG_Master_Thesis/neural-sheaf-diffusion-modified/results/node_accuracy/cornell/GeneralSheaf/normalised-true/stalk_dim-2/2-layers/16-hidden/500-epochs/GeneralSheaf_cornell_fold6_seed43.pt
Saved saliency to /home/fguadagn/FMG_Master_Thesis/neural-sheaf-diffusion-modified/results/node_saliency/cornell/GeneralSheaf/normalised-true/stalk_dim-2/2-layers/16-hidden/500-epochs/GeneralSheaf_cornell_fold6_seed43.pt
Saved node norms to /home/fguadagn/FMG_Master_Thesis/neural-sheaf-diffusion-modified/results/node_norms/cornell/GeneralSheaf/normalised-true/stalk_dim-2/2-layers/16-hidden/500-epochs/checkpoints/epoch-0/GeneralSheaf_cornell_fold7_seed43.pt
Saved confidence to /home/fguadagn/FMG_Master_Thesis/neural-sheaf-diffusion-modified/results/node_conf/cornell/GeneralSheaf/normalised-true/stalk_dim-2/2-layers/16-hidden/500-epochs/checkpoints/epoch-0/GeneralSheaf_cornell_fold7_seed43.pt
Saved per-node accuracy to /home/fguadagn/FMG_Master_Thesis/neural-sheaf-diffusion-modified/results/node_accuracy/cornell/GeneralSheaf/normalised-true/stalk_dim-2/2-layers/16-hidden/500-epochs/checkpoints/epoch-0/GeneralSheaf_cornell_fold7_seed43.pt
Saved saliency to /home/fguadagn/FMG_Master_Thesis/neural-sheaf-diffusion-modified/results/node_saliency/cornell/GeneralSheaf/normalised-true/stalk_dim-2/2-layers/16-hidden/500-epochs/checkpoints/epoch-0/GeneralSheaf_cornell_fold7_seed43.pt
Saved node norms to /home/fguadagn/FMG_Master_Thesis/neural-sheaf-diffusion-modified/results/node_norms/cornell/GeneralSheaf/normalised-true/stalk_dim-2/2-layers/16-hidden/500-epochs/checkpoints/epoch-1/GeneralSheaf_cornell_fold7_seed43.pt
Saved confidence to /home/fguadagn/FMG_Master_Thesis/neural-sheaf-diffusion-modified/results/node_conf/cornell/GeneralSheaf/normalised-true/stalk_dim-2/2-layers/16-hidden/500-epochs/checkpoints/epoch-1/GeneralSheaf_cornell_fold7_seed43.pt
Saved per-node accuracy to /home/fguadagn/FMG_Master_Thesis/neural-sheaf-diffusion-modified/results/node_accuracy/cornell/GeneralSheaf/normalised-true/stalk_dim-2/2-layers/16-hidden/500-epochs/checkpoints/epoch-1/GeneralSheaf_cornell_fold7_seed43.pt
Saved saliency to /home/fguadagn/FMG_Master_Thesis/neural-sheaf-diffusion-modified/results/node_saliency/cornell/GeneralSheaf/normalised-true/stalk_dim-2/2-layers/16-hidden/500-epochs/checkpoints/epoch-1/GeneralSheaf_cornell_fold7_seed43.pt
Saved node norms to /home/fguadagn/FMG_Master_Thesis/neural-sheaf-diffusion-modified/results/node_norms/cornell/GeneralSheaf/normalised-true/stalk_dim-2/2-layers/16-hidden/500-epochs/checkpoints/epoch-5/GeneralSheaf_cornell_fold7_seed43.pt
Saved confidence to /home/fguadagn/FMG_Master_Thesis/neural-sheaf-diffusion-modified/results/node_conf/cornell/GeneralSheaf/normalised-true/stalk_dim-2/2-layers/16-hidden/500-epochs/checkpoints/epoch-5/GeneralSheaf_cornell_fold7_seed43.pt
Saved per-node accuracy to /home/fguadagn/FMG_Master_Thesis/neural-sheaf-diffusion-modified/results/node_accuracy/cornell/GeneralSheaf/normalised-true/stalk_dim-2/2-layers/16-hidden/500-epochs/checkpoints/epoch-5/GeneralSheaf_cornell_fold7_seed43.pt
Saved saliency to /home/fguadagn/FMG_Master_Thesis/neural-sheaf-diffusion-modified/results/node_saliency/cornell/GeneralSheaf/normalised-true/stalk_dim-2/2-layers/16-hidden/500-epochs/checkpoints/epoch-5/GeneralSheaf_cornell_fold7_seed43.pt
Saved node norms to /home/fguadagn/FMG_Master_Thesis/neural-sheaf-diffusion-modified/results/node_norms/cornell/GeneralSheaf/normalised-true/stalk_dim-2/2-layers/16-hidden/500-epochs/checkpoints/epoch-15/GeneralSheaf_cornell_fold7_seed43.pt
Saved confidence to /home/fguadagn/FMG_Master_Thesis/neural-sheaf-diffusion-modified/results/node_conf/cornell/GeneralSheaf/normalised-true/stalk_dim-2/2-layers/16-hidden/500-epochs/checkpoints/epoch-15/GeneralSheaf_cornell_fold7_seed43.pt
Saved per-node accuracy to /home/fguadagn/FMG_Master_Thesis/neural-sheaf-diffusion-modified/results/node_accuracy/cornell/GeneralSheaf/normalised-true/stalk_dim-2/2-layers/16-hidden/500-epochs/checkpoints/epoch-15/GeneralSheaf_cornell_fold7_seed43.pt
Saved saliency to /home/fguadagn/FMG_Master_Thesis/neural-sheaf-diffusion-modified/results/node_saliency/cornell/GeneralSheaf/normalised-true/stalk_dim-2/2-layers/16-hidden/500-epochs/checkpoints/epoch-15/GeneralSheaf_cornell_fold7_seed43.pt
Saved node norms to /home/fguadagn/FMG_Master_Thesis/neural-sheaf-diffusion-modified/results/node_norms/cornell/GeneralSheaf/normalised-true/stalk_dim-2/2-layers/16-hidden/500-epochs/checkpoints/epoch-50/GeneralSheaf_cornell_fold7_seed43.pt
Saved confidence to /home/fguadagn/FMG_Master_Thesis/neural-sheaf-diffusion-modified/results/node_conf/cornell/GeneralSheaf/normalised-true/stalk_dim-2/2-layers/16-hidden/500-epochs/checkpoints/epoch-50/GeneralSheaf_cornell_fold7_seed43.pt
Saved per-node accuracy to /home/fguadagn/FMG_Master_Thesis/neural-sheaf-diffusion-modified/results/node_accuracy/cornell/GeneralSheaf/normalised-true/stalk_dim-2/2-layers/16-hidden/500-epochs/checkpoints/epoch-50/GeneralSheaf_cornell_fold7_seed43.pt
Saved saliency to /home/fguadagn/FMG_Master_Thesis/neural-sheaf-diffusion-modified/results/node_saliency/cornell/GeneralSheaf/normalised-true/stalk_dim-2/2-layers/16-hidden/500-epochs/checkpoints/epoch-50/GeneralSheaf_cornell_fold7_seed43.pt
Saved node norms to /home/fguadagn/FMG_Master_Thesis/neural-sheaf-diffusion-modified/results/node_norms/cornell/GeneralSheaf/normalised-true/stalk_dim-2/2-layers/16-hidden/500-epochs/checkpoints/epoch-200/GeneralSheaf_cornell_fold7_seed43.pt
Saved confidence to /home/fguadagn/FMG_Master_Thesis/neural-sheaf-diffusion-modified/results/node_conf/cornell/GeneralSheaf/normalised-true/stalk_dim-2/2-layers/16-hidden/500-epochs/checkpoints/epoch-200/GeneralSheaf_cornell_fold7_seed43.pt
Saved per-node accuracy to /home/fguadagn/FMG_Master_Thesis/neural-sheaf-diffusion-modified/results/node_accuracy/cornell/GeneralSheaf/normalised-true/stalk_dim-2/2-layers/16-hidden/500-epochs/checkpoints/epoch-200/GeneralSheaf_cornell_fold7_seed43.pt
Saved saliency to /home/fguadagn/FMG_Master_Thesis/neural-sheaf-diffusion-modified/results/node_saliency/cornell/GeneralSheaf/normalised-true/stalk_dim-2/2-layers/16-hidden/500-epochs/checkpoints/epoch-200/GeneralSheaf_cornell_fold7_seed43.pt
Fold 7 | Epochs: 359 | Best epoch: 159
Test acc (best epoch): 0.7568
Test acc (last epoch): 0.8108
Best val acc: 0.8475
Laplacian 0: Max: 0.2534, Min: -0.5464, Avg: -0.1356, Abs avg: 0.1615
Laplacian 1: Max: 1.8706, Min: -1.1173, Avg: 0.0741, Abs avg: 0.4534
Epsilons 0: [1.651 1.575]
Epsilons 1: [1.669 1.599]
Saved node norms to /home/fguadagn/FMG_Master_Thesis/neural-sheaf-diffusion-modified/results/node_norms/cornell/GeneralSheaf/normalised-true/stalk_dim-2/2-layers/16-hidden/500-epochs/checkpoints/best-epoch/GeneralSheaf_cornell_fold7_seed43.pt
Saved best-epoch node norms (epoch 159) to checkpoints/best-epoch/
Saved confidence to /home/fguadagn/FMG_Master_Thesis/neural-sheaf-diffusion-modified/results/node_conf/cornell/GeneralSheaf/normalised-true/stalk_dim-2/2-layers/16-hidden/500-epochs/checkpoints/best-epoch/GeneralSheaf_cornell_fold7_seed43.pt
Saved per-node accuracy to /home/fguadagn/FMG_Master_Thesis/neural-sheaf-diffusion-modified/results/node_accuracy/cornell/GeneralSheaf/normalised-true/stalk_dim-2/2-layers/16-hidden/500-epochs/checkpoints/best-epoch/GeneralSheaf_cornell_fold7_seed43.pt
Saved saliency to /home/fguadagn/FMG_Master_Thesis/neural-sheaf-diffusion-modified/results/node_saliency/cornell/GeneralSheaf/normalised-true/stalk_dim-2/2-layers/16-hidden/500-epochs/checkpoints/best-epoch/GeneralSheaf_cornell_fold7_seed43.pt
Saved model weights to /home/fguadagn/FMG_Master_Thesis/neural-sheaf-diffusion-modified/results/model_weights/cornell/GeneralSheaf/normalised-true/stalk_dim-2/2-layers/16-hidden/500-epochs/checkpoints/best-epoch/GeneralSheaf_cornell_fold7_seed43.pth
Saved fold masks to /home/fguadagn/FMG_Master_Thesis/neural-sheaf-diffusion-modified/results/model_weights/cornell/GeneralSheaf/normalised-true/stalk_dim-2/2-layers/16-hidden/500-epochs/checkpoints/best-epoch/GeneralSheaf_cornell_fold7_seed43_masks.pt
Saved best-epoch model weights and masks (epoch 159) to checkpoints/best-epoch/
Updated best_epochs.json: fold_7 -> epoch 159
Saved node norms to /home/fguadagn/FMG_Master_Thesis/neural-sheaf-diffusion-modified/results/node_norms/cornell/GeneralSheaf/normalised-true/stalk_dim-2/2-layers/16-hidden/500-epochs/GeneralSheaf_cornell_fold7_seed43.pt
Saved node predictions to /home/fguadagn/FMG_Master_Thesis/neural-sheaf-diffusion-modified/results/node_preds/cornell/GeneralSheaf/normalised-true/stalk_dim-2/2-layers/16-hidden/500-epochs/GeneralSheaf_cornell_fold7_seed43.pt
Saved confidence to /home/fguadagn/FMG_Master_Thesis/neural-sheaf-diffusion-modified/results/node_conf/cornell/GeneralSheaf/normalised-true/stalk_dim-2/2-layers/16-hidden/500-epochs/GeneralSheaf_cornell_fold7_seed43.pt
Saved per-node accuracy to /home/fguadagn/FMG_Master_Thesis/neural-sheaf-diffusion-modified/results/node_accuracy/cornell/GeneralSheaf/normalised-true/stalk_dim-2/2-layers/16-hidden/500-epochs/GeneralSheaf_cornell_fold7_seed43.pt
Saved saliency to /home/fguadagn/FMG_Master_Thesis/neural-sheaf-diffusion-modified/results/node_saliency/cornell/GeneralSheaf/normalised-true/stalk_dim-2/2-layers/16-hidden/500-epochs/GeneralSheaf_cornell_fold7_seed43.pt
Saved node norms to /home/fguadagn/FMG_Master_Thesis/neural-sheaf-diffusion-modified/results/node_norms/cornell/GeneralSheaf/normalised-true/stalk_dim-2/2-layers/16-hidden/500-epochs/checkpoints/epoch-0/GeneralSheaf_cornell_fold8_seed43.pt
Saved confidence to /home/fguadagn/FMG_Master_Thesis/neural-sheaf-diffusion-modified/results/node_conf/cornell/GeneralSheaf/normalised-true/stalk_dim-2/2-layers/16-hidden/500-epochs/checkpoints/epoch-0/GeneralSheaf_cornell_fold8_seed43.pt
Saved per-node accuracy to /home/fguadagn/FMG_Master_Thesis/neural-sheaf-diffusion-modified/results/node_accuracy/cornell/GeneralSheaf/normalised-true/stalk_dim-2/2-layers/16-hidden/500-epochs/checkpoints/epoch-0/GeneralSheaf_cornell_fold8_seed43.pt
Saved saliency to /home/fguadagn/FMG_Master_Thesis/neural-sheaf-diffusion-modified/results/node_saliency/cornell/GeneralSheaf/normalised-true/stalk_dim-2/2-layers/16-hidden/500-epochs/checkpoints/epoch-0/GeneralSheaf_cornell_fold8_seed43.pt
Saved node norms to /home/fguadagn/FMG_Master_Thesis/neural-sheaf-diffusion-modified/results/node_norms/cornell/GeneralSheaf/normalised-true/stalk_dim-2/2-layers/16-hidden/500-epochs/checkpoints/epoch-1/GeneralSheaf_cornell_fold8_seed43.pt
Saved confidence to /home/fguadagn/FMG_Master_Thesis/neural-sheaf-diffusion-modified/results/node_conf/cornell/GeneralSheaf/normalised-true/stalk_dim-2/2-layers/16-hidden/500-epochs/checkpoints/epoch-1/GeneralSheaf_cornell_fold8_seed43.pt
Saved per-node accuracy to /home/fguadagn/FMG_Master_Thesis/neural-sheaf-diffusion-modified/results/node_accuracy/cornell/GeneralSheaf/normalised-true/stalk_dim-2/2-layers/16-hidden/500-epochs/checkpoints/epoch-1/GeneralSheaf_cornell_fold8_seed43.pt
Saved saliency to /home/fguadagn/FMG_Master_Thesis/neural-sheaf-diffusion-modified/results/node_saliency/cornell/GeneralSheaf/normalised-true/stalk_dim-2/2-layers/16-hidden/500-epochs/checkpoints/epoch-1/GeneralSheaf_cornell_fold8_seed43.pt
Saved node norms to /home/fguadagn/FMG_Master_Thesis/neural-sheaf-diffusion-modified/results/node_norms/cornell/GeneralSheaf/normalised-true/stalk_dim-2/2-layers/16-hidden/500-epochs/checkpoints/epoch-5/GeneralSheaf_cornell_fold8_seed43.pt
Saved confidence to /home/fguadagn/FMG_Master_Thesis/neural-sheaf-diffusion-modified/results/node_conf/cornell/GeneralSheaf/normalised-true/stalk_dim-2/2-layers/16-hidden/500-epochs/checkpoints/epoch-5/GeneralSheaf_cornell_fold8_seed43.pt
Saved per-node accuracy to /home/fguadagn/FMG_Master_Thesis/neural-sheaf-diffusion-modified/results/node_accuracy/cornell/GeneralSheaf/normalised-true/stalk_dim-2/2-layers/16-hidden/500-epochs/checkpoints/epoch-5/GeneralSheaf_cornell_fold8_seed43.pt
Saved saliency to /home/fguadagn/FMG_Master_Thesis/neural-sheaf-diffusion-modified/results/node_saliency/cornell/GeneralSheaf/normalised-true/stalk_dim-2/2-layers/16-hidden/500-epochs/checkpoints/epoch-5/GeneralSheaf_cornell_fold8_seed43.pt
Saved node norms to /home/fguadagn/FMG_Master_Thesis/neural-sheaf-diffusion-modified/results/node_norms/cornell/GeneralSheaf/normalised-true/stalk_dim-2/2-layers/16-hidden/500-epochs/checkpoints/epoch-15/GeneralSheaf_cornell_fold8_seed43.pt
Saved confidence to /home/fguadagn/FMG_Master_Thesis/neural-sheaf-diffusion-modified/results/node_conf/cornell/GeneralSheaf/normalised-true/stalk_dim-2/2-layers/16-hidden/500-epochs/checkpoints/epoch-15/GeneralSheaf_cornell_fold8_seed43.pt
Saved per-node accuracy to /home/fguadagn/FMG_Master_Thesis/neural-sheaf-diffusion-modified/results/node_accuracy/cornell/GeneralSheaf/normalised-true/stalk_dim-2/2-layers/16-hidden/500-epochs/checkpoints/epoch-15/GeneralSheaf_cornell_fold8_seed43.pt
Saved saliency to /home/fguadagn/FMG_Master_Thesis/neural-sheaf-diffusion-modified/results/node_saliency/cornell/GeneralSheaf/normalised-true/stalk_dim-2/2-layers/16-hidden/500-epochs/checkpoints/epoch-15/GeneralSheaf_cornell_fold8_seed43.pt
Saved node norms to /home/fguadagn/FMG_Master_Thesis/neural-sheaf-diffusion-modified/results/node_norms/cornell/GeneralSheaf/normalised-true/stalk_dim-2/2-layers/16-hidden/500-epochs/checkpoints/epoch-50/GeneralSheaf_cornell_fold8_seed43.pt
Saved confidence to /home/fguadagn/FMG_Master_Thesis/neural-sheaf-diffusion-modified/results/node_conf/cornell/GeneralSheaf/normalised-true/stalk_dim-2/2-layers/16-hidden/500-epochs/checkpoints/epoch-50/GeneralSheaf_cornell_fold8_seed43.pt
Saved per-node accuracy to /home/fguadagn/FMG_Master_Thesis/neural-sheaf-diffusion-modified/results/node_accuracy/cornell/GeneralSheaf/normalised-true/stalk_dim-2/2-layers/16-hidden/500-epochs/checkpoints/epoch-50/GeneralSheaf_cornell_fold8_seed43.pt
Saved saliency to /home/fguadagn/FMG_Master_Thesis/neural-sheaf-diffusion-modified/results/node_saliency/cornell/GeneralSheaf/normalised-true/stalk_dim-2/2-layers/16-hidden/500-epochs/checkpoints/epoch-50/GeneralSheaf_cornell_fold8_seed43.pt
Saved node norms to /home/fguadagn/FMG_Master_Thesis/neural-sheaf-diffusion-modified/results/node_norms/cornell/GeneralSheaf/normalised-true/stalk_dim-2/2-layers/16-hidden/500-epochs/checkpoints/epoch-200/GeneralSheaf_cornell_fold8_seed43.pt
Saved confidence to /home/fguadagn/FMG_Master_Thesis/neural-sheaf-diffusion-modified/results/node_conf/cornell/GeneralSheaf/normalised-true/stalk_dim-2/2-layers/16-hidden/500-epochs/checkpoints/epoch-200/GeneralSheaf_cornell_fold8_seed43.pt
Saved per-node accuracy to /home/fguadagn/FMG_Master_Thesis/neural-sheaf-diffusion-modified/results/node_accuracy/cornell/GeneralSheaf/normalised-true/stalk_dim-2/2-layers/16-hidden/500-epochs/checkpoints/epoch-200/GeneralSheaf_cornell_fold8_seed43.pt
Saved saliency to /home/fguadagn/FMG_Master_Thesis/neural-sheaf-diffusion-modified/results/node_saliency/cornell/GeneralSheaf/normalised-true/stalk_dim-2/2-layers/16-hidden/500-epochs/checkpoints/epoch-200/GeneralSheaf_cornell_fold8_seed43.pt
Fold 8 | Epochs: 499 | Best epoch: 329
Test acc (best epoch): 0.8378
Test acc (last epoch): 0.7568
Best val acc: 0.8644
Laplacian 0: Max: 0.5980, Min: -0.9853, Avg: -0.0389, Abs avg: 0.1818
Laplacian 1: Max: 1.9189, Min: -1.9813, Avg: 0.1205, Abs avg: 0.5466
Epsilons 0: [1.793 1.708]
Epsilons 1: [1.8   1.703]
Saved node norms to /home/fguadagn/FMG_Master_Thesis/neural-sheaf-diffusion-modified/results/node_norms/cornell/GeneralSheaf/normalised-true/stalk_dim-2/2-layers/16-hidden/500-epochs/checkpoints/best-epoch/GeneralSheaf_cornell_fold8_seed43.pt
Saved best-epoch node norms (epoch 329) to checkpoints/best-epoch/
Saved confidence to /home/fguadagn/FMG_Master_Thesis/neural-sheaf-diffusion-modified/results/node_conf/cornell/GeneralSheaf/normalised-true/stalk_dim-2/2-layers/16-hidden/500-epochs/checkpoints/best-epoch/GeneralSheaf_cornell_fold8_seed43.pt
Saved per-node accuracy to /home/fguadagn/FMG_Master_Thesis/neural-sheaf-diffusion-modified/results/node_accuracy/cornell/GeneralSheaf/normalised-true/stalk_dim-2/2-layers/16-hidden/500-epochs/checkpoints/best-epoch/GeneralSheaf_cornell_fold8_seed43.pt
Saved saliency to /home/fguadagn/FMG_Master_Thesis/neural-sheaf-diffusion-modified/results/node_saliency/cornell/GeneralSheaf/normalised-true/stalk_dim-2/2-layers/16-hidden/500-epochs/checkpoints/best-epoch/GeneralSheaf_cornell_fold8_seed43.pt
Saved model weights to /home/fguadagn/FMG_Master_Thesis/neural-sheaf-diffusion-modified/results/model_weights/cornell/GeneralSheaf/normalised-true/stalk_dim-2/2-layers/16-hidden/500-epochs/checkpoints/best-epoch/GeneralSheaf_cornell_fold8_seed43.pth
Saved fold masks to /home/fguadagn/FMG_Master_Thesis/neural-sheaf-diffusion-modified/results/model_weights/cornell/GeneralSheaf/normalised-true/stalk_dim-2/2-layers/16-hidden/500-epochs/checkpoints/best-epoch/GeneralSheaf_cornell_fold8_seed43_masks.pt
Saved best-epoch model weights and masks (epoch 329) to checkpoints/best-epoch/
Updated best_epochs.json: fold_8 -> epoch 329
Saved node norms to /home/fguadagn/FMG_Master_Thesis/neural-sheaf-diffusion-modified/results/node_norms/cornell/GeneralSheaf/normalised-true/stalk_dim-2/2-layers/16-hidden/500-epochs/GeneralSheaf_cornell_fold8_seed43.pt
Saved node predictions to /home/fguadagn/FMG_Master_Thesis/neural-sheaf-diffusion-modified/results/node_preds/cornell/GeneralSheaf/normalised-true/stalk_dim-2/2-layers/16-hidden/500-epochs/GeneralSheaf_cornell_fold8_seed43.pt
Saved confidence to /home/fguadagn/FMG_Master_Thesis/neural-sheaf-diffusion-modified/results/node_conf/cornell/GeneralSheaf/normalised-true/stalk_dim-2/2-layers/16-hidden/500-epochs/GeneralSheaf_cornell_fold8_seed43.pt
Saved per-node accuracy to /home/fguadagn/FMG_Master_Thesis/neural-sheaf-diffusion-modified/results/node_accuracy/cornell/GeneralSheaf/normalised-true/stalk_dim-2/2-layers/16-hidden/500-epochs/GeneralSheaf_cornell_fold8_seed43.pt
Saved saliency to /home/fguadagn/FMG_Master_Thesis/neural-sheaf-diffusion-modified/results/node_saliency/cornell/GeneralSheaf/normalised-true/stalk_dim-2/2-layers/16-hidden/500-epochs/GeneralSheaf_cornell_fold8_seed43.pt
Saved node norms to /home/fguadagn/FMG_Master_Thesis/neural-sheaf-diffusion-modified/results/node_norms/cornell/GeneralSheaf/normalised-true/stalk_dim-2/2-layers/16-hidden/500-epochs/checkpoints/epoch-0/GeneralSheaf_cornell_fold9_seed43.pt
Saved confidence to /home/fguadagn/FMG_Master_Thesis/neural-sheaf-diffusion-modified/results/node_conf/cornell/GeneralSheaf/normalised-true/stalk_dim-2/2-layers/16-hidden/500-epochs/checkpoints/epoch-0/GeneralSheaf_cornell_fold9_seed43.pt
Saved per-node accuracy to /home/fguadagn/FMG_Master_Thesis/neural-sheaf-diffusion-modified/results/node_accuracy/cornell/GeneralSheaf/normalised-true/stalk_dim-2/2-layers/16-hidden/500-epochs/checkpoints/epoch-0/GeneralSheaf_cornell_fold9_seed43.pt
Saved saliency to /home/fguadagn/FMG_Master_Thesis/neural-sheaf-diffusion-modified/results/node_saliency/cornell/GeneralSheaf/normalised-true/stalk_dim-2/2-layers/16-hidden/500-epochs/checkpoints/epoch-0/GeneralSheaf_cornell_fold9_seed43.pt
Saved node norms to /home/fguadagn/FMG_Master_Thesis/neural-sheaf-diffusion-modified/results/node_norms/cornell/GeneralSheaf/normalised-true/stalk_dim-2/2-layers/16-hidden/500-epochs/checkpoints/epoch-1/GeneralSheaf_cornell_fold9_seed43.pt
Saved confidence to /home/fguadagn/FMG_Master_Thesis/neural-sheaf-diffusion-modified/results/node_conf/cornell/GeneralSheaf/normalised-true/stalk_dim-2/2-layers/16-hidden/500-epochs/checkpoints/epoch-1/GeneralSheaf_cornell_fold9_seed43.pt
Saved per-node accuracy to /home/fguadagn/FMG_Master_Thesis/neural-sheaf-diffusion-modified/results/node_accuracy/cornell/GeneralSheaf/normalised-true/stalk_dim-2/2-layers/16-hidden/500-epochs/checkpoints/epoch-1/GeneralSheaf_cornell_fold9_seed43.pt
Saved saliency to /home/fguadagn/FMG_Master_Thesis/neural-sheaf-diffusion-modified/results/node_saliency/cornell/GeneralSheaf/normalised-true/stalk_dim-2/2-layers/16-hidden/500-epochs/checkpoints/epoch-1/GeneralSheaf_cornell_fold9_seed43.pt
Saved node norms to /home/fguadagn/FMG_Master_Thesis/neural-sheaf-diffusion-modified/results/node_norms/cornell/GeneralSheaf/normalised-true/stalk_dim-2/2-layers/16-hidden/500-epochs/checkpoints/epoch-5/GeneralSheaf_cornell_fold9_seed43.pt
Saved confidence to /home/fguadagn/FMG_Master_Thesis/neural-sheaf-diffusion-modified/results/node_conf/cornell/GeneralSheaf/normalised-true/stalk_dim-2/2-layers/16-hidden/500-epochs/checkpoints/epoch-5/GeneralSheaf_cornell_fold9_seed43.pt
Saved per-node accuracy to /home/fguadagn/FMG_Master_Thesis/neural-sheaf-diffusion-modified/results/node_accuracy/cornell/GeneralSheaf/normalised-true/stalk_dim-2/2-layers/16-hidden/500-epochs/checkpoints/epoch-5/GeneralSheaf_cornell_fold9_seed43.pt
Saved saliency to /home/fguadagn/FMG_Master_Thesis/neural-sheaf-diffusion-modified/results/node_saliency/cornell/GeneralSheaf/normalised-true/stalk_dim-2/2-layers/16-hidden/500-epochs/checkpoints/epoch-5/GeneralSheaf_cornell_fold9_seed43.pt
Saved node norms to /home/fguadagn/FMG_Master_Thesis/neural-sheaf-diffusion-modified/results/node_norms/cornell/GeneralSheaf/normalised-true/stalk_dim-2/2-layers/16-hidden/500-epochs/checkpoints/epoch-15/GeneralSheaf_cornell_fold9_seed43.pt
Saved confidence to /home/fguadagn/FMG_Master_Thesis/neural-sheaf-diffusion-modified/results/node_conf/cornell/GeneralSheaf/normalised-true/stalk_dim-2/2-layers/16-hidden/500-epochs/checkpoints/epoch-15/GeneralSheaf_cornell_fold9_seed43.pt
Saved per-node accuracy to /home/fguadagn/FMG_Master_Thesis/neural-sheaf-diffusion-modified/results/node_accuracy/cornell/GeneralSheaf/normalised-true/stalk_dim-2/2-layers/16-hidden/500-epochs/checkpoints/epoch-15/GeneralSheaf_cornell_fold9_seed43.pt
Saved saliency to /home/fguadagn/FMG_Master_Thesis/neural-sheaf-diffusion-modified/results/node_saliency/cornell/GeneralSheaf/normalised-true/stalk_dim-2/2-layers/16-hidden/500-epochs/checkpoints/epoch-15/GeneralSheaf_cornell_fold9_seed43.pt
Saved node norms to /home/fguadagn/FMG_Master_Thesis/neural-sheaf-diffusion-modified/results/node_norms/cornell/GeneralSheaf/normalised-true/stalk_dim-2/2-layers/16-hidden/500-epochs/checkpoints/epoch-50/GeneralSheaf_cornell_fold9_seed43.pt
Saved confidence to /home/fguadagn/FMG_Master_Thesis/neural-sheaf-diffusion-modified/results/node_conf/cornell/GeneralSheaf/normalised-true/stalk_dim-2/2-layers/16-hidden/500-epochs/checkpoints/epoch-50/GeneralSheaf_cornell_fold9_seed43.pt
Saved per-node accuracy to /home/fguadagn/FMG_Master_Thesis/neural-sheaf-diffusion-modified/results/node_accuracy/cornell/GeneralSheaf/normalised-true/stalk_dim-2/2-layers/16-hidden/500-epochs/checkpoints/epoch-50/GeneralSheaf_cornell_fold9_seed43.pt
Saved saliency to /home/fguadagn/FMG_Master_Thesis/neural-sheaf-diffusion-modified/results/node_saliency/cornell/GeneralSheaf/normalised-true/stalk_dim-2/2-layers/16-hidden/500-epochs/checkpoints/epoch-50/GeneralSheaf_cornell_fold9_seed43.pt
Saved node norms to /home/fguadagn/FMG_Master_Thesis/neural-sheaf-diffusion-modified/results/node_norms/cornell/GeneralSheaf/normalised-true/stalk_dim-2/2-layers/16-hidden/500-epochs/checkpoints/epoch-200/GeneralSheaf_cornell_fold9_seed43.pt
Saved confidence to /home/fguadagn/FMG_Master_Thesis/neural-sheaf-diffusion-modified/results/node_conf/cornell/GeneralSheaf/normalised-true/stalk_dim-2/2-layers/16-hidden/500-epochs/checkpoints/epoch-200/GeneralSheaf_cornell_fold9_seed43.pt
Saved per-node accuracy to /home/fguadagn/FMG_Master_Thesis/neural-sheaf-diffusion-modified/results/node_accuracy/cornell/GeneralSheaf/normalised-true/stalk_dim-2/2-layers/16-hidden/500-epochs/checkpoints/epoch-200/GeneralSheaf_cornell_fold9_seed43.pt
Saved saliency to /home/fguadagn/FMG_Master_Thesis/neural-sheaf-diffusion-modified/results/node_saliency/cornell/GeneralSheaf/normalised-true/stalk_dim-2/2-layers/16-hidden/500-epochs/checkpoints/epoch-200/GeneralSheaf_cornell_fold9_seed43.pt
Fold 9 | Epochs: 499 | Best epoch: 433
Test acc (best epoch): 0.8378
Test acc (last epoch): 0.7838
Best val acc: 0.8136
Laplacian 0: Max: 0.2444, Min: -0.9361, Avg: -0.2818, Abs avg: 0.2982
Laplacian 1: Max: 1.9323, Min: -0.9384, Avg: 0.3913, Abs avg: 0.5643
Epsilons 0: [1.633 1.788]
Epsilons 1: [1.666 1.757]
Saved node norms to /home/fguadagn/FMG_Master_Thesis/neural-sheaf-diffusion-modified/results/node_norms/cornell/GeneralSheaf/normalised-true/stalk_dim-2/2-layers/16-hidden/500-epochs/checkpoints/best-epoch/GeneralSheaf_cornell_fold9_seed43.pt
Saved best-epoch node norms (epoch 433) to checkpoints/best-epoch/
Saved confidence to /home/fguadagn/FMG_Master_Thesis/neural-sheaf-diffusion-modified/results/node_conf/cornell/GeneralSheaf/normalised-true/stalk_dim-2/2-layers/16-hidden/500-epochs/checkpoints/best-epoch/GeneralSheaf_cornell_fold9_seed43.pt
Saved per-node accuracy to /home/fguadagn/FMG_Master_Thesis/neural-sheaf-diffusion-modified/results/node_accuracy/cornell/GeneralSheaf/normalised-true/stalk_dim-2/2-layers/16-hidden/500-epochs/checkpoints/best-epoch/GeneralSheaf_cornell_fold9_seed43.pt
Saved saliency to /home/fguadagn/FMG_Master_Thesis/neural-sheaf-diffusion-modified/results/node_saliency/cornell/GeneralSheaf/normalised-true/stalk_dim-2/2-layers/16-hidden/500-epochs/checkpoints/best-epoch/GeneralSheaf_cornell_fold9_seed43.pt
Saved model weights to /home/fguadagn/FMG_Master_Thesis/neural-sheaf-diffusion-modified/results/model_weights/cornell/GeneralSheaf/normalised-true/stalk_dim-2/2-layers/16-hidden/500-epochs/checkpoints/best-epoch/GeneralSheaf_cornell_fold9_seed43.pth
Saved fold masks to /home/fguadagn/FMG_Master_Thesis/neural-sheaf-diffusion-modified/results/model_weights/cornell/GeneralSheaf/normalised-true/stalk_dim-2/2-layers/16-hidden/500-epochs/checkpoints/best-epoch/GeneralSheaf_cornell_fold9_seed43_masks.pt
Saved best-epoch model weights and masks (epoch 433) to checkpoints/best-epoch/
Updated best_epochs.json: fold_9 -> epoch 433
Saved node norms to /home/fguadagn/FMG_Master_Thesis/neural-sheaf-diffusion-modified/results/node_norms/cornell/GeneralSheaf/normalised-true/stalk_dim-2/2-layers/16-hidden/500-epochs/GeneralSheaf_cornell_fold9_seed43.pt
Saved node predictions to /home/fguadagn/FMG_Master_Thesis/neural-sheaf-diffusion-modified/results/node_preds/cornell/GeneralSheaf/normalised-true/stalk_dim-2/2-layers/16-hidden/500-epochs/GeneralSheaf_cornell_fold9_seed43.pt
Saved confidence to /home/fguadagn/FMG_Master_Thesis/neural-sheaf-diffusion-modified/results/node_conf/cornell/GeneralSheaf/normalised-true/stalk_dim-2/2-layers/16-hidden/500-epochs/GeneralSheaf_cornell_fold9_seed43.pt
Saved per-node accuracy to /home/fguadagn/FMG_Master_Thesis/neural-sheaf-diffusion-modified/results/node_accuracy/cornell/GeneralSheaf/normalised-true/stalk_dim-2/2-layers/16-hidden/500-epochs/GeneralSheaf_cornell_fold9_seed43.pt
Saved saliency to /home/fguadagn/FMG_Master_Thesis/neural-sheaf-diffusion-modified/results/node_saliency/cornell/GeneralSheaf/normalised-true/stalk_dim-2/2-layers/16-hidden/500-epochs/GeneralSheaf_cornell_fold9_seed43.pt
GeneralSheaf on cornell | SHA: 76c20f9b6a5a98e71dded402ae983d844519635e
Test acc: 81.0811 +/- 7.9259 | Val acc: 83.5593
