wandb: [wandb.login()] Loaded credentials for https://api.wandb.ai from WANDB_API_KEY.
wandb: Currently logged in as: franceguad2002 (franceguad2002-epfl) to https://api.wandb.ai. Use `wandb login --relogin` to force relogin
wandb: setting up run jv1jtasr
wandb: Tracking run with wandb version 0.26.1
wandb: Run data is saved locally in /home/fguadagn/FMG_Master_Thesis/neural-sheaf-diffusion-modified/wandb/run-20260709_213828-jv1jtasr
wandb: Run `wandb offline` to turn off syncing.
wandb: Syncing run GeneralSheaf_minesweeper_normalised-true_stalk-5_6layers_16hidden_500epochs_seed43
wandb: ⭐️ View project at https://wandb.ai/franceguad2002-epfl/sheaf
wandb: 🚀 View run at https://wandb.ai/franceguad2002-epfl/sheaf/runs/jv1jtasr
  0%|          | 0/10 [00:00<?, ?it/s] 10%|█         | 1/10 [00:56<08:29, 56.63s/it] 20%|██        | 2/10 [01:53<07:36, 57.00s/it] 30%|███       | 3/10 [02:49<06:35, 56.54s/it] 40%|████      | 4/10 [03:45<05:37, 56.32s/it] 50%|█████     | 5/10 [04:41<04:41, 56.22s/it] 60%|██████    | 6/10 [05:39<03:46, 56.70s/it] 70%|███████   | 7/10 [06:35<02:49, 56.49s/it] 80%|████████  | 8/10 [07:31<01:52, 56.18s/it] 90%|█████████ | 9/10 [08:27<00:56, 56.31s/it]100%|██████████| 10/10 [09:23<00:00, 56.12s/it]100%|██████████| 10/10 [09:23<00:00, 56.34s/it]
wandb: updating run metadata
wandb: uploading output.log; uploading wandb-summary.json; uploading config.yaml
wandb: uploading history steps 508-509, summary, console lines 530-561
wandb: 
wandb: Run history:
wandb:          best_epoch ▂▆▄▁▄█▃█▅▅
wandb:       best_test_acc ▄██▁▃▆▇▆▇▆
wandb:       best_test_auc ▄▇█▁▃▆█▅▆▅
wandb:        best_val_acc ▄▃▁█▇▆▇▇▂▅
wandb:  fold0_tmp_test_acc ▁▁▂▃▃▄▄▅▅▅▆▆▆▇▇▇▇▇█▇▇▇▇███▇▇█▇▇▇▇▇▇██▇▇▇
wandb: fold0_tmp_test_loss █▄▃▃▃▃▂▂▂▂▂▂▂▂▁▁▂▁▁▁▁▁▁▁▁▁▁▁▁▁▁▁▁▁▁▁▁▁▁▁
wandb:     fold0_train_acc ▁▁▂▃▄▄▄▅▅▆▆▆▇▇▇▇▇▇▇▇▇▇█▇█▇▇██▇██▇███████
wandb:    fold0_train_loss █▅▄▃▃▃▂▂▂▂▂▂▂▂▂▂▂▂▂▂▂▁▂▁▁▁▁▁▁▁▁▁▁▁▁▁▁▁▁▁
wandb:       fold0_val_acc ▁▁▂▃▃▅▅▅▆▆▇▇▇▇▇██▇███▇███▇██▇██████████▇
wandb:      fold0_val_loss █▄▃▃▃▃▃▂▂▂▂▂▂▁▂▁▁▁▁▁▁▁▁▁▁▁▁▁▁▁▁▁▁▁▁▁▁▁▁▁
wandb:                  +7 ...
wandb: 
wandb: Run summary:
wandb:          best_epoch 461
wandb:       best_test_acc 0.9045
wandb:       best_test_auc 0.95344
wandb:        best_val_acc 0.903
wandb:  fold0_tmp_test_acc 0.899
wandb: fold0_tmp_test_loss 0.21656
wandb:     fold0_train_acc 0.924
wandb:    fold0_train_loss 0.17955
wandb:       fold0_val_acc 0.9015
wandb:      fold0_val_loss 0.22983
wandb:                  +7 ...
wandb: 
wandb: 🚀 View run GeneralSheaf_minesweeper_normalised-true_stalk-5_6layers_16hidden_500epochs_seed43 at: https://wandb.ai/franceguad2002-epfl/sheaf/runs/jv1jtasr
wandb: ⭐️ View project at: https://wandb.ai/franceguad2002-epfl/sheaf
wandb: Synced 5 W&B file(s), 0 media file(s), 0 artifact file(s) and 0 other file(s)
wandb: Find logs at: ./wandb/run-20260709_213828-jv1jtasr/logs
