Running with wandb account: franceguad2002-epfl
Namespace(epochs=500, lr=0.02, weight_decay=0.0006685729356079199, sheaf_decay=0.0006685729356079199, early_stopping=200, min_acc=0.0, stop_strategy='loss', d=2, layers=2, normalised=True, deg_normalised=False, linear=False, hidden_channels=16, input_dropout=0.0, dropout=0.7276458263736642, left_weights=True, right_weights=True, add_lp=False, add_hp=False, use_act=True, second_linear=False, orth='householder', sheaf_act='tanh', edge_weights=False, sparse_learner=False, dataset='wisconsin', seed=43, cuda=0, folds=10, model='GeneralSheaf', entity='franceguad2002-epfl', evectors=0, max_t=1.0, int_method=None, step_size=1, max_iters=100, adjoint_method='adaptive_heun', adjoint=False, adjoint_step_size=1, tol_scale=1.0, tol_scale_adjoint=1.0, max_nfe=1000, no_early=False, earlystopxT=3, max_test_steps=100, num_nodes=200, num_classes=2, num_feats=10, het_coef=0.9, edge_noise=0.05, node_degree=10, feat_noise=0.25, ellipsoid_radius=1, just_add_noise=False, ellipsoids=True, classes_corr=None, dual_diff_strength=1.0, dual_normalised=True, sheaf_init=False, dual_left_linear=True, dual_right_linear=True, dual_linear=False, learn_first_maps=False, learnt_map_type='general', rotation_invariant_sheaf_learner=False, node_edge_sims_time_dependent=False, num_of_convolutions=1, dim_list=[], zero_laplacian=False, maps_lr=None, use_epsilons=True, use_embedding=True, checkpoint_epochs=[0, 1, 5, 15, 50, 200], save_laplacians=False, save_norms=True, save_preds=True, save_saliency=True, save_others=False, sha='76c20f9b6a5a98e71dded402ae983d844519635e', graph_size=251, input_dim=1703, output_dim=5, device=device(type='cuda', index=0))
Saved node norms to /home/fguadagn/FMG_Master_Thesis/neural-sheaf-diffusion-modified/results/node_norms/wisconsin/GeneralSheaf/normalised-true/stalk_dim-2/2-layers/16-hidden/500-epochs/checkpoints/epoch-0/GeneralSheaf_wisconsin_fold0_seed43.pt
Saved confidence to /home/fguadagn/FMG_Master_Thesis/neural-sheaf-diffusion-modified/results/node_conf/wisconsin/GeneralSheaf/normalised-true/stalk_dim-2/2-layers/16-hidden/500-epochs/checkpoints/epoch-0/GeneralSheaf_wisconsin_fold0_seed43.pt
Saved per-node accuracy to /home/fguadagn/FMG_Master_Thesis/neural-sheaf-diffusion-modified/results/node_accuracy/wisconsin/GeneralSheaf/normalised-true/stalk_dim-2/2-layers/16-hidden/500-epochs/checkpoints/epoch-0/GeneralSheaf_wisconsin_fold0_seed43.pt
Saved saliency to /home/fguadagn/FMG_Master_Thesis/neural-sheaf-diffusion-modified/results/node_saliency/wisconsin/GeneralSheaf/normalised-true/stalk_dim-2/2-layers/16-hidden/500-epochs/checkpoints/epoch-0/GeneralSheaf_wisconsin_fold0_seed43.pt
Saved node norms to /home/fguadagn/FMG_Master_Thesis/neural-sheaf-diffusion-modified/results/node_norms/wisconsin/GeneralSheaf/normalised-true/stalk_dim-2/2-layers/16-hidden/500-epochs/checkpoints/epoch-1/GeneralSheaf_wisconsin_fold0_seed43.pt
Saved confidence to /home/fguadagn/FMG_Master_Thesis/neural-sheaf-diffusion-modified/results/node_conf/wisconsin/GeneralSheaf/normalised-true/stalk_dim-2/2-layers/16-hidden/500-epochs/checkpoints/epoch-1/GeneralSheaf_wisconsin_fold0_seed43.pt
Saved per-node accuracy to /home/fguadagn/FMG_Master_Thesis/neural-sheaf-diffusion-modified/results/node_accuracy/wisconsin/GeneralSheaf/normalised-true/stalk_dim-2/2-layers/16-hidden/500-epochs/checkpoints/epoch-1/GeneralSheaf_wisconsin_fold0_seed43.pt
Saved saliency to /home/fguadagn/FMG_Master_Thesis/neural-sheaf-diffusion-modified/results/node_saliency/wisconsin/GeneralSheaf/normalised-true/stalk_dim-2/2-layers/16-hidden/500-epochs/checkpoints/epoch-1/GeneralSheaf_wisconsin_fold0_seed43.pt
Saved node norms to /home/fguadagn/FMG_Master_Thesis/neural-sheaf-diffusion-modified/results/node_norms/wisconsin/GeneralSheaf/normalised-true/stalk_dim-2/2-layers/16-hidden/500-epochs/checkpoints/epoch-5/GeneralSheaf_wisconsin_fold0_seed43.pt
Saved confidence to /home/fguadagn/FMG_Master_Thesis/neural-sheaf-diffusion-modified/results/node_conf/wisconsin/GeneralSheaf/normalised-true/stalk_dim-2/2-layers/16-hidden/500-epochs/checkpoints/epoch-5/GeneralSheaf_wisconsin_fold0_seed43.pt
Saved per-node accuracy to /home/fguadagn/FMG_Master_Thesis/neural-sheaf-diffusion-modified/results/node_accuracy/wisconsin/GeneralSheaf/normalised-true/stalk_dim-2/2-layers/16-hidden/500-epochs/checkpoints/epoch-5/GeneralSheaf_wisconsin_fold0_seed43.pt
Saved saliency to /home/fguadagn/FMG_Master_Thesis/neural-sheaf-diffusion-modified/results/node_saliency/wisconsin/GeneralSheaf/normalised-true/stalk_dim-2/2-layers/16-hidden/500-epochs/checkpoints/epoch-5/GeneralSheaf_wisconsin_fold0_seed43.pt
Saved node norms to /home/fguadagn/FMG_Master_Thesis/neural-sheaf-diffusion-modified/results/node_norms/wisconsin/GeneralSheaf/normalised-true/stalk_dim-2/2-layers/16-hidden/500-epochs/checkpoints/epoch-15/GeneralSheaf_wisconsin_fold0_seed43.pt
Saved confidence to /home/fguadagn/FMG_Master_Thesis/neural-sheaf-diffusion-modified/results/node_conf/wisconsin/GeneralSheaf/normalised-true/stalk_dim-2/2-layers/16-hidden/500-epochs/checkpoints/epoch-15/GeneralSheaf_wisconsin_fold0_seed43.pt
Saved per-node accuracy to /home/fguadagn/FMG_Master_Thesis/neural-sheaf-diffusion-modified/results/node_accuracy/wisconsin/GeneralSheaf/normalised-true/stalk_dim-2/2-layers/16-hidden/500-epochs/checkpoints/epoch-15/GeneralSheaf_wisconsin_fold0_seed43.pt
Saved saliency to /home/fguadagn/FMG_Master_Thesis/neural-sheaf-diffusion-modified/results/node_saliency/wisconsin/GeneralSheaf/normalised-true/stalk_dim-2/2-layers/16-hidden/500-epochs/checkpoints/epoch-15/GeneralSheaf_wisconsin_fold0_seed43.pt
Saved node norms to /home/fguadagn/FMG_Master_Thesis/neural-sheaf-diffusion-modified/results/node_norms/wisconsin/GeneralSheaf/normalised-true/stalk_dim-2/2-layers/16-hidden/500-epochs/checkpoints/epoch-50/GeneralSheaf_wisconsin_fold0_seed43.pt
Saved confidence to /home/fguadagn/FMG_Master_Thesis/neural-sheaf-diffusion-modified/results/node_conf/wisconsin/GeneralSheaf/normalised-true/stalk_dim-2/2-layers/16-hidden/500-epochs/checkpoints/epoch-50/GeneralSheaf_wisconsin_fold0_seed43.pt
Saved per-node accuracy to /home/fguadagn/FMG_Master_Thesis/neural-sheaf-diffusion-modified/results/node_accuracy/wisconsin/GeneralSheaf/normalised-true/stalk_dim-2/2-layers/16-hidden/500-epochs/checkpoints/epoch-50/GeneralSheaf_wisconsin_fold0_seed43.pt
Saved saliency to /home/fguadagn/FMG_Master_Thesis/neural-sheaf-diffusion-modified/results/node_saliency/wisconsin/GeneralSheaf/normalised-true/stalk_dim-2/2-layers/16-hidden/500-epochs/checkpoints/epoch-50/GeneralSheaf_wisconsin_fold0_seed43.pt
Saved node norms to /home/fguadagn/FMG_Master_Thesis/neural-sheaf-diffusion-modified/results/node_norms/wisconsin/GeneralSheaf/normalised-true/stalk_dim-2/2-layers/16-hidden/500-epochs/checkpoints/epoch-200/GeneralSheaf_wisconsin_fold0_seed43.pt
Saved confidence to /home/fguadagn/FMG_Master_Thesis/neural-sheaf-diffusion-modified/results/node_conf/wisconsin/GeneralSheaf/normalised-true/stalk_dim-2/2-layers/16-hidden/500-epochs/checkpoints/epoch-200/GeneralSheaf_wisconsin_fold0_seed43.pt
Saved per-node accuracy to /home/fguadagn/FMG_Master_Thesis/neural-sheaf-diffusion-modified/results/node_accuracy/wisconsin/GeneralSheaf/normalised-true/stalk_dim-2/2-layers/16-hidden/500-epochs/checkpoints/epoch-200/GeneralSheaf_wisconsin_fold0_seed43.pt
Saved saliency to /home/fguadagn/FMG_Master_Thesis/neural-sheaf-diffusion-modified/results/node_saliency/wisconsin/GeneralSheaf/normalised-true/stalk_dim-2/2-layers/16-hidden/500-epochs/checkpoints/epoch-200/GeneralSheaf_wisconsin_fold0_seed43.pt
Fold 0 | Epochs: 468 | Best epoch: 268
Test acc (best epoch): 0.8235
Test acc (last epoch): 0.8235
Best val acc: 0.8750
Laplacian 0: Max: 0.2883, Min: -0.9359, Avg: -0.0245, Abs avg: 0.0269
Laplacian 1: Max: 0.3538, Min: -0.2599, Avg: -0.0203, Abs avg: 0.0275
Epsilons 0: [2.011 1.99 ]
Epsilons 1: [2.03 2.  ]
Saved node norms to /home/fguadagn/FMG_Master_Thesis/neural-sheaf-diffusion-modified/results/node_norms/wisconsin/GeneralSheaf/normalised-true/stalk_dim-2/2-layers/16-hidden/500-epochs/checkpoints/best-epoch/GeneralSheaf_wisconsin_fold0_seed43.pt
Saved best-epoch node norms (epoch 268) to checkpoints/best-epoch/
Saved confidence to /home/fguadagn/FMG_Master_Thesis/neural-sheaf-diffusion-modified/results/node_conf/wisconsin/GeneralSheaf/normalised-true/stalk_dim-2/2-layers/16-hidden/500-epochs/checkpoints/best-epoch/GeneralSheaf_wisconsin_fold0_seed43.pt
Saved per-node accuracy to /home/fguadagn/FMG_Master_Thesis/neural-sheaf-diffusion-modified/results/node_accuracy/wisconsin/GeneralSheaf/normalised-true/stalk_dim-2/2-layers/16-hidden/500-epochs/checkpoints/best-epoch/GeneralSheaf_wisconsin_fold0_seed43.pt
Saved saliency to /home/fguadagn/FMG_Master_Thesis/neural-sheaf-diffusion-modified/results/node_saliency/wisconsin/GeneralSheaf/normalised-true/stalk_dim-2/2-layers/16-hidden/500-epochs/checkpoints/best-epoch/GeneralSheaf_wisconsin_fold0_seed43.pt
Saved training args to /home/fguadagn/FMG_Master_Thesis/neural-sheaf-diffusion-modified/results/model_weights/wisconsin/GeneralSheaf/normalised-true/stalk_dim-2/2-layers/16-hidden/500-epochs/training_args.json
Saved model weights to /home/fguadagn/FMG_Master_Thesis/neural-sheaf-diffusion-modified/results/model_weights/wisconsin/GeneralSheaf/normalised-true/stalk_dim-2/2-layers/16-hidden/500-epochs/checkpoints/best-epoch/GeneralSheaf_wisconsin_fold0_seed43.pth
Saved fold masks to /home/fguadagn/FMG_Master_Thesis/neural-sheaf-diffusion-modified/results/model_weights/wisconsin/GeneralSheaf/normalised-true/stalk_dim-2/2-layers/16-hidden/500-epochs/checkpoints/best-epoch/GeneralSheaf_wisconsin_fold0_seed43_masks.pt
Saved best-epoch model weights and masks (epoch 268) to checkpoints/best-epoch/
Updated best_epochs.json: fold_0 -> epoch 268
Saved node norms to /home/fguadagn/FMG_Master_Thesis/neural-sheaf-diffusion-modified/results/node_norms/wisconsin/GeneralSheaf/normalised-true/stalk_dim-2/2-layers/16-hidden/500-epochs/GeneralSheaf_wisconsin_fold0_seed43.pt
Saved node predictions to /home/fguadagn/FMG_Master_Thesis/neural-sheaf-diffusion-modified/results/node_preds/wisconsin/GeneralSheaf/normalised-true/stalk_dim-2/2-layers/16-hidden/500-epochs/GeneralSheaf_wisconsin_fold0_seed43.pt
Saved confidence to /home/fguadagn/FMG_Master_Thesis/neural-sheaf-diffusion-modified/results/node_conf/wisconsin/GeneralSheaf/normalised-true/stalk_dim-2/2-layers/16-hidden/500-epochs/GeneralSheaf_wisconsin_fold0_seed43.pt
Saved per-node accuracy to /home/fguadagn/FMG_Master_Thesis/neural-sheaf-diffusion-modified/results/node_accuracy/wisconsin/GeneralSheaf/normalised-true/stalk_dim-2/2-layers/16-hidden/500-epochs/GeneralSheaf_wisconsin_fold0_seed43.pt
Saved saliency to /home/fguadagn/FMG_Master_Thesis/neural-sheaf-diffusion-modified/results/node_saliency/wisconsin/GeneralSheaf/normalised-true/stalk_dim-2/2-layers/16-hidden/500-epochs/GeneralSheaf_wisconsin_fold0_seed43.pt
Saved node norms to /home/fguadagn/FMG_Master_Thesis/neural-sheaf-diffusion-modified/results/node_norms/wisconsin/GeneralSheaf/normalised-true/stalk_dim-2/2-layers/16-hidden/500-epochs/checkpoints/epoch-0/GeneralSheaf_wisconsin_fold1_seed43.pt
Saved confidence to /home/fguadagn/FMG_Master_Thesis/neural-sheaf-diffusion-modified/results/node_conf/wisconsin/GeneralSheaf/normalised-true/stalk_dim-2/2-layers/16-hidden/500-epochs/checkpoints/epoch-0/GeneralSheaf_wisconsin_fold1_seed43.pt
Saved per-node accuracy to /home/fguadagn/FMG_Master_Thesis/neural-sheaf-diffusion-modified/results/node_accuracy/wisconsin/GeneralSheaf/normalised-true/stalk_dim-2/2-layers/16-hidden/500-epochs/checkpoints/epoch-0/GeneralSheaf_wisconsin_fold1_seed43.pt
Saved saliency to /home/fguadagn/FMG_Master_Thesis/neural-sheaf-diffusion-modified/results/node_saliency/wisconsin/GeneralSheaf/normalised-true/stalk_dim-2/2-layers/16-hidden/500-epochs/checkpoints/epoch-0/GeneralSheaf_wisconsin_fold1_seed43.pt
Saved node norms to /home/fguadagn/FMG_Master_Thesis/neural-sheaf-diffusion-modified/results/node_norms/wisconsin/GeneralSheaf/normalised-true/stalk_dim-2/2-layers/16-hidden/500-epochs/checkpoints/epoch-1/GeneralSheaf_wisconsin_fold1_seed43.pt
Saved confidence to /home/fguadagn/FMG_Master_Thesis/neural-sheaf-diffusion-modified/results/node_conf/wisconsin/GeneralSheaf/normalised-true/stalk_dim-2/2-layers/16-hidden/500-epochs/checkpoints/epoch-1/GeneralSheaf_wisconsin_fold1_seed43.pt
Saved per-node accuracy to /home/fguadagn/FMG_Master_Thesis/neural-sheaf-diffusion-modified/results/node_accuracy/wisconsin/GeneralSheaf/normalised-true/stalk_dim-2/2-layers/16-hidden/500-epochs/checkpoints/epoch-1/GeneralSheaf_wisconsin_fold1_seed43.pt
Saved saliency to /home/fguadagn/FMG_Master_Thesis/neural-sheaf-diffusion-modified/results/node_saliency/wisconsin/GeneralSheaf/normalised-true/stalk_dim-2/2-layers/16-hidden/500-epochs/checkpoints/epoch-1/GeneralSheaf_wisconsin_fold1_seed43.pt
Saved node norms to /home/fguadagn/FMG_Master_Thesis/neural-sheaf-diffusion-modified/results/node_norms/wisconsin/GeneralSheaf/normalised-true/stalk_dim-2/2-layers/16-hidden/500-epochs/checkpoints/epoch-5/GeneralSheaf_wisconsin_fold1_seed43.pt
Saved confidence to /home/fguadagn/FMG_Master_Thesis/neural-sheaf-diffusion-modified/results/node_conf/wisconsin/GeneralSheaf/normalised-true/stalk_dim-2/2-layers/16-hidden/500-epochs/checkpoints/epoch-5/GeneralSheaf_wisconsin_fold1_seed43.pt
Saved per-node accuracy to /home/fguadagn/FMG_Master_Thesis/neural-sheaf-diffusion-modified/results/node_accuracy/wisconsin/GeneralSheaf/normalised-true/stalk_dim-2/2-layers/16-hidden/500-epochs/checkpoints/epoch-5/GeneralSheaf_wisconsin_fold1_seed43.pt
Saved saliency to /home/fguadagn/FMG_Master_Thesis/neural-sheaf-diffusion-modified/results/node_saliency/wisconsin/GeneralSheaf/normalised-true/stalk_dim-2/2-layers/16-hidden/500-epochs/checkpoints/epoch-5/GeneralSheaf_wisconsin_fold1_seed43.pt
Saved node norms to /home/fguadagn/FMG_Master_Thesis/neural-sheaf-diffusion-modified/results/node_norms/wisconsin/GeneralSheaf/normalised-true/stalk_dim-2/2-layers/16-hidden/500-epochs/checkpoints/epoch-15/GeneralSheaf_wisconsin_fold1_seed43.pt
Saved confidence to /home/fguadagn/FMG_Master_Thesis/neural-sheaf-diffusion-modified/results/node_conf/wisconsin/GeneralSheaf/normalised-true/stalk_dim-2/2-layers/16-hidden/500-epochs/checkpoints/epoch-15/GeneralSheaf_wisconsin_fold1_seed43.pt
Saved per-node accuracy to /home/fguadagn/FMG_Master_Thesis/neural-sheaf-diffusion-modified/results/node_accuracy/wisconsin/GeneralSheaf/normalised-true/stalk_dim-2/2-layers/16-hidden/500-epochs/checkpoints/epoch-15/GeneralSheaf_wisconsin_fold1_seed43.pt
Saved saliency to /home/fguadagn/FMG_Master_Thesis/neural-sheaf-diffusion-modified/results/node_saliency/wisconsin/GeneralSheaf/normalised-true/stalk_dim-2/2-layers/16-hidden/500-epochs/checkpoints/epoch-15/GeneralSheaf_wisconsin_fold1_seed43.pt
Saved node norms to /home/fguadagn/FMG_Master_Thesis/neural-sheaf-diffusion-modified/results/node_norms/wisconsin/GeneralSheaf/normalised-true/stalk_dim-2/2-layers/16-hidden/500-epochs/checkpoints/epoch-50/GeneralSheaf_wisconsin_fold1_seed43.pt
Saved confidence to /home/fguadagn/FMG_Master_Thesis/neural-sheaf-diffusion-modified/results/node_conf/wisconsin/GeneralSheaf/normalised-true/stalk_dim-2/2-layers/16-hidden/500-epochs/checkpoints/epoch-50/GeneralSheaf_wisconsin_fold1_seed43.pt
Saved per-node accuracy to /home/fguadagn/FMG_Master_Thesis/neural-sheaf-diffusion-modified/results/node_accuracy/wisconsin/GeneralSheaf/normalised-true/stalk_dim-2/2-layers/16-hidden/500-epochs/checkpoints/epoch-50/GeneralSheaf_wisconsin_fold1_seed43.pt
Saved saliency to /home/fguadagn/FMG_Master_Thesis/neural-sheaf-diffusion-modified/results/node_saliency/wisconsin/GeneralSheaf/normalised-true/stalk_dim-2/2-layers/16-hidden/500-epochs/checkpoints/epoch-50/GeneralSheaf_wisconsin_fold1_seed43.pt
Saved node norms to /home/fguadagn/FMG_Master_Thesis/neural-sheaf-diffusion-modified/results/node_norms/wisconsin/GeneralSheaf/normalised-true/stalk_dim-2/2-layers/16-hidden/500-epochs/checkpoints/epoch-200/GeneralSheaf_wisconsin_fold1_seed43.pt
Saved confidence to /home/fguadagn/FMG_Master_Thesis/neural-sheaf-diffusion-modified/results/node_conf/wisconsin/GeneralSheaf/normalised-true/stalk_dim-2/2-layers/16-hidden/500-epochs/checkpoints/epoch-200/GeneralSheaf_wisconsin_fold1_seed43.pt
Saved per-node accuracy to /home/fguadagn/FMG_Master_Thesis/neural-sheaf-diffusion-modified/results/node_accuracy/wisconsin/GeneralSheaf/normalised-true/stalk_dim-2/2-layers/16-hidden/500-epochs/checkpoints/epoch-200/GeneralSheaf_wisconsin_fold1_seed43.pt
Saved saliency to /home/fguadagn/FMG_Master_Thesis/neural-sheaf-diffusion-modified/results/node_saliency/wisconsin/GeneralSheaf/normalised-true/stalk_dim-2/2-layers/16-hidden/500-epochs/checkpoints/epoch-200/GeneralSheaf_wisconsin_fold1_seed43.pt
Fold 1 | Epochs: 279 | Best epoch: 79
Test acc (best epoch): 0.8824
Test acc (last epoch): 0.9020
Best val acc: 0.7875
Laplacian 0: Max: 0.2945, Min: -0.4997, Avg: -0.0240, Abs avg: 0.0382
Laplacian 1: Max: 0.5921, Min: -0.4334, Avg: -0.0072, Abs avg: 0.0402
Epsilons 0: [1.808 1.735]
Epsilons 1: [1.829 1.758]
Saved node norms to /home/fguadagn/FMG_Master_Thesis/neural-sheaf-diffusion-modified/results/node_norms/wisconsin/GeneralSheaf/normalised-true/stalk_dim-2/2-layers/16-hidden/500-epochs/checkpoints/best-epoch/GeneralSheaf_wisconsin_fold1_seed43.pt
Saved best-epoch node norms (epoch 79) to checkpoints/best-epoch/
Saved confidence to /home/fguadagn/FMG_Master_Thesis/neural-sheaf-diffusion-modified/results/node_conf/wisconsin/GeneralSheaf/normalised-true/stalk_dim-2/2-layers/16-hidden/500-epochs/checkpoints/best-epoch/GeneralSheaf_wisconsin_fold1_seed43.pt
Saved per-node accuracy to /home/fguadagn/FMG_Master_Thesis/neural-sheaf-diffusion-modified/results/node_accuracy/wisconsin/GeneralSheaf/normalised-true/stalk_dim-2/2-layers/16-hidden/500-epochs/checkpoints/best-epoch/GeneralSheaf_wisconsin_fold1_seed43.pt
Saved saliency to /home/fguadagn/FMG_Master_Thesis/neural-sheaf-diffusion-modified/results/node_saliency/wisconsin/GeneralSheaf/normalised-true/stalk_dim-2/2-layers/16-hidden/500-epochs/checkpoints/best-epoch/GeneralSheaf_wisconsin_fold1_seed43.pt
Saved model weights to /home/fguadagn/FMG_Master_Thesis/neural-sheaf-diffusion-modified/results/model_weights/wisconsin/GeneralSheaf/normalised-true/stalk_dim-2/2-layers/16-hidden/500-epochs/checkpoints/best-epoch/GeneralSheaf_wisconsin_fold1_seed43.pth
Saved fold masks to /home/fguadagn/FMG_Master_Thesis/neural-sheaf-diffusion-modified/results/model_weights/wisconsin/GeneralSheaf/normalised-true/stalk_dim-2/2-layers/16-hidden/500-epochs/checkpoints/best-epoch/GeneralSheaf_wisconsin_fold1_seed43_masks.pt
Saved best-epoch model weights and masks (epoch 79) to checkpoints/best-epoch/
Updated best_epochs.json: fold_1 -> epoch 79
Saved node norms to /home/fguadagn/FMG_Master_Thesis/neural-sheaf-diffusion-modified/results/node_norms/wisconsin/GeneralSheaf/normalised-true/stalk_dim-2/2-layers/16-hidden/500-epochs/GeneralSheaf_wisconsin_fold1_seed43.pt
Saved node predictions to /home/fguadagn/FMG_Master_Thesis/neural-sheaf-diffusion-modified/results/node_preds/wisconsin/GeneralSheaf/normalised-true/stalk_dim-2/2-layers/16-hidden/500-epochs/GeneralSheaf_wisconsin_fold1_seed43.pt
Saved confidence to /home/fguadagn/FMG_Master_Thesis/neural-sheaf-diffusion-modified/results/node_conf/wisconsin/GeneralSheaf/normalised-true/stalk_dim-2/2-layers/16-hidden/500-epochs/GeneralSheaf_wisconsin_fold1_seed43.pt
Saved per-node accuracy to /home/fguadagn/FMG_Master_Thesis/neural-sheaf-diffusion-modified/results/node_accuracy/wisconsin/GeneralSheaf/normalised-true/stalk_dim-2/2-layers/16-hidden/500-epochs/GeneralSheaf_wisconsin_fold1_seed43.pt
Saved saliency to /home/fguadagn/FMG_Master_Thesis/neural-sheaf-diffusion-modified/results/node_saliency/wisconsin/GeneralSheaf/normalised-true/stalk_dim-2/2-layers/16-hidden/500-epochs/GeneralSheaf_wisconsin_fold1_seed43.pt
Saved node norms to /home/fguadagn/FMG_Master_Thesis/neural-sheaf-diffusion-modified/results/node_norms/wisconsin/GeneralSheaf/normalised-true/stalk_dim-2/2-layers/16-hidden/500-epochs/checkpoints/epoch-0/GeneralSheaf_wisconsin_fold2_seed43.pt
Saved confidence to /home/fguadagn/FMG_Master_Thesis/neural-sheaf-diffusion-modified/results/node_conf/wisconsin/GeneralSheaf/normalised-true/stalk_dim-2/2-layers/16-hidden/500-epochs/checkpoints/epoch-0/GeneralSheaf_wisconsin_fold2_seed43.pt
Saved per-node accuracy to /home/fguadagn/FMG_Master_Thesis/neural-sheaf-diffusion-modified/results/node_accuracy/wisconsin/GeneralSheaf/normalised-true/stalk_dim-2/2-layers/16-hidden/500-epochs/checkpoints/epoch-0/GeneralSheaf_wisconsin_fold2_seed43.pt
Saved saliency to /home/fguadagn/FMG_Master_Thesis/neural-sheaf-diffusion-modified/results/node_saliency/wisconsin/GeneralSheaf/normalised-true/stalk_dim-2/2-layers/16-hidden/500-epochs/checkpoints/epoch-0/GeneralSheaf_wisconsin_fold2_seed43.pt
Saved node norms to /home/fguadagn/FMG_Master_Thesis/neural-sheaf-diffusion-modified/results/node_norms/wisconsin/GeneralSheaf/normalised-true/stalk_dim-2/2-layers/16-hidden/500-epochs/checkpoints/epoch-1/GeneralSheaf_wisconsin_fold2_seed43.pt
Saved confidence to /home/fguadagn/FMG_Master_Thesis/neural-sheaf-diffusion-modified/results/node_conf/wisconsin/GeneralSheaf/normalised-true/stalk_dim-2/2-layers/16-hidden/500-epochs/checkpoints/epoch-1/GeneralSheaf_wisconsin_fold2_seed43.pt
Saved per-node accuracy to /home/fguadagn/FMG_Master_Thesis/neural-sheaf-diffusion-modified/results/node_accuracy/wisconsin/GeneralSheaf/normalised-true/stalk_dim-2/2-layers/16-hidden/500-epochs/checkpoints/epoch-1/GeneralSheaf_wisconsin_fold2_seed43.pt
Saved saliency to /home/fguadagn/FMG_Master_Thesis/neural-sheaf-diffusion-modified/results/node_saliency/wisconsin/GeneralSheaf/normalised-true/stalk_dim-2/2-layers/16-hidden/500-epochs/checkpoints/epoch-1/GeneralSheaf_wisconsin_fold2_seed43.pt
Saved node norms to /home/fguadagn/FMG_Master_Thesis/neural-sheaf-diffusion-modified/results/node_norms/wisconsin/GeneralSheaf/normalised-true/stalk_dim-2/2-layers/16-hidden/500-epochs/checkpoints/epoch-5/GeneralSheaf_wisconsin_fold2_seed43.pt
Saved confidence to /home/fguadagn/FMG_Master_Thesis/neural-sheaf-diffusion-modified/results/node_conf/wisconsin/GeneralSheaf/normalised-true/stalk_dim-2/2-layers/16-hidden/500-epochs/checkpoints/epoch-5/GeneralSheaf_wisconsin_fold2_seed43.pt
Saved per-node accuracy to /home/fguadagn/FMG_Master_Thesis/neural-sheaf-diffusion-modified/results/node_accuracy/wisconsin/GeneralSheaf/normalised-true/stalk_dim-2/2-layers/16-hidden/500-epochs/checkpoints/epoch-5/GeneralSheaf_wisconsin_fold2_seed43.pt
Saved saliency to /home/fguadagn/FMG_Master_Thesis/neural-sheaf-diffusion-modified/results/node_saliency/wisconsin/GeneralSheaf/normalised-true/stalk_dim-2/2-layers/16-hidden/500-epochs/checkpoints/epoch-5/GeneralSheaf_wisconsin_fold2_seed43.pt
Saved node norms to /home/fguadagn/FMG_Master_Thesis/neural-sheaf-diffusion-modified/results/node_norms/wisconsin/GeneralSheaf/normalised-true/stalk_dim-2/2-layers/16-hidden/500-epochs/checkpoints/epoch-15/GeneralSheaf_wisconsin_fold2_seed43.pt
Saved confidence to /home/fguadagn/FMG_Master_Thesis/neural-sheaf-diffusion-modified/results/node_conf/wisconsin/GeneralSheaf/normalised-true/stalk_dim-2/2-layers/16-hidden/500-epochs/checkpoints/epoch-15/GeneralSheaf_wisconsin_fold2_seed43.pt
Saved per-node accuracy to /home/fguadagn/FMG_Master_Thesis/neural-sheaf-diffusion-modified/results/node_accuracy/wisconsin/GeneralSheaf/normalised-true/stalk_dim-2/2-layers/16-hidden/500-epochs/checkpoints/epoch-15/GeneralSheaf_wisconsin_fold2_seed43.pt
Saved saliency to /home/fguadagn/FMG_Master_Thesis/neural-sheaf-diffusion-modified/results/node_saliency/wisconsin/GeneralSheaf/normalised-true/stalk_dim-2/2-layers/16-hidden/500-epochs/checkpoints/epoch-15/GeneralSheaf_wisconsin_fold2_seed43.pt
Saved node norms to /home/fguadagn/FMG_Master_Thesis/neural-sheaf-diffusion-modified/results/node_norms/wisconsin/GeneralSheaf/normalised-true/stalk_dim-2/2-layers/16-hidden/500-epochs/checkpoints/epoch-50/GeneralSheaf_wisconsin_fold2_seed43.pt
Saved confidence to /home/fguadagn/FMG_Master_Thesis/neural-sheaf-diffusion-modified/results/node_conf/wisconsin/GeneralSheaf/normalised-true/stalk_dim-2/2-layers/16-hidden/500-epochs/checkpoints/epoch-50/GeneralSheaf_wisconsin_fold2_seed43.pt
Saved per-node accuracy to /home/fguadagn/FMG_Master_Thesis/neural-sheaf-diffusion-modified/results/node_accuracy/wisconsin/GeneralSheaf/normalised-true/stalk_dim-2/2-layers/16-hidden/500-epochs/checkpoints/epoch-50/GeneralSheaf_wisconsin_fold2_seed43.pt
Saved saliency to /home/fguadagn/FMG_Master_Thesis/neural-sheaf-diffusion-modified/results/node_saliency/wisconsin/GeneralSheaf/normalised-true/stalk_dim-2/2-layers/16-hidden/500-epochs/checkpoints/epoch-50/GeneralSheaf_wisconsin_fold2_seed43.pt
Saved node norms to /home/fguadagn/FMG_Master_Thesis/neural-sheaf-diffusion-modified/results/node_norms/wisconsin/GeneralSheaf/normalised-true/stalk_dim-2/2-layers/16-hidden/500-epochs/checkpoints/epoch-200/GeneralSheaf_wisconsin_fold2_seed43.pt
Saved confidence to /home/fguadagn/FMG_Master_Thesis/neural-sheaf-diffusion-modified/results/node_conf/wisconsin/GeneralSheaf/normalised-true/stalk_dim-2/2-layers/16-hidden/500-epochs/checkpoints/epoch-200/GeneralSheaf_wisconsin_fold2_seed43.pt
Saved per-node accuracy to /home/fguadagn/FMG_Master_Thesis/neural-sheaf-diffusion-modified/results/node_accuracy/wisconsin/GeneralSheaf/normalised-true/stalk_dim-2/2-layers/16-hidden/500-epochs/checkpoints/epoch-200/GeneralSheaf_wisconsin_fold2_seed43.pt
Saved saliency to /home/fguadagn/FMG_Master_Thesis/neural-sheaf-diffusion-modified/results/node_saliency/wisconsin/GeneralSheaf/normalised-true/stalk_dim-2/2-layers/16-hidden/500-epochs/checkpoints/epoch-200/GeneralSheaf_wisconsin_fold2_seed43.pt
Fold 2 | Epochs: 499 | Best epoch: 433
Test acc (best epoch): 0.8627
Test acc (last epoch): 0.8824
Best val acc: 0.8875
Laplacian 0: Max: 0.7836, Min: -0.4509, Avg: 0.0044, Abs avg: 0.0291
Laplacian 1: Max: 1.0690, Min: -0.3960, Avg: 0.0276, Abs avg: 0.0637
Epsilons 0: [1.992 1.912]
Epsilons 1: [2.011 1.927]
Saved node norms to /home/fguadagn/FMG_Master_Thesis/neural-sheaf-diffusion-modified/results/node_norms/wisconsin/GeneralSheaf/normalised-true/stalk_dim-2/2-layers/16-hidden/500-epochs/checkpoints/best-epoch/GeneralSheaf_wisconsin_fold2_seed43.pt
Saved best-epoch node norms (epoch 433) to checkpoints/best-epoch/
Saved confidence to /home/fguadagn/FMG_Master_Thesis/neural-sheaf-diffusion-modified/results/node_conf/wisconsin/GeneralSheaf/normalised-true/stalk_dim-2/2-layers/16-hidden/500-epochs/checkpoints/best-epoch/GeneralSheaf_wisconsin_fold2_seed43.pt
Saved per-node accuracy to /home/fguadagn/FMG_Master_Thesis/neural-sheaf-diffusion-modified/results/node_accuracy/wisconsin/GeneralSheaf/normalised-true/stalk_dim-2/2-layers/16-hidden/500-epochs/checkpoints/best-epoch/GeneralSheaf_wisconsin_fold2_seed43.pt
Saved saliency to /home/fguadagn/FMG_Master_Thesis/neural-sheaf-diffusion-modified/results/node_saliency/wisconsin/GeneralSheaf/normalised-true/stalk_dim-2/2-layers/16-hidden/500-epochs/checkpoints/best-epoch/GeneralSheaf_wisconsin_fold2_seed43.pt
Saved model weights to /home/fguadagn/FMG_Master_Thesis/neural-sheaf-diffusion-modified/results/model_weights/wisconsin/GeneralSheaf/normalised-true/stalk_dim-2/2-layers/16-hidden/500-epochs/checkpoints/best-epoch/GeneralSheaf_wisconsin_fold2_seed43.pth
Saved fold masks to /home/fguadagn/FMG_Master_Thesis/neural-sheaf-diffusion-modified/results/model_weights/wisconsin/GeneralSheaf/normalised-true/stalk_dim-2/2-layers/16-hidden/500-epochs/checkpoints/best-epoch/GeneralSheaf_wisconsin_fold2_seed43_masks.pt
Saved best-epoch model weights and masks (epoch 433) to checkpoints/best-epoch/
Updated best_epochs.json: fold_2 -> epoch 433
Saved node norms to /home/fguadagn/FMG_Master_Thesis/neural-sheaf-diffusion-modified/results/node_norms/wisconsin/GeneralSheaf/normalised-true/stalk_dim-2/2-layers/16-hidden/500-epochs/GeneralSheaf_wisconsin_fold2_seed43.pt
Saved node predictions to /home/fguadagn/FMG_Master_Thesis/neural-sheaf-diffusion-modified/results/node_preds/wisconsin/GeneralSheaf/normalised-true/stalk_dim-2/2-layers/16-hidden/500-epochs/GeneralSheaf_wisconsin_fold2_seed43.pt
Saved confidence to /home/fguadagn/FMG_Master_Thesis/neural-sheaf-diffusion-modified/results/node_conf/wisconsin/GeneralSheaf/normalised-true/stalk_dim-2/2-layers/16-hidden/500-epochs/GeneralSheaf_wisconsin_fold2_seed43.pt
Saved per-node accuracy to /home/fguadagn/FMG_Master_Thesis/neural-sheaf-diffusion-modified/results/node_accuracy/wisconsin/GeneralSheaf/normalised-true/stalk_dim-2/2-layers/16-hidden/500-epochs/GeneralSheaf_wisconsin_fold2_seed43.pt
Saved saliency to /home/fguadagn/FMG_Master_Thesis/neural-sheaf-diffusion-modified/results/node_saliency/wisconsin/GeneralSheaf/normalised-true/stalk_dim-2/2-layers/16-hidden/500-epochs/GeneralSheaf_wisconsin_fold2_seed43.pt
Saved node norms to /home/fguadagn/FMG_Master_Thesis/neural-sheaf-diffusion-modified/results/node_norms/wisconsin/GeneralSheaf/normalised-true/stalk_dim-2/2-layers/16-hidden/500-epochs/checkpoints/epoch-0/GeneralSheaf_wisconsin_fold3_seed43.pt
Saved confidence to /home/fguadagn/FMG_Master_Thesis/neural-sheaf-diffusion-modified/results/node_conf/wisconsin/GeneralSheaf/normalised-true/stalk_dim-2/2-layers/16-hidden/500-epochs/checkpoints/epoch-0/GeneralSheaf_wisconsin_fold3_seed43.pt
Saved per-node accuracy to /home/fguadagn/FMG_Master_Thesis/neural-sheaf-diffusion-modified/results/node_accuracy/wisconsin/GeneralSheaf/normalised-true/stalk_dim-2/2-layers/16-hidden/500-epochs/checkpoints/epoch-0/GeneralSheaf_wisconsin_fold3_seed43.pt
Saved saliency to /home/fguadagn/FMG_Master_Thesis/neural-sheaf-diffusion-modified/results/node_saliency/wisconsin/GeneralSheaf/normalised-true/stalk_dim-2/2-layers/16-hidden/500-epochs/checkpoints/epoch-0/GeneralSheaf_wisconsin_fold3_seed43.pt
Saved node norms to /home/fguadagn/FMG_Master_Thesis/neural-sheaf-diffusion-modified/results/node_norms/wisconsin/GeneralSheaf/normalised-true/stalk_dim-2/2-layers/16-hidden/500-epochs/checkpoints/epoch-1/GeneralSheaf_wisconsin_fold3_seed43.pt
Saved confidence to /home/fguadagn/FMG_Master_Thesis/neural-sheaf-diffusion-modified/results/node_conf/wisconsin/GeneralSheaf/normalised-true/stalk_dim-2/2-layers/16-hidden/500-epochs/checkpoints/epoch-1/GeneralSheaf_wisconsin_fold3_seed43.pt
Saved per-node accuracy to /home/fguadagn/FMG_Master_Thesis/neural-sheaf-diffusion-modified/results/node_accuracy/wisconsin/GeneralSheaf/normalised-true/stalk_dim-2/2-layers/16-hidden/500-epochs/checkpoints/epoch-1/GeneralSheaf_wisconsin_fold3_seed43.pt
Saved saliency to /home/fguadagn/FMG_Master_Thesis/neural-sheaf-diffusion-modified/results/node_saliency/wisconsin/GeneralSheaf/normalised-true/stalk_dim-2/2-layers/16-hidden/500-epochs/checkpoints/epoch-1/GeneralSheaf_wisconsin_fold3_seed43.pt
Saved node norms to /home/fguadagn/FMG_Master_Thesis/neural-sheaf-diffusion-modified/results/node_norms/wisconsin/GeneralSheaf/normalised-true/stalk_dim-2/2-layers/16-hidden/500-epochs/checkpoints/epoch-5/GeneralSheaf_wisconsin_fold3_seed43.pt
Saved confidence to /home/fguadagn/FMG_Master_Thesis/neural-sheaf-diffusion-modified/results/node_conf/wisconsin/GeneralSheaf/normalised-true/stalk_dim-2/2-layers/16-hidden/500-epochs/checkpoints/epoch-5/GeneralSheaf_wisconsin_fold3_seed43.pt
Saved per-node accuracy to /home/fguadagn/FMG_Master_Thesis/neural-sheaf-diffusion-modified/results/node_accuracy/wisconsin/GeneralSheaf/normalised-true/stalk_dim-2/2-layers/16-hidden/500-epochs/checkpoints/epoch-5/GeneralSheaf_wisconsin_fold3_seed43.pt
Saved saliency to /home/fguadagn/FMG_Master_Thesis/neural-sheaf-diffusion-modified/results/node_saliency/wisconsin/GeneralSheaf/normalised-true/stalk_dim-2/2-layers/16-hidden/500-epochs/checkpoints/epoch-5/GeneralSheaf_wisconsin_fold3_seed43.pt
Saved node norms to /home/fguadagn/FMG_Master_Thesis/neural-sheaf-diffusion-modified/results/node_norms/wisconsin/GeneralSheaf/normalised-true/stalk_dim-2/2-layers/16-hidden/500-epochs/checkpoints/epoch-15/GeneralSheaf_wisconsin_fold3_seed43.pt
Saved confidence to /home/fguadagn/FMG_Master_Thesis/neural-sheaf-diffusion-modified/results/node_conf/wisconsin/GeneralSheaf/normalised-true/stalk_dim-2/2-layers/16-hidden/500-epochs/checkpoints/epoch-15/GeneralSheaf_wisconsin_fold3_seed43.pt
Saved per-node accuracy to /home/fguadagn/FMG_Master_Thesis/neural-sheaf-diffusion-modified/results/node_accuracy/wisconsin/GeneralSheaf/normalised-true/stalk_dim-2/2-layers/16-hidden/500-epochs/checkpoints/epoch-15/GeneralSheaf_wisconsin_fold3_seed43.pt
Saved saliency to /home/fguadagn/FMG_Master_Thesis/neural-sheaf-diffusion-modified/results/node_saliency/wisconsin/GeneralSheaf/normalised-true/stalk_dim-2/2-layers/16-hidden/500-epochs/checkpoints/epoch-15/GeneralSheaf_wisconsin_fold3_seed43.pt
Saved node norms to /home/fguadagn/FMG_Master_Thesis/neural-sheaf-diffusion-modified/results/node_norms/wisconsin/GeneralSheaf/normalised-true/stalk_dim-2/2-layers/16-hidden/500-epochs/checkpoints/epoch-50/GeneralSheaf_wisconsin_fold3_seed43.pt
Saved confidence to /home/fguadagn/FMG_Master_Thesis/neural-sheaf-diffusion-modified/results/node_conf/wisconsin/GeneralSheaf/normalised-true/stalk_dim-2/2-layers/16-hidden/500-epochs/checkpoints/epoch-50/GeneralSheaf_wisconsin_fold3_seed43.pt
Saved per-node accuracy to /home/fguadagn/FMG_Master_Thesis/neural-sheaf-diffusion-modified/results/node_accuracy/wisconsin/GeneralSheaf/normalised-true/stalk_dim-2/2-layers/16-hidden/500-epochs/checkpoints/epoch-50/GeneralSheaf_wisconsin_fold3_seed43.pt
Saved saliency to /home/fguadagn/FMG_Master_Thesis/neural-sheaf-diffusion-modified/results/node_saliency/wisconsin/GeneralSheaf/normalised-true/stalk_dim-2/2-layers/16-hidden/500-epochs/checkpoints/epoch-50/GeneralSheaf_wisconsin_fold3_seed43.pt
Saved node norms to /home/fguadagn/FMG_Master_Thesis/neural-sheaf-diffusion-modified/results/node_norms/wisconsin/GeneralSheaf/normalised-true/stalk_dim-2/2-layers/16-hidden/500-epochs/checkpoints/epoch-200/GeneralSheaf_wisconsin_fold3_seed43.pt
Saved confidence to /home/fguadagn/FMG_Master_Thesis/neural-sheaf-diffusion-modified/results/node_conf/wisconsin/GeneralSheaf/normalised-true/stalk_dim-2/2-layers/16-hidden/500-epochs/checkpoints/epoch-200/GeneralSheaf_wisconsin_fold3_seed43.pt
Saved per-node accuracy to /home/fguadagn/FMG_Master_Thesis/neural-sheaf-diffusion-modified/results/node_accuracy/wisconsin/GeneralSheaf/normalised-true/stalk_dim-2/2-layers/16-hidden/500-epochs/checkpoints/epoch-200/GeneralSheaf_wisconsin_fold3_seed43.pt
Saved saliency to /home/fguadagn/FMG_Master_Thesis/neural-sheaf-diffusion-modified/results/node_saliency/wisconsin/GeneralSheaf/normalised-true/stalk_dim-2/2-layers/16-hidden/500-epochs/checkpoints/epoch-200/GeneralSheaf_wisconsin_fold3_seed43.pt
Fold 3 | Epochs: 363 | Best epoch: 163
Test acc (best epoch): 0.9020
Test acc (last epoch): 0.9412
Best val acc: 0.8000
Laplacian 0: Max: 0.5488, Min: -0.4089, Avg: 0.0028, Abs avg: 0.0494
Laplacian 1: Max: 1.0409, Min: -1.0573, Avg: 0.0192, Abs avg: 0.0621
Epsilons 0: [1.893 1.922]
Epsilons 1: [1.915 1.944]
Saved node norms to /home/fguadagn/FMG_Master_Thesis/neural-sheaf-diffusion-modified/results/node_norms/wisconsin/GeneralSheaf/normalised-true/stalk_dim-2/2-layers/16-hidden/500-epochs/checkpoints/best-epoch/GeneralSheaf_wisconsin_fold3_seed43.pt
Saved best-epoch node norms (epoch 163) to checkpoints/best-epoch/
Saved confidence to /home/fguadagn/FMG_Master_Thesis/neural-sheaf-diffusion-modified/results/node_conf/wisconsin/GeneralSheaf/normalised-true/stalk_dim-2/2-layers/16-hidden/500-epochs/checkpoints/best-epoch/GeneralSheaf_wisconsin_fold3_seed43.pt
Saved per-node accuracy to /home/fguadagn/FMG_Master_Thesis/neural-sheaf-diffusion-modified/results/node_accuracy/wisconsin/GeneralSheaf/normalised-true/stalk_dim-2/2-layers/16-hidden/500-epochs/checkpoints/best-epoch/GeneralSheaf_wisconsin_fold3_seed43.pt
Saved saliency to /home/fguadagn/FMG_Master_Thesis/neural-sheaf-diffusion-modified/results/node_saliency/wisconsin/GeneralSheaf/normalised-true/stalk_dim-2/2-layers/16-hidden/500-epochs/checkpoints/best-epoch/GeneralSheaf_wisconsin_fold3_seed43.pt
Saved model weights to /home/fguadagn/FMG_Master_Thesis/neural-sheaf-diffusion-modified/results/model_weights/wisconsin/GeneralSheaf/normalised-true/stalk_dim-2/2-layers/16-hidden/500-epochs/checkpoints/best-epoch/GeneralSheaf_wisconsin_fold3_seed43.pth
Saved fold masks to /home/fguadagn/FMG_Master_Thesis/neural-sheaf-diffusion-modified/results/model_weights/wisconsin/GeneralSheaf/normalised-true/stalk_dim-2/2-layers/16-hidden/500-epochs/checkpoints/best-epoch/GeneralSheaf_wisconsin_fold3_seed43_masks.pt
Saved best-epoch model weights and masks (epoch 163) to checkpoints/best-epoch/
Updated best_epochs.json: fold_3 -> epoch 163
Saved node norms to /home/fguadagn/FMG_Master_Thesis/neural-sheaf-diffusion-modified/results/node_norms/wisconsin/GeneralSheaf/normalised-true/stalk_dim-2/2-layers/16-hidden/500-epochs/GeneralSheaf_wisconsin_fold3_seed43.pt
Saved node predictions to /home/fguadagn/FMG_Master_Thesis/neural-sheaf-diffusion-modified/results/node_preds/wisconsin/GeneralSheaf/normalised-true/stalk_dim-2/2-layers/16-hidden/500-epochs/GeneralSheaf_wisconsin_fold3_seed43.pt
Saved confidence to /home/fguadagn/FMG_Master_Thesis/neural-sheaf-diffusion-modified/results/node_conf/wisconsin/GeneralSheaf/normalised-true/stalk_dim-2/2-layers/16-hidden/500-epochs/GeneralSheaf_wisconsin_fold3_seed43.pt
Saved per-node accuracy to /home/fguadagn/FMG_Master_Thesis/neural-sheaf-diffusion-modified/results/node_accuracy/wisconsin/GeneralSheaf/normalised-true/stalk_dim-2/2-layers/16-hidden/500-epochs/GeneralSheaf_wisconsin_fold3_seed43.pt
Saved saliency to /home/fguadagn/FMG_Master_Thesis/neural-sheaf-diffusion-modified/results/node_saliency/wisconsin/GeneralSheaf/normalised-true/stalk_dim-2/2-layers/16-hidden/500-epochs/GeneralSheaf_wisconsin_fold3_seed43.pt
Saved node norms to /home/fguadagn/FMG_Master_Thesis/neural-sheaf-diffusion-modified/results/node_norms/wisconsin/GeneralSheaf/normalised-true/stalk_dim-2/2-layers/16-hidden/500-epochs/checkpoints/epoch-0/GeneralSheaf_wisconsin_fold4_seed43.pt
Saved confidence to /home/fguadagn/FMG_Master_Thesis/neural-sheaf-diffusion-modified/results/node_conf/wisconsin/GeneralSheaf/normalised-true/stalk_dim-2/2-layers/16-hidden/500-epochs/checkpoints/epoch-0/GeneralSheaf_wisconsin_fold4_seed43.pt
Saved per-node accuracy to /home/fguadagn/FMG_Master_Thesis/neural-sheaf-diffusion-modified/results/node_accuracy/wisconsin/GeneralSheaf/normalised-true/stalk_dim-2/2-layers/16-hidden/500-epochs/checkpoints/epoch-0/GeneralSheaf_wisconsin_fold4_seed43.pt
Saved saliency to /home/fguadagn/FMG_Master_Thesis/neural-sheaf-diffusion-modified/results/node_saliency/wisconsin/GeneralSheaf/normalised-true/stalk_dim-2/2-layers/16-hidden/500-epochs/checkpoints/epoch-0/GeneralSheaf_wisconsin_fold4_seed43.pt
Saved node norms to /home/fguadagn/FMG_Master_Thesis/neural-sheaf-diffusion-modified/results/node_norms/wisconsin/GeneralSheaf/normalised-true/stalk_dim-2/2-layers/16-hidden/500-epochs/checkpoints/epoch-1/GeneralSheaf_wisconsin_fold4_seed43.pt
Saved confidence to /home/fguadagn/FMG_Master_Thesis/neural-sheaf-diffusion-modified/results/node_conf/wisconsin/GeneralSheaf/normalised-true/stalk_dim-2/2-layers/16-hidden/500-epochs/checkpoints/epoch-1/GeneralSheaf_wisconsin_fold4_seed43.pt
Saved per-node accuracy to /home/fguadagn/FMG_Master_Thesis/neural-sheaf-diffusion-modified/results/node_accuracy/wisconsin/GeneralSheaf/normalised-true/stalk_dim-2/2-layers/16-hidden/500-epochs/checkpoints/epoch-1/GeneralSheaf_wisconsin_fold4_seed43.pt
Saved saliency to /home/fguadagn/FMG_Master_Thesis/neural-sheaf-diffusion-modified/results/node_saliency/wisconsin/GeneralSheaf/normalised-true/stalk_dim-2/2-layers/16-hidden/500-epochs/checkpoints/epoch-1/GeneralSheaf_wisconsin_fold4_seed43.pt
Saved node norms to /home/fguadagn/FMG_Master_Thesis/neural-sheaf-diffusion-modified/results/node_norms/wisconsin/GeneralSheaf/normalised-true/stalk_dim-2/2-layers/16-hidden/500-epochs/checkpoints/epoch-5/GeneralSheaf_wisconsin_fold4_seed43.pt
Saved confidence to /home/fguadagn/FMG_Master_Thesis/neural-sheaf-diffusion-modified/results/node_conf/wisconsin/GeneralSheaf/normalised-true/stalk_dim-2/2-layers/16-hidden/500-epochs/checkpoints/epoch-5/GeneralSheaf_wisconsin_fold4_seed43.pt
Saved per-node accuracy to /home/fguadagn/FMG_Master_Thesis/neural-sheaf-diffusion-modified/results/node_accuracy/wisconsin/GeneralSheaf/normalised-true/stalk_dim-2/2-layers/16-hidden/500-epochs/checkpoints/epoch-5/GeneralSheaf_wisconsin_fold4_seed43.pt
Saved saliency to /home/fguadagn/FMG_Master_Thesis/neural-sheaf-diffusion-modified/results/node_saliency/wisconsin/GeneralSheaf/normalised-true/stalk_dim-2/2-layers/16-hidden/500-epochs/checkpoints/epoch-5/GeneralSheaf_wisconsin_fold4_seed43.pt
Saved node norms to /home/fguadagn/FMG_Master_Thesis/neural-sheaf-diffusion-modified/results/node_norms/wisconsin/GeneralSheaf/normalised-true/stalk_dim-2/2-layers/16-hidden/500-epochs/checkpoints/epoch-15/GeneralSheaf_wisconsin_fold4_seed43.pt
Saved confidence to /home/fguadagn/FMG_Master_Thesis/neural-sheaf-diffusion-modified/results/node_conf/wisconsin/GeneralSheaf/normalised-true/stalk_dim-2/2-layers/16-hidden/500-epochs/checkpoints/epoch-15/GeneralSheaf_wisconsin_fold4_seed43.pt
Saved per-node accuracy to /home/fguadagn/FMG_Master_Thesis/neural-sheaf-diffusion-modified/results/node_accuracy/wisconsin/GeneralSheaf/normalised-true/stalk_dim-2/2-layers/16-hidden/500-epochs/checkpoints/epoch-15/GeneralSheaf_wisconsin_fold4_seed43.pt
Saved saliency to /home/fguadagn/FMG_Master_Thesis/neural-sheaf-diffusion-modified/results/node_saliency/wisconsin/GeneralSheaf/normalised-true/stalk_dim-2/2-layers/16-hidden/500-epochs/checkpoints/epoch-15/GeneralSheaf_wisconsin_fold4_seed43.pt
Saved node norms to /home/fguadagn/FMG_Master_Thesis/neural-sheaf-diffusion-modified/results/node_norms/wisconsin/GeneralSheaf/normalised-true/stalk_dim-2/2-layers/16-hidden/500-epochs/checkpoints/epoch-50/GeneralSheaf_wisconsin_fold4_seed43.pt
Saved confidence to /home/fguadagn/FMG_Master_Thesis/neural-sheaf-diffusion-modified/results/node_conf/wisconsin/GeneralSheaf/normalised-true/stalk_dim-2/2-layers/16-hidden/500-epochs/checkpoints/epoch-50/GeneralSheaf_wisconsin_fold4_seed43.pt
Saved per-node accuracy to /home/fguadagn/FMG_Master_Thesis/neural-sheaf-diffusion-modified/results/node_accuracy/wisconsin/GeneralSheaf/normalised-true/stalk_dim-2/2-layers/16-hidden/500-epochs/checkpoints/epoch-50/GeneralSheaf_wisconsin_fold4_seed43.pt
Saved saliency to /home/fguadagn/FMG_Master_Thesis/neural-sheaf-diffusion-modified/results/node_saliency/wisconsin/GeneralSheaf/normalised-true/stalk_dim-2/2-layers/16-hidden/500-epochs/checkpoints/epoch-50/GeneralSheaf_wisconsin_fold4_seed43.pt
Saved node norms to /home/fguadagn/FMG_Master_Thesis/neural-sheaf-diffusion-modified/results/node_norms/wisconsin/GeneralSheaf/normalised-true/stalk_dim-2/2-layers/16-hidden/500-epochs/checkpoints/epoch-200/GeneralSheaf_wisconsin_fold4_seed43.pt
Saved confidence to /home/fguadagn/FMG_Master_Thesis/neural-sheaf-diffusion-modified/results/node_conf/wisconsin/GeneralSheaf/normalised-true/stalk_dim-2/2-layers/16-hidden/500-epochs/checkpoints/epoch-200/GeneralSheaf_wisconsin_fold4_seed43.pt
Saved per-node accuracy to /home/fguadagn/FMG_Master_Thesis/neural-sheaf-diffusion-modified/results/node_accuracy/wisconsin/GeneralSheaf/normalised-true/stalk_dim-2/2-layers/16-hidden/500-epochs/checkpoints/epoch-200/GeneralSheaf_wisconsin_fold4_seed43.pt
Saved saliency to /home/fguadagn/FMG_Master_Thesis/neural-sheaf-diffusion-modified/results/node_saliency/wisconsin/GeneralSheaf/normalised-true/stalk_dim-2/2-layers/16-hidden/500-epochs/checkpoints/epoch-200/GeneralSheaf_wisconsin_fold4_seed43.pt
Fold 4 | Epochs: 499 | Best epoch: 325
Test acc (best epoch): 0.8627
Test acc (last epoch): 0.8627
Best val acc: 0.7500
Laplacian 0: Max: 0.6209, Min: -0.5665, Avg: 0.0182, Abs avg: 0.0851
Laplacian 1: Max: 1.4672, Min: -1.1631, Avg: -0.0155, Abs avg: 0.2612
Epsilons 0: [1.96  2.029]
Epsilons 1: [1.94  2.023]
Saved node norms to /home/fguadagn/FMG_Master_Thesis/neural-sheaf-diffusion-modified/results/node_norms/wisconsin/GeneralSheaf/normalised-true/stalk_dim-2/2-layers/16-hidden/500-epochs/checkpoints/best-epoch/GeneralSheaf_wisconsin_fold4_seed43.pt
Saved best-epoch node norms (epoch 325) to checkpoints/best-epoch/
Saved confidence to /home/fguadagn/FMG_Master_Thesis/neural-sheaf-diffusion-modified/results/node_conf/wisconsin/GeneralSheaf/normalised-true/stalk_dim-2/2-layers/16-hidden/500-epochs/checkpoints/best-epoch/GeneralSheaf_wisconsin_fold4_seed43.pt
Saved per-node accuracy to /home/fguadagn/FMG_Master_Thesis/neural-sheaf-diffusion-modified/results/node_accuracy/wisconsin/GeneralSheaf/normalised-true/stalk_dim-2/2-layers/16-hidden/500-epochs/checkpoints/best-epoch/GeneralSheaf_wisconsin_fold4_seed43.pt
Saved saliency to /home/fguadagn/FMG_Master_Thesis/neural-sheaf-diffusion-modified/results/node_saliency/wisconsin/GeneralSheaf/normalised-true/stalk_dim-2/2-layers/16-hidden/500-epochs/checkpoints/best-epoch/GeneralSheaf_wisconsin_fold4_seed43.pt
Saved model weights to /home/fguadagn/FMG_Master_Thesis/neural-sheaf-diffusion-modified/results/model_weights/wisconsin/GeneralSheaf/normalised-true/stalk_dim-2/2-layers/16-hidden/500-epochs/checkpoints/best-epoch/GeneralSheaf_wisconsin_fold4_seed43.pth
Saved fold masks to /home/fguadagn/FMG_Master_Thesis/neural-sheaf-diffusion-modified/results/model_weights/wisconsin/GeneralSheaf/normalised-true/stalk_dim-2/2-layers/16-hidden/500-epochs/checkpoints/best-epoch/GeneralSheaf_wisconsin_fold4_seed43_masks.pt
Saved best-epoch model weights and masks (epoch 325) to checkpoints/best-epoch/
Updated best_epochs.json: fold_4 -> epoch 325
Saved node norms to /home/fguadagn/FMG_Master_Thesis/neural-sheaf-diffusion-modified/results/node_norms/wisconsin/GeneralSheaf/normalised-true/stalk_dim-2/2-layers/16-hidden/500-epochs/GeneralSheaf_wisconsin_fold4_seed43.pt
Saved node predictions to /home/fguadagn/FMG_Master_Thesis/neural-sheaf-diffusion-modified/results/node_preds/wisconsin/GeneralSheaf/normalised-true/stalk_dim-2/2-layers/16-hidden/500-epochs/GeneralSheaf_wisconsin_fold4_seed43.pt
Saved confidence to /home/fguadagn/FMG_Master_Thesis/neural-sheaf-diffusion-modified/results/node_conf/wisconsin/GeneralSheaf/normalised-true/stalk_dim-2/2-layers/16-hidden/500-epochs/GeneralSheaf_wisconsin_fold4_seed43.pt
Saved per-node accuracy to /home/fguadagn/FMG_Master_Thesis/neural-sheaf-diffusion-modified/results/node_accuracy/wisconsin/GeneralSheaf/normalised-true/stalk_dim-2/2-layers/16-hidden/500-epochs/GeneralSheaf_wisconsin_fold4_seed43.pt
Saved saliency to /home/fguadagn/FMG_Master_Thesis/neural-sheaf-diffusion-modified/results/node_saliency/wisconsin/GeneralSheaf/normalised-true/stalk_dim-2/2-layers/16-hidden/500-epochs/GeneralSheaf_wisconsin_fold4_seed43.pt
Saved node norms to /home/fguadagn/FMG_Master_Thesis/neural-sheaf-diffusion-modified/results/node_norms/wisconsin/GeneralSheaf/normalised-true/stalk_dim-2/2-layers/16-hidden/500-epochs/checkpoints/epoch-0/GeneralSheaf_wisconsin_fold5_seed43.pt
Saved confidence to /home/fguadagn/FMG_Master_Thesis/neural-sheaf-diffusion-modified/results/node_conf/wisconsin/GeneralSheaf/normalised-true/stalk_dim-2/2-layers/16-hidden/500-epochs/checkpoints/epoch-0/GeneralSheaf_wisconsin_fold5_seed43.pt
Saved per-node accuracy to /home/fguadagn/FMG_Master_Thesis/neural-sheaf-diffusion-modified/results/node_accuracy/wisconsin/GeneralSheaf/normalised-true/stalk_dim-2/2-layers/16-hidden/500-epochs/checkpoints/epoch-0/GeneralSheaf_wisconsin_fold5_seed43.pt
Saved saliency to /home/fguadagn/FMG_Master_Thesis/neural-sheaf-diffusion-modified/results/node_saliency/wisconsin/GeneralSheaf/normalised-true/stalk_dim-2/2-layers/16-hidden/500-epochs/checkpoints/epoch-0/GeneralSheaf_wisconsin_fold5_seed43.pt
Saved node norms to /home/fguadagn/FMG_Master_Thesis/neural-sheaf-diffusion-modified/results/node_norms/wisconsin/GeneralSheaf/normalised-true/stalk_dim-2/2-layers/16-hidden/500-epochs/checkpoints/epoch-1/GeneralSheaf_wisconsin_fold5_seed43.pt
Saved confidence to /home/fguadagn/FMG_Master_Thesis/neural-sheaf-diffusion-modified/results/node_conf/wisconsin/GeneralSheaf/normalised-true/stalk_dim-2/2-layers/16-hidden/500-epochs/checkpoints/epoch-1/GeneralSheaf_wisconsin_fold5_seed43.pt
Saved per-node accuracy to /home/fguadagn/FMG_Master_Thesis/neural-sheaf-diffusion-modified/results/node_accuracy/wisconsin/GeneralSheaf/normalised-true/stalk_dim-2/2-layers/16-hidden/500-epochs/checkpoints/epoch-1/GeneralSheaf_wisconsin_fold5_seed43.pt
Saved saliency to /home/fguadagn/FMG_Master_Thesis/neural-sheaf-diffusion-modified/results/node_saliency/wisconsin/GeneralSheaf/normalised-true/stalk_dim-2/2-layers/16-hidden/500-epochs/checkpoints/epoch-1/GeneralSheaf_wisconsin_fold5_seed43.pt
Saved node norms to /home/fguadagn/FMG_Master_Thesis/neural-sheaf-diffusion-modified/results/node_norms/wisconsin/GeneralSheaf/normalised-true/stalk_dim-2/2-layers/16-hidden/500-epochs/checkpoints/epoch-5/GeneralSheaf_wisconsin_fold5_seed43.pt
Saved confidence to /home/fguadagn/FMG_Master_Thesis/neural-sheaf-diffusion-modified/results/node_conf/wisconsin/GeneralSheaf/normalised-true/stalk_dim-2/2-layers/16-hidden/500-epochs/checkpoints/epoch-5/GeneralSheaf_wisconsin_fold5_seed43.pt
Saved per-node accuracy to /home/fguadagn/FMG_Master_Thesis/neural-sheaf-diffusion-modified/results/node_accuracy/wisconsin/GeneralSheaf/normalised-true/stalk_dim-2/2-layers/16-hidden/500-epochs/checkpoints/epoch-5/GeneralSheaf_wisconsin_fold5_seed43.pt
Saved saliency to /home/fguadagn/FMG_Master_Thesis/neural-sheaf-diffusion-modified/results/node_saliency/wisconsin/GeneralSheaf/normalised-true/stalk_dim-2/2-layers/16-hidden/500-epochs/checkpoints/epoch-5/GeneralSheaf_wisconsin_fold5_seed43.pt
Saved node norms to /home/fguadagn/FMG_Master_Thesis/neural-sheaf-diffusion-modified/results/node_norms/wisconsin/GeneralSheaf/normalised-true/stalk_dim-2/2-layers/16-hidden/500-epochs/checkpoints/epoch-15/GeneralSheaf_wisconsin_fold5_seed43.pt
Saved confidence to /home/fguadagn/FMG_Master_Thesis/neural-sheaf-diffusion-modified/results/node_conf/wisconsin/GeneralSheaf/normalised-true/stalk_dim-2/2-layers/16-hidden/500-epochs/checkpoints/epoch-15/GeneralSheaf_wisconsin_fold5_seed43.pt
Saved per-node accuracy to /home/fguadagn/FMG_Master_Thesis/neural-sheaf-diffusion-modified/results/node_accuracy/wisconsin/GeneralSheaf/normalised-true/stalk_dim-2/2-layers/16-hidden/500-epochs/checkpoints/epoch-15/GeneralSheaf_wisconsin_fold5_seed43.pt
Saved saliency to /home/fguadagn/FMG_Master_Thesis/neural-sheaf-diffusion-modified/results/node_saliency/wisconsin/GeneralSheaf/normalised-true/stalk_dim-2/2-layers/16-hidden/500-epochs/checkpoints/epoch-15/GeneralSheaf_wisconsin_fold5_seed43.pt
Saved node norms to /home/fguadagn/FMG_Master_Thesis/neural-sheaf-diffusion-modified/results/node_norms/wisconsin/GeneralSheaf/normalised-true/stalk_dim-2/2-layers/16-hidden/500-epochs/checkpoints/epoch-50/GeneralSheaf_wisconsin_fold5_seed43.pt
Saved confidence to /home/fguadagn/FMG_Master_Thesis/neural-sheaf-diffusion-modified/results/node_conf/wisconsin/GeneralSheaf/normalised-true/stalk_dim-2/2-layers/16-hidden/500-epochs/checkpoints/epoch-50/GeneralSheaf_wisconsin_fold5_seed43.pt
Saved per-node accuracy to /home/fguadagn/FMG_Master_Thesis/neural-sheaf-diffusion-modified/results/node_accuracy/wisconsin/GeneralSheaf/normalised-true/stalk_dim-2/2-layers/16-hidden/500-epochs/checkpoints/epoch-50/GeneralSheaf_wisconsin_fold5_seed43.pt
Saved saliency to /home/fguadagn/FMG_Master_Thesis/neural-sheaf-diffusion-modified/results/node_saliency/wisconsin/GeneralSheaf/normalised-true/stalk_dim-2/2-layers/16-hidden/500-epochs/checkpoints/epoch-50/GeneralSheaf_wisconsin_fold5_seed43.pt
Saved node norms to /home/fguadagn/FMG_Master_Thesis/neural-sheaf-diffusion-modified/results/node_norms/wisconsin/GeneralSheaf/normalised-true/stalk_dim-2/2-layers/16-hidden/500-epochs/checkpoints/epoch-200/GeneralSheaf_wisconsin_fold5_seed43.pt
Saved confidence to /home/fguadagn/FMG_Master_Thesis/neural-sheaf-diffusion-modified/results/node_conf/wisconsin/GeneralSheaf/normalised-true/stalk_dim-2/2-layers/16-hidden/500-epochs/checkpoints/epoch-200/GeneralSheaf_wisconsin_fold5_seed43.pt
Saved per-node accuracy to /home/fguadagn/FMG_Master_Thesis/neural-sheaf-diffusion-modified/results/node_accuracy/wisconsin/GeneralSheaf/normalised-true/stalk_dim-2/2-layers/16-hidden/500-epochs/checkpoints/epoch-200/GeneralSheaf_wisconsin_fold5_seed43.pt
Saved saliency to /home/fguadagn/FMG_Master_Thesis/neural-sheaf-diffusion-modified/results/node_saliency/wisconsin/GeneralSheaf/normalised-true/stalk_dim-2/2-layers/16-hidden/500-epochs/checkpoints/epoch-200/GeneralSheaf_wisconsin_fold5_seed43.pt
Fold 5 | Epochs: 466 | Best epoch: 266
Test acc (best epoch): 0.9020
Test acc (last epoch): 0.8627
Best val acc: 0.8875
Laplacian 0: Max: 0.3090, Min: -0.6288, Avg: -0.0267, Abs avg: 0.0402
Laplacian 1: Max: 0.2822, Min: -0.7671, Avg: -0.0365, Abs avg: 0.0726
Epsilons 0: [2.016 1.992]
Epsilons 1: [2.026 1.996]
Saved node norms to /home/fguadagn/FMG_Master_Thesis/neural-sheaf-diffusion-modified/results/node_norms/wisconsin/GeneralSheaf/normalised-true/stalk_dim-2/2-layers/16-hidden/500-epochs/checkpoints/best-epoch/GeneralSheaf_wisconsin_fold5_seed43.pt
Saved best-epoch node norms (epoch 266) to checkpoints/best-epoch/
Saved confidence to /home/fguadagn/FMG_Master_Thesis/neural-sheaf-diffusion-modified/results/node_conf/wisconsin/GeneralSheaf/normalised-true/stalk_dim-2/2-layers/16-hidden/500-epochs/checkpoints/best-epoch/GeneralSheaf_wisconsin_fold5_seed43.pt
Saved per-node accuracy to /home/fguadagn/FMG_Master_Thesis/neural-sheaf-diffusion-modified/results/node_accuracy/wisconsin/GeneralSheaf/normalised-true/stalk_dim-2/2-layers/16-hidden/500-epochs/checkpoints/best-epoch/GeneralSheaf_wisconsin_fold5_seed43.pt
Saved saliency to /home/fguadagn/FMG_Master_Thesis/neural-sheaf-diffusion-modified/results/node_saliency/wisconsin/GeneralSheaf/normalised-true/stalk_dim-2/2-layers/16-hidden/500-epochs/checkpoints/best-epoch/GeneralSheaf_wisconsin_fold5_seed43.pt
Saved model weights to /home/fguadagn/FMG_Master_Thesis/neural-sheaf-diffusion-modified/results/model_weights/wisconsin/GeneralSheaf/normalised-true/stalk_dim-2/2-layers/16-hidden/500-epochs/checkpoints/best-epoch/GeneralSheaf_wisconsin_fold5_seed43.pth
Saved fold masks to /home/fguadagn/FMG_Master_Thesis/neural-sheaf-diffusion-modified/results/model_weights/wisconsin/GeneralSheaf/normalised-true/stalk_dim-2/2-layers/16-hidden/500-epochs/checkpoints/best-epoch/GeneralSheaf_wisconsin_fold5_seed43_masks.pt
Saved best-epoch model weights and masks (epoch 266) to checkpoints/best-epoch/
Updated best_epochs.json: fold_5 -> epoch 266
Saved node norms to /home/fguadagn/FMG_Master_Thesis/neural-sheaf-diffusion-modified/results/node_norms/wisconsin/GeneralSheaf/normalised-true/stalk_dim-2/2-layers/16-hidden/500-epochs/GeneralSheaf_wisconsin_fold5_seed43.pt
Saved node predictions to /home/fguadagn/FMG_Master_Thesis/neural-sheaf-diffusion-modified/results/node_preds/wisconsin/GeneralSheaf/normalised-true/stalk_dim-2/2-layers/16-hidden/500-epochs/GeneralSheaf_wisconsin_fold5_seed43.pt
Saved confidence to /home/fguadagn/FMG_Master_Thesis/neural-sheaf-diffusion-modified/results/node_conf/wisconsin/GeneralSheaf/normalised-true/stalk_dim-2/2-layers/16-hidden/500-epochs/GeneralSheaf_wisconsin_fold5_seed43.pt
Saved per-node accuracy to /home/fguadagn/FMG_Master_Thesis/neural-sheaf-diffusion-modified/results/node_accuracy/wisconsin/GeneralSheaf/normalised-true/stalk_dim-2/2-layers/16-hidden/500-epochs/GeneralSheaf_wisconsin_fold5_seed43.pt
Saved saliency to /home/fguadagn/FMG_Master_Thesis/neural-sheaf-diffusion-modified/results/node_saliency/wisconsin/GeneralSheaf/normalised-true/stalk_dim-2/2-layers/16-hidden/500-epochs/GeneralSheaf_wisconsin_fold5_seed43.pt
Saved node norms to /home/fguadagn/FMG_Master_Thesis/neural-sheaf-diffusion-modified/results/node_norms/wisconsin/GeneralSheaf/normalised-true/stalk_dim-2/2-layers/16-hidden/500-epochs/checkpoints/epoch-0/GeneralSheaf_wisconsin_fold6_seed43.pt
Saved confidence to /home/fguadagn/FMG_Master_Thesis/neural-sheaf-diffusion-modified/results/node_conf/wisconsin/GeneralSheaf/normalised-true/stalk_dim-2/2-layers/16-hidden/500-epochs/checkpoints/epoch-0/GeneralSheaf_wisconsin_fold6_seed43.pt
Saved per-node accuracy to /home/fguadagn/FMG_Master_Thesis/neural-sheaf-diffusion-modified/results/node_accuracy/wisconsin/GeneralSheaf/normalised-true/stalk_dim-2/2-layers/16-hidden/500-epochs/checkpoints/epoch-0/GeneralSheaf_wisconsin_fold6_seed43.pt
Saved saliency to /home/fguadagn/FMG_Master_Thesis/neural-sheaf-diffusion-modified/results/node_saliency/wisconsin/GeneralSheaf/normalised-true/stalk_dim-2/2-layers/16-hidden/500-epochs/checkpoints/epoch-0/GeneralSheaf_wisconsin_fold6_seed43.pt
Saved node norms to /home/fguadagn/FMG_Master_Thesis/neural-sheaf-diffusion-modified/results/node_norms/wisconsin/GeneralSheaf/normalised-true/stalk_dim-2/2-layers/16-hidden/500-epochs/checkpoints/epoch-1/GeneralSheaf_wisconsin_fold6_seed43.pt
Saved confidence to /home/fguadagn/FMG_Master_Thesis/neural-sheaf-diffusion-modified/results/node_conf/wisconsin/GeneralSheaf/normalised-true/stalk_dim-2/2-layers/16-hidden/500-epochs/checkpoints/epoch-1/GeneralSheaf_wisconsin_fold6_seed43.pt
Saved per-node accuracy to /home/fguadagn/FMG_Master_Thesis/neural-sheaf-diffusion-modified/results/node_accuracy/wisconsin/GeneralSheaf/normalised-true/stalk_dim-2/2-layers/16-hidden/500-epochs/checkpoints/epoch-1/GeneralSheaf_wisconsin_fold6_seed43.pt
Saved saliency to /home/fguadagn/FMG_Master_Thesis/neural-sheaf-diffusion-modified/results/node_saliency/wisconsin/GeneralSheaf/normalised-true/stalk_dim-2/2-layers/16-hidden/500-epochs/checkpoints/epoch-1/GeneralSheaf_wisconsin_fold6_seed43.pt
Saved node norms to /home/fguadagn/FMG_Master_Thesis/neural-sheaf-diffusion-modified/results/node_norms/wisconsin/GeneralSheaf/normalised-true/stalk_dim-2/2-layers/16-hidden/500-epochs/checkpoints/epoch-5/GeneralSheaf_wisconsin_fold6_seed43.pt
Saved confidence to /home/fguadagn/FMG_Master_Thesis/neural-sheaf-diffusion-modified/results/node_conf/wisconsin/GeneralSheaf/normalised-true/stalk_dim-2/2-layers/16-hidden/500-epochs/checkpoints/epoch-5/GeneralSheaf_wisconsin_fold6_seed43.pt
Saved per-node accuracy to /home/fguadagn/FMG_Master_Thesis/neural-sheaf-diffusion-modified/results/node_accuracy/wisconsin/GeneralSheaf/normalised-true/stalk_dim-2/2-layers/16-hidden/500-epochs/checkpoints/epoch-5/GeneralSheaf_wisconsin_fold6_seed43.pt
Saved saliency to /home/fguadagn/FMG_Master_Thesis/neural-sheaf-diffusion-modified/results/node_saliency/wisconsin/GeneralSheaf/normalised-true/stalk_dim-2/2-layers/16-hidden/500-epochs/checkpoints/epoch-5/GeneralSheaf_wisconsin_fold6_seed43.pt
Saved node norms to /home/fguadagn/FMG_Master_Thesis/neural-sheaf-diffusion-modified/results/node_norms/wisconsin/GeneralSheaf/normalised-true/stalk_dim-2/2-layers/16-hidden/500-epochs/checkpoints/epoch-15/GeneralSheaf_wisconsin_fold6_seed43.pt
Saved confidence to /home/fguadagn/FMG_Master_Thesis/neural-sheaf-diffusion-modified/results/node_conf/wisconsin/GeneralSheaf/normalised-true/stalk_dim-2/2-layers/16-hidden/500-epochs/checkpoints/epoch-15/GeneralSheaf_wisconsin_fold6_seed43.pt
Saved per-node accuracy to /home/fguadagn/FMG_Master_Thesis/neural-sheaf-diffusion-modified/results/node_accuracy/wisconsin/GeneralSheaf/normalised-true/stalk_dim-2/2-layers/16-hidden/500-epochs/checkpoints/epoch-15/GeneralSheaf_wisconsin_fold6_seed43.pt
Saved saliency to /home/fguadagn/FMG_Master_Thesis/neural-sheaf-diffusion-modified/results/node_saliency/wisconsin/GeneralSheaf/normalised-true/stalk_dim-2/2-layers/16-hidden/500-epochs/checkpoints/epoch-15/GeneralSheaf_wisconsin_fold6_seed43.pt
Saved node norms to /home/fguadagn/FMG_Master_Thesis/neural-sheaf-diffusion-modified/results/node_norms/wisconsin/GeneralSheaf/normalised-true/stalk_dim-2/2-layers/16-hidden/500-epochs/checkpoints/epoch-50/GeneralSheaf_wisconsin_fold6_seed43.pt
Saved confidence to /home/fguadagn/FMG_Master_Thesis/neural-sheaf-diffusion-modified/results/node_conf/wisconsin/GeneralSheaf/normalised-true/stalk_dim-2/2-layers/16-hidden/500-epochs/checkpoints/epoch-50/GeneralSheaf_wisconsin_fold6_seed43.pt
Saved per-node accuracy to /home/fguadagn/FMG_Master_Thesis/neural-sheaf-diffusion-modified/results/node_accuracy/wisconsin/GeneralSheaf/normalised-true/stalk_dim-2/2-layers/16-hidden/500-epochs/checkpoints/epoch-50/GeneralSheaf_wisconsin_fold6_seed43.pt
Saved saliency to /home/fguadagn/FMG_Master_Thesis/neural-sheaf-diffusion-modified/results/node_saliency/wisconsin/GeneralSheaf/normalised-true/stalk_dim-2/2-layers/16-hidden/500-epochs/checkpoints/epoch-50/GeneralSheaf_wisconsin_fold6_seed43.pt
Saved node norms to /home/fguadagn/FMG_Master_Thesis/neural-sheaf-diffusion-modified/results/node_norms/wisconsin/GeneralSheaf/normalised-true/stalk_dim-2/2-layers/16-hidden/500-epochs/checkpoints/epoch-200/GeneralSheaf_wisconsin_fold6_seed43.pt
Saved confidence to /home/fguadagn/FMG_Master_Thesis/neural-sheaf-diffusion-modified/results/node_conf/wisconsin/GeneralSheaf/normalised-true/stalk_dim-2/2-layers/16-hidden/500-epochs/checkpoints/epoch-200/GeneralSheaf_wisconsin_fold6_seed43.pt
Saved per-node accuracy to /home/fguadagn/FMG_Master_Thesis/neural-sheaf-diffusion-modified/results/node_accuracy/wisconsin/GeneralSheaf/normalised-true/stalk_dim-2/2-layers/16-hidden/500-epochs/checkpoints/epoch-200/GeneralSheaf_wisconsin_fold6_seed43.pt
Saved saliency to /home/fguadagn/FMG_Master_Thesis/neural-sheaf-diffusion-modified/results/node_saliency/wisconsin/GeneralSheaf/normalised-true/stalk_dim-2/2-layers/16-hidden/500-epochs/checkpoints/epoch-200/GeneralSheaf_wisconsin_fold6_seed43.pt
Fold 6 | Epochs: 263 | Best epoch: 63
Test acc (best epoch): 0.8627
Test acc (last epoch): 0.8627
Best val acc: 0.8750
Laplacian 0: Max: 0.5950, Min: -0.5646, Avg: -0.0414, Abs avg: 0.0674
Laplacian 1: Max: 0.9277, Min: -0.4978, Avg: 0.1169, Abs avg: 0.1704
Epsilons 0: [1.749 1.746]
Epsilons 1: [1.765 1.78 ]
Saved node norms to /home/fguadagn/FMG_Master_Thesis/neural-sheaf-diffusion-modified/results/node_norms/wisconsin/GeneralSheaf/normalised-true/stalk_dim-2/2-layers/16-hidden/500-epochs/checkpoints/best-epoch/GeneralSheaf_wisconsin_fold6_seed43.pt
Saved best-epoch node norms (epoch 63) to checkpoints/best-epoch/
Saved confidence to /home/fguadagn/FMG_Master_Thesis/neural-sheaf-diffusion-modified/results/node_conf/wisconsin/GeneralSheaf/normalised-true/stalk_dim-2/2-layers/16-hidden/500-epochs/checkpoints/best-epoch/GeneralSheaf_wisconsin_fold6_seed43.pt
Saved per-node accuracy to /home/fguadagn/FMG_Master_Thesis/neural-sheaf-diffusion-modified/results/node_accuracy/wisconsin/GeneralSheaf/normalised-true/stalk_dim-2/2-layers/16-hidden/500-epochs/checkpoints/best-epoch/GeneralSheaf_wisconsin_fold6_seed43.pt
Saved saliency to /home/fguadagn/FMG_Master_Thesis/neural-sheaf-diffusion-modified/results/node_saliency/wisconsin/GeneralSheaf/normalised-true/stalk_dim-2/2-layers/16-hidden/500-epochs/checkpoints/best-epoch/GeneralSheaf_wisconsin_fold6_seed43.pt
Saved model weights to /home/fguadagn/FMG_Master_Thesis/neural-sheaf-diffusion-modified/results/model_weights/wisconsin/GeneralSheaf/normalised-true/stalk_dim-2/2-layers/16-hidden/500-epochs/checkpoints/best-epoch/GeneralSheaf_wisconsin_fold6_seed43.pth
Saved fold masks to /home/fguadagn/FMG_Master_Thesis/neural-sheaf-diffusion-modified/results/model_weights/wisconsin/GeneralSheaf/normalised-true/stalk_dim-2/2-layers/16-hidden/500-epochs/checkpoints/best-epoch/GeneralSheaf_wisconsin_fold6_seed43_masks.pt
Saved best-epoch model weights and masks (epoch 63) to checkpoints/best-epoch/
Updated best_epochs.json: fold_6 -> epoch 63
Saved node norms to /home/fguadagn/FMG_Master_Thesis/neural-sheaf-diffusion-modified/results/node_norms/wisconsin/GeneralSheaf/normalised-true/stalk_dim-2/2-layers/16-hidden/500-epochs/GeneralSheaf_wisconsin_fold6_seed43.pt
Saved node predictions to /home/fguadagn/FMG_Master_Thesis/neural-sheaf-diffusion-modified/results/node_preds/wisconsin/GeneralSheaf/normalised-true/stalk_dim-2/2-layers/16-hidden/500-epochs/GeneralSheaf_wisconsin_fold6_seed43.pt
Saved confidence to /home/fguadagn/FMG_Master_Thesis/neural-sheaf-diffusion-modified/results/node_conf/wisconsin/GeneralSheaf/normalised-true/stalk_dim-2/2-layers/16-hidden/500-epochs/GeneralSheaf_wisconsin_fold6_seed43.pt
Saved per-node accuracy to /home/fguadagn/FMG_Master_Thesis/neural-sheaf-diffusion-modified/results/node_accuracy/wisconsin/GeneralSheaf/normalised-true/stalk_dim-2/2-layers/16-hidden/500-epochs/GeneralSheaf_wisconsin_fold6_seed43.pt
Saved saliency to /home/fguadagn/FMG_Master_Thesis/neural-sheaf-diffusion-modified/results/node_saliency/wisconsin/GeneralSheaf/normalised-true/stalk_dim-2/2-layers/16-hidden/500-epochs/GeneralSheaf_wisconsin_fold6_seed43.pt
Saved node norms to /home/fguadagn/FMG_Master_Thesis/neural-sheaf-diffusion-modified/results/node_norms/wisconsin/GeneralSheaf/normalised-true/stalk_dim-2/2-layers/16-hidden/500-epochs/checkpoints/epoch-0/GeneralSheaf_wisconsin_fold7_seed43.pt
Saved confidence to /home/fguadagn/FMG_Master_Thesis/neural-sheaf-diffusion-modified/results/node_conf/wisconsin/GeneralSheaf/normalised-true/stalk_dim-2/2-layers/16-hidden/500-epochs/checkpoints/epoch-0/GeneralSheaf_wisconsin_fold7_seed43.pt
Saved per-node accuracy to /home/fguadagn/FMG_Master_Thesis/neural-sheaf-diffusion-modified/results/node_accuracy/wisconsin/GeneralSheaf/normalised-true/stalk_dim-2/2-layers/16-hidden/500-epochs/checkpoints/epoch-0/GeneralSheaf_wisconsin_fold7_seed43.pt
Saved saliency to /home/fguadagn/FMG_Master_Thesis/neural-sheaf-diffusion-modified/results/node_saliency/wisconsin/GeneralSheaf/normalised-true/stalk_dim-2/2-layers/16-hidden/500-epochs/checkpoints/epoch-0/GeneralSheaf_wisconsin_fold7_seed43.pt
Saved node norms to /home/fguadagn/FMG_Master_Thesis/neural-sheaf-diffusion-modified/results/node_norms/wisconsin/GeneralSheaf/normalised-true/stalk_dim-2/2-layers/16-hidden/500-epochs/checkpoints/epoch-1/GeneralSheaf_wisconsin_fold7_seed43.pt
Saved confidence to /home/fguadagn/FMG_Master_Thesis/neural-sheaf-diffusion-modified/results/node_conf/wisconsin/GeneralSheaf/normalised-true/stalk_dim-2/2-layers/16-hidden/500-epochs/checkpoints/epoch-1/GeneralSheaf_wisconsin_fold7_seed43.pt
Saved per-node accuracy to /home/fguadagn/FMG_Master_Thesis/neural-sheaf-diffusion-modified/results/node_accuracy/wisconsin/GeneralSheaf/normalised-true/stalk_dim-2/2-layers/16-hidden/500-epochs/checkpoints/epoch-1/GeneralSheaf_wisconsin_fold7_seed43.pt
Saved saliency to /home/fguadagn/FMG_Master_Thesis/neural-sheaf-diffusion-modified/results/node_saliency/wisconsin/GeneralSheaf/normalised-true/stalk_dim-2/2-layers/16-hidden/500-epochs/checkpoints/epoch-1/GeneralSheaf_wisconsin_fold7_seed43.pt
Saved node norms to /home/fguadagn/FMG_Master_Thesis/neural-sheaf-diffusion-modified/results/node_norms/wisconsin/GeneralSheaf/normalised-true/stalk_dim-2/2-layers/16-hidden/500-epochs/checkpoints/epoch-5/GeneralSheaf_wisconsin_fold7_seed43.pt
Saved confidence to /home/fguadagn/FMG_Master_Thesis/neural-sheaf-diffusion-modified/results/node_conf/wisconsin/GeneralSheaf/normalised-true/stalk_dim-2/2-layers/16-hidden/500-epochs/checkpoints/epoch-5/GeneralSheaf_wisconsin_fold7_seed43.pt
Saved per-node accuracy to /home/fguadagn/FMG_Master_Thesis/neural-sheaf-diffusion-modified/results/node_accuracy/wisconsin/GeneralSheaf/normalised-true/stalk_dim-2/2-layers/16-hidden/500-epochs/checkpoints/epoch-5/GeneralSheaf_wisconsin_fold7_seed43.pt
Saved saliency to /home/fguadagn/FMG_Master_Thesis/neural-sheaf-diffusion-modified/results/node_saliency/wisconsin/GeneralSheaf/normalised-true/stalk_dim-2/2-layers/16-hidden/500-epochs/checkpoints/epoch-5/GeneralSheaf_wisconsin_fold7_seed43.pt
Saved node norms to /home/fguadagn/FMG_Master_Thesis/neural-sheaf-diffusion-modified/results/node_norms/wisconsin/GeneralSheaf/normalised-true/stalk_dim-2/2-layers/16-hidden/500-epochs/checkpoints/epoch-15/GeneralSheaf_wisconsin_fold7_seed43.pt
Saved confidence to /home/fguadagn/FMG_Master_Thesis/neural-sheaf-diffusion-modified/results/node_conf/wisconsin/GeneralSheaf/normalised-true/stalk_dim-2/2-layers/16-hidden/500-epochs/checkpoints/epoch-15/GeneralSheaf_wisconsin_fold7_seed43.pt
Saved per-node accuracy to /home/fguadagn/FMG_Master_Thesis/neural-sheaf-diffusion-modified/results/node_accuracy/wisconsin/GeneralSheaf/normalised-true/stalk_dim-2/2-layers/16-hidden/500-epochs/checkpoints/epoch-15/GeneralSheaf_wisconsin_fold7_seed43.pt
Saved saliency to /home/fguadagn/FMG_Master_Thesis/neural-sheaf-diffusion-modified/results/node_saliency/wisconsin/GeneralSheaf/normalised-true/stalk_dim-2/2-layers/16-hidden/500-epochs/checkpoints/epoch-15/GeneralSheaf_wisconsin_fold7_seed43.pt
Saved node norms to /home/fguadagn/FMG_Master_Thesis/neural-sheaf-diffusion-modified/results/node_norms/wisconsin/GeneralSheaf/normalised-true/stalk_dim-2/2-layers/16-hidden/500-epochs/checkpoints/epoch-50/GeneralSheaf_wisconsin_fold7_seed43.pt
Saved confidence to /home/fguadagn/FMG_Master_Thesis/neural-sheaf-diffusion-modified/results/node_conf/wisconsin/GeneralSheaf/normalised-true/stalk_dim-2/2-layers/16-hidden/500-epochs/checkpoints/epoch-50/GeneralSheaf_wisconsin_fold7_seed43.pt
Saved per-node accuracy to /home/fguadagn/FMG_Master_Thesis/neural-sheaf-diffusion-modified/results/node_accuracy/wisconsin/GeneralSheaf/normalised-true/stalk_dim-2/2-layers/16-hidden/500-epochs/checkpoints/epoch-50/GeneralSheaf_wisconsin_fold7_seed43.pt
Saved saliency to /home/fguadagn/FMG_Master_Thesis/neural-sheaf-diffusion-modified/results/node_saliency/wisconsin/GeneralSheaf/normalised-true/stalk_dim-2/2-layers/16-hidden/500-epochs/checkpoints/epoch-50/GeneralSheaf_wisconsin_fold7_seed43.pt
Saved node norms to /home/fguadagn/FMG_Master_Thesis/neural-sheaf-diffusion-modified/results/node_norms/wisconsin/GeneralSheaf/normalised-true/stalk_dim-2/2-layers/16-hidden/500-epochs/checkpoints/epoch-200/GeneralSheaf_wisconsin_fold7_seed43.pt
Saved confidence to /home/fguadagn/FMG_Master_Thesis/neural-sheaf-diffusion-modified/results/node_conf/wisconsin/GeneralSheaf/normalised-true/stalk_dim-2/2-layers/16-hidden/500-epochs/checkpoints/epoch-200/GeneralSheaf_wisconsin_fold7_seed43.pt
Saved per-node accuracy to /home/fguadagn/FMG_Master_Thesis/neural-sheaf-diffusion-modified/results/node_accuracy/wisconsin/GeneralSheaf/normalised-true/stalk_dim-2/2-layers/16-hidden/500-epochs/checkpoints/epoch-200/GeneralSheaf_wisconsin_fold7_seed43.pt
Saved saliency to /home/fguadagn/FMG_Master_Thesis/neural-sheaf-diffusion-modified/results/node_saliency/wisconsin/GeneralSheaf/normalised-true/stalk_dim-2/2-layers/16-hidden/500-epochs/checkpoints/epoch-200/GeneralSheaf_wisconsin_fold7_seed43.pt
Fold 7 | Epochs: 352 | Best epoch: 152
Test acc (best epoch): 0.8627
Test acc (last epoch): 0.8039
Best val acc: 0.8875
Laplacian 0: Max: 0.1277, Min: -0.2905, Avg: -0.0288, Abs avg: 0.0315
Laplacian 1: Max: 0.3090, Min: -0.4934, Avg: -0.0678, Abs avg: 0.0849
Epsilons 0: [1.964 1.938]
Epsilons 1: [1.976 1.969]
Saved node norms to /home/fguadagn/FMG_Master_Thesis/neural-sheaf-diffusion-modified/results/node_norms/wisconsin/GeneralSheaf/normalised-true/stalk_dim-2/2-layers/16-hidden/500-epochs/checkpoints/best-epoch/GeneralSheaf_wisconsin_fold7_seed43.pt
Saved best-epoch node norms (epoch 152) to checkpoints/best-epoch/
Saved confidence to /home/fguadagn/FMG_Master_Thesis/neural-sheaf-diffusion-modified/results/node_conf/wisconsin/GeneralSheaf/normalised-true/stalk_dim-2/2-layers/16-hidden/500-epochs/checkpoints/best-epoch/GeneralSheaf_wisconsin_fold7_seed43.pt
Saved per-node accuracy to /home/fguadagn/FMG_Master_Thesis/neural-sheaf-diffusion-modified/results/node_accuracy/wisconsin/GeneralSheaf/normalised-true/stalk_dim-2/2-layers/16-hidden/500-epochs/checkpoints/best-epoch/GeneralSheaf_wisconsin_fold7_seed43.pt
Saved saliency to /home/fguadagn/FMG_Master_Thesis/neural-sheaf-diffusion-modified/results/node_saliency/wisconsin/GeneralSheaf/normalised-true/stalk_dim-2/2-layers/16-hidden/500-epochs/checkpoints/best-epoch/GeneralSheaf_wisconsin_fold7_seed43.pt
Saved model weights to /home/fguadagn/FMG_Master_Thesis/neural-sheaf-diffusion-modified/results/model_weights/wisconsin/GeneralSheaf/normalised-true/stalk_dim-2/2-layers/16-hidden/500-epochs/checkpoints/best-epoch/GeneralSheaf_wisconsin_fold7_seed43.pth
Saved fold masks to /home/fguadagn/FMG_Master_Thesis/neural-sheaf-diffusion-modified/results/model_weights/wisconsin/GeneralSheaf/normalised-true/stalk_dim-2/2-layers/16-hidden/500-epochs/checkpoints/best-epoch/GeneralSheaf_wisconsin_fold7_seed43_masks.pt
Saved best-epoch model weights and masks (epoch 152) to checkpoints/best-epoch/
Updated best_epochs.json: fold_7 -> epoch 152
Saved node norms to /home/fguadagn/FMG_Master_Thesis/neural-sheaf-diffusion-modified/results/node_norms/wisconsin/GeneralSheaf/normalised-true/stalk_dim-2/2-layers/16-hidden/500-epochs/GeneralSheaf_wisconsin_fold7_seed43.pt
Saved node predictions to /home/fguadagn/FMG_Master_Thesis/neural-sheaf-diffusion-modified/results/node_preds/wisconsin/GeneralSheaf/normalised-true/stalk_dim-2/2-layers/16-hidden/500-epochs/GeneralSheaf_wisconsin_fold7_seed43.pt
Saved confidence to /home/fguadagn/FMG_Master_Thesis/neural-sheaf-diffusion-modified/results/node_conf/wisconsin/GeneralSheaf/normalised-true/stalk_dim-2/2-layers/16-hidden/500-epochs/GeneralSheaf_wisconsin_fold7_seed43.pt
Saved per-node accuracy to /home/fguadagn/FMG_Master_Thesis/neural-sheaf-diffusion-modified/results/node_accuracy/wisconsin/GeneralSheaf/normalised-true/stalk_dim-2/2-layers/16-hidden/500-epochs/GeneralSheaf_wisconsin_fold7_seed43.pt
Saved saliency to /home/fguadagn/FMG_Master_Thesis/neural-sheaf-diffusion-modified/results/node_saliency/wisconsin/GeneralSheaf/normalised-true/stalk_dim-2/2-layers/16-hidden/500-epochs/GeneralSheaf_wisconsin_fold7_seed43.pt
Saved node norms to /home/fguadagn/FMG_Master_Thesis/neural-sheaf-diffusion-modified/results/node_norms/wisconsin/GeneralSheaf/normalised-true/stalk_dim-2/2-layers/16-hidden/500-epochs/checkpoints/epoch-0/GeneralSheaf_wisconsin_fold8_seed43.pt
Saved confidence to /home/fguadagn/FMG_Master_Thesis/neural-sheaf-diffusion-modified/results/node_conf/wisconsin/GeneralSheaf/normalised-true/stalk_dim-2/2-layers/16-hidden/500-epochs/checkpoints/epoch-0/GeneralSheaf_wisconsin_fold8_seed43.pt
Saved per-node accuracy to /home/fguadagn/FMG_Master_Thesis/neural-sheaf-diffusion-modified/results/node_accuracy/wisconsin/GeneralSheaf/normalised-true/stalk_dim-2/2-layers/16-hidden/500-epochs/checkpoints/epoch-0/GeneralSheaf_wisconsin_fold8_seed43.pt
Saved saliency to /home/fguadagn/FMG_Master_Thesis/neural-sheaf-diffusion-modified/results/node_saliency/wisconsin/GeneralSheaf/normalised-true/stalk_dim-2/2-layers/16-hidden/500-epochs/checkpoints/epoch-0/GeneralSheaf_wisconsin_fold8_seed43.pt
Saved node norms to /home/fguadagn/FMG_Master_Thesis/neural-sheaf-diffusion-modified/results/node_norms/wisconsin/GeneralSheaf/normalised-true/stalk_dim-2/2-layers/16-hidden/500-epochs/checkpoints/epoch-1/GeneralSheaf_wisconsin_fold8_seed43.pt
Saved confidence to /home/fguadagn/FMG_Master_Thesis/neural-sheaf-diffusion-modified/results/node_conf/wisconsin/GeneralSheaf/normalised-true/stalk_dim-2/2-layers/16-hidden/500-epochs/checkpoints/epoch-1/GeneralSheaf_wisconsin_fold8_seed43.pt
Saved per-node accuracy to /home/fguadagn/FMG_Master_Thesis/neural-sheaf-diffusion-modified/results/node_accuracy/wisconsin/GeneralSheaf/normalised-true/stalk_dim-2/2-layers/16-hidden/500-epochs/checkpoints/epoch-1/GeneralSheaf_wisconsin_fold8_seed43.pt
Saved saliency to /home/fguadagn/FMG_Master_Thesis/neural-sheaf-diffusion-modified/results/node_saliency/wisconsin/GeneralSheaf/normalised-true/stalk_dim-2/2-layers/16-hidden/500-epochs/checkpoints/epoch-1/GeneralSheaf_wisconsin_fold8_seed43.pt
Saved node norms to /home/fguadagn/FMG_Master_Thesis/neural-sheaf-diffusion-modified/results/node_norms/wisconsin/GeneralSheaf/normalised-true/stalk_dim-2/2-layers/16-hidden/500-epochs/checkpoints/epoch-5/GeneralSheaf_wisconsin_fold8_seed43.pt
Saved confidence to /home/fguadagn/FMG_Master_Thesis/neural-sheaf-diffusion-modified/results/node_conf/wisconsin/GeneralSheaf/normalised-true/stalk_dim-2/2-layers/16-hidden/500-epochs/checkpoints/epoch-5/GeneralSheaf_wisconsin_fold8_seed43.pt
Saved per-node accuracy to /home/fguadagn/FMG_Master_Thesis/neural-sheaf-diffusion-modified/results/node_accuracy/wisconsin/GeneralSheaf/normalised-true/stalk_dim-2/2-layers/16-hidden/500-epochs/checkpoints/epoch-5/GeneralSheaf_wisconsin_fold8_seed43.pt
Saved saliency to /home/fguadagn/FMG_Master_Thesis/neural-sheaf-diffusion-modified/results/node_saliency/wisconsin/GeneralSheaf/normalised-true/stalk_dim-2/2-layers/16-hidden/500-epochs/checkpoints/epoch-5/GeneralSheaf_wisconsin_fold8_seed43.pt
Saved node norms to /home/fguadagn/FMG_Master_Thesis/neural-sheaf-diffusion-modified/results/node_norms/wisconsin/GeneralSheaf/normalised-true/stalk_dim-2/2-layers/16-hidden/500-epochs/checkpoints/epoch-15/GeneralSheaf_wisconsin_fold8_seed43.pt
Saved confidence to /home/fguadagn/FMG_Master_Thesis/neural-sheaf-diffusion-modified/results/node_conf/wisconsin/GeneralSheaf/normalised-true/stalk_dim-2/2-layers/16-hidden/500-epochs/checkpoints/epoch-15/GeneralSheaf_wisconsin_fold8_seed43.pt
Saved per-node accuracy to /home/fguadagn/FMG_Master_Thesis/neural-sheaf-diffusion-modified/results/node_accuracy/wisconsin/GeneralSheaf/normalised-true/stalk_dim-2/2-layers/16-hidden/500-epochs/checkpoints/epoch-15/GeneralSheaf_wisconsin_fold8_seed43.pt
Saved saliency to /home/fguadagn/FMG_Master_Thesis/neural-sheaf-diffusion-modified/results/node_saliency/wisconsin/GeneralSheaf/normalised-true/stalk_dim-2/2-layers/16-hidden/500-epochs/checkpoints/epoch-15/GeneralSheaf_wisconsin_fold8_seed43.pt
Saved node norms to /home/fguadagn/FMG_Master_Thesis/neural-sheaf-diffusion-modified/results/node_norms/wisconsin/GeneralSheaf/normalised-true/stalk_dim-2/2-layers/16-hidden/500-epochs/checkpoints/epoch-50/GeneralSheaf_wisconsin_fold8_seed43.pt
Saved confidence to /home/fguadagn/FMG_Master_Thesis/neural-sheaf-diffusion-modified/results/node_conf/wisconsin/GeneralSheaf/normalised-true/stalk_dim-2/2-layers/16-hidden/500-epochs/checkpoints/epoch-50/GeneralSheaf_wisconsin_fold8_seed43.pt
Saved per-node accuracy to /home/fguadagn/FMG_Master_Thesis/neural-sheaf-diffusion-modified/results/node_accuracy/wisconsin/GeneralSheaf/normalised-true/stalk_dim-2/2-layers/16-hidden/500-epochs/checkpoints/epoch-50/GeneralSheaf_wisconsin_fold8_seed43.pt
Saved saliency to /home/fguadagn/FMG_Master_Thesis/neural-sheaf-diffusion-modified/results/node_saliency/wisconsin/GeneralSheaf/normalised-true/stalk_dim-2/2-layers/16-hidden/500-epochs/checkpoints/epoch-50/GeneralSheaf_wisconsin_fold8_seed43.pt
Saved node norms to /home/fguadagn/FMG_Master_Thesis/neural-sheaf-diffusion-modified/results/node_norms/wisconsin/GeneralSheaf/normalised-true/stalk_dim-2/2-layers/16-hidden/500-epochs/checkpoints/epoch-200/GeneralSheaf_wisconsin_fold8_seed43.pt
Saved confidence to /home/fguadagn/FMG_Master_Thesis/neural-sheaf-diffusion-modified/results/node_conf/wisconsin/GeneralSheaf/normalised-true/stalk_dim-2/2-layers/16-hidden/500-epochs/checkpoints/epoch-200/GeneralSheaf_wisconsin_fold8_seed43.pt
Saved per-node accuracy to /home/fguadagn/FMG_Master_Thesis/neural-sheaf-diffusion-modified/results/node_accuracy/wisconsin/GeneralSheaf/normalised-true/stalk_dim-2/2-layers/16-hidden/500-epochs/checkpoints/epoch-200/GeneralSheaf_wisconsin_fold8_seed43.pt
Saved saliency to /home/fguadagn/FMG_Master_Thesis/neural-sheaf-diffusion-modified/results/node_saliency/wisconsin/GeneralSheaf/normalised-true/stalk_dim-2/2-layers/16-hidden/500-epochs/checkpoints/epoch-200/GeneralSheaf_wisconsin_fold8_seed43.pt
Fold 8 | Epochs: 499 | Best epoch: 310
Test acc (best epoch): 0.8431
Test acc (last epoch): 0.8235
Best val acc: 0.8750
Laplacian 0: Max: 0.3757, Min: -0.4631, Avg: -0.0480, Abs avg: 0.0646
Laplacian 1: Max: 0.8260, Min: -0.9858, Avg: -0.0954, Abs avg: 0.1508
Epsilons 0: [1.968 1.916]
Epsilons 1: [1.981 1.908]
Saved node norms to /home/fguadagn/FMG_Master_Thesis/neural-sheaf-diffusion-modified/results/node_norms/wisconsin/GeneralSheaf/normalised-true/stalk_dim-2/2-layers/16-hidden/500-epochs/checkpoints/best-epoch/GeneralSheaf_wisconsin_fold8_seed43.pt
Saved best-epoch node norms (epoch 310) to checkpoints/best-epoch/
Saved confidence to /home/fguadagn/FMG_Master_Thesis/neural-sheaf-diffusion-modified/results/node_conf/wisconsin/GeneralSheaf/normalised-true/stalk_dim-2/2-layers/16-hidden/500-epochs/checkpoints/best-epoch/GeneralSheaf_wisconsin_fold8_seed43.pt
Saved per-node accuracy to /home/fguadagn/FMG_Master_Thesis/neural-sheaf-diffusion-modified/results/node_accuracy/wisconsin/GeneralSheaf/normalised-true/stalk_dim-2/2-layers/16-hidden/500-epochs/checkpoints/best-epoch/GeneralSheaf_wisconsin_fold8_seed43.pt
Saved saliency to /home/fguadagn/FMG_Master_Thesis/neural-sheaf-diffusion-modified/results/node_saliency/wisconsin/GeneralSheaf/normalised-true/stalk_dim-2/2-layers/16-hidden/500-epochs/checkpoints/best-epoch/GeneralSheaf_wisconsin_fold8_seed43.pt
Saved model weights to /home/fguadagn/FMG_Master_Thesis/neural-sheaf-diffusion-modified/results/model_weights/wisconsin/GeneralSheaf/normalised-true/stalk_dim-2/2-layers/16-hidden/500-epochs/checkpoints/best-epoch/GeneralSheaf_wisconsin_fold8_seed43.pth
Saved fold masks to /home/fguadagn/FMG_Master_Thesis/neural-sheaf-diffusion-modified/results/model_weights/wisconsin/GeneralSheaf/normalised-true/stalk_dim-2/2-layers/16-hidden/500-epochs/checkpoints/best-epoch/GeneralSheaf_wisconsin_fold8_seed43_masks.pt
Saved best-epoch model weights and masks (epoch 310) to checkpoints/best-epoch/
Updated best_epochs.json: fold_8 -> epoch 310
Saved node norms to /home/fguadagn/FMG_Master_Thesis/neural-sheaf-diffusion-modified/results/node_norms/wisconsin/GeneralSheaf/normalised-true/stalk_dim-2/2-layers/16-hidden/500-epochs/GeneralSheaf_wisconsin_fold8_seed43.pt
Saved node predictions to /home/fguadagn/FMG_Master_Thesis/neural-sheaf-diffusion-modified/results/node_preds/wisconsin/GeneralSheaf/normalised-true/stalk_dim-2/2-layers/16-hidden/500-epochs/GeneralSheaf_wisconsin_fold8_seed43.pt
Saved confidence to /home/fguadagn/FMG_Master_Thesis/neural-sheaf-diffusion-modified/results/node_conf/wisconsin/GeneralSheaf/normalised-true/stalk_dim-2/2-layers/16-hidden/500-epochs/GeneralSheaf_wisconsin_fold8_seed43.pt
Saved per-node accuracy to /home/fguadagn/FMG_Master_Thesis/neural-sheaf-diffusion-modified/results/node_accuracy/wisconsin/GeneralSheaf/normalised-true/stalk_dim-2/2-layers/16-hidden/500-epochs/GeneralSheaf_wisconsin_fold8_seed43.pt
Saved saliency to /home/fguadagn/FMG_Master_Thesis/neural-sheaf-diffusion-modified/results/node_saliency/wisconsin/GeneralSheaf/normalised-true/stalk_dim-2/2-layers/16-hidden/500-epochs/GeneralSheaf_wisconsin_fold8_seed43.pt
Saved node norms to /home/fguadagn/FMG_Master_Thesis/neural-sheaf-diffusion-modified/results/node_norms/wisconsin/GeneralSheaf/normalised-true/stalk_dim-2/2-layers/16-hidden/500-epochs/checkpoints/epoch-0/GeneralSheaf_wisconsin_fold9_seed43.pt
Saved confidence to /home/fguadagn/FMG_Master_Thesis/neural-sheaf-diffusion-modified/results/node_conf/wisconsin/GeneralSheaf/normalised-true/stalk_dim-2/2-layers/16-hidden/500-epochs/checkpoints/epoch-0/GeneralSheaf_wisconsin_fold9_seed43.pt
Saved per-node accuracy to /home/fguadagn/FMG_Master_Thesis/neural-sheaf-diffusion-modified/results/node_accuracy/wisconsin/GeneralSheaf/normalised-true/stalk_dim-2/2-layers/16-hidden/500-epochs/checkpoints/epoch-0/GeneralSheaf_wisconsin_fold9_seed43.pt
Saved saliency to /home/fguadagn/FMG_Master_Thesis/neural-sheaf-diffusion-modified/results/node_saliency/wisconsin/GeneralSheaf/normalised-true/stalk_dim-2/2-layers/16-hidden/500-epochs/checkpoints/epoch-0/GeneralSheaf_wisconsin_fold9_seed43.pt
Saved node norms to /home/fguadagn/FMG_Master_Thesis/neural-sheaf-diffusion-modified/results/node_norms/wisconsin/GeneralSheaf/normalised-true/stalk_dim-2/2-layers/16-hidden/500-epochs/checkpoints/epoch-1/GeneralSheaf_wisconsin_fold9_seed43.pt
Saved confidence to /home/fguadagn/FMG_Master_Thesis/neural-sheaf-diffusion-modified/results/node_conf/wisconsin/GeneralSheaf/normalised-true/stalk_dim-2/2-layers/16-hidden/500-epochs/checkpoints/epoch-1/GeneralSheaf_wisconsin_fold9_seed43.pt
Saved per-node accuracy to /home/fguadagn/FMG_Master_Thesis/neural-sheaf-diffusion-modified/results/node_accuracy/wisconsin/GeneralSheaf/normalised-true/stalk_dim-2/2-layers/16-hidden/500-epochs/checkpoints/epoch-1/GeneralSheaf_wisconsin_fold9_seed43.pt
Saved saliency to /home/fguadagn/FMG_Master_Thesis/neural-sheaf-diffusion-modified/results/node_saliency/wisconsin/GeneralSheaf/normalised-true/stalk_dim-2/2-layers/16-hidden/500-epochs/checkpoints/epoch-1/GeneralSheaf_wisconsin_fold9_seed43.pt
Saved node norms to /home/fguadagn/FMG_Master_Thesis/neural-sheaf-diffusion-modified/results/node_norms/wisconsin/GeneralSheaf/normalised-true/stalk_dim-2/2-layers/16-hidden/500-epochs/checkpoints/epoch-5/GeneralSheaf_wisconsin_fold9_seed43.pt
Saved confidence to /home/fguadagn/FMG_Master_Thesis/neural-sheaf-diffusion-modified/results/node_conf/wisconsin/GeneralSheaf/normalised-true/stalk_dim-2/2-layers/16-hidden/500-epochs/checkpoints/epoch-5/GeneralSheaf_wisconsin_fold9_seed43.pt
Saved per-node accuracy to /home/fguadagn/FMG_Master_Thesis/neural-sheaf-diffusion-modified/results/node_accuracy/wisconsin/GeneralSheaf/normalised-true/stalk_dim-2/2-layers/16-hidden/500-epochs/checkpoints/epoch-5/GeneralSheaf_wisconsin_fold9_seed43.pt
Saved saliency to /home/fguadagn/FMG_Master_Thesis/neural-sheaf-diffusion-modified/results/node_saliency/wisconsin/GeneralSheaf/normalised-true/stalk_dim-2/2-layers/16-hidden/500-epochs/checkpoints/epoch-5/GeneralSheaf_wisconsin_fold9_seed43.pt
Saved node norms to /home/fguadagn/FMG_Master_Thesis/neural-sheaf-diffusion-modified/results/node_norms/wisconsin/GeneralSheaf/normalised-true/stalk_dim-2/2-layers/16-hidden/500-epochs/checkpoints/epoch-15/GeneralSheaf_wisconsin_fold9_seed43.pt
Saved confidence to /home/fguadagn/FMG_Master_Thesis/neural-sheaf-diffusion-modified/results/node_conf/wisconsin/GeneralSheaf/normalised-true/stalk_dim-2/2-layers/16-hidden/500-epochs/checkpoints/epoch-15/GeneralSheaf_wisconsin_fold9_seed43.pt
Saved per-node accuracy to /home/fguadagn/FMG_Master_Thesis/neural-sheaf-diffusion-modified/results/node_accuracy/wisconsin/GeneralSheaf/normalised-true/stalk_dim-2/2-layers/16-hidden/500-epochs/checkpoints/epoch-15/GeneralSheaf_wisconsin_fold9_seed43.pt
Saved saliency to /home/fguadagn/FMG_Master_Thesis/neural-sheaf-diffusion-modified/results/node_saliency/wisconsin/GeneralSheaf/normalised-true/stalk_dim-2/2-layers/16-hidden/500-epochs/checkpoints/epoch-15/GeneralSheaf_wisconsin_fold9_seed43.pt
Saved node norms to /home/fguadagn/FMG_Master_Thesis/neural-sheaf-diffusion-modified/results/node_norms/wisconsin/GeneralSheaf/normalised-true/stalk_dim-2/2-layers/16-hidden/500-epochs/checkpoints/epoch-50/GeneralSheaf_wisconsin_fold9_seed43.pt
Saved confidence to /home/fguadagn/FMG_Master_Thesis/neural-sheaf-diffusion-modified/results/node_conf/wisconsin/GeneralSheaf/normalised-true/stalk_dim-2/2-layers/16-hidden/500-epochs/checkpoints/epoch-50/GeneralSheaf_wisconsin_fold9_seed43.pt
Saved per-node accuracy to /home/fguadagn/FMG_Master_Thesis/neural-sheaf-diffusion-modified/results/node_accuracy/wisconsin/GeneralSheaf/normalised-true/stalk_dim-2/2-layers/16-hidden/500-epochs/checkpoints/epoch-50/GeneralSheaf_wisconsin_fold9_seed43.pt
Saved saliency to /home/fguadagn/FMG_Master_Thesis/neural-sheaf-diffusion-modified/results/node_saliency/wisconsin/GeneralSheaf/normalised-true/stalk_dim-2/2-layers/16-hidden/500-epochs/checkpoints/epoch-50/GeneralSheaf_wisconsin_fold9_seed43.pt
Saved node norms to /home/fguadagn/FMG_Master_Thesis/neural-sheaf-diffusion-modified/results/node_norms/wisconsin/GeneralSheaf/normalised-true/stalk_dim-2/2-layers/16-hidden/500-epochs/checkpoints/epoch-200/GeneralSheaf_wisconsin_fold9_seed43.pt
Saved confidence to /home/fguadagn/FMG_Master_Thesis/neural-sheaf-diffusion-modified/results/node_conf/wisconsin/GeneralSheaf/normalised-true/stalk_dim-2/2-layers/16-hidden/500-epochs/checkpoints/epoch-200/GeneralSheaf_wisconsin_fold9_seed43.pt
Saved per-node accuracy to /home/fguadagn/FMG_Master_Thesis/neural-sheaf-diffusion-modified/results/node_accuracy/wisconsin/GeneralSheaf/normalised-true/stalk_dim-2/2-layers/16-hidden/500-epochs/checkpoints/epoch-200/GeneralSheaf_wisconsin_fold9_seed43.pt
Saved saliency to /home/fguadagn/FMG_Master_Thesis/neural-sheaf-diffusion-modified/results/node_saliency/wisconsin/GeneralSheaf/normalised-true/stalk_dim-2/2-layers/16-hidden/500-epochs/checkpoints/epoch-200/GeneralSheaf_wisconsin_fold9_seed43.pt
Fold 9 | Epochs: 499 | Best epoch: 425
Test acc (best epoch): 0.8824
Test acc (last epoch): 0.9020
Best val acc: 0.8750
Laplacian 0: Max: 0.3702, Min: -0.1512, Avg: 0.0225, Abs avg: 0.0329
Laplacian 1: Max: 1.1408, Min: -0.9199, Avg: 0.0161, Abs avg: 0.1399
Epsilons 0: [1.994 1.976]
Epsilons 1: [1.995 1.995]
Saved node norms to /home/fguadagn/FMG_Master_Thesis/neural-sheaf-diffusion-modified/results/node_norms/wisconsin/GeneralSheaf/normalised-true/stalk_dim-2/2-layers/16-hidden/500-epochs/checkpoints/best-epoch/GeneralSheaf_wisconsin_fold9_seed43.pt
Saved best-epoch node norms (epoch 425) to checkpoints/best-epoch/
Saved confidence to /home/fguadagn/FMG_Master_Thesis/neural-sheaf-diffusion-modified/results/node_conf/wisconsin/GeneralSheaf/normalised-true/stalk_dim-2/2-layers/16-hidden/500-epochs/checkpoints/best-epoch/GeneralSheaf_wisconsin_fold9_seed43.pt
Saved per-node accuracy to /home/fguadagn/FMG_Master_Thesis/neural-sheaf-diffusion-modified/results/node_accuracy/wisconsin/GeneralSheaf/normalised-true/stalk_dim-2/2-layers/16-hidden/500-epochs/checkpoints/best-epoch/GeneralSheaf_wisconsin_fold9_seed43.pt
Saved saliency to /home/fguadagn/FMG_Master_Thesis/neural-sheaf-diffusion-modified/results/node_saliency/wisconsin/GeneralSheaf/normalised-true/stalk_dim-2/2-layers/16-hidden/500-epochs/checkpoints/best-epoch/GeneralSheaf_wisconsin_fold9_seed43.pt
Saved model weights to /home/fguadagn/FMG_Master_Thesis/neural-sheaf-diffusion-modified/results/model_weights/wisconsin/GeneralSheaf/normalised-true/stalk_dim-2/2-layers/16-hidden/500-epochs/checkpoints/best-epoch/GeneralSheaf_wisconsin_fold9_seed43.pth
Saved fold masks to /home/fguadagn/FMG_Master_Thesis/neural-sheaf-diffusion-modified/results/model_weights/wisconsin/GeneralSheaf/normalised-true/stalk_dim-2/2-layers/16-hidden/500-epochs/checkpoints/best-epoch/GeneralSheaf_wisconsin_fold9_seed43_masks.pt
Saved best-epoch model weights and masks (epoch 425) to checkpoints/best-epoch/
Updated best_epochs.json: fold_9 -> epoch 425
Saved node norms to /home/fguadagn/FMG_Master_Thesis/neural-sheaf-diffusion-modified/results/node_norms/wisconsin/GeneralSheaf/normalised-true/stalk_dim-2/2-layers/16-hidden/500-epochs/GeneralSheaf_wisconsin_fold9_seed43.pt
Saved node predictions to /home/fguadagn/FMG_Master_Thesis/neural-sheaf-diffusion-modified/results/node_preds/wisconsin/GeneralSheaf/normalised-true/stalk_dim-2/2-layers/16-hidden/500-epochs/GeneralSheaf_wisconsin_fold9_seed43.pt
Saved confidence to /home/fguadagn/FMG_Master_Thesis/neural-sheaf-diffusion-modified/results/node_conf/wisconsin/GeneralSheaf/normalised-true/stalk_dim-2/2-layers/16-hidden/500-epochs/GeneralSheaf_wisconsin_fold9_seed43.pt
Saved per-node accuracy to /home/fguadagn/FMG_Master_Thesis/neural-sheaf-diffusion-modified/results/node_accuracy/wisconsin/GeneralSheaf/normalised-true/stalk_dim-2/2-layers/16-hidden/500-epochs/GeneralSheaf_wisconsin_fold9_seed43.pt
Saved saliency to /home/fguadagn/FMG_Master_Thesis/neural-sheaf-diffusion-modified/results/node_saliency/wisconsin/GeneralSheaf/normalised-true/stalk_dim-2/2-layers/16-hidden/500-epochs/GeneralSheaf_wisconsin_fold9_seed43.pt
GeneralSheaf on wisconsin | SHA: 76c20f9b6a5a98e71dded402ae983d844519635e
Test acc: 86.8627 +/- 2.3283 | Val acc: 85.0000
