wandb: [wandb.login()] Loaded credentials for https://api.wandb.ai from WANDB_API_KEY.
wandb: Currently logged in as: franceguad2002 (franceguad2002-epfl) to https://api.wandb.ai. Use `wandb login --relogin` to force relogin
wandb: setting up run 7aud2m6f
wandb: Tracking run with wandb version 0.26.1
wandb: Run data is saved locally in /home/fguadagn/FMG_Master_Thesis/neural-sheaf-diffusion-modified/wandb/run-20260709_213446-7aud2m6f
wandb: Run `wandb offline` to turn off syncing.
wandb: Syncing run GeneralSheaf_tolokers_normalised-true_stalk-3_4layers_16hidden_500epochs_seed43
wandb: ⭐️ View project at https://wandb.ai/franceguad2002-epfl/sheaf
wandb: 🚀 View run at https://wandb.ai/franceguad2002-epfl/sheaf/runs/7aud2m6f
  0%|          | 0/10 [00:00<?, ?it/s] 10%|█         | 1/10 [04:39<41:51, 279.01s/it] 20%|██        | 2/10 [09:12<36:44, 275.50s/it] 30%|███       | 3/10 [13:46<32:04, 274.91s/it] 40%|████      | 4/10 [18:21<27:30, 275.03s/it] 50%|█████     | 5/10 [22:54<22:51, 274.34s/it] 60%|██████    | 6/10 [27:28<18:16, 274.24s/it] 70%|███████   | 7/10 [32:07<13:46, 275.64s/it] 80%|████████  | 8/10 [36:42<09:10, 275.50s/it] 90%|█████████ | 9/10 [41:14<04:34, 274.59s/it]100%|██████████| 10/10 [45:49<00:00, 274.65s/it]100%|██████████| 10/10 [45:49<00:00, 274.97s/it]
wandb: updating run metadata
wandb: uploading output.log
wandb: 
wandb: Run history:
wandb:          best_epoch ▄▂▇█▇▁▂█▇▁
wandb:       best_test_acc ▃▃█▅▆▁▃▁▃▄
wandb:       best_test_auc ▃▅▇▄█▁▅▁▄▅
wandb:        best_val_acc ▅█▃▁▃▇▅▆▅▆
wandb:  fold0_tmp_test_acc ▁▅▅▄▄▅▅▅▅▅▅▅▅▆▆▆▆▇▇▇▇█▇▇██▇███▇▇▇▇██████
wandb: fold0_tmp_test_loss █▄▃▃▃▃▃▂▃▂▂▂▂▂▁▁▁▁▁▁▁▂▁▁▁▁▁▁▁▁▁▁▁▁▁▁▁▁▁▁
wandb:     fold0_train_acc ▁▂▃▃▃▃▄▄▄▄▅▆▆▆▇▇▇▆▆▇▇▇▇▇▇█▇█▇█▇█████████
wandb:    fold0_train_loss █▅▄▄▄▃▃▃▃▂▂▂▂▂▂▂▂▂▂▁▁▁▁▁▁▁▁▁▂▁▁▁▁▁▁▁▁▂▁▁
wandb:       fold0_val_acc ▁▃▃▃▃▃▄▄▄▄▄▅▅▅▇▆▆▇▇▇▇▆▇▇█▇█▇▇▇█▇███▇▇█▇█
wandb:      fold0_val_loss █▅▅▄▄▄▃▃▃▃▂▃▂▂▂▂▂▁▁▁▁▁▁▁▁▁▂▂▁▁▁▁▁▁▂▁▁▁▁▁
wandb:                  +7 ...
wandb: 
wandb: Run summary:
wandb:          best_epoch 423
wandb:       best_test_acc 0.82279
wandb:       best_test_auc 0.85694
wandb:        best_val_acc 0.82171
wandb:  fold0_tmp_test_acc 0.81803
wandb: fold0_tmp_test_loss 0.3836
wandb:     fold0_train_acc 0.83296
wandb:    fold0_train_loss 0.35636
wandb:       fold0_val_acc 0.81456
wandb:      fold0_val_loss 0.3774
wandb:                  +7 ...
wandb: 
wandb: 🚀 View run GeneralSheaf_tolokers_normalised-true_stalk-3_4layers_16hidden_500epochs_seed43 at: https://wandb.ai/franceguad2002-epfl/sheaf/runs/7aud2m6f
wandb: ⭐️ View project at: https://wandb.ai/franceguad2002-epfl/sheaf
wandb: Synced 5 W&B file(s), 0 media file(s), 0 artifact file(s) and 0 other file(s)
wandb: Find logs at: ./wandb/run-20260709_213446-7aud2m6f/logs
