Running with wandb account: franceguad2002-epfl
Namespace(epochs=500, lr=0.01, weight_decay=0.0006914841722570725, sheaf_decay=0.00031764232712732976, early_stopping=200, min_acc=0.0, stop_strategy='loss', d=5, layers=5, normalised=True, deg_normalised=False, linear=False, hidden_channels=16, input_dropout=0.2, dropout=0.3, left_weights=True, right_weights=True, add_lp=False, add_hp=False, use_act=True, second_linear=False, orth='householder', sheaf_act='tanh', edge_weights=False, sparse_learner=False, dataset='roman_empire', seed=43, cuda=0, folds=10, model='GeneralSheaf', entity='franceguad2002-epfl', evectors=0, max_t=1.0, int_method=None, step_size=1, max_iters=100, adjoint_method='adaptive_heun', adjoint=False, adjoint_step_size=1, tol_scale=1.0, tol_scale_adjoint=1.0, max_nfe=1000, no_early=False, earlystopxT=3, max_test_steps=100, num_nodes=200, num_classes=2, num_feats=10, het_coef=0.9, edge_noise=0.05, node_degree=10, feat_noise=0.25, ellipsoid_radius=1, just_add_noise=False, ellipsoids=True, classes_corr=None, dual_diff_strength=1.0, dual_normalised=True, sheaf_init=False, dual_left_linear=True, dual_right_linear=True, dual_linear=False, learn_first_maps=False, learnt_map_type='general', rotation_invariant_sheaf_learner=False, node_edge_sims_time_dependent=False, num_of_convolutions=1, dim_list=[], zero_laplacian=False, maps_lr=None, use_epsilons=True, use_embedding=True, checkpoint_epochs=[0, 1, 5, 15, 50, 200], save_laplacians=False, save_norms=True, save_preds=True, save_saliency=True, save_others=False, sha='76c20f9b6a5a98e71dded402ae983d844519635e', graph_size=22662, input_dim=300, output_dim=18, device=device(type='cuda', index=0))
Saved node norms to /home/fguadagn/FMG_Master_Thesis/neural-sheaf-diffusion-modified/results/node_norms/roman_empire/GeneralSheaf/normalised-true/stalk_dim-5/5-layers/16-hidden/500-epochs/checkpoints/epoch-0/GeneralSheaf_roman_empire_fold0_seed43.pt
Saved confidence to /home/fguadagn/FMG_Master_Thesis/neural-sheaf-diffusion-modified/results/node_conf/roman_empire/GeneralSheaf/normalised-true/stalk_dim-5/5-layers/16-hidden/500-epochs/checkpoints/epoch-0/GeneralSheaf_roman_empire_fold0_seed43.pt
Saved per-node accuracy to /home/fguadagn/FMG_Master_Thesis/neural-sheaf-diffusion-modified/results/node_accuracy/roman_empire/GeneralSheaf/normalised-true/stalk_dim-5/5-layers/16-hidden/500-epochs/checkpoints/epoch-0/GeneralSheaf_roman_empire_fold0_seed43.pt
Saved saliency to /home/fguadagn/FMG_Master_Thesis/neural-sheaf-diffusion-modified/results/node_saliency/roman_empire/GeneralSheaf/normalised-true/stalk_dim-5/5-layers/16-hidden/500-epochs/checkpoints/epoch-0/GeneralSheaf_roman_empire_fold0_seed43.pt
Saved node norms to /home/fguadagn/FMG_Master_Thesis/neural-sheaf-diffusion-modified/results/node_norms/roman_empire/GeneralSheaf/normalised-true/stalk_dim-5/5-layers/16-hidden/500-epochs/checkpoints/epoch-1/GeneralSheaf_roman_empire_fold0_seed43.pt
Saved confidence to /home/fguadagn/FMG_Master_Thesis/neural-sheaf-diffusion-modified/results/node_conf/roman_empire/GeneralSheaf/normalised-true/stalk_dim-5/5-layers/16-hidden/500-epochs/checkpoints/epoch-1/GeneralSheaf_roman_empire_fold0_seed43.pt
Saved per-node accuracy to /home/fguadagn/FMG_Master_Thesis/neural-sheaf-diffusion-modified/results/node_accuracy/roman_empire/GeneralSheaf/normalised-true/stalk_dim-5/5-layers/16-hidden/500-epochs/checkpoints/epoch-1/GeneralSheaf_roman_empire_fold0_seed43.pt
Saved saliency to /home/fguadagn/FMG_Master_Thesis/neural-sheaf-diffusion-modified/results/node_saliency/roman_empire/GeneralSheaf/normalised-true/stalk_dim-5/5-layers/16-hidden/500-epochs/checkpoints/epoch-1/GeneralSheaf_roman_empire_fold0_seed43.pt
Saved node norms to /home/fguadagn/FMG_Master_Thesis/neural-sheaf-diffusion-modified/results/node_norms/roman_empire/GeneralSheaf/normalised-true/stalk_dim-5/5-layers/16-hidden/500-epochs/checkpoints/epoch-5/GeneralSheaf_roman_empire_fold0_seed43.pt
Saved confidence to /home/fguadagn/FMG_Master_Thesis/neural-sheaf-diffusion-modified/results/node_conf/roman_empire/GeneralSheaf/normalised-true/stalk_dim-5/5-layers/16-hidden/500-epochs/checkpoints/epoch-5/GeneralSheaf_roman_empire_fold0_seed43.pt
Saved per-node accuracy to /home/fguadagn/FMG_Master_Thesis/neural-sheaf-diffusion-modified/results/node_accuracy/roman_empire/GeneralSheaf/normalised-true/stalk_dim-5/5-layers/16-hidden/500-epochs/checkpoints/epoch-5/GeneralSheaf_roman_empire_fold0_seed43.pt
Saved saliency to /home/fguadagn/FMG_Master_Thesis/neural-sheaf-diffusion-modified/results/node_saliency/roman_empire/GeneralSheaf/normalised-true/stalk_dim-5/5-layers/16-hidden/500-epochs/checkpoints/epoch-5/GeneralSheaf_roman_empire_fold0_seed43.pt
Saved node norms to /home/fguadagn/FMG_Master_Thesis/neural-sheaf-diffusion-modified/results/node_norms/roman_empire/GeneralSheaf/normalised-true/stalk_dim-5/5-layers/16-hidden/500-epochs/checkpoints/epoch-15/GeneralSheaf_roman_empire_fold0_seed43.pt
Saved confidence to /home/fguadagn/FMG_Master_Thesis/neural-sheaf-diffusion-modified/results/node_conf/roman_empire/GeneralSheaf/normalised-true/stalk_dim-5/5-layers/16-hidden/500-epochs/checkpoints/epoch-15/GeneralSheaf_roman_empire_fold0_seed43.pt
Saved per-node accuracy to /home/fguadagn/FMG_Master_Thesis/neural-sheaf-diffusion-modified/results/node_accuracy/roman_empire/GeneralSheaf/normalised-true/stalk_dim-5/5-layers/16-hidden/500-epochs/checkpoints/epoch-15/GeneralSheaf_roman_empire_fold0_seed43.pt
Saved saliency to /home/fguadagn/FMG_Master_Thesis/neural-sheaf-diffusion-modified/results/node_saliency/roman_empire/GeneralSheaf/normalised-true/stalk_dim-5/5-layers/16-hidden/500-epochs/checkpoints/epoch-15/GeneralSheaf_roman_empire_fold0_seed43.pt
Saved node norms to /home/fguadagn/FMG_Master_Thesis/neural-sheaf-diffusion-modified/results/node_norms/roman_empire/GeneralSheaf/normalised-true/stalk_dim-5/5-layers/16-hidden/500-epochs/checkpoints/epoch-50/GeneralSheaf_roman_empire_fold0_seed43.pt
Saved confidence to /home/fguadagn/FMG_Master_Thesis/neural-sheaf-diffusion-modified/results/node_conf/roman_empire/GeneralSheaf/normalised-true/stalk_dim-5/5-layers/16-hidden/500-epochs/checkpoints/epoch-50/GeneralSheaf_roman_empire_fold0_seed43.pt
Saved per-node accuracy to /home/fguadagn/FMG_Master_Thesis/neural-sheaf-diffusion-modified/results/node_accuracy/roman_empire/GeneralSheaf/normalised-true/stalk_dim-5/5-layers/16-hidden/500-epochs/checkpoints/epoch-50/GeneralSheaf_roman_empire_fold0_seed43.pt
Saved saliency to /home/fguadagn/FMG_Master_Thesis/neural-sheaf-diffusion-modified/results/node_saliency/roman_empire/GeneralSheaf/normalised-true/stalk_dim-5/5-layers/16-hidden/500-epochs/checkpoints/epoch-50/GeneralSheaf_roman_empire_fold0_seed43.pt
Saved node norms to /home/fguadagn/FMG_Master_Thesis/neural-sheaf-diffusion-modified/results/node_norms/roman_empire/GeneralSheaf/normalised-true/stalk_dim-5/5-layers/16-hidden/500-epochs/checkpoints/epoch-200/GeneralSheaf_roman_empire_fold0_seed43.pt
Saved confidence to /home/fguadagn/FMG_Master_Thesis/neural-sheaf-diffusion-modified/results/node_conf/roman_empire/GeneralSheaf/normalised-true/stalk_dim-5/5-layers/16-hidden/500-epochs/checkpoints/epoch-200/GeneralSheaf_roman_empire_fold0_seed43.pt
Saved per-node accuracy to /home/fguadagn/FMG_Master_Thesis/neural-sheaf-diffusion-modified/results/node_accuracy/roman_empire/GeneralSheaf/normalised-true/stalk_dim-5/5-layers/16-hidden/500-epochs/checkpoints/epoch-200/GeneralSheaf_roman_empire_fold0_seed43.pt
Saved saliency to /home/fguadagn/FMG_Master_Thesis/neural-sheaf-diffusion-modified/results/node_saliency/roman_empire/GeneralSheaf/normalised-true/stalk_dim-5/5-layers/16-hidden/500-epochs/checkpoints/epoch-200/GeneralSheaf_roman_empire_fold0_seed43.pt
Fold 0 | Epochs: 499 | Best epoch: 467
Test acc (best epoch): 0.8599
Test acc (last epoch): 0.8619
Best val acc: 0.8780
Laplacian 0: Max: 3.7311, Min: -3.2527, Avg: -0.0162, Abs avg: 0.3483
Laplacian 1: Max: 3.3488, Min: -4.6931, Avg: -0.3816, Abs avg: 0.7700
Laplacian 2: Max: 4.8044, Min: -4.8550, Avg: -0.0191, Abs avg: 1.5016
Laplacian 3: Max: 4.9856, Min: -4.9654, Avg: -0.0572, Abs avg: 1.2879
Laplacian 4: Max: 4.9987, Min: -4.9991, Avg: 0.0653, Abs avg: 1.6868
Epsilons 0: [0.365 0.378 0.518 0.054 0.289]
Epsilons 1: [ 0.425 -0.284  0.416  0.59   0.402]
Epsilons 2: [0.381 0.336 0.556 0.557 0.046]
Epsilons 3: [0.601 0.464 0.732 0.796 0.255]
Epsilons 4: [0.793 0.629 0.939 0.968 0.633]
Saved node norms to /home/fguadagn/FMG_Master_Thesis/neural-sheaf-diffusion-modified/results/node_norms/roman_empire/GeneralSheaf/normalised-true/stalk_dim-5/5-layers/16-hidden/500-epochs/checkpoints/best-epoch/GeneralSheaf_roman_empire_fold0_seed43.pt
Saved best-epoch node norms (epoch 467) to checkpoints/best-epoch/
Saved confidence to /home/fguadagn/FMG_Master_Thesis/neural-sheaf-diffusion-modified/results/node_conf/roman_empire/GeneralSheaf/normalised-true/stalk_dim-5/5-layers/16-hidden/500-epochs/checkpoints/best-epoch/GeneralSheaf_roman_empire_fold0_seed43.pt
Saved per-node accuracy to /home/fguadagn/FMG_Master_Thesis/neural-sheaf-diffusion-modified/results/node_accuracy/roman_empire/GeneralSheaf/normalised-true/stalk_dim-5/5-layers/16-hidden/500-epochs/checkpoints/best-epoch/GeneralSheaf_roman_empire_fold0_seed43.pt
Saved saliency to /home/fguadagn/FMG_Master_Thesis/neural-sheaf-diffusion-modified/results/node_saliency/roman_empire/GeneralSheaf/normalised-true/stalk_dim-5/5-layers/16-hidden/500-epochs/checkpoints/best-epoch/GeneralSheaf_roman_empire_fold0_seed43.pt
Saved model weights to /home/fguadagn/FMG_Master_Thesis/neural-sheaf-diffusion-modified/results/model_weights/roman_empire/GeneralSheaf/normalised-true/stalk_dim-5/5-layers/16-hidden/500-epochs/checkpoints/best-epoch/GeneralSheaf_roman_empire_fold0_seed43.pth
Saved fold masks to /home/fguadagn/FMG_Master_Thesis/neural-sheaf-diffusion-modified/results/model_weights/roman_empire/GeneralSheaf/normalised-true/stalk_dim-5/5-layers/16-hidden/500-epochs/checkpoints/best-epoch/GeneralSheaf_roman_empire_fold0_seed43_masks.pt
Saved best-epoch model weights and masks (epoch 467) to checkpoints/best-epoch/
Updated best_epochs.json: fold_0 -> epoch 467
Saved node norms to /home/fguadagn/FMG_Master_Thesis/neural-sheaf-diffusion-modified/results/node_norms/roman_empire/GeneralSheaf/normalised-true/stalk_dim-5/5-layers/16-hidden/500-epochs/GeneralSheaf_roman_empire_fold0_seed43.pt
Saved node predictions to /home/fguadagn/FMG_Master_Thesis/neural-sheaf-diffusion-modified/results/node_preds/roman_empire/GeneralSheaf/normalised-true/stalk_dim-5/5-layers/16-hidden/500-epochs/GeneralSheaf_roman_empire_fold0_seed43.pt
Saved confidence to /home/fguadagn/FMG_Master_Thesis/neural-sheaf-diffusion-modified/results/node_conf/roman_empire/GeneralSheaf/normalised-true/stalk_dim-5/5-layers/16-hidden/500-epochs/GeneralSheaf_roman_empire_fold0_seed43.pt
Saved per-node accuracy to /home/fguadagn/FMG_Master_Thesis/neural-sheaf-diffusion-modified/results/node_accuracy/roman_empire/GeneralSheaf/normalised-true/stalk_dim-5/5-layers/16-hidden/500-epochs/GeneralSheaf_roman_empire_fold0_seed43.pt
Saved saliency to /home/fguadagn/FMG_Master_Thesis/neural-sheaf-diffusion-modified/results/node_saliency/roman_empire/GeneralSheaf/normalised-true/stalk_dim-5/5-layers/16-hidden/500-epochs/GeneralSheaf_roman_empire_fold0_seed43.pt
Saved node norms to /home/fguadagn/FMG_Master_Thesis/neural-sheaf-diffusion-modified/results/node_norms/roman_empire/GeneralSheaf/normalised-true/stalk_dim-5/5-layers/16-hidden/500-epochs/checkpoints/epoch-0/GeneralSheaf_roman_empire_fold1_seed43.pt
Saved confidence to /home/fguadagn/FMG_Master_Thesis/neural-sheaf-diffusion-modified/results/node_conf/roman_empire/GeneralSheaf/normalised-true/stalk_dim-5/5-layers/16-hidden/500-epochs/checkpoints/epoch-0/GeneralSheaf_roman_empire_fold1_seed43.pt
Saved per-node accuracy to /home/fguadagn/FMG_Master_Thesis/neural-sheaf-diffusion-modified/results/node_accuracy/roman_empire/GeneralSheaf/normalised-true/stalk_dim-5/5-layers/16-hidden/500-epochs/checkpoints/epoch-0/GeneralSheaf_roman_empire_fold1_seed43.pt
Saved saliency to /home/fguadagn/FMG_Master_Thesis/neural-sheaf-diffusion-modified/results/node_saliency/roman_empire/GeneralSheaf/normalised-true/stalk_dim-5/5-layers/16-hidden/500-epochs/checkpoints/epoch-0/GeneralSheaf_roman_empire_fold1_seed43.pt
Saved node norms to /home/fguadagn/FMG_Master_Thesis/neural-sheaf-diffusion-modified/results/node_norms/roman_empire/GeneralSheaf/normalised-true/stalk_dim-5/5-layers/16-hidden/500-epochs/checkpoints/epoch-1/GeneralSheaf_roman_empire_fold1_seed43.pt
Saved confidence to /home/fguadagn/FMG_Master_Thesis/neural-sheaf-diffusion-modified/results/node_conf/roman_empire/GeneralSheaf/normalised-true/stalk_dim-5/5-layers/16-hidden/500-epochs/checkpoints/epoch-1/GeneralSheaf_roman_empire_fold1_seed43.pt
Saved per-node accuracy to /home/fguadagn/FMG_Master_Thesis/neural-sheaf-diffusion-modified/results/node_accuracy/roman_empire/GeneralSheaf/normalised-true/stalk_dim-5/5-layers/16-hidden/500-epochs/checkpoints/epoch-1/GeneralSheaf_roman_empire_fold1_seed43.pt
Saved saliency to /home/fguadagn/FMG_Master_Thesis/neural-sheaf-diffusion-modified/results/node_saliency/roman_empire/GeneralSheaf/normalised-true/stalk_dim-5/5-layers/16-hidden/500-epochs/checkpoints/epoch-1/GeneralSheaf_roman_empire_fold1_seed43.pt
Saved node norms to /home/fguadagn/FMG_Master_Thesis/neural-sheaf-diffusion-modified/results/node_norms/roman_empire/GeneralSheaf/normalised-true/stalk_dim-5/5-layers/16-hidden/500-epochs/checkpoints/epoch-5/GeneralSheaf_roman_empire_fold1_seed43.pt
Saved confidence to /home/fguadagn/FMG_Master_Thesis/neural-sheaf-diffusion-modified/results/node_conf/roman_empire/GeneralSheaf/normalised-true/stalk_dim-5/5-layers/16-hidden/500-epochs/checkpoints/epoch-5/GeneralSheaf_roman_empire_fold1_seed43.pt
Saved per-node accuracy to /home/fguadagn/FMG_Master_Thesis/neural-sheaf-diffusion-modified/results/node_accuracy/roman_empire/GeneralSheaf/normalised-true/stalk_dim-5/5-layers/16-hidden/500-epochs/checkpoints/epoch-5/GeneralSheaf_roman_empire_fold1_seed43.pt
Saved saliency to /home/fguadagn/FMG_Master_Thesis/neural-sheaf-diffusion-modified/results/node_saliency/roman_empire/GeneralSheaf/normalised-true/stalk_dim-5/5-layers/16-hidden/500-epochs/checkpoints/epoch-5/GeneralSheaf_roman_empire_fold1_seed43.pt
Saved node norms to /home/fguadagn/FMG_Master_Thesis/neural-sheaf-diffusion-modified/results/node_norms/roman_empire/GeneralSheaf/normalised-true/stalk_dim-5/5-layers/16-hidden/500-epochs/checkpoints/epoch-15/GeneralSheaf_roman_empire_fold1_seed43.pt
Saved confidence to /home/fguadagn/FMG_Master_Thesis/neural-sheaf-diffusion-modified/results/node_conf/roman_empire/GeneralSheaf/normalised-true/stalk_dim-5/5-layers/16-hidden/500-epochs/checkpoints/epoch-15/GeneralSheaf_roman_empire_fold1_seed43.pt
Saved per-node accuracy to /home/fguadagn/FMG_Master_Thesis/neural-sheaf-diffusion-modified/results/node_accuracy/roman_empire/GeneralSheaf/normalised-true/stalk_dim-5/5-layers/16-hidden/500-epochs/checkpoints/epoch-15/GeneralSheaf_roman_empire_fold1_seed43.pt
Saved saliency to /home/fguadagn/FMG_Master_Thesis/neural-sheaf-diffusion-modified/results/node_saliency/roman_empire/GeneralSheaf/normalised-true/stalk_dim-5/5-layers/16-hidden/500-epochs/checkpoints/epoch-15/GeneralSheaf_roman_empire_fold1_seed43.pt
Saved node norms to /home/fguadagn/FMG_Master_Thesis/neural-sheaf-diffusion-modified/results/node_norms/roman_empire/GeneralSheaf/normalised-true/stalk_dim-5/5-layers/16-hidden/500-epochs/checkpoints/epoch-50/GeneralSheaf_roman_empire_fold1_seed43.pt
Saved confidence to /home/fguadagn/FMG_Master_Thesis/neural-sheaf-diffusion-modified/results/node_conf/roman_empire/GeneralSheaf/normalised-true/stalk_dim-5/5-layers/16-hidden/500-epochs/checkpoints/epoch-50/GeneralSheaf_roman_empire_fold1_seed43.pt
Saved per-node accuracy to /home/fguadagn/FMG_Master_Thesis/neural-sheaf-diffusion-modified/results/node_accuracy/roman_empire/GeneralSheaf/normalised-true/stalk_dim-5/5-layers/16-hidden/500-epochs/checkpoints/epoch-50/GeneralSheaf_roman_empire_fold1_seed43.pt
Saved saliency to /home/fguadagn/FMG_Master_Thesis/neural-sheaf-diffusion-modified/results/node_saliency/roman_empire/GeneralSheaf/normalised-true/stalk_dim-5/5-layers/16-hidden/500-epochs/checkpoints/epoch-50/GeneralSheaf_roman_empire_fold1_seed43.pt
Saved node norms to /home/fguadagn/FMG_Master_Thesis/neural-sheaf-diffusion-modified/results/node_norms/roman_empire/GeneralSheaf/normalised-true/stalk_dim-5/5-layers/16-hidden/500-epochs/checkpoints/epoch-200/GeneralSheaf_roman_empire_fold1_seed43.pt
Saved confidence to /home/fguadagn/FMG_Master_Thesis/neural-sheaf-diffusion-modified/results/node_conf/roman_empire/GeneralSheaf/normalised-true/stalk_dim-5/5-layers/16-hidden/500-epochs/checkpoints/epoch-200/GeneralSheaf_roman_empire_fold1_seed43.pt
Saved per-node accuracy to /home/fguadagn/FMG_Master_Thesis/neural-sheaf-diffusion-modified/results/node_accuracy/roman_empire/GeneralSheaf/normalised-true/stalk_dim-5/5-layers/16-hidden/500-epochs/checkpoints/epoch-200/GeneralSheaf_roman_empire_fold1_seed43.pt
Saved saliency to /home/fguadagn/FMG_Master_Thesis/neural-sheaf-diffusion-modified/results/node_saliency/roman_empire/GeneralSheaf/normalised-true/stalk_dim-5/5-layers/16-hidden/500-epochs/checkpoints/epoch-200/GeneralSheaf_roman_empire_fold1_seed43.pt
Fold 1 | Epochs: 499 | Best epoch: 493
Test acc (best epoch): 0.8736
Test acc (last epoch): 0.8751
Best val acc: 0.8844
Laplacian 0: Max: 3.8506, Min: -3.8919, Avg: -0.0124, Abs avg: 0.5694
Laplacian 1: Max: 3.6740, Min: -4.4254, Avg: -0.0945, Abs avg: 0.6326
Laplacian 2: Max: 4.5874, Min: -4.6444, Avg: -0.0833, Abs avg: 0.8744
Laplacian 3: Max: 4.9357, Min: -4.9170, Avg: -0.2275, Abs avg: 1.4399
Laplacian 4: Max: 4.9714, Min: -4.9997, Avg: -0.3190, Abs avg: 1.6072
Epsilons 0: [ 0.494  0.307  0.674 -0.023  0.359]
Epsilons 1: [ 0.365  0.252 -0.036  0.596  0.5  ]
Epsilons 2: [0.02  0.39  0.535 0.621 0.469]
Epsilons 3: [0.368 0.541 0.554 0.755 0.688]
Epsilons 4: [0.472 0.781 0.843 0.846 0.809]
Saved node norms to /home/fguadagn/FMG_Master_Thesis/neural-sheaf-diffusion-modified/results/node_norms/roman_empire/GeneralSheaf/normalised-true/stalk_dim-5/5-layers/16-hidden/500-epochs/checkpoints/best-epoch/GeneralSheaf_roman_empire_fold1_seed43.pt
Saved best-epoch node norms (epoch 493) to checkpoints/best-epoch/
Saved confidence to /home/fguadagn/FMG_Master_Thesis/neural-sheaf-diffusion-modified/results/node_conf/roman_empire/GeneralSheaf/normalised-true/stalk_dim-5/5-layers/16-hidden/500-epochs/checkpoints/best-epoch/GeneralSheaf_roman_empire_fold1_seed43.pt
Saved per-node accuracy to /home/fguadagn/FMG_Master_Thesis/neural-sheaf-diffusion-modified/results/node_accuracy/roman_empire/GeneralSheaf/normalised-true/stalk_dim-5/5-layers/16-hidden/500-epochs/checkpoints/best-epoch/GeneralSheaf_roman_empire_fold1_seed43.pt
Saved saliency to /home/fguadagn/FMG_Master_Thesis/neural-sheaf-diffusion-modified/results/node_saliency/roman_empire/GeneralSheaf/normalised-true/stalk_dim-5/5-layers/16-hidden/500-epochs/checkpoints/best-epoch/GeneralSheaf_roman_empire_fold1_seed43.pt
Saved model weights to /home/fguadagn/FMG_Master_Thesis/neural-sheaf-diffusion-modified/results/model_weights/roman_empire/GeneralSheaf/normalised-true/stalk_dim-5/5-layers/16-hidden/500-epochs/checkpoints/best-epoch/GeneralSheaf_roman_empire_fold1_seed43.pth
Saved fold masks to /home/fguadagn/FMG_Master_Thesis/neural-sheaf-diffusion-modified/results/model_weights/roman_empire/GeneralSheaf/normalised-true/stalk_dim-5/5-layers/16-hidden/500-epochs/checkpoints/best-epoch/GeneralSheaf_roman_empire_fold1_seed43_masks.pt
Saved best-epoch model weights and masks (epoch 493) to checkpoints/best-epoch/
Updated best_epochs.json: fold_1 -> epoch 493
Saved node norms to /home/fguadagn/FMG_Master_Thesis/neural-sheaf-diffusion-modified/results/node_norms/roman_empire/GeneralSheaf/normalised-true/stalk_dim-5/5-layers/16-hidden/500-epochs/GeneralSheaf_roman_empire_fold1_seed43.pt
Saved node predictions to /home/fguadagn/FMG_Master_Thesis/neural-sheaf-diffusion-modified/results/node_preds/roman_empire/GeneralSheaf/normalised-true/stalk_dim-5/5-layers/16-hidden/500-epochs/GeneralSheaf_roman_empire_fold1_seed43.pt
Saved confidence to /home/fguadagn/FMG_Master_Thesis/neural-sheaf-diffusion-modified/results/node_conf/roman_empire/GeneralSheaf/normalised-true/stalk_dim-5/5-layers/16-hidden/500-epochs/GeneralSheaf_roman_empire_fold1_seed43.pt
Saved per-node accuracy to /home/fguadagn/FMG_Master_Thesis/neural-sheaf-diffusion-modified/results/node_accuracy/roman_empire/GeneralSheaf/normalised-true/stalk_dim-5/5-layers/16-hidden/500-epochs/GeneralSheaf_roman_empire_fold1_seed43.pt
Saved saliency to /home/fguadagn/FMG_Master_Thesis/neural-sheaf-diffusion-modified/results/node_saliency/roman_empire/GeneralSheaf/normalised-true/stalk_dim-5/5-layers/16-hidden/500-epochs/GeneralSheaf_roman_empire_fold1_seed43.pt
Saved node norms to /home/fguadagn/FMG_Master_Thesis/neural-sheaf-diffusion-modified/results/node_norms/roman_empire/GeneralSheaf/normalised-true/stalk_dim-5/5-layers/16-hidden/500-epochs/checkpoints/epoch-0/GeneralSheaf_roman_empire_fold2_seed43.pt
Saved confidence to /home/fguadagn/FMG_Master_Thesis/neural-sheaf-diffusion-modified/results/node_conf/roman_empire/GeneralSheaf/normalised-true/stalk_dim-5/5-layers/16-hidden/500-epochs/checkpoints/epoch-0/GeneralSheaf_roman_empire_fold2_seed43.pt
Saved per-node accuracy to /home/fguadagn/FMG_Master_Thesis/neural-sheaf-diffusion-modified/results/node_accuracy/roman_empire/GeneralSheaf/normalised-true/stalk_dim-5/5-layers/16-hidden/500-epochs/checkpoints/epoch-0/GeneralSheaf_roman_empire_fold2_seed43.pt
Saved saliency to /home/fguadagn/FMG_Master_Thesis/neural-sheaf-diffusion-modified/results/node_saliency/roman_empire/GeneralSheaf/normalised-true/stalk_dim-5/5-layers/16-hidden/500-epochs/checkpoints/epoch-0/GeneralSheaf_roman_empire_fold2_seed43.pt
Saved node norms to /home/fguadagn/FMG_Master_Thesis/neural-sheaf-diffusion-modified/results/node_norms/roman_empire/GeneralSheaf/normalised-true/stalk_dim-5/5-layers/16-hidden/500-epochs/checkpoints/epoch-1/GeneralSheaf_roman_empire_fold2_seed43.pt
Saved confidence to /home/fguadagn/FMG_Master_Thesis/neural-sheaf-diffusion-modified/results/node_conf/roman_empire/GeneralSheaf/normalised-true/stalk_dim-5/5-layers/16-hidden/500-epochs/checkpoints/epoch-1/GeneralSheaf_roman_empire_fold2_seed43.pt
Saved per-node accuracy to /home/fguadagn/FMG_Master_Thesis/neural-sheaf-diffusion-modified/results/node_accuracy/roman_empire/GeneralSheaf/normalised-true/stalk_dim-5/5-layers/16-hidden/500-epochs/checkpoints/epoch-1/GeneralSheaf_roman_empire_fold2_seed43.pt
Saved saliency to /home/fguadagn/FMG_Master_Thesis/neural-sheaf-diffusion-modified/results/node_saliency/roman_empire/GeneralSheaf/normalised-true/stalk_dim-5/5-layers/16-hidden/500-epochs/checkpoints/epoch-1/GeneralSheaf_roman_empire_fold2_seed43.pt
Saved node norms to /home/fguadagn/FMG_Master_Thesis/neural-sheaf-diffusion-modified/results/node_norms/roman_empire/GeneralSheaf/normalised-true/stalk_dim-5/5-layers/16-hidden/500-epochs/checkpoints/epoch-5/GeneralSheaf_roman_empire_fold2_seed43.pt
Saved confidence to /home/fguadagn/FMG_Master_Thesis/neural-sheaf-diffusion-modified/results/node_conf/roman_empire/GeneralSheaf/normalised-true/stalk_dim-5/5-layers/16-hidden/500-epochs/checkpoints/epoch-5/GeneralSheaf_roman_empire_fold2_seed43.pt
Saved per-node accuracy to /home/fguadagn/FMG_Master_Thesis/neural-sheaf-diffusion-modified/results/node_accuracy/roman_empire/GeneralSheaf/normalised-true/stalk_dim-5/5-layers/16-hidden/500-epochs/checkpoints/epoch-5/GeneralSheaf_roman_empire_fold2_seed43.pt
Saved saliency to /home/fguadagn/FMG_Master_Thesis/neural-sheaf-diffusion-modified/results/node_saliency/roman_empire/GeneralSheaf/normalised-true/stalk_dim-5/5-layers/16-hidden/500-epochs/checkpoints/epoch-5/GeneralSheaf_roman_empire_fold2_seed43.pt
Saved node norms to /home/fguadagn/FMG_Master_Thesis/neural-sheaf-diffusion-modified/results/node_norms/roman_empire/GeneralSheaf/normalised-true/stalk_dim-5/5-layers/16-hidden/500-epochs/checkpoints/epoch-15/GeneralSheaf_roman_empire_fold2_seed43.pt
Saved confidence to /home/fguadagn/FMG_Master_Thesis/neural-sheaf-diffusion-modified/results/node_conf/roman_empire/GeneralSheaf/normalised-true/stalk_dim-5/5-layers/16-hidden/500-epochs/checkpoints/epoch-15/GeneralSheaf_roman_empire_fold2_seed43.pt
Saved per-node accuracy to /home/fguadagn/FMG_Master_Thesis/neural-sheaf-diffusion-modified/results/node_accuracy/roman_empire/GeneralSheaf/normalised-true/stalk_dim-5/5-layers/16-hidden/500-epochs/checkpoints/epoch-15/GeneralSheaf_roman_empire_fold2_seed43.pt
Saved saliency to /home/fguadagn/FMG_Master_Thesis/neural-sheaf-diffusion-modified/results/node_saliency/roman_empire/GeneralSheaf/normalised-true/stalk_dim-5/5-layers/16-hidden/500-epochs/checkpoints/epoch-15/GeneralSheaf_roman_empire_fold2_seed43.pt
Saved node norms to /home/fguadagn/FMG_Master_Thesis/neural-sheaf-diffusion-modified/results/node_norms/roman_empire/GeneralSheaf/normalised-true/stalk_dim-5/5-layers/16-hidden/500-epochs/checkpoints/epoch-50/GeneralSheaf_roman_empire_fold2_seed43.pt
Saved confidence to /home/fguadagn/FMG_Master_Thesis/neural-sheaf-diffusion-modified/results/node_conf/roman_empire/GeneralSheaf/normalised-true/stalk_dim-5/5-layers/16-hidden/500-epochs/checkpoints/epoch-50/GeneralSheaf_roman_empire_fold2_seed43.pt
Saved per-node accuracy to /home/fguadagn/FMG_Master_Thesis/neural-sheaf-diffusion-modified/results/node_accuracy/roman_empire/GeneralSheaf/normalised-true/stalk_dim-5/5-layers/16-hidden/500-epochs/checkpoints/epoch-50/GeneralSheaf_roman_empire_fold2_seed43.pt
Saved saliency to /home/fguadagn/FMG_Master_Thesis/neural-sheaf-diffusion-modified/results/node_saliency/roman_empire/GeneralSheaf/normalised-true/stalk_dim-5/5-layers/16-hidden/500-epochs/checkpoints/epoch-50/GeneralSheaf_roman_empire_fold2_seed43.pt
Saved node norms to /home/fguadagn/FMG_Master_Thesis/neural-sheaf-diffusion-modified/results/node_norms/roman_empire/GeneralSheaf/normalised-true/stalk_dim-5/5-layers/16-hidden/500-epochs/checkpoints/epoch-200/GeneralSheaf_roman_empire_fold2_seed43.pt
Saved confidence to /home/fguadagn/FMG_Master_Thesis/neural-sheaf-diffusion-modified/results/node_conf/roman_empire/GeneralSheaf/normalised-true/stalk_dim-5/5-layers/16-hidden/500-epochs/checkpoints/epoch-200/GeneralSheaf_roman_empire_fold2_seed43.pt
Saved per-node accuracy to /home/fguadagn/FMG_Master_Thesis/neural-sheaf-diffusion-modified/results/node_accuracy/roman_empire/GeneralSheaf/normalised-true/stalk_dim-5/5-layers/16-hidden/500-epochs/checkpoints/epoch-200/GeneralSheaf_roman_empire_fold2_seed43.pt
Saved saliency to /home/fguadagn/FMG_Master_Thesis/neural-sheaf-diffusion-modified/results/node_saliency/roman_empire/GeneralSheaf/normalised-true/stalk_dim-5/5-layers/16-hidden/500-epochs/checkpoints/epoch-200/GeneralSheaf_roman_empire_fold2_seed43.pt
Fold 2 | Epochs: 499 | Best epoch: 478
Test acc (best epoch): 0.8714
Test acc (last epoch): 0.8760
Best val acc: 0.8740
Laplacian 0: Max: 2.7936, Min: -4.4545, Avg: -0.0885, Abs avg: 0.3333
Laplacian 1: Max: 4.7749, Min: -4.7937, Avg: 0.1462, Abs avg: 0.9228
Laplacian 2: Max: 4.8729, Min: -4.9281, Avg: 0.1198, Abs avg: 1.1992
Laplacian 3: Max: 4.9666, Min: -4.9858, Avg: -0.0845, Abs avg: 1.4557
Laplacian 4: Max: 4.9990, Min: -4.9998, Avg: 0.1111, Abs avg: 1.5947
Epsilons 0: [0.409 0.386 0.303 0.044 0.224]
Epsilons 1: [ 0.429  0.525 -0.248  0.496  0.247]
Epsilons 2: [0.447 0.495 0.199 0.35  0.616]
Epsilons 3: [0.756 0.514 0.345 0.717 0.646]
Epsilons 4: [0.925 0.78  0.563 0.885 0.855]
Saved node norms to /home/fguadagn/FMG_Master_Thesis/neural-sheaf-diffusion-modified/results/node_norms/roman_empire/GeneralSheaf/normalised-true/stalk_dim-5/5-layers/16-hidden/500-epochs/checkpoints/best-epoch/GeneralSheaf_roman_empire_fold2_seed43.pt
Saved best-epoch node norms (epoch 478) to checkpoints/best-epoch/
Saved confidence to /home/fguadagn/FMG_Master_Thesis/neural-sheaf-diffusion-modified/results/node_conf/roman_empire/GeneralSheaf/normalised-true/stalk_dim-5/5-layers/16-hidden/500-epochs/checkpoints/best-epoch/GeneralSheaf_roman_empire_fold2_seed43.pt
Saved per-node accuracy to /home/fguadagn/FMG_Master_Thesis/neural-sheaf-diffusion-modified/results/node_accuracy/roman_empire/GeneralSheaf/normalised-true/stalk_dim-5/5-layers/16-hidden/500-epochs/checkpoints/best-epoch/GeneralSheaf_roman_empire_fold2_seed43.pt
Saved saliency to /home/fguadagn/FMG_Master_Thesis/neural-sheaf-diffusion-modified/results/node_saliency/roman_empire/GeneralSheaf/normalised-true/stalk_dim-5/5-layers/16-hidden/500-epochs/checkpoints/best-epoch/GeneralSheaf_roman_empire_fold2_seed43.pt
Saved model weights to /home/fguadagn/FMG_Master_Thesis/neural-sheaf-diffusion-modified/results/model_weights/roman_empire/GeneralSheaf/normalised-true/stalk_dim-5/5-layers/16-hidden/500-epochs/checkpoints/best-epoch/GeneralSheaf_roman_empire_fold2_seed43.pth
Saved fold masks to /home/fguadagn/FMG_Master_Thesis/neural-sheaf-diffusion-modified/results/model_weights/roman_empire/GeneralSheaf/normalised-true/stalk_dim-5/5-layers/16-hidden/500-epochs/checkpoints/best-epoch/GeneralSheaf_roman_empire_fold2_seed43_masks.pt
Saved best-epoch model weights and masks (epoch 478) to checkpoints/best-epoch/
Updated best_epochs.json: fold_2 -> epoch 478
Saved node norms to /home/fguadagn/FMG_Master_Thesis/neural-sheaf-diffusion-modified/results/node_norms/roman_empire/GeneralSheaf/normalised-true/stalk_dim-5/5-layers/16-hidden/500-epochs/GeneralSheaf_roman_empire_fold2_seed43.pt
Saved node predictions to /home/fguadagn/FMG_Master_Thesis/neural-sheaf-diffusion-modified/results/node_preds/roman_empire/GeneralSheaf/normalised-true/stalk_dim-5/5-layers/16-hidden/500-epochs/GeneralSheaf_roman_empire_fold2_seed43.pt
Saved confidence to /home/fguadagn/FMG_Master_Thesis/neural-sheaf-diffusion-modified/results/node_conf/roman_empire/GeneralSheaf/normalised-true/stalk_dim-5/5-layers/16-hidden/500-epochs/GeneralSheaf_roman_empire_fold2_seed43.pt
Saved per-node accuracy to /home/fguadagn/FMG_Master_Thesis/neural-sheaf-diffusion-modified/results/node_accuracy/roman_empire/GeneralSheaf/normalised-true/stalk_dim-5/5-layers/16-hidden/500-epochs/GeneralSheaf_roman_empire_fold2_seed43.pt
Saved saliency to /home/fguadagn/FMG_Master_Thesis/neural-sheaf-diffusion-modified/results/node_saliency/roman_empire/GeneralSheaf/normalised-true/stalk_dim-5/5-layers/16-hidden/500-epochs/GeneralSheaf_roman_empire_fold2_seed43.pt
Saved node norms to /home/fguadagn/FMG_Master_Thesis/neural-sheaf-diffusion-modified/results/node_norms/roman_empire/GeneralSheaf/normalised-true/stalk_dim-5/5-layers/16-hidden/500-epochs/checkpoints/epoch-0/GeneralSheaf_roman_empire_fold3_seed43.pt
Saved confidence to /home/fguadagn/FMG_Master_Thesis/neural-sheaf-diffusion-modified/results/node_conf/roman_empire/GeneralSheaf/normalised-true/stalk_dim-5/5-layers/16-hidden/500-epochs/checkpoints/epoch-0/GeneralSheaf_roman_empire_fold3_seed43.pt
Saved per-node accuracy to /home/fguadagn/FMG_Master_Thesis/neural-sheaf-diffusion-modified/results/node_accuracy/roman_empire/GeneralSheaf/normalised-true/stalk_dim-5/5-layers/16-hidden/500-epochs/checkpoints/epoch-0/GeneralSheaf_roman_empire_fold3_seed43.pt
Saved saliency to /home/fguadagn/FMG_Master_Thesis/neural-sheaf-diffusion-modified/results/node_saliency/roman_empire/GeneralSheaf/normalised-true/stalk_dim-5/5-layers/16-hidden/500-epochs/checkpoints/epoch-0/GeneralSheaf_roman_empire_fold3_seed43.pt
Saved node norms to /home/fguadagn/FMG_Master_Thesis/neural-sheaf-diffusion-modified/results/node_norms/roman_empire/GeneralSheaf/normalised-true/stalk_dim-5/5-layers/16-hidden/500-epochs/checkpoints/epoch-1/GeneralSheaf_roman_empire_fold3_seed43.pt
Saved confidence to /home/fguadagn/FMG_Master_Thesis/neural-sheaf-diffusion-modified/results/node_conf/roman_empire/GeneralSheaf/normalised-true/stalk_dim-5/5-layers/16-hidden/500-epochs/checkpoints/epoch-1/GeneralSheaf_roman_empire_fold3_seed43.pt
Saved per-node accuracy to /home/fguadagn/FMG_Master_Thesis/neural-sheaf-diffusion-modified/results/node_accuracy/roman_empire/GeneralSheaf/normalised-true/stalk_dim-5/5-layers/16-hidden/500-epochs/checkpoints/epoch-1/GeneralSheaf_roman_empire_fold3_seed43.pt
Saved saliency to /home/fguadagn/FMG_Master_Thesis/neural-sheaf-diffusion-modified/results/node_saliency/roman_empire/GeneralSheaf/normalised-true/stalk_dim-5/5-layers/16-hidden/500-epochs/checkpoints/epoch-1/GeneralSheaf_roman_empire_fold3_seed43.pt
Saved node norms to /home/fguadagn/FMG_Master_Thesis/neural-sheaf-diffusion-modified/results/node_norms/roman_empire/GeneralSheaf/normalised-true/stalk_dim-5/5-layers/16-hidden/500-epochs/checkpoints/epoch-5/GeneralSheaf_roman_empire_fold3_seed43.pt
Saved confidence to /home/fguadagn/FMG_Master_Thesis/neural-sheaf-diffusion-modified/results/node_conf/roman_empire/GeneralSheaf/normalised-true/stalk_dim-5/5-layers/16-hidden/500-epochs/checkpoints/epoch-5/GeneralSheaf_roman_empire_fold3_seed43.pt
Saved per-node accuracy to /home/fguadagn/FMG_Master_Thesis/neural-sheaf-diffusion-modified/results/node_accuracy/roman_empire/GeneralSheaf/normalised-true/stalk_dim-5/5-layers/16-hidden/500-epochs/checkpoints/epoch-5/GeneralSheaf_roman_empire_fold3_seed43.pt
Saved saliency to /home/fguadagn/FMG_Master_Thesis/neural-sheaf-diffusion-modified/results/node_saliency/roman_empire/GeneralSheaf/normalised-true/stalk_dim-5/5-layers/16-hidden/500-epochs/checkpoints/epoch-5/GeneralSheaf_roman_empire_fold3_seed43.pt
Saved node norms to /home/fguadagn/FMG_Master_Thesis/neural-sheaf-diffusion-modified/results/node_norms/roman_empire/GeneralSheaf/normalised-true/stalk_dim-5/5-layers/16-hidden/500-epochs/checkpoints/epoch-15/GeneralSheaf_roman_empire_fold3_seed43.pt
Saved confidence to /home/fguadagn/FMG_Master_Thesis/neural-sheaf-diffusion-modified/results/node_conf/roman_empire/GeneralSheaf/normalised-true/stalk_dim-5/5-layers/16-hidden/500-epochs/checkpoints/epoch-15/GeneralSheaf_roman_empire_fold3_seed43.pt
Saved per-node accuracy to /home/fguadagn/FMG_Master_Thesis/neural-sheaf-diffusion-modified/results/node_accuracy/roman_empire/GeneralSheaf/normalised-true/stalk_dim-5/5-layers/16-hidden/500-epochs/checkpoints/epoch-15/GeneralSheaf_roman_empire_fold3_seed43.pt
Saved saliency to /home/fguadagn/FMG_Master_Thesis/neural-sheaf-diffusion-modified/results/node_saliency/roman_empire/GeneralSheaf/normalised-true/stalk_dim-5/5-layers/16-hidden/500-epochs/checkpoints/epoch-15/GeneralSheaf_roman_empire_fold3_seed43.pt
Saved node norms to /home/fguadagn/FMG_Master_Thesis/neural-sheaf-diffusion-modified/results/node_norms/roman_empire/GeneralSheaf/normalised-true/stalk_dim-5/5-layers/16-hidden/500-epochs/checkpoints/epoch-50/GeneralSheaf_roman_empire_fold3_seed43.pt
Saved confidence to /home/fguadagn/FMG_Master_Thesis/neural-sheaf-diffusion-modified/results/node_conf/roman_empire/GeneralSheaf/normalised-true/stalk_dim-5/5-layers/16-hidden/500-epochs/checkpoints/epoch-50/GeneralSheaf_roman_empire_fold3_seed43.pt
Saved per-node accuracy to /home/fguadagn/FMG_Master_Thesis/neural-sheaf-diffusion-modified/results/node_accuracy/roman_empire/GeneralSheaf/normalised-true/stalk_dim-5/5-layers/16-hidden/500-epochs/checkpoints/epoch-50/GeneralSheaf_roman_empire_fold3_seed43.pt
Saved saliency to /home/fguadagn/FMG_Master_Thesis/neural-sheaf-diffusion-modified/results/node_saliency/roman_empire/GeneralSheaf/normalised-true/stalk_dim-5/5-layers/16-hidden/500-epochs/checkpoints/epoch-50/GeneralSheaf_roman_empire_fold3_seed43.pt
Saved node norms to /home/fguadagn/FMG_Master_Thesis/neural-sheaf-diffusion-modified/results/node_norms/roman_empire/GeneralSheaf/normalised-true/stalk_dim-5/5-layers/16-hidden/500-epochs/checkpoints/epoch-200/GeneralSheaf_roman_empire_fold3_seed43.pt
Saved confidence to /home/fguadagn/FMG_Master_Thesis/neural-sheaf-diffusion-modified/results/node_conf/roman_empire/GeneralSheaf/normalised-true/stalk_dim-5/5-layers/16-hidden/500-epochs/checkpoints/epoch-200/GeneralSheaf_roman_empire_fold3_seed43.pt
Saved per-node accuracy to /home/fguadagn/FMG_Master_Thesis/neural-sheaf-diffusion-modified/results/node_accuracy/roman_empire/GeneralSheaf/normalised-true/stalk_dim-5/5-layers/16-hidden/500-epochs/checkpoints/epoch-200/GeneralSheaf_roman_empire_fold3_seed43.pt
Saved saliency to /home/fguadagn/FMG_Master_Thesis/neural-sheaf-diffusion-modified/results/node_saliency/roman_empire/GeneralSheaf/normalised-true/stalk_dim-5/5-layers/16-hidden/500-epochs/checkpoints/epoch-200/GeneralSheaf_roman_empire_fold3_seed43.pt
Fold 3 | Epochs: 499 | Best epoch: 498
Test acc (best epoch): 0.8698
Test acc (last epoch): 0.8661
Best val acc: 0.8603
Laplacian 0: Max: 2.8861, Min: -4.7173, Avg: -0.3769, Abs avg: 0.6314
Laplacian 1: Max: 4.0972, Min: -4.4471, Avg: -0.3067, Abs avg: 0.8013
Laplacian 2: Max: 4.7393, Min: -4.8985, Avg: -0.3143, Abs avg: 1.1264
Laplacian 3: Max: 4.8229, Min: -4.9764, Avg: -0.4154, Abs avg: 1.3530
Laplacian 4: Max: 4.9968, Min: -4.9984, Avg: 0.0924, Abs avg: 1.5083
Epsilons 0: [0.042 0.197 0.353 0.472 0.259]
Epsilons 1: [0.384 0.744 0.034 0.347 0.151]
Epsilons 2: [0.698 0.401 0.484 0.261 0.321]
Epsilons 3: [0.805 0.68  0.637 0.549 0.536]
Epsilons 4: [0.896 0.754 0.824 0.905 0.823]
Saved node norms to /home/fguadagn/FMG_Master_Thesis/neural-sheaf-diffusion-modified/results/node_norms/roman_empire/GeneralSheaf/normalised-true/stalk_dim-5/5-layers/16-hidden/500-epochs/checkpoints/best-epoch/GeneralSheaf_roman_empire_fold3_seed43.pt
Saved best-epoch node norms (epoch 498) to checkpoints/best-epoch/
Saved confidence to /home/fguadagn/FMG_Master_Thesis/neural-sheaf-diffusion-modified/results/node_conf/roman_empire/GeneralSheaf/normalised-true/stalk_dim-5/5-layers/16-hidden/500-epochs/checkpoints/best-epoch/GeneralSheaf_roman_empire_fold3_seed43.pt
Saved per-node accuracy to /home/fguadagn/FMG_Master_Thesis/neural-sheaf-diffusion-modified/results/node_accuracy/roman_empire/GeneralSheaf/normalised-true/stalk_dim-5/5-layers/16-hidden/500-epochs/checkpoints/best-epoch/GeneralSheaf_roman_empire_fold3_seed43.pt
Saved saliency to /home/fguadagn/FMG_Master_Thesis/neural-sheaf-diffusion-modified/results/node_saliency/roman_empire/GeneralSheaf/normalised-true/stalk_dim-5/5-layers/16-hidden/500-epochs/checkpoints/best-epoch/GeneralSheaf_roman_empire_fold3_seed43.pt
Saved model weights to /home/fguadagn/FMG_Master_Thesis/neural-sheaf-diffusion-modified/results/model_weights/roman_empire/GeneralSheaf/normalised-true/stalk_dim-5/5-layers/16-hidden/500-epochs/checkpoints/best-epoch/GeneralSheaf_roman_empire_fold3_seed43.pth
Saved fold masks to /home/fguadagn/FMG_Master_Thesis/neural-sheaf-diffusion-modified/results/model_weights/roman_empire/GeneralSheaf/normalised-true/stalk_dim-5/5-layers/16-hidden/500-epochs/checkpoints/best-epoch/GeneralSheaf_roman_empire_fold3_seed43_masks.pt
Saved best-epoch model weights and masks (epoch 498) to checkpoints/best-epoch/
Updated best_epochs.json: fold_3 -> epoch 498
Saved node norms to /home/fguadagn/FMG_Master_Thesis/neural-sheaf-diffusion-modified/results/node_norms/roman_empire/GeneralSheaf/normalised-true/stalk_dim-5/5-layers/16-hidden/500-epochs/GeneralSheaf_roman_empire_fold3_seed43.pt
Saved node predictions to /home/fguadagn/FMG_Master_Thesis/neural-sheaf-diffusion-modified/results/node_preds/roman_empire/GeneralSheaf/normalised-true/stalk_dim-5/5-layers/16-hidden/500-epochs/GeneralSheaf_roman_empire_fold3_seed43.pt
Saved confidence to /home/fguadagn/FMG_Master_Thesis/neural-sheaf-diffusion-modified/results/node_conf/roman_empire/GeneralSheaf/normalised-true/stalk_dim-5/5-layers/16-hidden/500-epochs/GeneralSheaf_roman_empire_fold3_seed43.pt
Saved per-node accuracy to /home/fguadagn/FMG_Master_Thesis/neural-sheaf-diffusion-modified/results/node_accuracy/roman_empire/GeneralSheaf/normalised-true/stalk_dim-5/5-layers/16-hidden/500-epochs/GeneralSheaf_roman_empire_fold3_seed43.pt
Saved saliency to /home/fguadagn/FMG_Master_Thesis/neural-sheaf-diffusion-modified/results/node_saliency/roman_empire/GeneralSheaf/normalised-true/stalk_dim-5/5-layers/16-hidden/500-epochs/GeneralSheaf_roman_empire_fold3_seed43.pt
Saved node norms to /home/fguadagn/FMG_Master_Thesis/neural-sheaf-diffusion-modified/results/node_norms/roman_empire/GeneralSheaf/normalised-true/stalk_dim-5/5-layers/16-hidden/500-epochs/checkpoints/epoch-0/GeneralSheaf_roman_empire_fold4_seed43.pt
Saved confidence to /home/fguadagn/FMG_Master_Thesis/neural-sheaf-diffusion-modified/results/node_conf/roman_empire/GeneralSheaf/normalised-true/stalk_dim-5/5-layers/16-hidden/500-epochs/checkpoints/epoch-0/GeneralSheaf_roman_empire_fold4_seed43.pt
Saved per-node accuracy to /home/fguadagn/FMG_Master_Thesis/neural-sheaf-diffusion-modified/results/node_accuracy/roman_empire/GeneralSheaf/normalised-true/stalk_dim-5/5-layers/16-hidden/500-epochs/checkpoints/epoch-0/GeneralSheaf_roman_empire_fold4_seed43.pt
Saved saliency to /home/fguadagn/FMG_Master_Thesis/neural-sheaf-diffusion-modified/results/node_saliency/roman_empire/GeneralSheaf/normalised-true/stalk_dim-5/5-layers/16-hidden/500-epochs/checkpoints/epoch-0/GeneralSheaf_roman_empire_fold4_seed43.pt
Saved node norms to /home/fguadagn/FMG_Master_Thesis/neural-sheaf-diffusion-modified/results/node_norms/roman_empire/GeneralSheaf/normalised-true/stalk_dim-5/5-layers/16-hidden/500-epochs/checkpoints/epoch-1/GeneralSheaf_roman_empire_fold4_seed43.pt
Saved confidence to /home/fguadagn/FMG_Master_Thesis/neural-sheaf-diffusion-modified/results/node_conf/roman_empire/GeneralSheaf/normalised-true/stalk_dim-5/5-layers/16-hidden/500-epochs/checkpoints/epoch-1/GeneralSheaf_roman_empire_fold4_seed43.pt
Saved per-node accuracy to /home/fguadagn/FMG_Master_Thesis/neural-sheaf-diffusion-modified/results/node_accuracy/roman_empire/GeneralSheaf/normalised-true/stalk_dim-5/5-layers/16-hidden/500-epochs/checkpoints/epoch-1/GeneralSheaf_roman_empire_fold4_seed43.pt
Saved saliency to /home/fguadagn/FMG_Master_Thesis/neural-sheaf-diffusion-modified/results/node_saliency/roman_empire/GeneralSheaf/normalised-true/stalk_dim-5/5-layers/16-hidden/500-epochs/checkpoints/epoch-1/GeneralSheaf_roman_empire_fold4_seed43.pt
Saved node norms to /home/fguadagn/FMG_Master_Thesis/neural-sheaf-diffusion-modified/results/node_norms/roman_empire/GeneralSheaf/normalised-true/stalk_dim-5/5-layers/16-hidden/500-epochs/checkpoints/epoch-5/GeneralSheaf_roman_empire_fold4_seed43.pt
Saved confidence to /home/fguadagn/FMG_Master_Thesis/neural-sheaf-diffusion-modified/results/node_conf/roman_empire/GeneralSheaf/normalised-true/stalk_dim-5/5-layers/16-hidden/500-epochs/checkpoints/epoch-5/GeneralSheaf_roman_empire_fold4_seed43.pt
Saved per-node accuracy to /home/fguadagn/FMG_Master_Thesis/neural-sheaf-diffusion-modified/results/node_accuracy/roman_empire/GeneralSheaf/normalised-true/stalk_dim-5/5-layers/16-hidden/500-epochs/checkpoints/epoch-5/GeneralSheaf_roman_empire_fold4_seed43.pt
Saved saliency to /home/fguadagn/FMG_Master_Thesis/neural-sheaf-diffusion-modified/results/node_saliency/roman_empire/GeneralSheaf/normalised-true/stalk_dim-5/5-layers/16-hidden/500-epochs/checkpoints/epoch-5/GeneralSheaf_roman_empire_fold4_seed43.pt
Saved node norms to /home/fguadagn/FMG_Master_Thesis/neural-sheaf-diffusion-modified/results/node_norms/roman_empire/GeneralSheaf/normalised-true/stalk_dim-5/5-layers/16-hidden/500-epochs/checkpoints/epoch-15/GeneralSheaf_roman_empire_fold4_seed43.pt
Saved confidence to /home/fguadagn/FMG_Master_Thesis/neural-sheaf-diffusion-modified/results/node_conf/roman_empire/GeneralSheaf/normalised-true/stalk_dim-5/5-layers/16-hidden/500-epochs/checkpoints/epoch-15/GeneralSheaf_roman_empire_fold4_seed43.pt
Saved per-node accuracy to /home/fguadagn/FMG_Master_Thesis/neural-sheaf-diffusion-modified/results/node_accuracy/roman_empire/GeneralSheaf/normalised-true/stalk_dim-5/5-layers/16-hidden/500-epochs/checkpoints/epoch-15/GeneralSheaf_roman_empire_fold4_seed43.pt
Saved saliency to /home/fguadagn/FMG_Master_Thesis/neural-sheaf-diffusion-modified/results/node_saliency/roman_empire/GeneralSheaf/normalised-true/stalk_dim-5/5-layers/16-hidden/500-epochs/checkpoints/epoch-15/GeneralSheaf_roman_empire_fold4_seed43.pt
Saved node norms to /home/fguadagn/FMG_Master_Thesis/neural-sheaf-diffusion-modified/results/node_norms/roman_empire/GeneralSheaf/normalised-true/stalk_dim-5/5-layers/16-hidden/500-epochs/checkpoints/epoch-50/GeneralSheaf_roman_empire_fold4_seed43.pt
Saved confidence to /home/fguadagn/FMG_Master_Thesis/neural-sheaf-diffusion-modified/results/node_conf/roman_empire/GeneralSheaf/normalised-true/stalk_dim-5/5-layers/16-hidden/500-epochs/checkpoints/epoch-50/GeneralSheaf_roman_empire_fold4_seed43.pt
Saved per-node accuracy to /home/fguadagn/FMG_Master_Thesis/neural-sheaf-diffusion-modified/results/node_accuracy/roman_empire/GeneralSheaf/normalised-true/stalk_dim-5/5-layers/16-hidden/500-epochs/checkpoints/epoch-50/GeneralSheaf_roman_empire_fold4_seed43.pt
Saved saliency to /home/fguadagn/FMG_Master_Thesis/neural-sheaf-diffusion-modified/results/node_saliency/roman_empire/GeneralSheaf/normalised-true/stalk_dim-5/5-layers/16-hidden/500-epochs/checkpoints/epoch-50/GeneralSheaf_roman_empire_fold4_seed43.pt
Saved node norms to /home/fguadagn/FMG_Master_Thesis/neural-sheaf-diffusion-modified/results/node_norms/roman_empire/GeneralSheaf/normalised-true/stalk_dim-5/5-layers/16-hidden/500-epochs/checkpoints/epoch-200/GeneralSheaf_roman_empire_fold4_seed43.pt
Saved confidence to /home/fguadagn/FMG_Master_Thesis/neural-sheaf-diffusion-modified/results/node_conf/roman_empire/GeneralSheaf/normalised-true/stalk_dim-5/5-layers/16-hidden/500-epochs/checkpoints/epoch-200/GeneralSheaf_roman_empire_fold4_seed43.pt
Saved per-node accuracy to /home/fguadagn/FMG_Master_Thesis/neural-sheaf-diffusion-modified/results/node_accuracy/roman_empire/GeneralSheaf/normalised-true/stalk_dim-5/5-layers/16-hidden/500-epochs/checkpoints/epoch-200/GeneralSheaf_roman_empire_fold4_seed43.pt
Saved saliency to /home/fguadagn/FMG_Master_Thesis/neural-sheaf-diffusion-modified/results/node_saliency/roman_empire/GeneralSheaf/normalised-true/stalk_dim-5/5-layers/16-hidden/500-epochs/checkpoints/epoch-200/GeneralSheaf_roman_empire_fold4_seed43.pt
Fold 4 | Epochs: 499 | Best epoch: 462
Test acc (best epoch): 0.8712
Test acc (last epoch): 0.8676
Best val acc: 0.8822
Laplacian 0: Max: 3.2079, Min: -4.5451, Avg: -0.1493, Abs avg: 0.4977
Laplacian 1: Max: 4.4901, Min: -4.8072, Avg: -0.3908, Abs avg: 1.1189
Laplacian 2: Max: 4.8130, Min: -4.9533, Avg: -0.3197, Abs avg: 1.1575
Laplacian 3: Max: 4.9237, Min: -4.8290, Avg: 0.1945, Abs avg: 1.3818
Laplacian 4: Max: 4.9999, Min: -4.9999, Avg: -0.3596, Abs avg: 1.6790
Epsilons 0: [0.238 0.073 0.776 0.299 0.228]
Epsilons 1: [0.484 0.37  0.087 0.028 0.811]
Epsilons 2: [0.535 0.743 0.42  0.103 0.47 ]
Epsilons 3: [0.719 0.604 0.504 0.495 0.755]
Epsilons 4: [0.977 0.706 0.653 0.702 0.851]
Saved node norms to /home/fguadagn/FMG_Master_Thesis/neural-sheaf-diffusion-modified/results/node_norms/roman_empire/GeneralSheaf/normalised-true/stalk_dim-5/5-layers/16-hidden/500-epochs/checkpoints/best-epoch/GeneralSheaf_roman_empire_fold4_seed43.pt
Saved best-epoch node norms (epoch 462) to checkpoints/best-epoch/
Saved confidence to /home/fguadagn/FMG_Master_Thesis/neural-sheaf-diffusion-modified/results/node_conf/roman_empire/GeneralSheaf/normalised-true/stalk_dim-5/5-layers/16-hidden/500-epochs/checkpoints/best-epoch/GeneralSheaf_roman_empire_fold4_seed43.pt
Saved per-node accuracy to /home/fguadagn/FMG_Master_Thesis/neural-sheaf-diffusion-modified/results/node_accuracy/roman_empire/GeneralSheaf/normalised-true/stalk_dim-5/5-layers/16-hidden/500-epochs/checkpoints/best-epoch/GeneralSheaf_roman_empire_fold4_seed43.pt
Saved saliency to /home/fguadagn/FMG_Master_Thesis/neural-sheaf-diffusion-modified/results/node_saliency/roman_empire/GeneralSheaf/normalised-true/stalk_dim-5/5-layers/16-hidden/500-epochs/checkpoints/best-epoch/GeneralSheaf_roman_empire_fold4_seed43.pt
Saved model weights to /home/fguadagn/FMG_Master_Thesis/neural-sheaf-diffusion-modified/results/model_weights/roman_empire/GeneralSheaf/normalised-true/stalk_dim-5/5-layers/16-hidden/500-epochs/checkpoints/best-epoch/GeneralSheaf_roman_empire_fold4_seed43.pth
Saved fold masks to /home/fguadagn/FMG_Master_Thesis/neural-sheaf-diffusion-modified/results/model_weights/roman_empire/GeneralSheaf/normalised-true/stalk_dim-5/5-layers/16-hidden/500-epochs/checkpoints/best-epoch/GeneralSheaf_roman_empire_fold4_seed43_masks.pt
Saved best-epoch model weights and masks (epoch 462) to checkpoints/best-epoch/
Updated best_epochs.json: fold_4 -> epoch 462
Saved node norms to /home/fguadagn/FMG_Master_Thesis/neural-sheaf-diffusion-modified/results/node_norms/roman_empire/GeneralSheaf/normalised-true/stalk_dim-5/5-layers/16-hidden/500-epochs/GeneralSheaf_roman_empire_fold4_seed43.pt
Saved node predictions to /home/fguadagn/FMG_Master_Thesis/neural-sheaf-diffusion-modified/results/node_preds/roman_empire/GeneralSheaf/normalised-true/stalk_dim-5/5-layers/16-hidden/500-epochs/GeneralSheaf_roman_empire_fold4_seed43.pt
Saved confidence to /home/fguadagn/FMG_Master_Thesis/neural-sheaf-diffusion-modified/results/node_conf/roman_empire/GeneralSheaf/normalised-true/stalk_dim-5/5-layers/16-hidden/500-epochs/GeneralSheaf_roman_empire_fold4_seed43.pt
Saved per-node accuracy to /home/fguadagn/FMG_Master_Thesis/neural-sheaf-diffusion-modified/results/node_accuracy/roman_empire/GeneralSheaf/normalised-true/stalk_dim-5/5-layers/16-hidden/500-epochs/GeneralSheaf_roman_empire_fold4_seed43.pt
Saved saliency to /home/fguadagn/FMG_Master_Thesis/neural-sheaf-diffusion-modified/results/node_saliency/roman_empire/GeneralSheaf/normalised-true/stalk_dim-5/5-layers/16-hidden/500-epochs/GeneralSheaf_roman_empire_fold4_seed43.pt
Saved node norms to /home/fguadagn/FMG_Master_Thesis/neural-sheaf-diffusion-modified/results/node_norms/roman_empire/GeneralSheaf/normalised-true/stalk_dim-5/5-layers/16-hidden/500-epochs/checkpoints/epoch-0/GeneralSheaf_roman_empire_fold5_seed43.pt
Saved confidence to /home/fguadagn/FMG_Master_Thesis/neural-sheaf-diffusion-modified/results/node_conf/roman_empire/GeneralSheaf/normalised-true/stalk_dim-5/5-layers/16-hidden/500-epochs/checkpoints/epoch-0/GeneralSheaf_roman_empire_fold5_seed43.pt
Saved per-node accuracy to /home/fguadagn/FMG_Master_Thesis/neural-sheaf-diffusion-modified/results/node_accuracy/roman_empire/GeneralSheaf/normalised-true/stalk_dim-5/5-layers/16-hidden/500-epochs/checkpoints/epoch-0/GeneralSheaf_roman_empire_fold5_seed43.pt
Saved saliency to /home/fguadagn/FMG_Master_Thesis/neural-sheaf-diffusion-modified/results/node_saliency/roman_empire/GeneralSheaf/normalised-true/stalk_dim-5/5-layers/16-hidden/500-epochs/checkpoints/epoch-0/GeneralSheaf_roman_empire_fold5_seed43.pt
Saved node norms to /home/fguadagn/FMG_Master_Thesis/neural-sheaf-diffusion-modified/results/node_norms/roman_empire/GeneralSheaf/normalised-true/stalk_dim-5/5-layers/16-hidden/500-epochs/checkpoints/epoch-1/GeneralSheaf_roman_empire_fold5_seed43.pt
Saved confidence to /home/fguadagn/FMG_Master_Thesis/neural-sheaf-diffusion-modified/results/node_conf/roman_empire/GeneralSheaf/normalised-true/stalk_dim-5/5-layers/16-hidden/500-epochs/checkpoints/epoch-1/GeneralSheaf_roman_empire_fold5_seed43.pt
Saved per-node accuracy to /home/fguadagn/FMG_Master_Thesis/neural-sheaf-diffusion-modified/results/node_accuracy/roman_empire/GeneralSheaf/normalised-true/stalk_dim-5/5-layers/16-hidden/500-epochs/checkpoints/epoch-1/GeneralSheaf_roman_empire_fold5_seed43.pt
Saved saliency to /home/fguadagn/FMG_Master_Thesis/neural-sheaf-diffusion-modified/results/node_saliency/roman_empire/GeneralSheaf/normalised-true/stalk_dim-5/5-layers/16-hidden/500-epochs/checkpoints/epoch-1/GeneralSheaf_roman_empire_fold5_seed43.pt
Saved node norms to /home/fguadagn/FMG_Master_Thesis/neural-sheaf-diffusion-modified/results/node_norms/roman_empire/GeneralSheaf/normalised-true/stalk_dim-5/5-layers/16-hidden/500-epochs/checkpoints/epoch-5/GeneralSheaf_roman_empire_fold5_seed43.pt
Saved confidence to /home/fguadagn/FMG_Master_Thesis/neural-sheaf-diffusion-modified/results/node_conf/roman_empire/GeneralSheaf/normalised-true/stalk_dim-5/5-layers/16-hidden/500-epochs/checkpoints/epoch-5/GeneralSheaf_roman_empire_fold5_seed43.pt
Saved per-node accuracy to /home/fguadagn/FMG_Master_Thesis/neural-sheaf-diffusion-modified/results/node_accuracy/roman_empire/GeneralSheaf/normalised-true/stalk_dim-5/5-layers/16-hidden/500-epochs/checkpoints/epoch-5/GeneralSheaf_roman_empire_fold5_seed43.pt
Saved saliency to /home/fguadagn/FMG_Master_Thesis/neural-sheaf-diffusion-modified/results/node_saliency/roman_empire/GeneralSheaf/normalised-true/stalk_dim-5/5-layers/16-hidden/500-epochs/checkpoints/epoch-5/GeneralSheaf_roman_empire_fold5_seed43.pt
Saved node norms to /home/fguadagn/FMG_Master_Thesis/neural-sheaf-diffusion-modified/results/node_norms/roman_empire/GeneralSheaf/normalised-true/stalk_dim-5/5-layers/16-hidden/500-epochs/checkpoints/epoch-15/GeneralSheaf_roman_empire_fold5_seed43.pt
Saved confidence to /home/fguadagn/FMG_Master_Thesis/neural-sheaf-diffusion-modified/results/node_conf/roman_empire/GeneralSheaf/normalised-true/stalk_dim-5/5-layers/16-hidden/500-epochs/checkpoints/epoch-15/GeneralSheaf_roman_empire_fold5_seed43.pt
Saved per-node accuracy to /home/fguadagn/FMG_Master_Thesis/neural-sheaf-diffusion-modified/results/node_accuracy/roman_empire/GeneralSheaf/normalised-true/stalk_dim-5/5-layers/16-hidden/500-epochs/checkpoints/epoch-15/GeneralSheaf_roman_empire_fold5_seed43.pt
Saved saliency to /home/fguadagn/FMG_Master_Thesis/neural-sheaf-diffusion-modified/results/node_saliency/roman_empire/GeneralSheaf/normalised-true/stalk_dim-5/5-layers/16-hidden/500-epochs/checkpoints/epoch-15/GeneralSheaf_roman_empire_fold5_seed43.pt
Saved node norms to /home/fguadagn/FMG_Master_Thesis/neural-sheaf-diffusion-modified/results/node_norms/roman_empire/GeneralSheaf/normalised-true/stalk_dim-5/5-layers/16-hidden/500-epochs/checkpoints/epoch-50/GeneralSheaf_roman_empire_fold5_seed43.pt
Saved confidence to /home/fguadagn/FMG_Master_Thesis/neural-sheaf-diffusion-modified/results/node_conf/roman_empire/GeneralSheaf/normalised-true/stalk_dim-5/5-layers/16-hidden/500-epochs/checkpoints/epoch-50/GeneralSheaf_roman_empire_fold5_seed43.pt
Saved per-node accuracy to /home/fguadagn/FMG_Master_Thesis/neural-sheaf-diffusion-modified/results/node_accuracy/roman_empire/GeneralSheaf/normalised-true/stalk_dim-5/5-layers/16-hidden/500-epochs/checkpoints/epoch-50/GeneralSheaf_roman_empire_fold5_seed43.pt
Saved saliency to /home/fguadagn/FMG_Master_Thesis/neural-sheaf-diffusion-modified/results/node_saliency/roman_empire/GeneralSheaf/normalised-true/stalk_dim-5/5-layers/16-hidden/500-epochs/checkpoints/epoch-50/GeneralSheaf_roman_empire_fold5_seed43.pt
Saved node norms to /home/fguadagn/FMG_Master_Thesis/neural-sheaf-diffusion-modified/results/node_norms/roman_empire/GeneralSheaf/normalised-true/stalk_dim-5/5-layers/16-hidden/500-epochs/checkpoints/epoch-200/GeneralSheaf_roman_empire_fold5_seed43.pt
Saved confidence to /home/fguadagn/FMG_Master_Thesis/neural-sheaf-diffusion-modified/results/node_conf/roman_empire/GeneralSheaf/normalised-true/stalk_dim-5/5-layers/16-hidden/500-epochs/checkpoints/epoch-200/GeneralSheaf_roman_empire_fold5_seed43.pt
Saved per-node accuracy to /home/fguadagn/FMG_Master_Thesis/neural-sheaf-diffusion-modified/results/node_accuracy/roman_empire/GeneralSheaf/normalised-true/stalk_dim-5/5-layers/16-hidden/500-epochs/checkpoints/epoch-200/GeneralSheaf_roman_empire_fold5_seed43.pt
Saved saliency to /home/fguadagn/FMG_Master_Thesis/neural-sheaf-diffusion-modified/results/node_saliency/roman_empire/GeneralSheaf/normalised-true/stalk_dim-5/5-layers/16-hidden/500-epochs/checkpoints/epoch-200/GeneralSheaf_roman_empire_fold5_seed43.pt
Fold 5 | Epochs: 499 | Best epoch: 477
Test acc (best epoch): 0.8793
Test acc (last epoch): 0.8798
Best val acc: 0.8756
Laplacian 0: Max: 3.3546, Min: -3.9147, Avg: -0.0377, Abs avg: 0.3684
Laplacian 1: Max: 4.3665, Min: -4.5066, Avg: -0.0434, Abs avg: 0.7761
Laplacian 2: Max: 4.8802, Min: -4.8801, Avg: -0.0201, Abs avg: 1.6197
Laplacian 3: Max: 4.9794, Min: -4.9992, Avg: -0.0012, Abs avg: 1.8064
Laplacian 4: Max: 4.9976, Min: -4.9980, Avg: -0.0484, Abs avg: 1.5995
Epsilons 0: [0.261 0.384 0.136 0.595 0.187]
Epsilons 1: [0.502 0.321 0.41  0.022 0.383]
Epsilons 2: [ 0.531  0.511  0.417 -0.039  0.473]
Epsilons 3: [0.638 0.534 0.668 0.276 0.563]
Epsilons 4: [0.787 0.715 0.813 0.623 0.873]
Saved node norms to /home/fguadagn/FMG_Master_Thesis/neural-sheaf-diffusion-modified/results/node_norms/roman_empire/GeneralSheaf/normalised-true/stalk_dim-5/5-layers/16-hidden/500-epochs/checkpoints/best-epoch/GeneralSheaf_roman_empire_fold5_seed43.pt
Saved best-epoch node norms (epoch 477) to checkpoints/best-epoch/
Saved confidence to /home/fguadagn/FMG_Master_Thesis/neural-sheaf-diffusion-modified/results/node_conf/roman_empire/GeneralSheaf/normalised-true/stalk_dim-5/5-layers/16-hidden/500-epochs/checkpoints/best-epoch/GeneralSheaf_roman_empire_fold5_seed43.pt
Saved per-node accuracy to /home/fguadagn/FMG_Master_Thesis/neural-sheaf-diffusion-modified/results/node_accuracy/roman_empire/GeneralSheaf/normalised-true/stalk_dim-5/5-layers/16-hidden/500-epochs/checkpoints/best-epoch/GeneralSheaf_roman_empire_fold5_seed43.pt
Saved saliency to /home/fguadagn/FMG_Master_Thesis/neural-sheaf-diffusion-modified/results/node_saliency/roman_empire/GeneralSheaf/normalised-true/stalk_dim-5/5-layers/16-hidden/500-epochs/checkpoints/best-epoch/GeneralSheaf_roman_empire_fold5_seed43.pt
Saved model weights to /home/fguadagn/FMG_Master_Thesis/neural-sheaf-diffusion-modified/results/model_weights/roman_empire/GeneralSheaf/normalised-true/stalk_dim-5/5-layers/16-hidden/500-epochs/checkpoints/best-epoch/GeneralSheaf_roman_empire_fold5_seed43.pth
Saved fold masks to /home/fguadagn/FMG_Master_Thesis/neural-sheaf-diffusion-modified/results/model_weights/roman_empire/GeneralSheaf/normalised-true/stalk_dim-5/5-layers/16-hidden/500-epochs/checkpoints/best-epoch/GeneralSheaf_roman_empire_fold5_seed43_masks.pt
Saved best-epoch model weights and masks (epoch 477) to checkpoints/best-epoch/
Updated best_epochs.json: fold_5 -> epoch 477
Saved node norms to /home/fguadagn/FMG_Master_Thesis/neural-sheaf-diffusion-modified/results/node_norms/roman_empire/GeneralSheaf/normalised-true/stalk_dim-5/5-layers/16-hidden/500-epochs/GeneralSheaf_roman_empire_fold5_seed43.pt
Saved node predictions to /home/fguadagn/FMG_Master_Thesis/neural-sheaf-diffusion-modified/results/node_preds/roman_empire/GeneralSheaf/normalised-true/stalk_dim-5/5-layers/16-hidden/500-epochs/GeneralSheaf_roman_empire_fold5_seed43.pt
Saved confidence to /home/fguadagn/FMG_Master_Thesis/neural-sheaf-diffusion-modified/results/node_conf/roman_empire/GeneralSheaf/normalised-true/stalk_dim-5/5-layers/16-hidden/500-epochs/GeneralSheaf_roman_empire_fold5_seed43.pt
Saved per-node accuracy to /home/fguadagn/FMG_Master_Thesis/neural-sheaf-diffusion-modified/results/node_accuracy/roman_empire/GeneralSheaf/normalised-true/stalk_dim-5/5-layers/16-hidden/500-epochs/GeneralSheaf_roman_empire_fold5_seed43.pt
Saved saliency to /home/fguadagn/FMG_Master_Thesis/neural-sheaf-diffusion-modified/results/node_saliency/roman_empire/GeneralSheaf/normalised-true/stalk_dim-5/5-layers/16-hidden/500-epochs/GeneralSheaf_roman_empire_fold5_seed43.pt
Saved node norms to /home/fguadagn/FMG_Master_Thesis/neural-sheaf-diffusion-modified/results/node_norms/roman_empire/GeneralSheaf/normalised-true/stalk_dim-5/5-layers/16-hidden/500-epochs/checkpoints/epoch-0/GeneralSheaf_roman_empire_fold6_seed43.pt
Saved confidence to /home/fguadagn/FMG_Master_Thesis/neural-sheaf-diffusion-modified/results/node_conf/roman_empire/GeneralSheaf/normalised-true/stalk_dim-5/5-layers/16-hidden/500-epochs/checkpoints/epoch-0/GeneralSheaf_roman_empire_fold6_seed43.pt
Saved per-node accuracy to /home/fguadagn/FMG_Master_Thesis/neural-sheaf-diffusion-modified/results/node_accuracy/roman_empire/GeneralSheaf/normalised-true/stalk_dim-5/5-layers/16-hidden/500-epochs/checkpoints/epoch-0/GeneralSheaf_roman_empire_fold6_seed43.pt
Saved saliency to /home/fguadagn/FMG_Master_Thesis/neural-sheaf-diffusion-modified/results/node_saliency/roman_empire/GeneralSheaf/normalised-true/stalk_dim-5/5-layers/16-hidden/500-epochs/checkpoints/epoch-0/GeneralSheaf_roman_empire_fold6_seed43.pt
Saved node norms to /home/fguadagn/FMG_Master_Thesis/neural-sheaf-diffusion-modified/results/node_norms/roman_empire/GeneralSheaf/normalised-true/stalk_dim-5/5-layers/16-hidden/500-epochs/checkpoints/epoch-1/GeneralSheaf_roman_empire_fold6_seed43.pt
Saved confidence to /home/fguadagn/FMG_Master_Thesis/neural-sheaf-diffusion-modified/results/node_conf/roman_empire/GeneralSheaf/normalised-true/stalk_dim-5/5-layers/16-hidden/500-epochs/checkpoints/epoch-1/GeneralSheaf_roman_empire_fold6_seed43.pt
Saved per-node accuracy to /home/fguadagn/FMG_Master_Thesis/neural-sheaf-diffusion-modified/results/node_accuracy/roman_empire/GeneralSheaf/normalised-true/stalk_dim-5/5-layers/16-hidden/500-epochs/checkpoints/epoch-1/GeneralSheaf_roman_empire_fold6_seed43.pt
Saved saliency to /home/fguadagn/FMG_Master_Thesis/neural-sheaf-diffusion-modified/results/node_saliency/roman_empire/GeneralSheaf/normalised-true/stalk_dim-5/5-layers/16-hidden/500-epochs/checkpoints/epoch-1/GeneralSheaf_roman_empire_fold6_seed43.pt
Saved node norms to /home/fguadagn/FMG_Master_Thesis/neural-sheaf-diffusion-modified/results/node_norms/roman_empire/GeneralSheaf/normalised-true/stalk_dim-5/5-layers/16-hidden/500-epochs/checkpoints/epoch-5/GeneralSheaf_roman_empire_fold6_seed43.pt
Saved confidence to /home/fguadagn/FMG_Master_Thesis/neural-sheaf-diffusion-modified/results/node_conf/roman_empire/GeneralSheaf/normalised-true/stalk_dim-5/5-layers/16-hidden/500-epochs/checkpoints/epoch-5/GeneralSheaf_roman_empire_fold6_seed43.pt
Saved per-node accuracy to /home/fguadagn/FMG_Master_Thesis/neural-sheaf-diffusion-modified/results/node_accuracy/roman_empire/GeneralSheaf/normalised-true/stalk_dim-5/5-layers/16-hidden/500-epochs/checkpoints/epoch-5/GeneralSheaf_roman_empire_fold6_seed43.pt
Saved saliency to /home/fguadagn/FMG_Master_Thesis/neural-sheaf-diffusion-modified/results/node_saliency/roman_empire/GeneralSheaf/normalised-true/stalk_dim-5/5-layers/16-hidden/500-epochs/checkpoints/epoch-5/GeneralSheaf_roman_empire_fold6_seed43.pt
Saved node norms to /home/fguadagn/FMG_Master_Thesis/neural-sheaf-diffusion-modified/results/node_norms/roman_empire/GeneralSheaf/normalised-true/stalk_dim-5/5-layers/16-hidden/500-epochs/checkpoints/epoch-15/GeneralSheaf_roman_empire_fold6_seed43.pt
Saved confidence to /home/fguadagn/FMG_Master_Thesis/neural-sheaf-diffusion-modified/results/node_conf/roman_empire/GeneralSheaf/normalised-true/stalk_dim-5/5-layers/16-hidden/500-epochs/checkpoints/epoch-15/GeneralSheaf_roman_empire_fold6_seed43.pt
Saved per-node accuracy to /home/fguadagn/FMG_Master_Thesis/neural-sheaf-diffusion-modified/results/node_accuracy/roman_empire/GeneralSheaf/normalised-true/stalk_dim-5/5-layers/16-hidden/500-epochs/checkpoints/epoch-15/GeneralSheaf_roman_empire_fold6_seed43.pt
Saved saliency to /home/fguadagn/FMG_Master_Thesis/neural-sheaf-diffusion-modified/results/node_saliency/roman_empire/GeneralSheaf/normalised-true/stalk_dim-5/5-layers/16-hidden/500-epochs/checkpoints/epoch-15/GeneralSheaf_roman_empire_fold6_seed43.pt
Saved node norms to /home/fguadagn/FMG_Master_Thesis/neural-sheaf-diffusion-modified/results/node_norms/roman_empire/GeneralSheaf/normalised-true/stalk_dim-5/5-layers/16-hidden/500-epochs/checkpoints/epoch-50/GeneralSheaf_roman_empire_fold6_seed43.pt
Saved confidence to /home/fguadagn/FMG_Master_Thesis/neural-sheaf-diffusion-modified/results/node_conf/roman_empire/GeneralSheaf/normalised-true/stalk_dim-5/5-layers/16-hidden/500-epochs/checkpoints/epoch-50/GeneralSheaf_roman_empire_fold6_seed43.pt
Saved per-node accuracy to /home/fguadagn/FMG_Master_Thesis/neural-sheaf-diffusion-modified/results/node_accuracy/roman_empire/GeneralSheaf/normalised-true/stalk_dim-5/5-layers/16-hidden/500-epochs/checkpoints/epoch-50/GeneralSheaf_roman_empire_fold6_seed43.pt
Saved saliency to /home/fguadagn/FMG_Master_Thesis/neural-sheaf-diffusion-modified/results/node_saliency/roman_empire/GeneralSheaf/normalised-true/stalk_dim-5/5-layers/16-hidden/500-epochs/checkpoints/epoch-50/GeneralSheaf_roman_empire_fold6_seed43.pt
Saved node norms to /home/fguadagn/FMG_Master_Thesis/neural-sheaf-diffusion-modified/results/node_norms/roman_empire/GeneralSheaf/normalised-true/stalk_dim-5/5-layers/16-hidden/500-epochs/checkpoints/epoch-200/GeneralSheaf_roman_empire_fold6_seed43.pt
Saved confidence to /home/fguadagn/FMG_Master_Thesis/neural-sheaf-diffusion-modified/results/node_conf/roman_empire/GeneralSheaf/normalised-true/stalk_dim-5/5-layers/16-hidden/500-epochs/checkpoints/epoch-200/GeneralSheaf_roman_empire_fold6_seed43.pt
Saved per-node accuracy to /home/fguadagn/FMG_Master_Thesis/neural-sheaf-diffusion-modified/results/node_accuracy/roman_empire/GeneralSheaf/normalised-true/stalk_dim-5/5-layers/16-hidden/500-epochs/checkpoints/epoch-200/GeneralSheaf_roman_empire_fold6_seed43.pt
Saved saliency to /home/fguadagn/FMG_Master_Thesis/neural-sheaf-diffusion-modified/results/node_saliency/roman_empire/GeneralSheaf/normalised-true/stalk_dim-5/5-layers/16-hidden/500-epochs/checkpoints/epoch-200/GeneralSheaf_roman_empire_fold6_seed43.pt
Fold 6 | Epochs: 499 | Best epoch: 431
Test acc (best epoch): 0.8736
Test acc (last epoch): 0.8743
Best val acc: 0.8647
Laplacian 0: Max: 3.3581, Min: -4.5625, Avg: -0.1306, Abs avg: 0.3769
Laplacian 1: Max: 4.4717, Min: -3.8593, Avg: 0.1953, Abs avg: 0.7373
Laplacian 2: Max: 4.6438, Min: -4.9714, Avg: -0.0253, Abs avg: 1.1626
Laplacian 3: Max: 4.9510, Min: -4.9573, Avg: -0.0228, Abs avg: 1.5245
Laplacian 4: Max: 4.9999, Min: -4.9991, Avg: 0.0926, Abs avg: 1.5569
Epsilons 0: [0.26  0.113 0.095 0.422 0.575]
Epsilons 1: [0.322 0.539 0.603 0.188 0.055]
Epsilons 2: [0.422 0.694 0.465 0.312 0.305]
Epsilons 3: [0.678 0.675 0.77  0.599 0.302]
Epsilons 4: [0.8   0.89  0.944 0.787 0.478]
Saved node norms to /home/fguadagn/FMG_Master_Thesis/neural-sheaf-diffusion-modified/results/node_norms/roman_empire/GeneralSheaf/normalised-true/stalk_dim-5/5-layers/16-hidden/500-epochs/checkpoints/best-epoch/GeneralSheaf_roman_empire_fold6_seed43.pt
Saved best-epoch node norms (epoch 431) to checkpoints/best-epoch/
Saved confidence to /home/fguadagn/FMG_Master_Thesis/neural-sheaf-diffusion-modified/results/node_conf/roman_empire/GeneralSheaf/normalised-true/stalk_dim-5/5-layers/16-hidden/500-epochs/checkpoints/best-epoch/GeneralSheaf_roman_empire_fold6_seed43.pt
Saved per-node accuracy to /home/fguadagn/FMG_Master_Thesis/neural-sheaf-diffusion-modified/results/node_accuracy/roman_empire/GeneralSheaf/normalised-true/stalk_dim-5/5-layers/16-hidden/500-epochs/checkpoints/best-epoch/GeneralSheaf_roman_empire_fold6_seed43.pt
Saved saliency to /home/fguadagn/FMG_Master_Thesis/neural-sheaf-diffusion-modified/results/node_saliency/roman_empire/GeneralSheaf/normalised-true/stalk_dim-5/5-layers/16-hidden/500-epochs/checkpoints/best-epoch/GeneralSheaf_roman_empire_fold6_seed43.pt
Saved model weights to /home/fguadagn/FMG_Master_Thesis/neural-sheaf-diffusion-modified/results/model_weights/roman_empire/GeneralSheaf/normalised-true/stalk_dim-5/5-layers/16-hidden/500-epochs/checkpoints/best-epoch/GeneralSheaf_roman_empire_fold6_seed43.pth
Saved fold masks to /home/fguadagn/FMG_Master_Thesis/neural-sheaf-diffusion-modified/results/model_weights/roman_empire/GeneralSheaf/normalised-true/stalk_dim-5/5-layers/16-hidden/500-epochs/checkpoints/best-epoch/GeneralSheaf_roman_empire_fold6_seed43_masks.pt
Saved best-epoch model weights and masks (epoch 431) to checkpoints/best-epoch/
Updated best_epochs.json: fold_6 -> epoch 431
Saved node norms to /home/fguadagn/FMG_Master_Thesis/neural-sheaf-diffusion-modified/results/node_norms/roman_empire/GeneralSheaf/normalised-true/stalk_dim-5/5-layers/16-hidden/500-epochs/GeneralSheaf_roman_empire_fold6_seed43.pt
Saved node predictions to /home/fguadagn/FMG_Master_Thesis/neural-sheaf-diffusion-modified/results/node_preds/roman_empire/GeneralSheaf/normalised-true/stalk_dim-5/5-layers/16-hidden/500-epochs/GeneralSheaf_roman_empire_fold6_seed43.pt
Saved confidence to /home/fguadagn/FMG_Master_Thesis/neural-sheaf-diffusion-modified/results/node_conf/roman_empire/GeneralSheaf/normalised-true/stalk_dim-5/5-layers/16-hidden/500-epochs/GeneralSheaf_roman_empire_fold6_seed43.pt
Saved per-node accuracy to /home/fguadagn/FMG_Master_Thesis/neural-sheaf-diffusion-modified/results/node_accuracy/roman_empire/GeneralSheaf/normalised-true/stalk_dim-5/5-layers/16-hidden/500-epochs/GeneralSheaf_roman_empire_fold6_seed43.pt
Saved saliency to /home/fguadagn/FMG_Master_Thesis/neural-sheaf-diffusion-modified/results/node_saliency/roman_empire/GeneralSheaf/normalised-true/stalk_dim-5/5-layers/16-hidden/500-epochs/GeneralSheaf_roman_empire_fold6_seed43.pt
Saved node norms to /home/fguadagn/FMG_Master_Thesis/neural-sheaf-diffusion-modified/results/node_norms/roman_empire/GeneralSheaf/normalised-true/stalk_dim-5/5-layers/16-hidden/500-epochs/checkpoints/epoch-0/GeneralSheaf_roman_empire_fold7_seed43.pt
Saved confidence to /home/fguadagn/FMG_Master_Thesis/neural-sheaf-diffusion-modified/results/node_conf/roman_empire/GeneralSheaf/normalised-true/stalk_dim-5/5-layers/16-hidden/500-epochs/checkpoints/epoch-0/GeneralSheaf_roman_empire_fold7_seed43.pt
Saved per-node accuracy to /home/fguadagn/FMG_Master_Thesis/neural-sheaf-diffusion-modified/results/node_accuracy/roman_empire/GeneralSheaf/normalised-true/stalk_dim-5/5-layers/16-hidden/500-epochs/checkpoints/epoch-0/GeneralSheaf_roman_empire_fold7_seed43.pt
Saved saliency to /home/fguadagn/FMG_Master_Thesis/neural-sheaf-diffusion-modified/results/node_saliency/roman_empire/GeneralSheaf/normalised-true/stalk_dim-5/5-layers/16-hidden/500-epochs/checkpoints/epoch-0/GeneralSheaf_roman_empire_fold7_seed43.pt
Saved node norms to /home/fguadagn/FMG_Master_Thesis/neural-sheaf-diffusion-modified/results/node_norms/roman_empire/GeneralSheaf/normalised-true/stalk_dim-5/5-layers/16-hidden/500-epochs/checkpoints/epoch-1/GeneralSheaf_roman_empire_fold7_seed43.pt
Saved confidence to /home/fguadagn/FMG_Master_Thesis/neural-sheaf-diffusion-modified/results/node_conf/roman_empire/GeneralSheaf/normalised-true/stalk_dim-5/5-layers/16-hidden/500-epochs/checkpoints/epoch-1/GeneralSheaf_roman_empire_fold7_seed43.pt
Saved per-node accuracy to /home/fguadagn/FMG_Master_Thesis/neural-sheaf-diffusion-modified/results/node_accuracy/roman_empire/GeneralSheaf/normalised-true/stalk_dim-5/5-layers/16-hidden/500-epochs/checkpoints/epoch-1/GeneralSheaf_roman_empire_fold7_seed43.pt
Saved saliency to /home/fguadagn/FMG_Master_Thesis/neural-sheaf-diffusion-modified/results/node_saliency/roman_empire/GeneralSheaf/normalised-true/stalk_dim-5/5-layers/16-hidden/500-epochs/checkpoints/epoch-1/GeneralSheaf_roman_empire_fold7_seed43.pt
Saved node norms to /home/fguadagn/FMG_Master_Thesis/neural-sheaf-diffusion-modified/results/node_norms/roman_empire/GeneralSheaf/normalised-true/stalk_dim-5/5-layers/16-hidden/500-epochs/checkpoints/epoch-5/GeneralSheaf_roman_empire_fold7_seed43.pt
Saved confidence to /home/fguadagn/FMG_Master_Thesis/neural-sheaf-diffusion-modified/results/node_conf/roman_empire/GeneralSheaf/normalised-true/stalk_dim-5/5-layers/16-hidden/500-epochs/checkpoints/epoch-5/GeneralSheaf_roman_empire_fold7_seed43.pt
Saved per-node accuracy to /home/fguadagn/FMG_Master_Thesis/neural-sheaf-diffusion-modified/results/node_accuracy/roman_empire/GeneralSheaf/normalised-true/stalk_dim-5/5-layers/16-hidden/500-epochs/checkpoints/epoch-5/GeneralSheaf_roman_empire_fold7_seed43.pt
Saved saliency to /home/fguadagn/FMG_Master_Thesis/neural-sheaf-diffusion-modified/results/node_saliency/roman_empire/GeneralSheaf/normalised-true/stalk_dim-5/5-layers/16-hidden/500-epochs/checkpoints/epoch-5/GeneralSheaf_roman_empire_fold7_seed43.pt
Saved node norms to /home/fguadagn/FMG_Master_Thesis/neural-sheaf-diffusion-modified/results/node_norms/roman_empire/GeneralSheaf/normalised-true/stalk_dim-5/5-layers/16-hidden/500-epochs/checkpoints/epoch-15/GeneralSheaf_roman_empire_fold7_seed43.pt
Saved confidence to /home/fguadagn/FMG_Master_Thesis/neural-sheaf-diffusion-modified/results/node_conf/roman_empire/GeneralSheaf/normalised-true/stalk_dim-5/5-layers/16-hidden/500-epochs/checkpoints/epoch-15/GeneralSheaf_roman_empire_fold7_seed43.pt
Saved per-node accuracy to /home/fguadagn/FMG_Master_Thesis/neural-sheaf-diffusion-modified/results/node_accuracy/roman_empire/GeneralSheaf/normalised-true/stalk_dim-5/5-layers/16-hidden/500-epochs/checkpoints/epoch-15/GeneralSheaf_roman_empire_fold7_seed43.pt
Saved saliency to /home/fguadagn/FMG_Master_Thesis/neural-sheaf-diffusion-modified/results/node_saliency/roman_empire/GeneralSheaf/normalised-true/stalk_dim-5/5-layers/16-hidden/500-epochs/checkpoints/epoch-15/GeneralSheaf_roman_empire_fold7_seed43.pt
Saved node norms to /home/fguadagn/FMG_Master_Thesis/neural-sheaf-diffusion-modified/results/node_norms/roman_empire/GeneralSheaf/normalised-true/stalk_dim-5/5-layers/16-hidden/500-epochs/checkpoints/epoch-50/GeneralSheaf_roman_empire_fold7_seed43.pt
Saved confidence to /home/fguadagn/FMG_Master_Thesis/neural-sheaf-diffusion-modified/results/node_conf/roman_empire/GeneralSheaf/normalised-true/stalk_dim-5/5-layers/16-hidden/500-epochs/checkpoints/epoch-50/GeneralSheaf_roman_empire_fold7_seed43.pt
Saved per-node accuracy to /home/fguadagn/FMG_Master_Thesis/neural-sheaf-diffusion-modified/results/node_accuracy/roman_empire/GeneralSheaf/normalised-true/stalk_dim-5/5-layers/16-hidden/500-epochs/checkpoints/epoch-50/GeneralSheaf_roman_empire_fold7_seed43.pt
Saved saliency to /home/fguadagn/FMG_Master_Thesis/neural-sheaf-diffusion-modified/results/node_saliency/roman_empire/GeneralSheaf/normalised-true/stalk_dim-5/5-layers/16-hidden/500-epochs/checkpoints/epoch-50/GeneralSheaf_roman_empire_fold7_seed43.pt
Saved node norms to /home/fguadagn/FMG_Master_Thesis/neural-sheaf-diffusion-modified/results/node_norms/roman_empire/GeneralSheaf/normalised-true/stalk_dim-5/5-layers/16-hidden/500-epochs/checkpoints/epoch-200/GeneralSheaf_roman_empire_fold7_seed43.pt
Saved confidence to /home/fguadagn/FMG_Master_Thesis/neural-sheaf-diffusion-modified/results/node_conf/roman_empire/GeneralSheaf/normalised-true/stalk_dim-5/5-layers/16-hidden/500-epochs/checkpoints/epoch-200/GeneralSheaf_roman_empire_fold7_seed43.pt
Saved per-node accuracy to /home/fguadagn/FMG_Master_Thesis/neural-sheaf-diffusion-modified/results/node_accuracy/roman_empire/GeneralSheaf/normalised-true/stalk_dim-5/5-layers/16-hidden/500-epochs/checkpoints/epoch-200/GeneralSheaf_roman_empire_fold7_seed43.pt
Saved saliency to /home/fguadagn/FMG_Master_Thesis/neural-sheaf-diffusion-modified/results/node_saliency/roman_empire/GeneralSheaf/normalised-true/stalk_dim-5/5-layers/16-hidden/500-epochs/checkpoints/epoch-200/GeneralSheaf_roman_empire_fold7_seed43.pt
Fold 7 | Epochs: 499 | Best epoch: 486
Test acc (best epoch): 0.8720
Test acc (last epoch): 0.8701
Best val acc: 0.8725
Laplacian 0: Max: 3.2915, Min: -3.1906, Avg: -0.0699, Abs avg: 0.3370
Laplacian 1: Max: 4.5728, Min: -4.8516, Avg: 0.0171, Abs avg: 0.6901
Laplacian 2: Max: 4.9309, Min: -4.9452, Avg: -0.0856, Abs avg: 1.5737
Laplacian 3: Max: 4.9739, Min: -4.9931, Avg: -0.2858, Abs avg: 1.4646
Laplacian 4: Max: 4.9925, Min: -5.0000, Avg: 0.0889, Abs avg: 1.5036
Epsilons 0: [0.55  0.165 0.319 0.139 0.255]
Epsilons 1: [-0.05   0.326  0.361  0.453  0.536]
Epsilons 2: [0.276 0.284 0.242 0.743 0.176]
Epsilons 3: [0.431 0.539 0.571 0.706 0.792]
Epsilons 4: [0.657 0.805 0.836 1.032 0.763]
Saved node norms to /home/fguadagn/FMG_Master_Thesis/neural-sheaf-diffusion-modified/results/node_norms/roman_empire/GeneralSheaf/normalised-true/stalk_dim-5/5-layers/16-hidden/500-epochs/checkpoints/best-epoch/GeneralSheaf_roman_empire_fold7_seed43.pt
Saved best-epoch node norms (epoch 486) to checkpoints/best-epoch/
Saved confidence to /home/fguadagn/FMG_Master_Thesis/neural-sheaf-diffusion-modified/results/node_conf/roman_empire/GeneralSheaf/normalised-true/stalk_dim-5/5-layers/16-hidden/500-epochs/checkpoints/best-epoch/GeneralSheaf_roman_empire_fold7_seed43.pt
Saved per-node accuracy to /home/fguadagn/FMG_Master_Thesis/neural-sheaf-diffusion-modified/results/node_accuracy/roman_empire/GeneralSheaf/normalised-true/stalk_dim-5/5-layers/16-hidden/500-epochs/checkpoints/best-epoch/GeneralSheaf_roman_empire_fold7_seed43.pt
Saved saliency to /home/fguadagn/FMG_Master_Thesis/neural-sheaf-diffusion-modified/results/node_saliency/roman_empire/GeneralSheaf/normalised-true/stalk_dim-5/5-layers/16-hidden/500-epochs/checkpoints/best-epoch/GeneralSheaf_roman_empire_fold7_seed43.pt
Saved model weights to /home/fguadagn/FMG_Master_Thesis/neural-sheaf-diffusion-modified/results/model_weights/roman_empire/GeneralSheaf/normalised-true/stalk_dim-5/5-layers/16-hidden/500-epochs/checkpoints/best-epoch/GeneralSheaf_roman_empire_fold7_seed43.pth
Saved fold masks to /home/fguadagn/FMG_Master_Thesis/neural-sheaf-diffusion-modified/results/model_weights/roman_empire/GeneralSheaf/normalised-true/stalk_dim-5/5-layers/16-hidden/500-epochs/checkpoints/best-epoch/GeneralSheaf_roman_empire_fold7_seed43_masks.pt
Saved best-epoch model weights and masks (epoch 486) to checkpoints/best-epoch/
Updated best_epochs.json: fold_7 -> epoch 486
Saved node norms to /home/fguadagn/FMG_Master_Thesis/neural-sheaf-diffusion-modified/results/node_norms/roman_empire/GeneralSheaf/normalised-true/stalk_dim-5/5-layers/16-hidden/500-epochs/GeneralSheaf_roman_empire_fold7_seed43.pt
Saved node predictions to /home/fguadagn/FMG_Master_Thesis/neural-sheaf-diffusion-modified/results/node_preds/roman_empire/GeneralSheaf/normalised-true/stalk_dim-5/5-layers/16-hidden/500-epochs/GeneralSheaf_roman_empire_fold7_seed43.pt
Saved confidence to /home/fguadagn/FMG_Master_Thesis/neural-sheaf-diffusion-modified/results/node_conf/roman_empire/GeneralSheaf/normalised-true/stalk_dim-5/5-layers/16-hidden/500-epochs/GeneralSheaf_roman_empire_fold7_seed43.pt
Saved per-node accuracy to /home/fguadagn/FMG_Master_Thesis/neural-sheaf-diffusion-modified/results/node_accuracy/roman_empire/GeneralSheaf/normalised-true/stalk_dim-5/5-layers/16-hidden/500-epochs/GeneralSheaf_roman_empire_fold7_seed43.pt
Saved saliency to /home/fguadagn/FMG_Master_Thesis/neural-sheaf-diffusion-modified/results/node_saliency/roman_empire/GeneralSheaf/normalised-true/stalk_dim-5/5-layers/16-hidden/500-epochs/GeneralSheaf_roman_empire_fold7_seed43.pt
Saved node norms to /home/fguadagn/FMG_Master_Thesis/neural-sheaf-diffusion-modified/results/node_norms/roman_empire/GeneralSheaf/normalised-true/stalk_dim-5/5-layers/16-hidden/500-epochs/checkpoints/epoch-0/GeneralSheaf_roman_empire_fold8_seed43.pt
Saved confidence to /home/fguadagn/FMG_Master_Thesis/neural-sheaf-diffusion-modified/results/node_conf/roman_empire/GeneralSheaf/normalised-true/stalk_dim-5/5-layers/16-hidden/500-epochs/checkpoints/epoch-0/GeneralSheaf_roman_empire_fold8_seed43.pt
Saved per-node accuracy to /home/fguadagn/FMG_Master_Thesis/neural-sheaf-diffusion-modified/results/node_accuracy/roman_empire/GeneralSheaf/normalised-true/stalk_dim-5/5-layers/16-hidden/500-epochs/checkpoints/epoch-0/GeneralSheaf_roman_empire_fold8_seed43.pt
Saved saliency to /home/fguadagn/FMG_Master_Thesis/neural-sheaf-diffusion-modified/results/node_saliency/roman_empire/GeneralSheaf/normalised-true/stalk_dim-5/5-layers/16-hidden/500-epochs/checkpoints/epoch-0/GeneralSheaf_roman_empire_fold8_seed43.pt
Saved node norms to /home/fguadagn/FMG_Master_Thesis/neural-sheaf-diffusion-modified/results/node_norms/roman_empire/GeneralSheaf/normalised-true/stalk_dim-5/5-layers/16-hidden/500-epochs/checkpoints/epoch-1/GeneralSheaf_roman_empire_fold8_seed43.pt
Saved confidence to /home/fguadagn/FMG_Master_Thesis/neural-sheaf-diffusion-modified/results/node_conf/roman_empire/GeneralSheaf/normalised-true/stalk_dim-5/5-layers/16-hidden/500-epochs/checkpoints/epoch-1/GeneralSheaf_roman_empire_fold8_seed43.pt
Saved per-node accuracy to /home/fguadagn/FMG_Master_Thesis/neural-sheaf-diffusion-modified/results/node_accuracy/roman_empire/GeneralSheaf/normalised-true/stalk_dim-5/5-layers/16-hidden/500-epochs/checkpoints/epoch-1/GeneralSheaf_roman_empire_fold8_seed43.pt
Saved saliency to /home/fguadagn/FMG_Master_Thesis/neural-sheaf-diffusion-modified/results/node_saliency/roman_empire/GeneralSheaf/normalised-true/stalk_dim-5/5-layers/16-hidden/500-epochs/checkpoints/epoch-1/GeneralSheaf_roman_empire_fold8_seed43.pt
Saved node norms to /home/fguadagn/FMG_Master_Thesis/neural-sheaf-diffusion-modified/results/node_norms/roman_empire/GeneralSheaf/normalised-true/stalk_dim-5/5-layers/16-hidden/500-epochs/checkpoints/epoch-5/GeneralSheaf_roman_empire_fold8_seed43.pt
Saved confidence to /home/fguadagn/FMG_Master_Thesis/neural-sheaf-diffusion-modified/results/node_conf/roman_empire/GeneralSheaf/normalised-true/stalk_dim-5/5-layers/16-hidden/500-epochs/checkpoints/epoch-5/GeneralSheaf_roman_empire_fold8_seed43.pt
Saved per-node accuracy to /home/fguadagn/FMG_Master_Thesis/neural-sheaf-diffusion-modified/results/node_accuracy/roman_empire/GeneralSheaf/normalised-true/stalk_dim-5/5-layers/16-hidden/500-epochs/checkpoints/epoch-5/GeneralSheaf_roman_empire_fold8_seed43.pt
Saved saliency to /home/fguadagn/FMG_Master_Thesis/neural-sheaf-diffusion-modified/results/node_saliency/roman_empire/GeneralSheaf/normalised-true/stalk_dim-5/5-layers/16-hidden/500-epochs/checkpoints/epoch-5/GeneralSheaf_roman_empire_fold8_seed43.pt
Saved node norms to /home/fguadagn/FMG_Master_Thesis/neural-sheaf-diffusion-modified/results/node_norms/roman_empire/GeneralSheaf/normalised-true/stalk_dim-5/5-layers/16-hidden/500-epochs/checkpoints/epoch-15/GeneralSheaf_roman_empire_fold8_seed43.pt
Saved confidence to /home/fguadagn/FMG_Master_Thesis/neural-sheaf-diffusion-modified/results/node_conf/roman_empire/GeneralSheaf/normalised-true/stalk_dim-5/5-layers/16-hidden/500-epochs/checkpoints/epoch-15/GeneralSheaf_roman_empire_fold8_seed43.pt
Saved per-node accuracy to /home/fguadagn/FMG_Master_Thesis/neural-sheaf-diffusion-modified/results/node_accuracy/roman_empire/GeneralSheaf/normalised-true/stalk_dim-5/5-layers/16-hidden/500-epochs/checkpoints/epoch-15/GeneralSheaf_roman_empire_fold8_seed43.pt
Saved saliency to /home/fguadagn/FMG_Master_Thesis/neural-sheaf-diffusion-modified/results/node_saliency/roman_empire/GeneralSheaf/normalised-true/stalk_dim-5/5-layers/16-hidden/500-epochs/checkpoints/epoch-15/GeneralSheaf_roman_empire_fold8_seed43.pt
Saved node norms to /home/fguadagn/FMG_Master_Thesis/neural-sheaf-diffusion-modified/results/node_norms/roman_empire/GeneralSheaf/normalised-true/stalk_dim-5/5-layers/16-hidden/500-epochs/checkpoints/epoch-50/GeneralSheaf_roman_empire_fold8_seed43.pt
Saved confidence to /home/fguadagn/FMG_Master_Thesis/neural-sheaf-diffusion-modified/results/node_conf/roman_empire/GeneralSheaf/normalised-true/stalk_dim-5/5-layers/16-hidden/500-epochs/checkpoints/epoch-50/GeneralSheaf_roman_empire_fold8_seed43.pt
Saved per-node accuracy to /home/fguadagn/FMG_Master_Thesis/neural-sheaf-diffusion-modified/results/node_accuracy/roman_empire/GeneralSheaf/normalised-true/stalk_dim-5/5-layers/16-hidden/500-epochs/checkpoints/epoch-50/GeneralSheaf_roman_empire_fold8_seed43.pt
Saved saliency to /home/fguadagn/FMG_Master_Thesis/neural-sheaf-diffusion-modified/results/node_saliency/roman_empire/GeneralSheaf/normalised-true/stalk_dim-5/5-layers/16-hidden/500-epochs/checkpoints/epoch-50/GeneralSheaf_roman_empire_fold8_seed43.pt
Saved node norms to /home/fguadagn/FMG_Master_Thesis/neural-sheaf-diffusion-modified/results/node_norms/roman_empire/GeneralSheaf/normalised-true/stalk_dim-5/5-layers/16-hidden/500-epochs/checkpoints/epoch-200/GeneralSheaf_roman_empire_fold8_seed43.pt
Saved confidence to /home/fguadagn/FMG_Master_Thesis/neural-sheaf-diffusion-modified/results/node_conf/roman_empire/GeneralSheaf/normalised-true/stalk_dim-5/5-layers/16-hidden/500-epochs/checkpoints/epoch-200/GeneralSheaf_roman_empire_fold8_seed43.pt
Saved per-node accuracy to /home/fguadagn/FMG_Master_Thesis/neural-sheaf-diffusion-modified/results/node_accuracy/roman_empire/GeneralSheaf/normalised-true/stalk_dim-5/5-layers/16-hidden/500-epochs/checkpoints/epoch-200/GeneralSheaf_roman_empire_fold8_seed43.pt
Saved saliency to /home/fguadagn/FMG_Master_Thesis/neural-sheaf-diffusion-modified/results/node_saliency/roman_empire/GeneralSheaf/normalised-true/stalk_dim-5/5-layers/16-hidden/500-epochs/checkpoints/epoch-200/GeneralSheaf_roman_empire_fold8_seed43.pt
Fold 8 | Epochs: 499 | Best epoch: 499
Test acc (best epoch): 0.8570
Test acc (last epoch): 0.8570
Best val acc: 0.8683
Laplacian 0: Max: 3.7284, Min: -4.0541, Avg: -0.0800, Abs avg: 0.2977
Laplacian 1: Max: 4.6378, Min: -4.8114, Avg: -0.0740, Abs avg: 1.1470
Laplacian 2: Max: 4.6452, Min: -4.9783, Avg: 0.0083, Abs avg: 1.2990
Laplacian 3: Max: 4.7836, Min: -4.9607, Avg: 0.0344, Abs avg: 1.2420
Laplacian 4: Max: 4.9961, Min: -4.9986, Avg: 0.1202, Abs avg: 1.7784
Epsilons 0: [0.541 0.282 0.083 0.39  0.241]
Epsilons 1: [-0.082  0.398  0.233  0.409  0.487]
Epsilons 2: [0.099 0.715 0.471 0.46  0.358]
Epsilons 3: [0.549 0.765 0.327 0.714 0.475]
Epsilons 4: [0.814 0.888 0.413 0.928 0.759]
Saved node norms to /home/fguadagn/FMG_Master_Thesis/neural-sheaf-diffusion-modified/results/node_norms/roman_empire/GeneralSheaf/normalised-true/stalk_dim-5/5-layers/16-hidden/500-epochs/checkpoints/best-epoch/GeneralSheaf_roman_empire_fold8_seed43.pt
Saved best-epoch node norms (epoch 499) to checkpoints/best-epoch/
Saved confidence to /home/fguadagn/FMG_Master_Thesis/neural-sheaf-diffusion-modified/results/node_conf/roman_empire/GeneralSheaf/normalised-true/stalk_dim-5/5-layers/16-hidden/500-epochs/checkpoints/best-epoch/GeneralSheaf_roman_empire_fold8_seed43.pt
Saved per-node accuracy to /home/fguadagn/FMG_Master_Thesis/neural-sheaf-diffusion-modified/results/node_accuracy/roman_empire/GeneralSheaf/normalised-true/stalk_dim-5/5-layers/16-hidden/500-epochs/checkpoints/best-epoch/GeneralSheaf_roman_empire_fold8_seed43.pt
Saved saliency to /home/fguadagn/FMG_Master_Thesis/neural-sheaf-diffusion-modified/results/node_saliency/roman_empire/GeneralSheaf/normalised-true/stalk_dim-5/5-layers/16-hidden/500-epochs/checkpoints/best-epoch/GeneralSheaf_roman_empire_fold8_seed43.pt
Saved model weights to /home/fguadagn/FMG_Master_Thesis/neural-sheaf-diffusion-modified/results/model_weights/roman_empire/GeneralSheaf/normalised-true/stalk_dim-5/5-layers/16-hidden/500-epochs/checkpoints/best-epoch/GeneralSheaf_roman_empire_fold8_seed43.pth
Saved fold masks to /home/fguadagn/FMG_Master_Thesis/neural-sheaf-diffusion-modified/results/model_weights/roman_empire/GeneralSheaf/normalised-true/stalk_dim-5/5-layers/16-hidden/500-epochs/checkpoints/best-epoch/GeneralSheaf_roman_empire_fold8_seed43_masks.pt
Saved best-epoch model weights and masks (epoch 499) to checkpoints/best-epoch/
Updated best_epochs.json: fold_8 -> epoch 499
Saved node norms to /home/fguadagn/FMG_Master_Thesis/neural-sheaf-diffusion-modified/results/node_norms/roman_empire/GeneralSheaf/normalised-true/stalk_dim-5/5-layers/16-hidden/500-epochs/GeneralSheaf_roman_empire_fold8_seed43.pt
Saved node predictions to /home/fguadagn/FMG_Master_Thesis/neural-sheaf-diffusion-modified/results/node_preds/roman_empire/GeneralSheaf/normalised-true/stalk_dim-5/5-layers/16-hidden/500-epochs/GeneralSheaf_roman_empire_fold8_seed43.pt
Saved confidence to /home/fguadagn/FMG_Master_Thesis/neural-sheaf-diffusion-modified/results/node_conf/roman_empire/GeneralSheaf/normalised-true/stalk_dim-5/5-layers/16-hidden/500-epochs/GeneralSheaf_roman_empire_fold8_seed43.pt
Saved per-node accuracy to /home/fguadagn/FMG_Master_Thesis/neural-sheaf-diffusion-modified/results/node_accuracy/roman_empire/GeneralSheaf/normalised-true/stalk_dim-5/5-layers/16-hidden/500-epochs/GeneralSheaf_roman_empire_fold8_seed43.pt
Saved saliency to /home/fguadagn/FMG_Master_Thesis/neural-sheaf-diffusion-modified/results/node_saliency/roman_empire/GeneralSheaf/normalised-true/stalk_dim-5/5-layers/16-hidden/500-epochs/GeneralSheaf_roman_empire_fold8_seed43.pt
Saved node norms to /home/fguadagn/FMG_Master_Thesis/neural-sheaf-diffusion-modified/results/node_norms/roman_empire/GeneralSheaf/normalised-true/stalk_dim-5/5-layers/16-hidden/500-epochs/checkpoints/epoch-0/GeneralSheaf_roman_empire_fold9_seed43.pt
Saved confidence to /home/fguadagn/FMG_Master_Thesis/neural-sheaf-diffusion-modified/results/node_conf/roman_empire/GeneralSheaf/normalised-true/stalk_dim-5/5-layers/16-hidden/500-epochs/checkpoints/epoch-0/GeneralSheaf_roman_empire_fold9_seed43.pt
Saved per-node accuracy to /home/fguadagn/FMG_Master_Thesis/neural-sheaf-diffusion-modified/results/node_accuracy/roman_empire/GeneralSheaf/normalised-true/stalk_dim-5/5-layers/16-hidden/500-epochs/checkpoints/epoch-0/GeneralSheaf_roman_empire_fold9_seed43.pt
Saved saliency to /home/fguadagn/FMG_Master_Thesis/neural-sheaf-diffusion-modified/results/node_saliency/roman_empire/GeneralSheaf/normalised-true/stalk_dim-5/5-layers/16-hidden/500-epochs/checkpoints/epoch-0/GeneralSheaf_roman_empire_fold9_seed43.pt
Saved node norms to /home/fguadagn/FMG_Master_Thesis/neural-sheaf-diffusion-modified/results/node_norms/roman_empire/GeneralSheaf/normalised-true/stalk_dim-5/5-layers/16-hidden/500-epochs/checkpoints/epoch-1/GeneralSheaf_roman_empire_fold9_seed43.pt
Saved confidence to /home/fguadagn/FMG_Master_Thesis/neural-sheaf-diffusion-modified/results/node_conf/roman_empire/GeneralSheaf/normalised-true/stalk_dim-5/5-layers/16-hidden/500-epochs/checkpoints/epoch-1/GeneralSheaf_roman_empire_fold9_seed43.pt
Saved per-node accuracy to /home/fguadagn/FMG_Master_Thesis/neural-sheaf-diffusion-modified/results/node_accuracy/roman_empire/GeneralSheaf/normalised-true/stalk_dim-5/5-layers/16-hidden/500-epochs/checkpoints/epoch-1/GeneralSheaf_roman_empire_fold9_seed43.pt
Saved saliency to /home/fguadagn/FMG_Master_Thesis/neural-sheaf-diffusion-modified/results/node_saliency/roman_empire/GeneralSheaf/normalised-true/stalk_dim-5/5-layers/16-hidden/500-epochs/checkpoints/epoch-1/GeneralSheaf_roman_empire_fold9_seed43.pt
Saved node norms to /home/fguadagn/FMG_Master_Thesis/neural-sheaf-diffusion-modified/results/node_norms/roman_empire/GeneralSheaf/normalised-true/stalk_dim-5/5-layers/16-hidden/500-epochs/checkpoints/epoch-5/GeneralSheaf_roman_empire_fold9_seed43.pt
Saved confidence to /home/fguadagn/FMG_Master_Thesis/neural-sheaf-diffusion-modified/results/node_conf/roman_empire/GeneralSheaf/normalised-true/stalk_dim-5/5-layers/16-hidden/500-epochs/checkpoints/epoch-5/GeneralSheaf_roman_empire_fold9_seed43.pt
Saved per-node accuracy to /home/fguadagn/FMG_Master_Thesis/neural-sheaf-diffusion-modified/results/node_accuracy/roman_empire/GeneralSheaf/normalised-true/stalk_dim-5/5-layers/16-hidden/500-epochs/checkpoints/epoch-5/GeneralSheaf_roman_empire_fold9_seed43.pt
Saved saliency to /home/fguadagn/FMG_Master_Thesis/neural-sheaf-diffusion-modified/results/node_saliency/roman_empire/GeneralSheaf/normalised-true/stalk_dim-5/5-layers/16-hidden/500-epochs/checkpoints/epoch-5/GeneralSheaf_roman_empire_fold9_seed43.pt
Saved node norms to /home/fguadagn/FMG_Master_Thesis/neural-sheaf-diffusion-modified/results/node_norms/roman_empire/GeneralSheaf/normalised-true/stalk_dim-5/5-layers/16-hidden/500-epochs/checkpoints/epoch-15/GeneralSheaf_roman_empire_fold9_seed43.pt
Saved confidence to /home/fguadagn/FMG_Master_Thesis/neural-sheaf-diffusion-modified/results/node_conf/roman_empire/GeneralSheaf/normalised-true/stalk_dim-5/5-layers/16-hidden/500-epochs/checkpoints/epoch-15/GeneralSheaf_roman_empire_fold9_seed43.pt
Saved per-node accuracy to /home/fguadagn/FMG_Master_Thesis/neural-sheaf-diffusion-modified/results/node_accuracy/roman_empire/GeneralSheaf/normalised-true/stalk_dim-5/5-layers/16-hidden/500-epochs/checkpoints/epoch-15/GeneralSheaf_roman_empire_fold9_seed43.pt
Saved saliency to /home/fguadagn/FMG_Master_Thesis/neural-sheaf-diffusion-modified/results/node_saliency/roman_empire/GeneralSheaf/normalised-true/stalk_dim-5/5-layers/16-hidden/500-epochs/checkpoints/epoch-15/GeneralSheaf_roman_empire_fold9_seed43.pt
Saved node norms to /home/fguadagn/FMG_Master_Thesis/neural-sheaf-diffusion-modified/results/node_norms/roman_empire/GeneralSheaf/normalised-true/stalk_dim-5/5-layers/16-hidden/500-epochs/checkpoints/epoch-50/GeneralSheaf_roman_empire_fold9_seed43.pt
Saved confidence to /home/fguadagn/FMG_Master_Thesis/neural-sheaf-diffusion-modified/results/node_conf/roman_empire/GeneralSheaf/normalised-true/stalk_dim-5/5-layers/16-hidden/500-epochs/checkpoints/epoch-50/GeneralSheaf_roman_empire_fold9_seed43.pt
Saved per-node accuracy to /home/fguadagn/FMG_Master_Thesis/neural-sheaf-diffusion-modified/results/node_accuracy/roman_empire/GeneralSheaf/normalised-true/stalk_dim-5/5-layers/16-hidden/500-epochs/checkpoints/epoch-50/GeneralSheaf_roman_empire_fold9_seed43.pt
Saved saliency to /home/fguadagn/FMG_Master_Thesis/neural-sheaf-diffusion-modified/results/node_saliency/roman_empire/GeneralSheaf/normalised-true/stalk_dim-5/5-layers/16-hidden/500-epochs/checkpoints/epoch-50/GeneralSheaf_roman_empire_fold9_seed43.pt
Saved node norms to /home/fguadagn/FMG_Master_Thesis/neural-sheaf-diffusion-modified/results/node_norms/roman_empire/GeneralSheaf/normalised-true/stalk_dim-5/5-layers/16-hidden/500-epochs/checkpoints/epoch-200/GeneralSheaf_roman_empire_fold9_seed43.pt
Saved confidence to /home/fguadagn/FMG_Master_Thesis/neural-sheaf-diffusion-modified/results/node_conf/roman_empire/GeneralSheaf/normalised-true/stalk_dim-5/5-layers/16-hidden/500-epochs/checkpoints/epoch-200/GeneralSheaf_roman_empire_fold9_seed43.pt
Saved per-node accuracy to /home/fguadagn/FMG_Master_Thesis/neural-sheaf-diffusion-modified/results/node_accuracy/roman_empire/GeneralSheaf/normalised-true/stalk_dim-5/5-layers/16-hidden/500-epochs/checkpoints/epoch-200/GeneralSheaf_roman_empire_fold9_seed43.pt
Saved saliency to /home/fguadagn/FMG_Master_Thesis/neural-sheaf-diffusion-modified/results/node_saliency/roman_empire/GeneralSheaf/normalised-true/stalk_dim-5/5-layers/16-hidden/500-epochs/checkpoints/epoch-200/GeneralSheaf_roman_empire_fold9_seed43.pt
Fold 9 | Epochs: 499 | Best epoch: 381
Test acc (best epoch): 0.8732
Test acc (last epoch): 0.8791
Best val acc: 0.8707
Laplacian 0: Max: 3.2534, Min: -3.9702, Avg: -0.0898, Abs avg: 0.4370
Laplacian 1: Max: 3.9021, Min: -4.9832, Avg: -0.3555, Abs avg: 0.9117
Laplacian 2: Max: 4.9643, Min: -4.9638, Avg: -0.0605, Abs avg: 1.4066
Laplacian 3: Max: 4.9595, Min: -4.9979, Avg: -0.0913, Abs avg: 1.6047
Laplacian 4: Max: 4.9999, Min: -5.0000, Avg: 0.0109, Abs avg: 1.6046
Epsilons 0: [0.194 0.567 0.196 0.257 0.341]
Epsilons 1: [0.416 0.236 0.282 0.521 0.457]
Epsilons 2: [0.57  0.176 0.375 0.415 0.459]
Epsilons 3: [0.67  0.47  0.484 0.51  0.738]
Epsilons 4: [0.863 0.587 0.789 0.785 0.934]
Saved node norms to /home/fguadagn/FMG_Master_Thesis/neural-sheaf-diffusion-modified/results/node_norms/roman_empire/GeneralSheaf/normalised-true/stalk_dim-5/5-layers/16-hidden/500-epochs/checkpoints/best-epoch/GeneralSheaf_roman_empire_fold9_seed43.pt
Saved best-epoch node norms (epoch 381) to checkpoints/best-epoch/
Saved confidence to /home/fguadagn/FMG_Master_Thesis/neural-sheaf-diffusion-modified/results/node_conf/roman_empire/GeneralSheaf/normalised-true/stalk_dim-5/5-layers/16-hidden/500-epochs/checkpoints/best-epoch/GeneralSheaf_roman_empire_fold9_seed43.pt
Saved per-node accuracy to /home/fguadagn/FMG_Master_Thesis/neural-sheaf-diffusion-modified/results/node_accuracy/roman_empire/GeneralSheaf/normalised-true/stalk_dim-5/5-layers/16-hidden/500-epochs/checkpoints/best-epoch/GeneralSheaf_roman_empire_fold9_seed43.pt
Saved saliency to /home/fguadagn/FMG_Master_Thesis/neural-sheaf-diffusion-modified/results/node_saliency/roman_empire/GeneralSheaf/normalised-true/stalk_dim-5/5-layers/16-hidden/500-epochs/checkpoints/best-epoch/GeneralSheaf_roman_empire_fold9_seed43.pt
Saved model weights to /home/fguadagn/FMG_Master_Thesis/neural-sheaf-diffusion-modified/results/model_weights/roman_empire/GeneralSheaf/normalised-true/stalk_dim-5/5-layers/16-hidden/500-epochs/checkpoints/best-epoch/GeneralSheaf_roman_empire_fold9_seed43.pth
Saved fold masks to /home/fguadagn/FMG_Master_Thesis/neural-sheaf-diffusion-modified/results/model_weights/roman_empire/GeneralSheaf/normalised-true/stalk_dim-5/5-layers/16-hidden/500-epochs/checkpoints/best-epoch/GeneralSheaf_roman_empire_fold9_seed43_masks.pt
Saved best-epoch model weights and masks (epoch 381) to checkpoints/best-epoch/
Updated best_epochs.json: fold_9 -> epoch 381
Saved node norms to /home/fguadagn/FMG_Master_Thesis/neural-sheaf-diffusion-modified/results/node_norms/roman_empire/GeneralSheaf/normalised-true/stalk_dim-5/5-layers/16-hidden/500-epochs/GeneralSheaf_roman_empire_fold9_seed43.pt
Saved node predictions to /home/fguadagn/FMG_Master_Thesis/neural-sheaf-diffusion-modified/results/node_preds/roman_empire/GeneralSheaf/normalised-true/stalk_dim-5/5-layers/16-hidden/500-epochs/GeneralSheaf_roman_empire_fold9_seed43.pt
Saved confidence to /home/fguadagn/FMG_Master_Thesis/neural-sheaf-diffusion-modified/results/node_conf/roman_empire/GeneralSheaf/normalised-true/stalk_dim-5/5-layers/16-hidden/500-epochs/GeneralSheaf_roman_empire_fold9_seed43.pt
Saved per-node accuracy to /home/fguadagn/FMG_Master_Thesis/neural-sheaf-diffusion-modified/results/node_accuracy/roman_empire/GeneralSheaf/normalised-true/stalk_dim-5/5-layers/16-hidden/500-epochs/GeneralSheaf_roman_empire_fold9_seed43.pt
Saved saliency to /home/fguadagn/FMG_Master_Thesis/neural-sheaf-diffusion-modified/results/node_saliency/roman_empire/GeneralSheaf/normalised-true/stalk_dim-5/5-layers/16-hidden/500-epochs/GeneralSheaf_roman_empire_fold9_seed43.pt
GeneralSheaf on roman_empire | SHA: 76c20f9b6a5a98e71dded402ae983d844519635e
Test acc: 87.0108 +/- 0.6322 | Val acc: 87.3058
