Running with wandb account: franceguad2002-epfl
Namespace(epochs=500, lr=0.01, weight_decay=0.0006914841722570725, sheaf_decay=0.00031764232712732976, early_stopping=200, min_acc=0.0, stop_strategy='loss', d=5, layers=4, normalised=False, deg_normalised=False, linear=False, hidden_channels=16, input_dropout=0.2, dropout=0.2, left_weights=True, right_weights=True, add_lp=False, add_hp=False, use_act=True, second_linear=False, orth='householder', sheaf_act='tanh', edge_weights=False, sparse_learner=False, dataset='questions', seed=43, cuda=0, folds=10, model='BundleSheaf', entity='franceguad2002-epfl', evectors=0, max_t=1.0, int_method=None, step_size=1, max_iters=100, adjoint_method='adaptive_heun', adjoint=False, adjoint_step_size=1, tol_scale=1.0, tol_scale_adjoint=1.0, max_nfe=1000, no_early=False, earlystopxT=3, max_test_steps=100, num_nodes=200, num_classes=2, num_feats=10, het_coef=0.9, edge_noise=0.05, node_degree=10, feat_noise=0.25, ellipsoid_radius=1, just_add_noise=False, ellipsoids=True, classes_corr=None, dual_diff_strength=1.0, dual_normalised=True, sheaf_init=False, dual_left_linear=True, dual_right_linear=True, dual_linear=False, learn_first_maps=False, learnt_map_type='general', rotation_invariant_sheaf_learner=False, node_edge_sims_time_dependent=False, num_of_convolutions=1, dim_list=[], zero_laplacian=False, maps_lr=None, use_epsilons=True, use_embedding=True, checkpoint_epochs=[0, 1, 5, 15, 50, 200], save_laplacians=False, save_norms=True, save_preds=True, save_saliency=True, save_others=False, sha='76c20f9b6a5a98e71dded402ae983d844519635e', graph_size=48921, input_dim=301, output_dim=2, device=device(type='cuda', index=0))
Saved node norms to /home/fguadagn/FMG_Master_Thesis/neural-sheaf-diffusion-modified/results/node_norms/questions/BundleSheaf/normalised-false/stalk_dim-5/4-layers/16-hidden/500-epochs/checkpoints/epoch-0/BundleSheaf_questions_fold0_seed43.pt
Saved confidence to /home/fguadagn/FMG_Master_Thesis/neural-sheaf-diffusion-modified/results/node_conf/questions/BundleSheaf/normalised-false/stalk_dim-5/4-layers/16-hidden/500-epochs/checkpoints/epoch-0/BundleSheaf_questions_fold0_seed43.pt
Saved per-node accuracy to /home/fguadagn/FMG_Master_Thesis/neural-sheaf-diffusion-modified/results/node_accuracy/questions/BundleSheaf/normalised-false/stalk_dim-5/4-layers/16-hidden/500-epochs/checkpoints/epoch-0/BundleSheaf_questions_fold0_seed43.pt
Saved saliency to /home/fguadagn/FMG_Master_Thesis/neural-sheaf-diffusion-modified/results/node_saliency/questions/BundleSheaf/normalised-false/stalk_dim-5/4-layers/16-hidden/500-epochs/checkpoints/epoch-0/BundleSheaf_questions_fold0_seed43.pt
Saved node norms to /home/fguadagn/FMG_Master_Thesis/neural-sheaf-diffusion-modified/results/node_norms/questions/BundleSheaf/normalised-false/stalk_dim-5/4-layers/16-hidden/500-epochs/checkpoints/epoch-1/BundleSheaf_questions_fold0_seed43.pt
Saved confidence to /home/fguadagn/FMG_Master_Thesis/neural-sheaf-diffusion-modified/results/node_conf/questions/BundleSheaf/normalised-false/stalk_dim-5/4-layers/16-hidden/500-epochs/checkpoints/epoch-1/BundleSheaf_questions_fold0_seed43.pt
Saved per-node accuracy to /home/fguadagn/FMG_Master_Thesis/neural-sheaf-diffusion-modified/results/node_accuracy/questions/BundleSheaf/normalised-false/stalk_dim-5/4-layers/16-hidden/500-epochs/checkpoints/epoch-1/BundleSheaf_questions_fold0_seed43.pt
Saved saliency to /home/fguadagn/FMG_Master_Thesis/neural-sheaf-diffusion-modified/results/node_saliency/questions/BundleSheaf/normalised-false/stalk_dim-5/4-layers/16-hidden/500-epochs/checkpoints/epoch-1/BundleSheaf_questions_fold0_seed43.pt
Saved node norms to /home/fguadagn/FMG_Master_Thesis/neural-sheaf-diffusion-modified/results/node_norms/questions/BundleSheaf/normalised-false/stalk_dim-5/4-layers/16-hidden/500-epochs/checkpoints/epoch-5/BundleSheaf_questions_fold0_seed43.pt
Saved confidence to /home/fguadagn/FMG_Master_Thesis/neural-sheaf-diffusion-modified/results/node_conf/questions/BundleSheaf/normalised-false/stalk_dim-5/4-layers/16-hidden/500-epochs/checkpoints/epoch-5/BundleSheaf_questions_fold0_seed43.pt
Saved per-node accuracy to /home/fguadagn/FMG_Master_Thesis/neural-sheaf-diffusion-modified/results/node_accuracy/questions/BundleSheaf/normalised-false/stalk_dim-5/4-layers/16-hidden/500-epochs/checkpoints/epoch-5/BundleSheaf_questions_fold0_seed43.pt
Saved saliency to /home/fguadagn/FMG_Master_Thesis/neural-sheaf-diffusion-modified/results/node_saliency/questions/BundleSheaf/normalised-false/stalk_dim-5/4-layers/16-hidden/500-epochs/checkpoints/epoch-5/BundleSheaf_questions_fold0_seed43.pt
Saved node norms to /home/fguadagn/FMG_Master_Thesis/neural-sheaf-diffusion-modified/results/node_norms/questions/BundleSheaf/normalised-false/stalk_dim-5/4-layers/16-hidden/500-epochs/checkpoints/epoch-15/BundleSheaf_questions_fold0_seed43.pt
Saved confidence to /home/fguadagn/FMG_Master_Thesis/neural-sheaf-diffusion-modified/results/node_conf/questions/BundleSheaf/normalised-false/stalk_dim-5/4-layers/16-hidden/500-epochs/checkpoints/epoch-15/BundleSheaf_questions_fold0_seed43.pt
Saved per-node accuracy to /home/fguadagn/FMG_Master_Thesis/neural-sheaf-diffusion-modified/results/node_accuracy/questions/BundleSheaf/normalised-false/stalk_dim-5/4-layers/16-hidden/500-epochs/checkpoints/epoch-15/BundleSheaf_questions_fold0_seed43.pt
Saved saliency to /home/fguadagn/FMG_Master_Thesis/neural-sheaf-diffusion-modified/results/node_saliency/questions/BundleSheaf/normalised-false/stalk_dim-5/4-layers/16-hidden/500-epochs/checkpoints/epoch-15/BundleSheaf_questions_fold0_seed43.pt
Saved node norms to /home/fguadagn/FMG_Master_Thesis/neural-sheaf-diffusion-modified/results/node_norms/questions/BundleSheaf/normalised-false/stalk_dim-5/4-layers/16-hidden/500-epochs/checkpoints/epoch-50/BundleSheaf_questions_fold0_seed43.pt
Saved confidence to /home/fguadagn/FMG_Master_Thesis/neural-sheaf-diffusion-modified/results/node_conf/questions/BundleSheaf/normalised-false/stalk_dim-5/4-layers/16-hidden/500-epochs/checkpoints/epoch-50/BundleSheaf_questions_fold0_seed43.pt
Saved per-node accuracy to /home/fguadagn/FMG_Master_Thesis/neural-sheaf-diffusion-modified/results/node_accuracy/questions/BundleSheaf/normalised-false/stalk_dim-5/4-layers/16-hidden/500-epochs/checkpoints/epoch-50/BundleSheaf_questions_fold0_seed43.pt
Saved saliency to /home/fguadagn/FMG_Master_Thesis/neural-sheaf-diffusion-modified/results/node_saliency/questions/BundleSheaf/normalised-false/stalk_dim-5/4-layers/16-hidden/500-epochs/checkpoints/epoch-50/BundleSheaf_questions_fold0_seed43.pt
Saved node norms to /home/fguadagn/FMG_Master_Thesis/neural-sheaf-diffusion-modified/results/node_norms/questions/BundleSheaf/normalised-false/stalk_dim-5/4-layers/16-hidden/500-epochs/checkpoints/epoch-200/BundleSheaf_questions_fold0_seed43.pt
Saved confidence to /home/fguadagn/FMG_Master_Thesis/neural-sheaf-diffusion-modified/results/node_conf/questions/BundleSheaf/normalised-false/stalk_dim-5/4-layers/16-hidden/500-epochs/checkpoints/epoch-200/BundleSheaf_questions_fold0_seed43.pt
Saved per-node accuracy to /home/fguadagn/FMG_Master_Thesis/neural-sheaf-diffusion-modified/results/node_accuracy/questions/BundleSheaf/normalised-false/stalk_dim-5/4-layers/16-hidden/500-epochs/checkpoints/epoch-200/BundleSheaf_questions_fold0_seed43.pt
Saved saliency to /home/fguadagn/FMG_Master_Thesis/neural-sheaf-diffusion-modified/results/node_saliency/questions/BundleSheaf/normalised-false/stalk_dim-5/4-layers/16-hidden/500-epochs/checkpoints/epoch-200/BundleSheaf_questions_fold0_seed43.pt
Fold 0 | Epochs: 448 | Best epoch: 248
Test acc (best epoch): 0.9008
Test acc (last epoch): 0.8720
Best val acc: 0.9048
Test AUC (best epoch): 0.4895
Test AUC (last epoch): 0.5007
Laplacian 0: Max: 0.9761, Min: -1.0000, Avg: -0.1368, Abs avg: 0.3366
Laplacian 1: Max: 0.9997, Min: -1.0000, Avg: -0.0476, Abs avg: 0.3305
Laplacian 2: Max: 0.9978, Min: -1.0000, Avg: -0.0295, Abs avg: 0.3423
Laplacian 3: Max: 1.0000, Min: -1.0000, Avg: -0.1067, Abs avg: 0.2307
Epsilons 0: [ 0.297  0.333 -0.023  0.187 -0.237]
Epsilons 1: [ 0.289  0.056  0.018  0.193 -0.121]
Epsilons 2: [-0.101  0.372 -0.002  0.368  0.417]
Epsilons 3: [-0.6   -0.777 -0.264 -0.886 -0.478]
Saved node norms to /home/fguadagn/FMG_Master_Thesis/neural-sheaf-diffusion-modified/results/node_norms/questions/BundleSheaf/normalised-false/stalk_dim-5/4-layers/16-hidden/500-epochs/checkpoints/best-epoch/BundleSheaf_questions_fold0_seed43.pt
Saved best-epoch node norms (epoch 248) to checkpoints/best-epoch/
Saved confidence to /home/fguadagn/FMG_Master_Thesis/neural-sheaf-diffusion-modified/results/node_conf/questions/BundleSheaf/normalised-false/stalk_dim-5/4-layers/16-hidden/500-epochs/checkpoints/best-epoch/BundleSheaf_questions_fold0_seed43.pt
Saved per-node accuracy to /home/fguadagn/FMG_Master_Thesis/neural-sheaf-diffusion-modified/results/node_accuracy/questions/BundleSheaf/normalised-false/stalk_dim-5/4-layers/16-hidden/500-epochs/checkpoints/best-epoch/BundleSheaf_questions_fold0_seed43.pt
Saved saliency to /home/fguadagn/FMG_Master_Thesis/neural-sheaf-diffusion-modified/results/node_saliency/questions/BundleSheaf/normalised-false/stalk_dim-5/4-layers/16-hidden/500-epochs/checkpoints/best-epoch/BundleSheaf_questions_fold0_seed43.pt
Saved training args to /home/fguadagn/FMG_Master_Thesis/neural-sheaf-diffusion-modified/results/model_weights/questions/BundleSheaf/normalised-false/stalk_dim-5/4-layers/16-hidden/500-epochs/training_args.json
Saved model weights to /home/fguadagn/FMG_Master_Thesis/neural-sheaf-diffusion-modified/results/model_weights/questions/BundleSheaf/normalised-false/stalk_dim-5/4-layers/16-hidden/500-epochs/checkpoints/best-epoch/BundleSheaf_questions_fold0_seed43.pth
Saved fold masks to /home/fguadagn/FMG_Master_Thesis/neural-sheaf-diffusion-modified/results/model_weights/questions/BundleSheaf/normalised-false/stalk_dim-5/4-layers/16-hidden/500-epochs/checkpoints/best-epoch/BundleSheaf_questions_fold0_seed43_masks.pt
Saved best-epoch model weights and masks (epoch 248) to checkpoints/best-epoch/
Updated best_epochs.json: fold_0 -> epoch 248
Saved node norms to /home/fguadagn/FMG_Master_Thesis/neural-sheaf-diffusion-modified/results/node_norms/questions/BundleSheaf/normalised-false/stalk_dim-5/4-layers/16-hidden/500-epochs/BundleSheaf_questions_fold0_seed43.pt
Saved node predictions to /home/fguadagn/FMG_Master_Thesis/neural-sheaf-diffusion-modified/results/node_preds/questions/BundleSheaf/normalised-false/stalk_dim-5/4-layers/16-hidden/500-epochs/BundleSheaf_questions_fold0_seed43.pt
Saved confidence to /home/fguadagn/FMG_Master_Thesis/neural-sheaf-diffusion-modified/results/node_conf/questions/BundleSheaf/normalised-false/stalk_dim-5/4-layers/16-hidden/500-epochs/BundleSheaf_questions_fold0_seed43.pt
Saved per-node accuracy to /home/fguadagn/FMG_Master_Thesis/neural-sheaf-diffusion-modified/results/node_accuracy/questions/BundleSheaf/normalised-false/stalk_dim-5/4-layers/16-hidden/500-epochs/BundleSheaf_questions_fold0_seed43.pt
Saved saliency to /home/fguadagn/FMG_Master_Thesis/neural-sheaf-diffusion-modified/results/node_saliency/questions/BundleSheaf/normalised-false/stalk_dim-5/4-layers/16-hidden/500-epochs/BundleSheaf_questions_fold0_seed43.pt
Saved node norms to /home/fguadagn/FMG_Master_Thesis/neural-sheaf-diffusion-modified/results/node_norms/questions/BundleSheaf/normalised-false/stalk_dim-5/4-layers/16-hidden/500-epochs/checkpoints/epoch-0/BundleSheaf_questions_fold1_seed43.pt
Saved confidence to /home/fguadagn/FMG_Master_Thesis/neural-sheaf-diffusion-modified/results/node_conf/questions/BundleSheaf/normalised-false/stalk_dim-5/4-layers/16-hidden/500-epochs/checkpoints/epoch-0/BundleSheaf_questions_fold1_seed43.pt
Saved per-node accuracy to /home/fguadagn/FMG_Master_Thesis/neural-sheaf-diffusion-modified/results/node_accuracy/questions/BundleSheaf/normalised-false/stalk_dim-5/4-layers/16-hidden/500-epochs/checkpoints/epoch-0/BundleSheaf_questions_fold1_seed43.pt
Saved saliency to /home/fguadagn/FMG_Master_Thesis/neural-sheaf-diffusion-modified/results/node_saliency/questions/BundleSheaf/normalised-false/stalk_dim-5/4-layers/16-hidden/500-epochs/checkpoints/epoch-0/BundleSheaf_questions_fold1_seed43.pt
Saved node norms to /home/fguadagn/FMG_Master_Thesis/neural-sheaf-diffusion-modified/results/node_norms/questions/BundleSheaf/normalised-false/stalk_dim-5/4-layers/16-hidden/500-epochs/checkpoints/epoch-1/BundleSheaf_questions_fold1_seed43.pt
Saved confidence to /home/fguadagn/FMG_Master_Thesis/neural-sheaf-diffusion-modified/results/node_conf/questions/BundleSheaf/normalised-false/stalk_dim-5/4-layers/16-hidden/500-epochs/checkpoints/epoch-1/BundleSheaf_questions_fold1_seed43.pt
Saved per-node accuracy to /home/fguadagn/FMG_Master_Thesis/neural-sheaf-diffusion-modified/results/node_accuracy/questions/BundleSheaf/normalised-false/stalk_dim-5/4-layers/16-hidden/500-epochs/checkpoints/epoch-1/BundleSheaf_questions_fold1_seed43.pt
Saved saliency to /home/fguadagn/FMG_Master_Thesis/neural-sheaf-diffusion-modified/results/node_saliency/questions/BundleSheaf/normalised-false/stalk_dim-5/4-layers/16-hidden/500-epochs/checkpoints/epoch-1/BundleSheaf_questions_fold1_seed43.pt
Saved node norms to /home/fguadagn/FMG_Master_Thesis/neural-sheaf-diffusion-modified/results/node_norms/questions/BundleSheaf/normalised-false/stalk_dim-5/4-layers/16-hidden/500-epochs/checkpoints/epoch-5/BundleSheaf_questions_fold1_seed43.pt
Saved confidence to /home/fguadagn/FMG_Master_Thesis/neural-sheaf-diffusion-modified/results/node_conf/questions/BundleSheaf/normalised-false/stalk_dim-5/4-layers/16-hidden/500-epochs/checkpoints/epoch-5/BundleSheaf_questions_fold1_seed43.pt
Saved per-node accuracy to /home/fguadagn/FMG_Master_Thesis/neural-sheaf-diffusion-modified/results/node_accuracy/questions/BundleSheaf/normalised-false/stalk_dim-5/4-layers/16-hidden/500-epochs/checkpoints/epoch-5/BundleSheaf_questions_fold1_seed43.pt
Saved saliency to /home/fguadagn/FMG_Master_Thesis/neural-sheaf-diffusion-modified/results/node_saliency/questions/BundleSheaf/normalised-false/stalk_dim-5/4-layers/16-hidden/500-epochs/checkpoints/epoch-5/BundleSheaf_questions_fold1_seed43.pt
Saved node norms to /home/fguadagn/FMG_Master_Thesis/neural-sheaf-diffusion-modified/results/node_norms/questions/BundleSheaf/normalised-false/stalk_dim-5/4-layers/16-hidden/500-epochs/checkpoints/epoch-15/BundleSheaf_questions_fold1_seed43.pt
Saved confidence to /home/fguadagn/FMG_Master_Thesis/neural-sheaf-diffusion-modified/results/node_conf/questions/BundleSheaf/normalised-false/stalk_dim-5/4-layers/16-hidden/500-epochs/checkpoints/epoch-15/BundleSheaf_questions_fold1_seed43.pt
Saved per-node accuracy to /home/fguadagn/FMG_Master_Thesis/neural-sheaf-diffusion-modified/results/node_accuracy/questions/BundleSheaf/normalised-false/stalk_dim-5/4-layers/16-hidden/500-epochs/checkpoints/epoch-15/BundleSheaf_questions_fold1_seed43.pt
Saved saliency to /home/fguadagn/FMG_Master_Thesis/neural-sheaf-diffusion-modified/results/node_saliency/questions/BundleSheaf/normalised-false/stalk_dim-5/4-layers/16-hidden/500-epochs/checkpoints/epoch-15/BundleSheaf_questions_fold1_seed43.pt
Saved node norms to /home/fguadagn/FMG_Master_Thesis/neural-sheaf-diffusion-modified/results/node_norms/questions/BundleSheaf/normalised-false/stalk_dim-5/4-layers/16-hidden/500-epochs/checkpoints/epoch-50/BundleSheaf_questions_fold1_seed43.pt
Saved confidence to /home/fguadagn/FMG_Master_Thesis/neural-sheaf-diffusion-modified/results/node_conf/questions/BundleSheaf/normalised-false/stalk_dim-5/4-layers/16-hidden/500-epochs/checkpoints/epoch-50/BundleSheaf_questions_fold1_seed43.pt
Saved per-node accuracy to /home/fguadagn/FMG_Master_Thesis/neural-sheaf-diffusion-modified/results/node_accuracy/questions/BundleSheaf/normalised-false/stalk_dim-5/4-layers/16-hidden/500-epochs/checkpoints/epoch-50/BundleSheaf_questions_fold1_seed43.pt
Saved saliency to /home/fguadagn/FMG_Master_Thesis/neural-sheaf-diffusion-modified/results/node_saliency/questions/BundleSheaf/normalised-false/stalk_dim-5/4-layers/16-hidden/500-epochs/checkpoints/epoch-50/BundleSheaf_questions_fold1_seed43.pt
Saved node norms to /home/fguadagn/FMG_Master_Thesis/neural-sheaf-diffusion-modified/results/node_norms/questions/BundleSheaf/normalised-false/stalk_dim-5/4-layers/16-hidden/500-epochs/checkpoints/epoch-200/BundleSheaf_questions_fold1_seed43.pt
Saved confidence to /home/fguadagn/FMG_Master_Thesis/neural-sheaf-diffusion-modified/results/node_conf/questions/BundleSheaf/normalised-false/stalk_dim-5/4-layers/16-hidden/500-epochs/checkpoints/epoch-200/BundleSheaf_questions_fold1_seed43.pt
Saved per-node accuracy to /home/fguadagn/FMG_Master_Thesis/neural-sheaf-diffusion-modified/results/node_accuracy/questions/BundleSheaf/normalised-false/stalk_dim-5/4-layers/16-hidden/500-epochs/checkpoints/epoch-200/BundleSheaf_questions_fold1_seed43.pt
Saved saliency to /home/fguadagn/FMG_Master_Thesis/neural-sheaf-diffusion-modified/results/node_saliency/questions/BundleSheaf/normalised-false/stalk_dim-5/4-layers/16-hidden/500-epochs/checkpoints/epoch-200/BundleSheaf_questions_fold1_seed43.pt
Fold 1 | Epochs: 499 | Best epoch: 422
Test acc (best epoch): 0.9525
Test acc (last epoch): 0.9486
Best val acc: 0.9530
Test AUC (best epoch): 0.4924
Test AUC (last epoch): 0.5120
Laplacian 0: Max: 0.9814, Min: -1.0000, Avg: -0.1914, Abs avg: 0.3018
Laplacian 1: Max: 1.0000, Min: -1.0000, Avg: -0.0546, Abs avg: 0.3522
Laplacian 2: Max: 1.0000, Min: -1.0000, Avg: 0.0245, Abs avg: 0.3679
Laplacian 3: Max: 1.0000, Min: -1.0000, Avg: -0.0601, Abs avg: 0.3446
Epsilons 0: [ 0.057 -0.143  0.014 -0.028  0.091]
Epsilons 1: [-0.054  0.118 -0.106 -0.072 -0.05 ]
Epsilons 2: [-0.167 -0.243 -0.148 -0.053 -0.253]
Epsilons 3: [-0.402  0.047 -0.08  -0.227 -0.326]
Saved node norms to /home/fguadagn/FMG_Master_Thesis/neural-sheaf-diffusion-modified/results/node_norms/questions/BundleSheaf/normalised-false/stalk_dim-5/4-layers/16-hidden/500-epochs/checkpoints/best-epoch/BundleSheaf_questions_fold1_seed43.pt
Saved best-epoch node norms (epoch 422) to checkpoints/best-epoch/
Saved confidence to /home/fguadagn/FMG_Master_Thesis/neural-sheaf-diffusion-modified/results/node_conf/questions/BundleSheaf/normalised-false/stalk_dim-5/4-layers/16-hidden/500-epochs/checkpoints/best-epoch/BundleSheaf_questions_fold1_seed43.pt
Saved per-node accuracy to /home/fguadagn/FMG_Master_Thesis/neural-sheaf-diffusion-modified/results/node_accuracy/questions/BundleSheaf/normalised-false/stalk_dim-5/4-layers/16-hidden/500-epochs/checkpoints/best-epoch/BundleSheaf_questions_fold1_seed43.pt
Saved saliency to /home/fguadagn/FMG_Master_Thesis/neural-sheaf-diffusion-modified/results/node_saliency/questions/BundleSheaf/normalised-false/stalk_dim-5/4-layers/16-hidden/500-epochs/checkpoints/best-epoch/BundleSheaf_questions_fold1_seed43.pt
Saved model weights to /home/fguadagn/FMG_Master_Thesis/neural-sheaf-diffusion-modified/results/model_weights/questions/BundleSheaf/normalised-false/stalk_dim-5/4-layers/16-hidden/500-epochs/checkpoints/best-epoch/BundleSheaf_questions_fold1_seed43.pth
Saved fold masks to /home/fguadagn/FMG_Master_Thesis/neural-sheaf-diffusion-modified/results/model_weights/questions/BundleSheaf/normalised-false/stalk_dim-5/4-layers/16-hidden/500-epochs/checkpoints/best-epoch/BundleSheaf_questions_fold1_seed43_masks.pt
Saved best-epoch model weights and masks (epoch 422) to checkpoints/best-epoch/
Updated best_epochs.json: fold_1 -> epoch 422
Saved node norms to /home/fguadagn/FMG_Master_Thesis/neural-sheaf-diffusion-modified/results/node_norms/questions/BundleSheaf/normalised-false/stalk_dim-5/4-layers/16-hidden/500-epochs/BundleSheaf_questions_fold1_seed43.pt
Saved node predictions to /home/fguadagn/FMG_Master_Thesis/neural-sheaf-diffusion-modified/results/node_preds/questions/BundleSheaf/normalised-false/stalk_dim-5/4-layers/16-hidden/500-epochs/BundleSheaf_questions_fold1_seed43.pt
Saved confidence to /home/fguadagn/FMG_Master_Thesis/neural-sheaf-diffusion-modified/results/node_conf/questions/BundleSheaf/normalised-false/stalk_dim-5/4-layers/16-hidden/500-epochs/BundleSheaf_questions_fold1_seed43.pt
Saved per-node accuracy to /home/fguadagn/FMG_Master_Thesis/neural-sheaf-diffusion-modified/results/node_accuracy/questions/BundleSheaf/normalised-false/stalk_dim-5/4-layers/16-hidden/500-epochs/BundleSheaf_questions_fold1_seed43.pt
Saved saliency to /home/fguadagn/FMG_Master_Thesis/neural-sheaf-diffusion-modified/results/node_saliency/questions/BundleSheaf/normalised-false/stalk_dim-5/4-layers/16-hidden/500-epochs/BundleSheaf_questions_fold1_seed43.pt
Saved node norms to /home/fguadagn/FMG_Master_Thesis/neural-sheaf-diffusion-modified/results/node_norms/questions/BundleSheaf/normalised-false/stalk_dim-5/4-layers/16-hidden/500-epochs/checkpoints/epoch-0/BundleSheaf_questions_fold2_seed43.pt
Saved confidence to /home/fguadagn/FMG_Master_Thesis/neural-sheaf-diffusion-modified/results/node_conf/questions/BundleSheaf/normalised-false/stalk_dim-5/4-layers/16-hidden/500-epochs/checkpoints/epoch-0/BundleSheaf_questions_fold2_seed43.pt
Saved per-node accuracy to /home/fguadagn/FMG_Master_Thesis/neural-sheaf-diffusion-modified/results/node_accuracy/questions/BundleSheaf/normalised-false/stalk_dim-5/4-layers/16-hidden/500-epochs/checkpoints/epoch-0/BundleSheaf_questions_fold2_seed43.pt
Saved saliency to /home/fguadagn/FMG_Master_Thesis/neural-sheaf-diffusion-modified/results/node_saliency/questions/BundleSheaf/normalised-false/stalk_dim-5/4-layers/16-hidden/500-epochs/checkpoints/epoch-0/BundleSheaf_questions_fold2_seed43.pt
Saved node norms to /home/fguadagn/FMG_Master_Thesis/neural-sheaf-diffusion-modified/results/node_norms/questions/BundleSheaf/normalised-false/stalk_dim-5/4-layers/16-hidden/500-epochs/checkpoints/epoch-1/BundleSheaf_questions_fold2_seed43.pt
Saved confidence to /home/fguadagn/FMG_Master_Thesis/neural-sheaf-diffusion-modified/results/node_conf/questions/BundleSheaf/normalised-false/stalk_dim-5/4-layers/16-hidden/500-epochs/checkpoints/epoch-1/BundleSheaf_questions_fold2_seed43.pt
Saved per-node accuracy to /home/fguadagn/FMG_Master_Thesis/neural-sheaf-diffusion-modified/results/node_accuracy/questions/BundleSheaf/normalised-false/stalk_dim-5/4-layers/16-hidden/500-epochs/checkpoints/epoch-1/BundleSheaf_questions_fold2_seed43.pt
Saved saliency to /home/fguadagn/FMG_Master_Thesis/neural-sheaf-diffusion-modified/results/node_saliency/questions/BundleSheaf/normalised-false/stalk_dim-5/4-layers/16-hidden/500-epochs/checkpoints/epoch-1/BundleSheaf_questions_fold2_seed43.pt
Saved node norms to /home/fguadagn/FMG_Master_Thesis/neural-sheaf-diffusion-modified/results/node_norms/questions/BundleSheaf/normalised-false/stalk_dim-5/4-layers/16-hidden/500-epochs/checkpoints/epoch-5/BundleSheaf_questions_fold2_seed43.pt
Saved confidence to /home/fguadagn/FMG_Master_Thesis/neural-sheaf-diffusion-modified/results/node_conf/questions/BundleSheaf/normalised-false/stalk_dim-5/4-layers/16-hidden/500-epochs/checkpoints/epoch-5/BundleSheaf_questions_fold2_seed43.pt
Saved per-node accuracy to /home/fguadagn/FMG_Master_Thesis/neural-sheaf-diffusion-modified/results/node_accuracy/questions/BundleSheaf/normalised-false/stalk_dim-5/4-layers/16-hidden/500-epochs/checkpoints/epoch-5/BundleSheaf_questions_fold2_seed43.pt
Saved saliency to /home/fguadagn/FMG_Master_Thesis/neural-sheaf-diffusion-modified/results/node_saliency/questions/BundleSheaf/normalised-false/stalk_dim-5/4-layers/16-hidden/500-epochs/checkpoints/epoch-5/BundleSheaf_questions_fold2_seed43.pt
Saved node norms to /home/fguadagn/FMG_Master_Thesis/neural-sheaf-diffusion-modified/results/node_norms/questions/BundleSheaf/normalised-false/stalk_dim-5/4-layers/16-hidden/500-epochs/checkpoints/epoch-15/BundleSheaf_questions_fold2_seed43.pt
Saved confidence to /home/fguadagn/FMG_Master_Thesis/neural-sheaf-diffusion-modified/results/node_conf/questions/BundleSheaf/normalised-false/stalk_dim-5/4-layers/16-hidden/500-epochs/checkpoints/epoch-15/BundleSheaf_questions_fold2_seed43.pt
Saved per-node accuracy to /home/fguadagn/FMG_Master_Thesis/neural-sheaf-diffusion-modified/results/node_accuracy/questions/BundleSheaf/normalised-false/stalk_dim-5/4-layers/16-hidden/500-epochs/checkpoints/epoch-15/BundleSheaf_questions_fold2_seed43.pt
Saved saliency to /home/fguadagn/FMG_Master_Thesis/neural-sheaf-diffusion-modified/results/node_saliency/questions/BundleSheaf/normalised-false/stalk_dim-5/4-layers/16-hidden/500-epochs/checkpoints/epoch-15/BundleSheaf_questions_fold2_seed43.pt
Saved node norms to /home/fguadagn/FMG_Master_Thesis/neural-sheaf-diffusion-modified/results/node_norms/questions/BundleSheaf/normalised-false/stalk_dim-5/4-layers/16-hidden/500-epochs/checkpoints/epoch-50/BundleSheaf_questions_fold2_seed43.pt
Saved confidence to /home/fguadagn/FMG_Master_Thesis/neural-sheaf-diffusion-modified/results/node_conf/questions/BundleSheaf/normalised-false/stalk_dim-5/4-layers/16-hidden/500-epochs/checkpoints/epoch-50/BundleSheaf_questions_fold2_seed43.pt
Saved per-node accuracy to /home/fguadagn/FMG_Master_Thesis/neural-sheaf-diffusion-modified/results/node_accuracy/questions/BundleSheaf/normalised-false/stalk_dim-5/4-layers/16-hidden/500-epochs/checkpoints/epoch-50/BundleSheaf_questions_fold2_seed43.pt
Saved saliency to /home/fguadagn/FMG_Master_Thesis/neural-sheaf-diffusion-modified/results/node_saliency/questions/BundleSheaf/normalised-false/stalk_dim-5/4-layers/16-hidden/500-epochs/checkpoints/epoch-50/BundleSheaf_questions_fold2_seed43.pt
Saved node norms to /home/fguadagn/FMG_Master_Thesis/neural-sheaf-diffusion-modified/results/node_norms/questions/BundleSheaf/normalised-false/stalk_dim-5/4-layers/16-hidden/500-epochs/checkpoints/epoch-200/BundleSheaf_questions_fold2_seed43.pt
Saved confidence to /home/fguadagn/FMG_Master_Thesis/neural-sheaf-diffusion-modified/results/node_conf/questions/BundleSheaf/normalised-false/stalk_dim-5/4-layers/16-hidden/500-epochs/checkpoints/epoch-200/BundleSheaf_questions_fold2_seed43.pt
Saved per-node accuracy to /home/fguadagn/FMG_Master_Thesis/neural-sheaf-diffusion-modified/results/node_accuracy/questions/BundleSheaf/normalised-false/stalk_dim-5/4-layers/16-hidden/500-epochs/checkpoints/epoch-200/BundleSheaf_questions_fold2_seed43.pt
Saved saliency to /home/fguadagn/FMG_Master_Thesis/neural-sheaf-diffusion-modified/results/node_saliency/questions/BundleSheaf/normalised-false/stalk_dim-5/4-layers/16-hidden/500-epochs/checkpoints/epoch-200/BundleSheaf_questions_fold2_seed43.pt
Fold 2 | Epochs: 499 | Best epoch: 459
Test acc (best epoch): 0.8439
Test acc (last epoch): 0.9379
Best val acc: 0.8433
Test AUC (best epoch): 0.5122
Test AUC (last epoch): 0.4927
Laplacian 0: Max: 0.9988, Min: -1.0000, Avg: -0.1659, Abs avg: 0.3158
Laplacian 1: Max: 1.0000, Min: -1.0000, Avg: -0.0677, Abs avg: 0.2776
Laplacian 2: Max: 1.0000, Min: -1.0000, Avg: 0.0448, Abs avg: 0.3240
Laplacian 3: Max: 0.9960, Min: -1.0000, Avg: -0.0421, Abs avg: 0.3546
Epsilons 0: [-0.08   0.01   0.054  0.195 -0.005]
Epsilons 1: [ 0.127  0.063  0.062 -0.061 -0.137]
Epsilons 2: [-0.059  0.098  0.001 -0.101  0.12 ]
Epsilons 3: [-0.612 -0.599 -0.221 -0.362 -0.396]
Saved node norms to /home/fguadagn/FMG_Master_Thesis/neural-sheaf-diffusion-modified/results/node_norms/questions/BundleSheaf/normalised-false/stalk_dim-5/4-layers/16-hidden/500-epochs/checkpoints/best-epoch/BundleSheaf_questions_fold2_seed43.pt
Saved best-epoch node norms (epoch 459) to checkpoints/best-epoch/
Saved confidence to /home/fguadagn/FMG_Master_Thesis/neural-sheaf-diffusion-modified/results/node_conf/questions/BundleSheaf/normalised-false/stalk_dim-5/4-layers/16-hidden/500-epochs/checkpoints/best-epoch/BundleSheaf_questions_fold2_seed43.pt
Saved per-node accuracy to /home/fguadagn/FMG_Master_Thesis/neural-sheaf-diffusion-modified/results/node_accuracy/questions/BundleSheaf/normalised-false/stalk_dim-5/4-layers/16-hidden/500-epochs/checkpoints/best-epoch/BundleSheaf_questions_fold2_seed43.pt
Saved saliency to /home/fguadagn/FMG_Master_Thesis/neural-sheaf-diffusion-modified/results/node_saliency/questions/BundleSheaf/normalised-false/stalk_dim-5/4-layers/16-hidden/500-epochs/checkpoints/best-epoch/BundleSheaf_questions_fold2_seed43.pt
Saved model weights to /home/fguadagn/FMG_Master_Thesis/neural-sheaf-diffusion-modified/results/model_weights/questions/BundleSheaf/normalised-false/stalk_dim-5/4-layers/16-hidden/500-epochs/checkpoints/best-epoch/BundleSheaf_questions_fold2_seed43.pth
Saved fold masks to /home/fguadagn/FMG_Master_Thesis/neural-sheaf-diffusion-modified/results/model_weights/questions/BundleSheaf/normalised-false/stalk_dim-5/4-layers/16-hidden/500-epochs/checkpoints/best-epoch/BundleSheaf_questions_fold2_seed43_masks.pt
Saved best-epoch model weights and masks (epoch 459) to checkpoints/best-epoch/
Updated best_epochs.json: fold_2 -> epoch 459
Saved node norms to /home/fguadagn/FMG_Master_Thesis/neural-sheaf-diffusion-modified/results/node_norms/questions/BundleSheaf/normalised-false/stalk_dim-5/4-layers/16-hidden/500-epochs/BundleSheaf_questions_fold2_seed43.pt
Saved node predictions to /home/fguadagn/FMG_Master_Thesis/neural-sheaf-diffusion-modified/results/node_preds/questions/BundleSheaf/normalised-false/stalk_dim-5/4-layers/16-hidden/500-epochs/BundleSheaf_questions_fold2_seed43.pt
Saved confidence to /home/fguadagn/FMG_Master_Thesis/neural-sheaf-diffusion-modified/results/node_conf/questions/BundleSheaf/normalised-false/stalk_dim-5/4-layers/16-hidden/500-epochs/BundleSheaf_questions_fold2_seed43.pt
Saved per-node accuracy to /home/fguadagn/FMG_Master_Thesis/neural-sheaf-diffusion-modified/results/node_accuracy/questions/BundleSheaf/normalised-false/stalk_dim-5/4-layers/16-hidden/500-epochs/BundleSheaf_questions_fold2_seed43.pt
Saved saliency to /home/fguadagn/FMG_Master_Thesis/neural-sheaf-diffusion-modified/results/node_saliency/questions/BundleSheaf/normalised-false/stalk_dim-5/4-layers/16-hidden/500-epochs/BundleSheaf_questions_fold2_seed43.pt
Saved node norms to /home/fguadagn/FMG_Master_Thesis/neural-sheaf-diffusion-modified/results/node_norms/questions/BundleSheaf/normalised-false/stalk_dim-5/4-layers/16-hidden/500-epochs/checkpoints/epoch-0/BundleSheaf_questions_fold3_seed43.pt
Saved confidence to /home/fguadagn/FMG_Master_Thesis/neural-sheaf-diffusion-modified/results/node_conf/questions/BundleSheaf/normalised-false/stalk_dim-5/4-layers/16-hidden/500-epochs/checkpoints/epoch-0/BundleSheaf_questions_fold3_seed43.pt
Saved per-node accuracy to /home/fguadagn/FMG_Master_Thesis/neural-sheaf-diffusion-modified/results/node_accuracy/questions/BundleSheaf/normalised-false/stalk_dim-5/4-layers/16-hidden/500-epochs/checkpoints/epoch-0/BundleSheaf_questions_fold3_seed43.pt
Saved saliency to /home/fguadagn/FMG_Master_Thesis/neural-sheaf-diffusion-modified/results/node_saliency/questions/BundleSheaf/normalised-false/stalk_dim-5/4-layers/16-hidden/500-epochs/checkpoints/epoch-0/BundleSheaf_questions_fold3_seed43.pt
Saved node norms to /home/fguadagn/FMG_Master_Thesis/neural-sheaf-diffusion-modified/results/node_norms/questions/BundleSheaf/normalised-false/stalk_dim-5/4-layers/16-hidden/500-epochs/checkpoints/epoch-1/BundleSheaf_questions_fold3_seed43.pt
Saved confidence to /home/fguadagn/FMG_Master_Thesis/neural-sheaf-diffusion-modified/results/node_conf/questions/BundleSheaf/normalised-false/stalk_dim-5/4-layers/16-hidden/500-epochs/checkpoints/epoch-1/BundleSheaf_questions_fold3_seed43.pt
Saved per-node accuracy to /home/fguadagn/FMG_Master_Thesis/neural-sheaf-diffusion-modified/results/node_accuracy/questions/BundleSheaf/normalised-false/stalk_dim-5/4-layers/16-hidden/500-epochs/checkpoints/epoch-1/BundleSheaf_questions_fold3_seed43.pt
Saved saliency to /home/fguadagn/FMG_Master_Thesis/neural-sheaf-diffusion-modified/results/node_saliency/questions/BundleSheaf/normalised-false/stalk_dim-5/4-layers/16-hidden/500-epochs/checkpoints/epoch-1/BundleSheaf_questions_fold3_seed43.pt
Saved node norms to /home/fguadagn/FMG_Master_Thesis/neural-sheaf-diffusion-modified/results/node_norms/questions/BundleSheaf/normalised-false/stalk_dim-5/4-layers/16-hidden/500-epochs/checkpoints/epoch-5/BundleSheaf_questions_fold3_seed43.pt
Saved confidence to /home/fguadagn/FMG_Master_Thesis/neural-sheaf-diffusion-modified/results/node_conf/questions/BundleSheaf/normalised-false/stalk_dim-5/4-layers/16-hidden/500-epochs/checkpoints/epoch-5/BundleSheaf_questions_fold3_seed43.pt
Saved per-node accuracy to /home/fguadagn/FMG_Master_Thesis/neural-sheaf-diffusion-modified/results/node_accuracy/questions/BundleSheaf/normalised-false/stalk_dim-5/4-layers/16-hidden/500-epochs/checkpoints/epoch-5/BundleSheaf_questions_fold3_seed43.pt
Saved saliency to /home/fguadagn/FMG_Master_Thesis/neural-sheaf-diffusion-modified/results/node_saliency/questions/BundleSheaf/normalised-false/stalk_dim-5/4-layers/16-hidden/500-epochs/checkpoints/epoch-5/BundleSheaf_questions_fold3_seed43.pt
Saved node norms to /home/fguadagn/FMG_Master_Thesis/neural-sheaf-diffusion-modified/results/node_norms/questions/BundleSheaf/normalised-false/stalk_dim-5/4-layers/16-hidden/500-epochs/checkpoints/epoch-15/BundleSheaf_questions_fold3_seed43.pt
Saved confidence to /home/fguadagn/FMG_Master_Thesis/neural-sheaf-diffusion-modified/results/node_conf/questions/BundleSheaf/normalised-false/stalk_dim-5/4-layers/16-hidden/500-epochs/checkpoints/epoch-15/BundleSheaf_questions_fold3_seed43.pt
Saved per-node accuracy to /home/fguadagn/FMG_Master_Thesis/neural-sheaf-diffusion-modified/results/node_accuracy/questions/BundleSheaf/normalised-false/stalk_dim-5/4-layers/16-hidden/500-epochs/checkpoints/epoch-15/BundleSheaf_questions_fold3_seed43.pt
Saved saliency to /home/fguadagn/FMG_Master_Thesis/neural-sheaf-diffusion-modified/results/node_saliency/questions/BundleSheaf/normalised-false/stalk_dim-5/4-layers/16-hidden/500-epochs/checkpoints/epoch-15/BundleSheaf_questions_fold3_seed43.pt
Saved node norms to /home/fguadagn/FMG_Master_Thesis/neural-sheaf-diffusion-modified/results/node_norms/questions/BundleSheaf/normalised-false/stalk_dim-5/4-layers/16-hidden/500-epochs/checkpoints/epoch-50/BundleSheaf_questions_fold3_seed43.pt
Saved confidence to /home/fguadagn/FMG_Master_Thesis/neural-sheaf-diffusion-modified/results/node_conf/questions/BundleSheaf/normalised-false/stalk_dim-5/4-layers/16-hidden/500-epochs/checkpoints/epoch-50/BundleSheaf_questions_fold3_seed43.pt
Saved per-node accuracy to /home/fguadagn/FMG_Master_Thesis/neural-sheaf-diffusion-modified/results/node_accuracy/questions/BundleSheaf/normalised-false/stalk_dim-5/4-layers/16-hidden/500-epochs/checkpoints/epoch-50/BundleSheaf_questions_fold3_seed43.pt
Saved saliency to /home/fguadagn/FMG_Master_Thesis/neural-sheaf-diffusion-modified/results/node_saliency/questions/BundleSheaf/normalised-false/stalk_dim-5/4-layers/16-hidden/500-epochs/checkpoints/epoch-50/BundleSheaf_questions_fold3_seed43.pt
Saved node norms to /home/fguadagn/FMG_Master_Thesis/neural-sheaf-diffusion-modified/results/node_norms/questions/BundleSheaf/normalised-false/stalk_dim-5/4-layers/16-hidden/500-epochs/checkpoints/epoch-200/BundleSheaf_questions_fold3_seed43.pt
Saved confidence to /home/fguadagn/FMG_Master_Thesis/neural-sheaf-diffusion-modified/results/node_conf/questions/BundleSheaf/normalised-false/stalk_dim-5/4-layers/16-hidden/500-epochs/checkpoints/epoch-200/BundleSheaf_questions_fold3_seed43.pt
Saved per-node accuracy to /home/fguadagn/FMG_Master_Thesis/neural-sheaf-diffusion-modified/results/node_accuracy/questions/BundleSheaf/normalised-false/stalk_dim-5/4-layers/16-hidden/500-epochs/checkpoints/epoch-200/BundleSheaf_questions_fold3_seed43.pt
Saved saliency to /home/fguadagn/FMG_Master_Thesis/neural-sheaf-diffusion-modified/results/node_saliency/questions/BundleSheaf/normalised-false/stalk_dim-5/4-layers/16-hidden/500-epochs/checkpoints/epoch-200/BundleSheaf_questions_fold3_seed43.pt
Fold 3 | Epochs: 499 | Best epoch: 484
Test acc (best epoch): 0.9016
Test acc (last epoch): 0.9622
Best val acc: 0.8978
Test AUC (best epoch): 0.5110
Test AUC (last epoch): 0.5091
Laplacian 0: Max: 0.9995, Min: -1.0000, Avg: -0.1569, Abs avg: 0.3059
Laplacian 1: Max: 1.0000, Min: -1.0000, Avg: -0.0768, Abs avg: 0.3113
Laplacian 2: Max: 1.0000, Min: -1.0000, Avg: -0.0998, Abs avg: 0.3427
Laplacian 3: Max: 0.9978, Min: -1.0000, Avg: -0.0304, Abs avg: 0.2876
Epsilons 0: [-0.013  0.093  0.342 -0.019 -0.246]
Epsilons 1: [-0.036 -0.038  0.017 -0.303 -0.104]
Epsilons 2: [ 0.1   -0.202  0.137  0.148 -0.238]
Epsilons 3: [-0.92  -0.437 -0.396 -0.539 -0.58 ]
Saved node norms to /home/fguadagn/FMG_Master_Thesis/neural-sheaf-diffusion-modified/results/node_norms/questions/BundleSheaf/normalised-false/stalk_dim-5/4-layers/16-hidden/500-epochs/checkpoints/best-epoch/BundleSheaf_questions_fold3_seed43.pt
Saved best-epoch node norms (epoch 484) to checkpoints/best-epoch/
Saved confidence to /home/fguadagn/FMG_Master_Thesis/neural-sheaf-diffusion-modified/results/node_conf/questions/BundleSheaf/normalised-false/stalk_dim-5/4-layers/16-hidden/500-epochs/checkpoints/best-epoch/BundleSheaf_questions_fold3_seed43.pt
Saved per-node accuracy to /home/fguadagn/FMG_Master_Thesis/neural-sheaf-diffusion-modified/results/node_accuracy/questions/BundleSheaf/normalised-false/stalk_dim-5/4-layers/16-hidden/500-epochs/checkpoints/best-epoch/BundleSheaf_questions_fold3_seed43.pt
Saved saliency to /home/fguadagn/FMG_Master_Thesis/neural-sheaf-diffusion-modified/results/node_saliency/questions/BundleSheaf/normalised-false/stalk_dim-5/4-layers/16-hidden/500-epochs/checkpoints/best-epoch/BundleSheaf_questions_fold3_seed43.pt
Saved model weights to /home/fguadagn/FMG_Master_Thesis/neural-sheaf-diffusion-modified/results/model_weights/questions/BundleSheaf/normalised-false/stalk_dim-5/4-layers/16-hidden/500-epochs/checkpoints/best-epoch/BundleSheaf_questions_fold3_seed43.pth
Saved fold masks to /home/fguadagn/FMG_Master_Thesis/neural-sheaf-diffusion-modified/results/model_weights/questions/BundleSheaf/normalised-false/stalk_dim-5/4-layers/16-hidden/500-epochs/checkpoints/best-epoch/BundleSheaf_questions_fold3_seed43_masks.pt
Saved best-epoch model weights and masks (epoch 484) to checkpoints/best-epoch/
Updated best_epochs.json: fold_3 -> epoch 484
Saved node norms to /home/fguadagn/FMG_Master_Thesis/neural-sheaf-diffusion-modified/results/node_norms/questions/BundleSheaf/normalised-false/stalk_dim-5/4-layers/16-hidden/500-epochs/BundleSheaf_questions_fold3_seed43.pt
Saved node predictions to /home/fguadagn/FMG_Master_Thesis/neural-sheaf-diffusion-modified/results/node_preds/questions/BundleSheaf/normalised-false/stalk_dim-5/4-layers/16-hidden/500-epochs/BundleSheaf_questions_fold3_seed43.pt
Saved confidence to /home/fguadagn/FMG_Master_Thesis/neural-sheaf-diffusion-modified/results/node_conf/questions/BundleSheaf/normalised-false/stalk_dim-5/4-layers/16-hidden/500-epochs/BundleSheaf_questions_fold3_seed43.pt
Saved per-node accuracy to /home/fguadagn/FMG_Master_Thesis/neural-sheaf-diffusion-modified/results/node_accuracy/questions/BundleSheaf/normalised-false/stalk_dim-5/4-layers/16-hidden/500-epochs/BundleSheaf_questions_fold3_seed43.pt
Saved saliency to /home/fguadagn/FMG_Master_Thesis/neural-sheaf-diffusion-modified/results/node_saliency/questions/BundleSheaf/normalised-false/stalk_dim-5/4-layers/16-hidden/500-epochs/BundleSheaf_questions_fold3_seed43.pt
Saved node norms to /home/fguadagn/FMG_Master_Thesis/neural-sheaf-diffusion-modified/results/node_norms/questions/BundleSheaf/normalised-false/stalk_dim-5/4-layers/16-hidden/500-epochs/checkpoints/epoch-0/BundleSheaf_questions_fold4_seed43.pt
Saved confidence to /home/fguadagn/FMG_Master_Thesis/neural-sheaf-diffusion-modified/results/node_conf/questions/BundleSheaf/normalised-false/stalk_dim-5/4-layers/16-hidden/500-epochs/checkpoints/epoch-0/BundleSheaf_questions_fold4_seed43.pt
Saved per-node accuracy to /home/fguadagn/FMG_Master_Thesis/neural-sheaf-diffusion-modified/results/node_accuracy/questions/BundleSheaf/normalised-false/stalk_dim-5/4-layers/16-hidden/500-epochs/checkpoints/epoch-0/BundleSheaf_questions_fold4_seed43.pt
Saved saliency to /home/fguadagn/FMG_Master_Thesis/neural-sheaf-diffusion-modified/results/node_saliency/questions/BundleSheaf/normalised-false/stalk_dim-5/4-layers/16-hidden/500-epochs/checkpoints/epoch-0/BundleSheaf_questions_fold4_seed43.pt
Saved node norms to /home/fguadagn/FMG_Master_Thesis/neural-sheaf-diffusion-modified/results/node_norms/questions/BundleSheaf/normalised-false/stalk_dim-5/4-layers/16-hidden/500-epochs/checkpoints/epoch-1/BundleSheaf_questions_fold4_seed43.pt
Saved confidence to /home/fguadagn/FMG_Master_Thesis/neural-sheaf-diffusion-modified/results/node_conf/questions/BundleSheaf/normalised-false/stalk_dim-5/4-layers/16-hidden/500-epochs/checkpoints/epoch-1/BundleSheaf_questions_fold4_seed43.pt
Saved per-node accuracy to /home/fguadagn/FMG_Master_Thesis/neural-sheaf-diffusion-modified/results/node_accuracy/questions/BundleSheaf/normalised-false/stalk_dim-5/4-layers/16-hidden/500-epochs/checkpoints/epoch-1/BundleSheaf_questions_fold4_seed43.pt
Saved saliency to /home/fguadagn/FMG_Master_Thesis/neural-sheaf-diffusion-modified/results/node_saliency/questions/BundleSheaf/normalised-false/stalk_dim-5/4-layers/16-hidden/500-epochs/checkpoints/epoch-1/BundleSheaf_questions_fold4_seed43.pt
Saved node norms to /home/fguadagn/FMG_Master_Thesis/neural-sheaf-diffusion-modified/results/node_norms/questions/BundleSheaf/normalised-false/stalk_dim-5/4-layers/16-hidden/500-epochs/checkpoints/epoch-5/BundleSheaf_questions_fold4_seed43.pt
Saved confidence to /home/fguadagn/FMG_Master_Thesis/neural-sheaf-diffusion-modified/results/node_conf/questions/BundleSheaf/normalised-false/stalk_dim-5/4-layers/16-hidden/500-epochs/checkpoints/epoch-5/BundleSheaf_questions_fold4_seed43.pt
Saved per-node accuracy to /home/fguadagn/FMG_Master_Thesis/neural-sheaf-diffusion-modified/results/node_accuracy/questions/BundleSheaf/normalised-false/stalk_dim-5/4-layers/16-hidden/500-epochs/checkpoints/epoch-5/BundleSheaf_questions_fold4_seed43.pt
Saved saliency to /home/fguadagn/FMG_Master_Thesis/neural-sheaf-diffusion-modified/results/node_saliency/questions/BundleSheaf/normalised-false/stalk_dim-5/4-layers/16-hidden/500-epochs/checkpoints/epoch-5/BundleSheaf_questions_fold4_seed43.pt
Saved node norms to /home/fguadagn/FMG_Master_Thesis/neural-sheaf-diffusion-modified/results/node_norms/questions/BundleSheaf/normalised-false/stalk_dim-5/4-layers/16-hidden/500-epochs/checkpoints/epoch-15/BundleSheaf_questions_fold4_seed43.pt
Saved confidence to /home/fguadagn/FMG_Master_Thesis/neural-sheaf-diffusion-modified/results/node_conf/questions/BundleSheaf/normalised-false/stalk_dim-5/4-layers/16-hidden/500-epochs/checkpoints/epoch-15/BundleSheaf_questions_fold4_seed43.pt
Saved per-node accuracy to /home/fguadagn/FMG_Master_Thesis/neural-sheaf-diffusion-modified/results/node_accuracy/questions/BundleSheaf/normalised-false/stalk_dim-5/4-layers/16-hidden/500-epochs/checkpoints/epoch-15/BundleSheaf_questions_fold4_seed43.pt
Saved saliency to /home/fguadagn/FMG_Master_Thesis/neural-sheaf-diffusion-modified/results/node_saliency/questions/BundleSheaf/normalised-false/stalk_dim-5/4-layers/16-hidden/500-epochs/checkpoints/epoch-15/BundleSheaf_questions_fold4_seed43.pt
Saved node norms to /home/fguadagn/FMG_Master_Thesis/neural-sheaf-diffusion-modified/results/node_norms/questions/BundleSheaf/normalised-false/stalk_dim-5/4-layers/16-hidden/500-epochs/checkpoints/epoch-50/BundleSheaf_questions_fold4_seed43.pt
Saved confidence to /home/fguadagn/FMG_Master_Thesis/neural-sheaf-diffusion-modified/results/node_conf/questions/BundleSheaf/normalised-false/stalk_dim-5/4-layers/16-hidden/500-epochs/checkpoints/epoch-50/BundleSheaf_questions_fold4_seed43.pt
Saved per-node accuracy to /home/fguadagn/FMG_Master_Thesis/neural-sheaf-diffusion-modified/results/node_accuracy/questions/BundleSheaf/normalised-false/stalk_dim-5/4-layers/16-hidden/500-epochs/checkpoints/epoch-50/BundleSheaf_questions_fold4_seed43.pt
Saved saliency to /home/fguadagn/FMG_Master_Thesis/neural-sheaf-diffusion-modified/results/node_saliency/questions/BundleSheaf/normalised-false/stalk_dim-5/4-layers/16-hidden/500-epochs/checkpoints/epoch-50/BundleSheaf_questions_fold4_seed43.pt
Saved node norms to /home/fguadagn/FMG_Master_Thesis/neural-sheaf-diffusion-modified/results/node_norms/questions/BundleSheaf/normalised-false/stalk_dim-5/4-layers/16-hidden/500-epochs/checkpoints/epoch-200/BundleSheaf_questions_fold4_seed43.pt
Saved confidence to /home/fguadagn/FMG_Master_Thesis/neural-sheaf-diffusion-modified/results/node_conf/questions/BundleSheaf/normalised-false/stalk_dim-5/4-layers/16-hidden/500-epochs/checkpoints/epoch-200/BundleSheaf_questions_fold4_seed43.pt
Saved per-node accuracy to /home/fguadagn/FMG_Master_Thesis/neural-sheaf-diffusion-modified/results/node_accuracy/questions/BundleSheaf/normalised-false/stalk_dim-5/4-layers/16-hidden/500-epochs/checkpoints/epoch-200/BundleSheaf_questions_fold4_seed43.pt
Saved saliency to /home/fguadagn/FMG_Master_Thesis/neural-sheaf-diffusion-modified/results/node_saliency/questions/BundleSheaf/normalised-false/stalk_dim-5/4-layers/16-hidden/500-epochs/checkpoints/epoch-200/BundleSheaf_questions_fold4_seed43.pt
Fold 4 | Epochs: 499 | Best epoch: 499
Test acc (best epoch): 0.9338
Test acc (last epoch): 0.9338
Best val acc: 0.9369
Test AUC (best epoch): 0.4700
Test AUC (last epoch): 0.4700
Laplacian 0: Max: 0.9935, Min: -1.0000, Avg: -0.1847, Abs avg: 0.3642
Laplacian 1: Max: 1.0000, Min: -1.0000, Avg: -0.1077, Abs avg: 0.3548
Laplacian 2: Max: 1.0000, Min: -1.0000, Avg: -0.0114, Abs avg: 0.3557
Laplacian 3: Max: 1.0000, Min: -1.0000, Avg: -0.0902, Abs avg: 0.2753
Epsilons 0: [-0.129 -0.067  0.102  0.152 -0.021]
Epsilons 1: [ 0.172 -0.072  0.087  0.072  0.091]
Epsilons 2: [-0.098 -0.152 -0.02  -0.068  0.258]
Epsilons 3: [-0.563 -0.155 -0.655 -0.409 -0.45 ]
Saved node norms to /home/fguadagn/FMG_Master_Thesis/neural-sheaf-diffusion-modified/results/node_norms/questions/BundleSheaf/normalised-false/stalk_dim-5/4-layers/16-hidden/500-epochs/checkpoints/best-epoch/BundleSheaf_questions_fold4_seed43.pt
Saved best-epoch node norms (epoch 499) to checkpoints/best-epoch/
Saved confidence to /home/fguadagn/FMG_Master_Thesis/neural-sheaf-diffusion-modified/results/node_conf/questions/BundleSheaf/normalised-false/stalk_dim-5/4-layers/16-hidden/500-epochs/checkpoints/best-epoch/BundleSheaf_questions_fold4_seed43.pt
Saved per-node accuracy to /home/fguadagn/FMG_Master_Thesis/neural-sheaf-diffusion-modified/results/node_accuracy/questions/BundleSheaf/normalised-false/stalk_dim-5/4-layers/16-hidden/500-epochs/checkpoints/best-epoch/BundleSheaf_questions_fold4_seed43.pt
Saved saliency to /home/fguadagn/FMG_Master_Thesis/neural-sheaf-diffusion-modified/results/node_saliency/questions/BundleSheaf/normalised-false/stalk_dim-5/4-layers/16-hidden/500-epochs/checkpoints/best-epoch/BundleSheaf_questions_fold4_seed43.pt
Saved model weights to /home/fguadagn/FMG_Master_Thesis/neural-sheaf-diffusion-modified/results/model_weights/questions/BundleSheaf/normalised-false/stalk_dim-5/4-layers/16-hidden/500-epochs/checkpoints/best-epoch/BundleSheaf_questions_fold4_seed43.pth
Saved fold masks to /home/fguadagn/FMG_Master_Thesis/neural-sheaf-diffusion-modified/results/model_weights/questions/BundleSheaf/normalised-false/stalk_dim-5/4-layers/16-hidden/500-epochs/checkpoints/best-epoch/BundleSheaf_questions_fold4_seed43_masks.pt
Saved best-epoch model weights and masks (epoch 499) to checkpoints/best-epoch/
Updated best_epochs.json: fold_4 -> epoch 499
Saved node norms to /home/fguadagn/FMG_Master_Thesis/neural-sheaf-diffusion-modified/results/node_norms/questions/BundleSheaf/normalised-false/stalk_dim-5/4-layers/16-hidden/500-epochs/BundleSheaf_questions_fold4_seed43.pt
Saved node predictions to /home/fguadagn/FMG_Master_Thesis/neural-sheaf-diffusion-modified/results/node_preds/questions/BundleSheaf/normalised-false/stalk_dim-5/4-layers/16-hidden/500-epochs/BundleSheaf_questions_fold4_seed43.pt
Saved confidence to /home/fguadagn/FMG_Master_Thesis/neural-sheaf-diffusion-modified/results/node_conf/questions/BundleSheaf/normalised-false/stalk_dim-5/4-layers/16-hidden/500-epochs/BundleSheaf_questions_fold4_seed43.pt
Saved per-node accuracy to /home/fguadagn/FMG_Master_Thesis/neural-sheaf-diffusion-modified/results/node_accuracy/questions/BundleSheaf/normalised-false/stalk_dim-5/4-layers/16-hidden/500-epochs/BundleSheaf_questions_fold4_seed43.pt
Saved saliency to /home/fguadagn/FMG_Master_Thesis/neural-sheaf-diffusion-modified/results/node_saliency/questions/BundleSheaf/normalised-false/stalk_dim-5/4-layers/16-hidden/500-epochs/BundleSheaf_questions_fold4_seed43.pt
Saved node norms to /home/fguadagn/FMG_Master_Thesis/neural-sheaf-diffusion-modified/results/node_norms/questions/BundleSheaf/normalised-false/stalk_dim-5/4-layers/16-hidden/500-epochs/checkpoints/epoch-0/BundleSheaf_questions_fold5_seed43.pt
Saved confidence to /home/fguadagn/FMG_Master_Thesis/neural-sheaf-diffusion-modified/results/node_conf/questions/BundleSheaf/normalised-false/stalk_dim-5/4-layers/16-hidden/500-epochs/checkpoints/epoch-0/BundleSheaf_questions_fold5_seed43.pt
Saved per-node accuracy to /home/fguadagn/FMG_Master_Thesis/neural-sheaf-diffusion-modified/results/node_accuracy/questions/BundleSheaf/normalised-false/stalk_dim-5/4-layers/16-hidden/500-epochs/checkpoints/epoch-0/BundleSheaf_questions_fold5_seed43.pt
Saved saliency to /home/fguadagn/FMG_Master_Thesis/neural-sheaf-diffusion-modified/results/node_saliency/questions/BundleSheaf/normalised-false/stalk_dim-5/4-layers/16-hidden/500-epochs/checkpoints/epoch-0/BundleSheaf_questions_fold5_seed43.pt
Saved node norms to /home/fguadagn/FMG_Master_Thesis/neural-sheaf-diffusion-modified/results/node_norms/questions/BundleSheaf/normalised-false/stalk_dim-5/4-layers/16-hidden/500-epochs/checkpoints/epoch-1/BundleSheaf_questions_fold5_seed43.pt
Saved confidence to /home/fguadagn/FMG_Master_Thesis/neural-sheaf-diffusion-modified/results/node_conf/questions/BundleSheaf/normalised-false/stalk_dim-5/4-layers/16-hidden/500-epochs/checkpoints/epoch-1/BundleSheaf_questions_fold5_seed43.pt
Saved per-node accuracy to /home/fguadagn/FMG_Master_Thesis/neural-sheaf-diffusion-modified/results/node_accuracy/questions/BundleSheaf/normalised-false/stalk_dim-5/4-layers/16-hidden/500-epochs/checkpoints/epoch-1/BundleSheaf_questions_fold5_seed43.pt
Saved saliency to /home/fguadagn/FMG_Master_Thesis/neural-sheaf-diffusion-modified/results/node_saliency/questions/BundleSheaf/normalised-false/stalk_dim-5/4-layers/16-hidden/500-epochs/checkpoints/epoch-1/BundleSheaf_questions_fold5_seed43.pt
Saved node norms to /home/fguadagn/FMG_Master_Thesis/neural-sheaf-diffusion-modified/results/node_norms/questions/BundleSheaf/normalised-false/stalk_dim-5/4-layers/16-hidden/500-epochs/checkpoints/epoch-5/BundleSheaf_questions_fold5_seed43.pt
Saved confidence to /home/fguadagn/FMG_Master_Thesis/neural-sheaf-diffusion-modified/results/node_conf/questions/BundleSheaf/normalised-false/stalk_dim-5/4-layers/16-hidden/500-epochs/checkpoints/epoch-5/BundleSheaf_questions_fold5_seed43.pt
Saved per-node accuracy to /home/fguadagn/FMG_Master_Thesis/neural-sheaf-diffusion-modified/results/node_accuracy/questions/BundleSheaf/normalised-false/stalk_dim-5/4-layers/16-hidden/500-epochs/checkpoints/epoch-5/BundleSheaf_questions_fold5_seed43.pt
Saved saliency to /home/fguadagn/FMG_Master_Thesis/neural-sheaf-diffusion-modified/results/node_saliency/questions/BundleSheaf/normalised-false/stalk_dim-5/4-layers/16-hidden/500-epochs/checkpoints/epoch-5/BundleSheaf_questions_fold5_seed43.pt
Saved node norms to /home/fguadagn/FMG_Master_Thesis/neural-sheaf-diffusion-modified/results/node_norms/questions/BundleSheaf/normalised-false/stalk_dim-5/4-layers/16-hidden/500-epochs/checkpoints/epoch-15/BundleSheaf_questions_fold5_seed43.pt
Saved confidence to /home/fguadagn/FMG_Master_Thesis/neural-sheaf-diffusion-modified/results/node_conf/questions/BundleSheaf/normalised-false/stalk_dim-5/4-layers/16-hidden/500-epochs/checkpoints/epoch-15/BundleSheaf_questions_fold5_seed43.pt
Saved per-node accuracy to /home/fguadagn/FMG_Master_Thesis/neural-sheaf-diffusion-modified/results/node_accuracy/questions/BundleSheaf/normalised-false/stalk_dim-5/4-layers/16-hidden/500-epochs/checkpoints/epoch-15/BundleSheaf_questions_fold5_seed43.pt
Saved saliency to /home/fguadagn/FMG_Master_Thesis/neural-sheaf-diffusion-modified/results/node_saliency/questions/BundleSheaf/normalised-false/stalk_dim-5/4-layers/16-hidden/500-epochs/checkpoints/epoch-15/BundleSheaf_questions_fold5_seed43.pt
Saved node norms to /home/fguadagn/FMG_Master_Thesis/neural-sheaf-diffusion-modified/results/node_norms/questions/BundleSheaf/normalised-false/stalk_dim-5/4-layers/16-hidden/500-epochs/checkpoints/epoch-50/BundleSheaf_questions_fold5_seed43.pt
Saved confidence to /home/fguadagn/FMG_Master_Thesis/neural-sheaf-diffusion-modified/results/node_conf/questions/BundleSheaf/normalised-false/stalk_dim-5/4-layers/16-hidden/500-epochs/checkpoints/epoch-50/BundleSheaf_questions_fold5_seed43.pt
Saved per-node accuracy to /home/fguadagn/FMG_Master_Thesis/neural-sheaf-diffusion-modified/results/node_accuracy/questions/BundleSheaf/normalised-false/stalk_dim-5/4-layers/16-hidden/500-epochs/checkpoints/epoch-50/BundleSheaf_questions_fold5_seed43.pt
Saved saliency to /home/fguadagn/FMG_Master_Thesis/neural-sheaf-diffusion-modified/results/node_saliency/questions/BundleSheaf/normalised-false/stalk_dim-5/4-layers/16-hidden/500-epochs/checkpoints/epoch-50/BundleSheaf_questions_fold5_seed43.pt
Saved node norms to /home/fguadagn/FMG_Master_Thesis/neural-sheaf-diffusion-modified/results/node_norms/questions/BundleSheaf/normalised-false/stalk_dim-5/4-layers/16-hidden/500-epochs/checkpoints/epoch-200/BundleSheaf_questions_fold5_seed43.pt
Saved confidence to /home/fguadagn/FMG_Master_Thesis/neural-sheaf-diffusion-modified/results/node_conf/questions/BundleSheaf/normalised-false/stalk_dim-5/4-layers/16-hidden/500-epochs/checkpoints/epoch-200/BundleSheaf_questions_fold5_seed43.pt
Saved per-node accuracy to /home/fguadagn/FMG_Master_Thesis/neural-sheaf-diffusion-modified/results/node_accuracy/questions/BundleSheaf/normalised-false/stalk_dim-5/4-layers/16-hidden/500-epochs/checkpoints/epoch-200/BundleSheaf_questions_fold5_seed43.pt
Saved saliency to /home/fguadagn/FMG_Master_Thesis/neural-sheaf-diffusion-modified/results/node_saliency/questions/BundleSheaf/normalised-false/stalk_dim-5/4-layers/16-hidden/500-epochs/checkpoints/epoch-200/BundleSheaf_questions_fold5_seed43.pt
Fold 5 | Epochs: 499 | Best epoch: 456
Test acc (best epoch): 0.9542
Test acc (last epoch): 0.9263
Best val acc: 0.9549
Test AUC (best epoch): 0.4838
Test AUC (last epoch): 0.5069
Laplacian 0: Max: 0.9967, Min: -1.0000, Avg: -0.1629, Abs avg: 0.3448
Laplacian 1: Max: 1.0000, Min: -1.0000, Avg: -0.1162, Abs avg: 0.2768
Laplacian 2: Max: 1.0000, Min: -1.0000, Avg: -0.1144, Abs avg: 0.3108
Laplacian 3: Max: 0.9814, Min: -1.0000, Avg: 0.0469, Abs avg: 0.3612
Epsilons 0: [ 0.082 -0.04  -0.026 -0.079 -0.183]
Epsilons 1: [-0.236 -0.044 -0.052  0.05   0.129]
Epsilons 2: [ 0.086 -0.058 -0.014 -0.161 -0.027]
Epsilons 3: [-0.167 -0.021 -0.199 -0.224 -0.258]
Saved node norms to /home/fguadagn/FMG_Master_Thesis/neural-sheaf-diffusion-modified/results/node_norms/questions/BundleSheaf/normalised-false/stalk_dim-5/4-layers/16-hidden/500-epochs/checkpoints/best-epoch/BundleSheaf_questions_fold5_seed43.pt
Saved best-epoch node norms (epoch 456) to checkpoints/best-epoch/
Saved confidence to /home/fguadagn/FMG_Master_Thesis/neural-sheaf-diffusion-modified/results/node_conf/questions/BundleSheaf/normalised-false/stalk_dim-5/4-layers/16-hidden/500-epochs/checkpoints/best-epoch/BundleSheaf_questions_fold5_seed43.pt
Saved per-node accuracy to /home/fguadagn/FMG_Master_Thesis/neural-sheaf-diffusion-modified/results/node_accuracy/questions/BundleSheaf/normalised-false/stalk_dim-5/4-layers/16-hidden/500-epochs/checkpoints/best-epoch/BundleSheaf_questions_fold5_seed43.pt
Saved saliency to /home/fguadagn/FMG_Master_Thesis/neural-sheaf-diffusion-modified/results/node_saliency/questions/BundleSheaf/normalised-false/stalk_dim-5/4-layers/16-hidden/500-epochs/checkpoints/best-epoch/BundleSheaf_questions_fold5_seed43.pt
Saved model weights to /home/fguadagn/FMG_Master_Thesis/neural-sheaf-diffusion-modified/results/model_weights/questions/BundleSheaf/normalised-false/stalk_dim-5/4-layers/16-hidden/500-epochs/checkpoints/best-epoch/BundleSheaf_questions_fold5_seed43.pth
Saved fold masks to /home/fguadagn/FMG_Master_Thesis/neural-sheaf-diffusion-modified/results/model_weights/questions/BundleSheaf/normalised-false/stalk_dim-5/4-layers/16-hidden/500-epochs/checkpoints/best-epoch/BundleSheaf_questions_fold5_seed43_masks.pt
Saved best-epoch model weights and masks (epoch 456) to checkpoints/best-epoch/
Updated best_epochs.json: fold_5 -> epoch 456
Saved node norms to /home/fguadagn/FMG_Master_Thesis/neural-sheaf-diffusion-modified/results/node_norms/questions/BundleSheaf/normalised-false/stalk_dim-5/4-layers/16-hidden/500-epochs/BundleSheaf_questions_fold5_seed43.pt
Saved node predictions to /home/fguadagn/FMG_Master_Thesis/neural-sheaf-diffusion-modified/results/node_preds/questions/BundleSheaf/normalised-false/stalk_dim-5/4-layers/16-hidden/500-epochs/BundleSheaf_questions_fold5_seed43.pt
Saved confidence to /home/fguadagn/FMG_Master_Thesis/neural-sheaf-diffusion-modified/results/node_conf/questions/BundleSheaf/normalised-false/stalk_dim-5/4-layers/16-hidden/500-epochs/BundleSheaf_questions_fold5_seed43.pt
Saved per-node accuracy to /home/fguadagn/FMG_Master_Thesis/neural-sheaf-diffusion-modified/results/node_accuracy/questions/BundleSheaf/normalised-false/stalk_dim-5/4-layers/16-hidden/500-epochs/BundleSheaf_questions_fold5_seed43.pt
Saved saliency to /home/fguadagn/FMG_Master_Thesis/neural-sheaf-diffusion-modified/results/node_saliency/questions/BundleSheaf/normalised-false/stalk_dim-5/4-layers/16-hidden/500-epochs/BundleSheaf_questions_fold5_seed43.pt
Saved node norms to /home/fguadagn/FMG_Master_Thesis/neural-sheaf-diffusion-modified/results/node_norms/questions/BundleSheaf/normalised-false/stalk_dim-5/4-layers/16-hidden/500-epochs/checkpoints/epoch-0/BundleSheaf_questions_fold6_seed43.pt
Saved confidence to /home/fguadagn/FMG_Master_Thesis/neural-sheaf-diffusion-modified/results/node_conf/questions/BundleSheaf/normalised-false/stalk_dim-5/4-layers/16-hidden/500-epochs/checkpoints/epoch-0/BundleSheaf_questions_fold6_seed43.pt
Saved per-node accuracy to /home/fguadagn/FMG_Master_Thesis/neural-sheaf-diffusion-modified/results/node_accuracy/questions/BundleSheaf/normalised-false/stalk_dim-5/4-layers/16-hidden/500-epochs/checkpoints/epoch-0/BundleSheaf_questions_fold6_seed43.pt
Saved saliency to /home/fguadagn/FMG_Master_Thesis/neural-sheaf-diffusion-modified/results/node_saliency/questions/BundleSheaf/normalised-false/stalk_dim-5/4-layers/16-hidden/500-epochs/checkpoints/epoch-0/BundleSheaf_questions_fold6_seed43.pt
Saved node norms to /home/fguadagn/FMG_Master_Thesis/neural-sheaf-diffusion-modified/results/node_norms/questions/BundleSheaf/normalised-false/stalk_dim-5/4-layers/16-hidden/500-epochs/checkpoints/epoch-1/BundleSheaf_questions_fold6_seed43.pt
Saved confidence to /home/fguadagn/FMG_Master_Thesis/neural-sheaf-diffusion-modified/results/node_conf/questions/BundleSheaf/normalised-false/stalk_dim-5/4-layers/16-hidden/500-epochs/checkpoints/epoch-1/BundleSheaf_questions_fold6_seed43.pt
Saved per-node accuracy to /home/fguadagn/FMG_Master_Thesis/neural-sheaf-diffusion-modified/results/node_accuracy/questions/BundleSheaf/normalised-false/stalk_dim-5/4-layers/16-hidden/500-epochs/checkpoints/epoch-1/BundleSheaf_questions_fold6_seed43.pt
Saved saliency to /home/fguadagn/FMG_Master_Thesis/neural-sheaf-diffusion-modified/results/node_saliency/questions/BundleSheaf/normalised-false/stalk_dim-5/4-layers/16-hidden/500-epochs/checkpoints/epoch-1/BundleSheaf_questions_fold6_seed43.pt
Saved node norms to /home/fguadagn/FMG_Master_Thesis/neural-sheaf-diffusion-modified/results/node_norms/questions/BundleSheaf/normalised-false/stalk_dim-5/4-layers/16-hidden/500-epochs/checkpoints/epoch-5/BundleSheaf_questions_fold6_seed43.pt
Saved confidence to /home/fguadagn/FMG_Master_Thesis/neural-sheaf-diffusion-modified/results/node_conf/questions/BundleSheaf/normalised-false/stalk_dim-5/4-layers/16-hidden/500-epochs/checkpoints/epoch-5/BundleSheaf_questions_fold6_seed43.pt
Saved per-node accuracy to /home/fguadagn/FMG_Master_Thesis/neural-sheaf-diffusion-modified/results/node_accuracy/questions/BundleSheaf/normalised-false/stalk_dim-5/4-layers/16-hidden/500-epochs/checkpoints/epoch-5/BundleSheaf_questions_fold6_seed43.pt
Saved saliency to /home/fguadagn/FMG_Master_Thesis/neural-sheaf-diffusion-modified/results/node_saliency/questions/BundleSheaf/normalised-false/stalk_dim-5/4-layers/16-hidden/500-epochs/checkpoints/epoch-5/BundleSheaf_questions_fold6_seed43.pt
Saved node norms to /home/fguadagn/FMG_Master_Thesis/neural-sheaf-diffusion-modified/results/node_norms/questions/BundleSheaf/normalised-false/stalk_dim-5/4-layers/16-hidden/500-epochs/checkpoints/epoch-15/BundleSheaf_questions_fold6_seed43.pt
Saved confidence to /home/fguadagn/FMG_Master_Thesis/neural-sheaf-diffusion-modified/results/node_conf/questions/BundleSheaf/normalised-false/stalk_dim-5/4-layers/16-hidden/500-epochs/checkpoints/epoch-15/BundleSheaf_questions_fold6_seed43.pt
Saved per-node accuracy to /home/fguadagn/FMG_Master_Thesis/neural-sheaf-diffusion-modified/results/node_accuracy/questions/BundleSheaf/normalised-false/stalk_dim-5/4-layers/16-hidden/500-epochs/checkpoints/epoch-15/BundleSheaf_questions_fold6_seed43.pt
Saved saliency to /home/fguadagn/FMG_Master_Thesis/neural-sheaf-diffusion-modified/results/node_saliency/questions/BundleSheaf/normalised-false/stalk_dim-5/4-layers/16-hidden/500-epochs/checkpoints/epoch-15/BundleSheaf_questions_fold6_seed43.pt
Saved node norms to /home/fguadagn/FMG_Master_Thesis/neural-sheaf-diffusion-modified/results/node_norms/questions/BundleSheaf/normalised-false/stalk_dim-5/4-layers/16-hidden/500-epochs/checkpoints/epoch-50/BundleSheaf_questions_fold6_seed43.pt
Saved confidence to /home/fguadagn/FMG_Master_Thesis/neural-sheaf-diffusion-modified/results/node_conf/questions/BundleSheaf/normalised-false/stalk_dim-5/4-layers/16-hidden/500-epochs/checkpoints/epoch-50/BundleSheaf_questions_fold6_seed43.pt
Saved per-node accuracy to /home/fguadagn/FMG_Master_Thesis/neural-sheaf-diffusion-modified/results/node_accuracy/questions/BundleSheaf/normalised-false/stalk_dim-5/4-layers/16-hidden/500-epochs/checkpoints/epoch-50/BundleSheaf_questions_fold6_seed43.pt
Saved saliency to /home/fguadagn/FMG_Master_Thesis/neural-sheaf-diffusion-modified/results/node_saliency/questions/BundleSheaf/normalised-false/stalk_dim-5/4-layers/16-hidden/500-epochs/checkpoints/epoch-50/BundleSheaf_questions_fold6_seed43.pt
Saved node norms to /home/fguadagn/FMG_Master_Thesis/neural-sheaf-diffusion-modified/results/node_norms/questions/BundleSheaf/normalised-false/stalk_dim-5/4-layers/16-hidden/500-epochs/checkpoints/epoch-200/BundleSheaf_questions_fold6_seed43.pt
Saved confidence to /home/fguadagn/FMG_Master_Thesis/neural-sheaf-diffusion-modified/results/node_conf/questions/BundleSheaf/normalised-false/stalk_dim-5/4-layers/16-hidden/500-epochs/checkpoints/epoch-200/BundleSheaf_questions_fold6_seed43.pt
Saved per-node accuracy to /home/fguadagn/FMG_Master_Thesis/neural-sheaf-diffusion-modified/results/node_accuracy/questions/BundleSheaf/normalised-false/stalk_dim-5/4-layers/16-hidden/500-epochs/checkpoints/epoch-200/BundleSheaf_questions_fold6_seed43.pt
Saved saliency to /home/fguadagn/FMG_Master_Thesis/neural-sheaf-diffusion-modified/results/node_saliency/questions/BundleSheaf/normalised-false/stalk_dim-5/4-layers/16-hidden/500-epochs/checkpoints/epoch-200/BundleSheaf_questions_fold6_seed43.pt
Fold 6 | Epochs: 499 | Best epoch: 422
Test acc (best epoch): 0.9319
Test acc (last epoch): 0.9697
Best val acc: 0.9295
Test AUC (best epoch): 0.4901
Test AUC (last epoch): 0.4942
Laplacian 0: Max: 0.9846, Min: -1.0000, Avg: -0.0835, Abs avg: 0.3565
Laplacian 1: Max: 1.0000, Min: -1.0000, Avg: -0.0308, Abs avg: 0.3759
Laplacian 2: Max: 1.0000, Min: -1.0000, Avg: 0.0248, Abs avg: 0.3638
Laplacian 3: Max: 0.9956, Min: -1.0000, Avg: -0.0108, Abs avg: 0.3478
Epsilons 0: [-0.102 -0.077 -0.01   0.03   0.014]
Epsilons 1: [ 0.012 -0.026 -0.048  0.05   0.017]
Epsilons 2: [ 0.098 -0.059 -0.097  0.028 -0.023]
Epsilons 3: [-0.313 -0.18  -0.264 -0.251 -0.215]
Saved node norms to /home/fguadagn/FMG_Master_Thesis/neural-sheaf-diffusion-modified/results/node_norms/questions/BundleSheaf/normalised-false/stalk_dim-5/4-layers/16-hidden/500-epochs/checkpoints/best-epoch/BundleSheaf_questions_fold6_seed43.pt
Saved best-epoch node norms (epoch 422) to checkpoints/best-epoch/
Saved confidence to /home/fguadagn/FMG_Master_Thesis/neural-sheaf-diffusion-modified/results/node_conf/questions/BundleSheaf/normalised-false/stalk_dim-5/4-layers/16-hidden/500-epochs/checkpoints/best-epoch/BundleSheaf_questions_fold6_seed43.pt
Saved per-node accuracy to /home/fguadagn/FMG_Master_Thesis/neural-sheaf-diffusion-modified/results/node_accuracy/questions/BundleSheaf/normalised-false/stalk_dim-5/4-layers/16-hidden/500-epochs/checkpoints/best-epoch/BundleSheaf_questions_fold6_seed43.pt
Saved saliency to /home/fguadagn/FMG_Master_Thesis/neural-sheaf-diffusion-modified/results/node_saliency/questions/BundleSheaf/normalised-false/stalk_dim-5/4-layers/16-hidden/500-epochs/checkpoints/best-epoch/BundleSheaf_questions_fold6_seed43.pt
Saved model weights to /home/fguadagn/FMG_Master_Thesis/neural-sheaf-diffusion-modified/results/model_weights/questions/BundleSheaf/normalised-false/stalk_dim-5/4-layers/16-hidden/500-epochs/checkpoints/best-epoch/BundleSheaf_questions_fold6_seed43.pth
Saved fold masks to /home/fguadagn/FMG_Master_Thesis/neural-sheaf-diffusion-modified/results/model_weights/questions/BundleSheaf/normalised-false/stalk_dim-5/4-layers/16-hidden/500-epochs/checkpoints/best-epoch/BundleSheaf_questions_fold6_seed43_masks.pt
Saved best-epoch model weights and masks (epoch 422) to checkpoints/best-epoch/
Updated best_epochs.json: fold_6 -> epoch 422
Saved node norms to /home/fguadagn/FMG_Master_Thesis/neural-sheaf-diffusion-modified/results/node_norms/questions/BundleSheaf/normalised-false/stalk_dim-5/4-layers/16-hidden/500-epochs/BundleSheaf_questions_fold6_seed43.pt
Saved node predictions to /home/fguadagn/FMG_Master_Thesis/neural-sheaf-diffusion-modified/results/node_preds/questions/BundleSheaf/normalised-false/stalk_dim-5/4-layers/16-hidden/500-epochs/BundleSheaf_questions_fold6_seed43.pt
Saved confidence to /home/fguadagn/FMG_Master_Thesis/neural-sheaf-diffusion-modified/results/node_conf/questions/BundleSheaf/normalised-false/stalk_dim-5/4-layers/16-hidden/500-epochs/BundleSheaf_questions_fold6_seed43.pt
Saved per-node accuracy to /home/fguadagn/FMG_Master_Thesis/neural-sheaf-diffusion-modified/results/node_accuracy/questions/BundleSheaf/normalised-false/stalk_dim-5/4-layers/16-hidden/500-epochs/BundleSheaf_questions_fold6_seed43.pt
Saved saliency to /home/fguadagn/FMG_Master_Thesis/neural-sheaf-diffusion-modified/results/node_saliency/questions/BundleSheaf/normalised-false/stalk_dim-5/4-layers/16-hidden/500-epochs/BundleSheaf_questions_fold6_seed43.pt
Saved node norms to /home/fguadagn/FMG_Master_Thesis/neural-sheaf-diffusion-modified/results/node_norms/questions/BundleSheaf/normalised-false/stalk_dim-5/4-layers/16-hidden/500-epochs/checkpoints/epoch-0/BundleSheaf_questions_fold7_seed43.pt
Saved confidence to /home/fguadagn/FMG_Master_Thesis/neural-sheaf-diffusion-modified/results/node_conf/questions/BundleSheaf/normalised-false/stalk_dim-5/4-layers/16-hidden/500-epochs/checkpoints/epoch-0/BundleSheaf_questions_fold7_seed43.pt
Saved per-node accuracy to /home/fguadagn/FMG_Master_Thesis/neural-sheaf-diffusion-modified/results/node_accuracy/questions/BundleSheaf/normalised-false/stalk_dim-5/4-layers/16-hidden/500-epochs/checkpoints/epoch-0/BundleSheaf_questions_fold7_seed43.pt
Saved saliency to /home/fguadagn/FMG_Master_Thesis/neural-sheaf-diffusion-modified/results/node_saliency/questions/BundleSheaf/normalised-false/stalk_dim-5/4-layers/16-hidden/500-epochs/checkpoints/epoch-0/BundleSheaf_questions_fold7_seed43.pt
Saved node norms to /home/fguadagn/FMG_Master_Thesis/neural-sheaf-diffusion-modified/results/node_norms/questions/BundleSheaf/normalised-false/stalk_dim-5/4-layers/16-hidden/500-epochs/checkpoints/epoch-1/BundleSheaf_questions_fold7_seed43.pt
Saved confidence to /home/fguadagn/FMG_Master_Thesis/neural-sheaf-diffusion-modified/results/node_conf/questions/BundleSheaf/normalised-false/stalk_dim-5/4-layers/16-hidden/500-epochs/checkpoints/epoch-1/BundleSheaf_questions_fold7_seed43.pt
Saved per-node accuracy to /home/fguadagn/FMG_Master_Thesis/neural-sheaf-diffusion-modified/results/node_accuracy/questions/BundleSheaf/normalised-false/stalk_dim-5/4-layers/16-hidden/500-epochs/checkpoints/epoch-1/BundleSheaf_questions_fold7_seed43.pt
Saved saliency to /home/fguadagn/FMG_Master_Thesis/neural-sheaf-diffusion-modified/results/node_saliency/questions/BundleSheaf/normalised-false/stalk_dim-5/4-layers/16-hidden/500-epochs/checkpoints/epoch-1/BundleSheaf_questions_fold7_seed43.pt
Saved node norms to /home/fguadagn/FMG_Master_Thesis/neural-sheaf-diffusion-modified/results/node_norms/questions/BundleSheaf/normalised-false/stalk_dim-5/4-layers/16-hidden/500-epochs/checkpoints/epoch-5/BundleSheaf_questions_fold7_seed43.pt
Saved confidence to /home/fguadagn/FMG_Master_Thesis/neural-sheaf-diffusion-modified/results/node_conf/questions/BundleSheaf/normalised-false/stalk_dim-5/4-layers/16-hidden/500-epochs/checkpoints/epoch-5/BundleSheaf_questions_fold7_seed43.pt
Saved per-node accuracy to /home/fguadagn/FMG_Master_Thesis/neural-sheaf-diffusion-modified/results/node_accuracy/questions/BundleSheaf/normalised-false/stalk_dim-5/4-layers/16-hidden/500-epochs/checkpoints/epoch-5/BundleSheaf_questions_fold7_seed43.pt
Saved saliency to /home/fguadagn/FMG_Master_Thesis/neural-sheaf-diffusion-modified/results/node_saliency/questions/BundleSheaf/normalised-false/stalk_dim-5/4-layers/16-hidden/500-epochs/checkpoints/epoch-5/BundleSheaf_questions_fold7_seed43.pt
Saved node norms to /home/fguadagn/FMG_Master_Thesis/neural-sheaf-diffusion-modified/results/node_norms/questions/BundleSheaf/normalised-false/stalk_dim-5/4-layers/16-hidden/500-epochs/checkpoints/epoch-15/BundleSheaf_questions_fold7_seed43.pt
Saved confidence to /home/fguadagn/FMG_Master_Thesis/neural-sheaf-diffusion-modified/results/node_conf/questions/BundleSheaf/normalised-false/stalk_dim-5/4-layers/16-hidden/500-epochs/checkpoints/epoch-15/BundleSheaf_questions_fold7_seed43.pt
Saved per-node accuracy to /home/fguadagn/FMG_Master_Thesis/neural-sheaf-diffusion-modified/results/node_accuracy/questions/BundleSheaf/normalised-false/stalk_dim-5/4-layers/16-hidden/500-epochs/checkpoints/epoch-15/BundleSheaf_questions_fold7_seed43.pt
Saved saliency to /home/fguadagn/FMG_Master_Thesis/neural-sheaf-diffusion-modified/results/node_saliency/questions/BundleSheaf/normalised-false/stalk_dim-5/4-layers/16-hidden/500-epochs/checkpoints/epoch-15/BundleSheaf_questions_fold7_seed43.pt
Saved node norms to /home/fguadagn/FMG_Master_Thesis/neural-sheaf-diffusion-modified/results/node_norms/questions/BundleSheaf/normalised-false/stalk_dim-5/4-layers/16-hidden/500-epochs/checkpoints/epoch-50/BundleSheaf_questions_fold7_seed43.pt
Saved confidence to /home/fguadagn/FMG_Master_Thesis/neural-sheaf-diffusion-modified/results/node_conf/questions/BundleSheaf/normalised-false/stalk_dim-5/4-layers/16-hidden/500-epochs/checkpoints/epoch-50/BundleSheaf_questions_fold7_seed43.pt
Saved per-node accuracy to /home/fguadagn/FMG_Master_Thesis/neural-sheaf-diffusion-modified/results/node_accuracy/questions/BundleSheaf/normalised-false/stalk_dim-5/4-layers/16-hidden/500-epochs/checkpoints/epoch-50/BundleSheaf_questions_fold7_seed43.pt
Saved saliency to /home/fguadagn/FMG_Master_Thesis/neural-sheaf-diffusion-modified/results/node_saliency/questions/BundleSheaf/normalised-false/stalk_dim-5/4-layers/16-hidden/500-epochs/checkpoints/epoch-50/BundleSheaf_questions_fold7_seed43.pt
Saved node norms to /home/fguadagn/FMG_Master_Thesis/neural-sheaf-diffusion-modified/results/node_norms/questions/BundleSheaf/normalised-false/stalk_dim-5/4-layers/16-hidden/500-epochs/checkpoints/epoch-200/BundleSheaf_questions_fold7_seed43.pt
Saved confidence to /home/fguadagn/FMG_Master_Thesis/neural-sheaf-diffusion-modified/results/node_conf/questions/BundleSheaf/normalised-false/stalk_dim-5/4-layers/16-hidden/500-epochs/checkpoints/epoch-200/BundleSheaf_questions_fold7_seed43.pt
Saved per-node accuracy to /home/fguadagn/FMG_Master_Thesis/neural-sheaf-diffusion-modified/results/node_accuracy/questions/BundleSheaf/normalised-false/stalk_dim-5/4-layers/16-hidden/500-epochs/checkpoints/epoch-200/BundleSheaf_questions_fold7_seed43.pt
Saved saliency to /home/fguadagn/FMG_Master_Thesis/neural-sheaf-diffusion-modified/results/node_saliency/questions/BundleSheaf/normalised-false/stalk_dim-5/4-layers/16-hidden/500-epochs/checkpoints/epoch-200/BundleSheaf_questions_fold7_seed43.pt
Fold 7 | Epochs: 499 | Best epoch: 497
Test acc (best epoch): 0.9483
Test acc (last epoch): 0.9570
Best val acc: 0.9479
Test AUC (best epoch): 0.5078
Test AUC (last epoch): 0.5049
Laplacian 0: Max: 0.9871, Min: -1.0000, Avg: -0.1866, Abs avg: 0.2904
Laplacian 1: Max: 0.9991, Min: -1.0000, Avg: -0.0116, Abs avg: 0.3701
Laplacian 2: Max: 0.9996, Min: -1.0000, Avg: -0.0204, Abs avg: 0.2692
Laplacian 3: Max: 0.9998, Min: -1.0000, Avg: -0.0094, Abs avg: 0.3691
Epsilons 0: [ 0.092 -0.107 -0.082  0.031 -0.048]
Epsilons 1: [ 0.004  0.001  0.077 -0.092 -0.099]
Epsilons 2: [-0.095 -0.243  0.     0.063 -0.109]
Epsilons 3: [-0.729 -0.365 -0.419 -0.326 -0.745]
Saved node norms to /home/fguadagn/FMG_Master_Thesis/neural-sheaf-diffusion-modified/results/node_norms/questions/BundleSheaf/normalised-false/stalk_dim-5/4-layers/16-hidden/500-epochs/checkpoints/best-epoch/BundleSheaf_questions_fold7_seed43.pt
Saved best-epoch node norms (epoch 497) to checkpoints/best-epoch/
Saved confidence to /home/fguadagn/FMG_Master_Thesis/neural-sheaf-diffusion-modified/results/node_conf/questions/BundleSheaf/normalised-false/stalk_dim-5/4-layers/16-hidden/500-epochs/checkpoints/best-epoch/BundleSheaf_questions_fold7_seed43.pt
Saved per-node accuracy to /home/fguadagn/FMG_Master_Thesis/neural-sheaf-diffusion-modified/results/node_accuracy/questions/BundleSheaf/normalised-false/stalk_dim-5/4-layers/16-hidden/500-epochs/checkpoints/best-epoch/BundleSheaf_questions_fold7_seed43.pt
Saved saliency to /home/fguadagn/FMG_Master_Thesis/neural-sheaf-diffusion-modified/results/node_saliency/questions/BundleSheaf/normalised-false/stalk_dim-5/4-layers/16-hidden/500-epochs/checkpoints/best-epoch/BundleSheaf_questions_fold7_seed43.pt
Saved model weights to /home/fguadagn/FMG_Master_Thesis/neural-sheaf-diffusion-modified/results/model_weights/questions/BundleSheaf/normalised-false/stalk_dim-5/4-layers/16-hidden/500-epochs/checkpoints/best-epoch/BundleSheaf_questions_fold7_seed43.pth
Saved fold masks to /home/fguadagn/FMG_Master_Thesis/neural-sheaf-diffusion-modified/results/model_weights/questions/BundleSheaf/normalised-false/stalk_dim-5/4-layers/16-hidden/500-epochs/checkpoints/best-epoch/BundleSheaf_questions_fold7_seed43_masks.pt
Saved best-epoch model weights and masks (epoch 497) to checkpoints/best-epoch/
Updated best_epochs.json: fold_7 -> epoch 497
Saved node norms to /home/fguadagn/FMG_Master_Thesis/neural-sheaf-diffusion-modified/results/node_norms/questions/BundleSheaf/normalised-false/stalk_dim-5/4-layers/16-hidden/500-epochs/BundleSheaf_questions_fold7_seed43.pt
Saved node predictions to /home/fguadagn/FMG_Master_Thesis/neural-sheaf-diffusion-modified/results/node_preds/questions/BundleSheaf/normalised-false/stalk_dim-5/4-layers/16-hidden/500-epochs/BundleSheaf_questions_fold7_seed43.pt
Saved confidence to /home/fguadagn/FMG_Master_Thesis/neural-sheaf-diffusion-modified/results/node_conf/questions/BundleSheaf/normalised-false/stalk_dim-5/4-layers/16-hidden/500-epochs/BundleSheaf_questions_fold7_seed43.pt
Saved per-node accuracy to /home/fguadagn/FMG_Master_Thesis/neural-sheaf-diffusion-modified/results/node_accuracy/questions/BundleSheaf/normalised-false/stalk_dim-5/4-layers/16-hidden/500-epochs/BundleSheaf_questions_fold7_seed43.pt
Saved saliency to /home/fguadagn/FMG_Master_Thesis/neural-sheaf-diffusion-modified/results/node_saliency/questions/BundleSheaf/normalised-false/stalk_dim-5/4-layers/16-hidden/500-epochs/BundleSheaf_questions_fold7_seed43.pt
Saved node norms to /home/fguadagn/FMG_Master_Thesis/neural-sheaf-diffusion-modified/results/node_norms/questions/BundleSheaf/normalised-false/stalk_dim-5/4-layers/16-hidden/500-epochs/checkpoints/epoch-0/BundleSheaf_questions_fold8_seed43.pt
Saved confidence to /home/fguadagn/FMG_Master_Thesis/neural-sheaf-diffusion-modified/results/node_conf/questions/BundleSheaf/normalised-false/stalk_dim-5/4-layers/16-hidden/500-epochs/checkpoints/epoch-0/BundleSheaf_questions_fold8_seed43.pt
Saved per-node accuracy to /home/fguadagn/FMG_Master_Thesis/neural-sheaf-diffusion-modified/results/node_accuracy/questions/BundleSheaf/normalised-false/stalk_dim-5/4-layers/16-hidden/500-epochs/checkpoints/epoch-0/BundleSheaf_questions_fold8_seed43.pt
Saved saliency to /home/fguadagn/FMG_Master_Thesis/neural-sheaf-diffusion-modified/results/node_saliency/questions/BundleSheaf/normalised-false/stalk_dim-5/4-layers/16-hidden/500-epochs/checkpoints/epoch-0/BundleSheaf_questions_fold8_seed43.pt
Saved node norms to /home/fguadagn/FMG_Master_Thesis/neural-sheaf-diffusion-modified/results/node_norms/questions/BundleSheaf/normalised-false/stalk_dim-5/4-layers/16-hidden/500-epochs/checkpoints/epoch-1/BundleSheaf_questions_fold8_seed43.pt
Saved confidence to /home/fguadagn/FMG_Master_Thesis/neural-sheaf-diffusion-modified/results/node_conf/questions/BundleSheaf/normalised-false/stalk_dim-5/4-layers/16-hidden/500-epochs/checkpoints/epoch-1/BundleSheaf_questions_fold8_seed43.pt
Saved per-node accuracy to /home/fguadagn/FMG_Master_Thesis/neural-sheaf-diffusion-modified/results/node_accuracy/questions/BundleSheaf/normalised-false/stalk_dim-5/4-layers/16-hidden/500-epochs/checkpoints/epoch-1/BundleSheaf_questions_fold8_seed43.pt
Saved saliency to /home/fguadagn/FMG_Master_Thesis/neural-sheaf-diffusion-modified/results/node_saliency/questions/BundleSheaf/normalised-false/stalk_dim-5/4-layers/16-hidden/500-epochs/checkpoints/epoch-1/BundleSheaf_questions_fold8_seed43.pt
Saved node norms to /home/fguadagn/FMG_Master_Thesis/neural-sheaf-diffusion-modified/results/node_norms/questions/BundleSheaf/normalised-false/stalk_dim-5/4-layers/16-hidden/500-epochs/checkpoints/epoch-5/BundleSheaf_questions_fold8_seed43.pt
Saved confidence to /home/fguadagn/FMG_Master_Thesis/neural-sheaf-diffusion-modified/results/node_conf/questions/BundleSheaf/normalised-false/stalk_dim-5/4-layers/16-hidden/500-epochs/checkpoints/epoch-5/BundleSheaf_questions_fold8_seed43.pt
Saved per-node accuracy to /home/fguadagn/FMG_Master_Thesis/neural-sheaf-diffusion-modified/results/node_accuracy/questions/BundleSheaf/normalised-false/stalk_dim-5/4-layers/16-hidden/500-epochs/checkpoints/epoch-5/BundleSheaf_questions_fold8_seed43.pt
Saved saliency to /home/fguadagn/FMG_Master_Thesis/neural-sheaf-diffusion-modified/results/node_saliency/questions/BundleSheaf/normalised-false/stalk_dim-5/4-layers/16-hidden/500-epochs/checkpoints/epoch-5/BundleSheaf_questions_fold8_seed43.pt
Saved node norms to /home/fguadagn/FMG_Master_Thesis/neural-sheaf-diffusion-modified/results/node_norms/questions/BundleSheaf/normalised-false/stalk_dim-5/4-layers/16-hidden/500-epochs/checkpoints/epoch-15/BundleSheaf_questions_fold8_seed43.pt
Saved confidence to /home/fguadagn/FMG_Master_Thesis/neural-sheaf-diffusion-modified/results/node_conf/questions/BundleSheaf/normalised-false/stalk_dim-5/4-layers/16-hidden/500-epochs/checkpoints/epoch-15/BundleSheaf_questions_fold8_seed43.pt
Saved per-node accuracy to /home/fguadagn/FMG_Master_Thesis/neural-sheaf-diffusion-modified/results/node_accuracy/questions/BundleSheaf/normalised-false/stalk_dim-5/4-layers/16-hidden/500-epochs/checkpoints/epoch-15/BundleSheaf_questions_fold8_seed43.pt
Saved saliency to /home/fguadagn/FMG_Master_Thesis/neural-sheaf-diffusion-modified/results/node_saliency/questions/BundleSheaf/normalised-false/stalk_dim-5/4-layers/16-hidden/500-epochs/checkpoints/epoch-15/BundleSheaf_questions_fold8_seed43.pt
Saved node norms to /home/fguadagn/FMG_Master_Thesis/neural-sheaf-diffusion-modified/results/node_norms/questions/BundleSheaf/normalised-false/stalk_dim-5/4-layers/16-hidden/500-epochs/checkpoints/epoch-50/BundleSheaf_questions_fold8_seed43.pt
Saved confidence to /home/fguadagn/FMG_Master_Thesis/neural-sheaf-diffusion-modified/results/node_conf/questions/BundleSheaf/normalised-false/stalk_dim-5/4-layers/16-hidden/500-epochs/checkpoints/epoch-50/BundleSheaf_questions_fold8_seed43.pt
Saved per-node accuracy to /home/fguadagn/FMG_Master_Thesis/neural-sheaf-diffusion-modified/results/node_accuracy/questions/BundleSheaf/normalised-false/stalk_dim-5/4-layers/16-hidden/500-epochs/checkpoints/epoch-50/BundleSheaf_questions_fold8_seed43.pt
Saved saliency to /home/fguadagn/FMG_Master_Thesis/neural-sheaf-diffusion-modified/results/node_saliency/questions/BundleSheaf/normalised-false/stalk_dim-5/4-layers/16-hidden/500-epochs/checkpoints/epoch-50/BundleSheaf_questions_fold8_seed43.pt
Saved node norms to /home/fguadagn/FMG_Master_Thesis/neural-sheaf-diffusion-modified/results/node_norms/questions/BundleSheaf/normalised-false/stalk_dim-5/4-layers/16-hidden/500-epochs/checkpoints/epoch-200/BundleSheaf_questions_fold8_seed43.pt
Saved confidence to /home/fguadagn/FMG_Master_Thesis/neural-sheaf-diffusion-modified/results/node_conf/questions/BundleSheaf/normalised-false/stalk_dim-5/4-layers/16-hidden/500-epochs/checkpoints/epoch-200/BundleSheaf_questions_fold8_seed43.pt
Saved per-node accuracy to /home/fguadagn/FMG_Master_Thesis/neural-sheaf-diffusion-modified/results/node_accuracy/questions/BundleSheaf/normalised-false/stalk_dim-5/4-layers/16-hidden/500-epochs/checkpoints/epoch-200/BundleSheaf_questions_fold8_seed43.pt
Saved saliency to /home/fguadagn/FMG_Master_Thesis/neural-sheaf-diffusion-modified/results/node_saliency/questions/BundleSheaf/normalised-false/stalk_dim-5/4-layers/16-hidden/500-epochs/checkpoints/epoch-200/BundleSheaf_questions_fold8_seed43.pt
Fold 8 | Epochs: 499 | Best epoch: 399
Test acc (best epoch): 0.9016
Test acc (last epoch): 0.9256
Best val acc: 0.9002
Test AUC (best epoch): 0.4654
Test AUC (last epoch): 0.5183
Laplacian 0: Max: 0.9941, Min: -1.0000, Avg: -0.1936, Abs avg: 0.2796
Laplacian 1: Max: 0.9998, Min: -1.0000, Avg: -0.1586, Abs avg: 0.2688
Laplacian 2: Max: 0.9950, Min: -1.0000, Avg: 0.0034, Abs avg: 0.3428
Laplacian 3: Max: 1.0000, Min: -1.0000, Avg: -0.1402, Abs avg: 0.3255
Epsilons 0: [ 0.022  0.122  0.137  0.041 -0.094]
Epsilons 1: [-0.028 -0.105 -0.158  0.098 -0.053]
Epsilons 2: [-0.023  0.16  -0.337 -0.331 -0.04 ]
Epsilons 3: [-1.091 -0.722 -0.694 -0.395 -0.741]
Saved node norms to /home/fguadagn/FMG_Master_Thesis/neural-sheaf-diffusion-modified/results/node_norms/questions/BundleSheaf/normalised-false/stalk_dim-5/4-layers/16-hidden/500-epochs/checkpoints/best-epoch/BundleSheaf_questions_fold8_seed43.pt
Saved best-epoch node norms (epoch 399) to checkpoints/best-epoch/
Saved confidence to /home/fguadagn/FMG_Master_Thesis/neural-sheaf-diffusion-modified/results/node_conf/questions/BundleSheaf/normalised-false/stalk_dim-5/4-layers/16-hidden/500-epochs/checkpoints/best-epoch/BundleSheaf_questions_fold8_seed43.pt
Saved per-node accuracy to /home/fguadagn/FMG_Master_Thesis/neural-sheaf-diffusion-modified/results/node_accuracy/questions/BundleSheaf/normalised-false/stalk_dim-5/4-layers/16-hidden/500-epochs/checkpoints/best-epoch/BundleSheaf_questions_fold8_seed43.pt
Saved saliency to /home/fguadagn/FMG_Master_Thesis/neural-sheaf-diffusion-modified/results/node_saliency/questions/BundleSheaf/normalised-false/stalk_dim-5/4-layers/16-hidden/500-epochs/checkpoints/best-epoch/BundleSheaf_questions_fold8_seed43.pt
Saved model weights to /home/fguadagn/FMG_Master_Thesis/neural-sheaf-diffusion-modified/results/model_weights/questions/BundleSheaf/normalised-false/stalk_dim-5/4-layers/16-hidden/500-epochs/checkpoints/best-epoch/BundleSheaf_questions_fold8_seed43.pth
Saved fold masks to /home/fguadagn/FMG_Master_Thesis/neural-sheaf-diffusion-modified/results/model_weights/questions/BundleSheaf/normalised-false/stalk_dim-5/4-layers/16-hidden/500-epochs/checkpoints/best-epoch/BundleSheaf_questions_fold8_seed43_masks.pt
Saved best-epoch model weights and masks (epoch 399) to checkpoints/best-epoch/
Updated best_epochs.json: fold_8 -> epoch 399
Saved node norms to /home/fguadagn/FMG_Master_Thesis/neural-sheaf-diffusion-modified/results/node_norms/questions/BundleSheaf/normalised-false/stalk_dim-5/4-layers/16-hidden/500-epochs/BundleSheaf_questions_fold8_seed43.pt
Saved node predictions to /home/fguadagn/FMG_Master_Thesis/neural-sheaf-diffusion-modified/results/node_preds/questions/BundleSheaf/normalised-false/stalk_dim-5/4-layers/16-hidden/500-epochs/BundleSheaf_questions_fold8_seed43.pt
Saved confidence to /home/fguadagn/FMG_Master_Thesis/neural-sheaf-diffusion-modified/results/node_conf/questions/BundleSheaf/normalised-false/stalk_dim-5/4-layers/16-hidden/500-epochs/BundleSheaf_questions_fold8_seed43.pt
Saved per-node accuracy to /home/fguadagn/FMG_Master_Thesis/neural-sheaf-diffusion-modified/results/node_accuracy/questions/BundleSheaf/normalised-false/stalk_dim-5/4-layers/16-hidden/500-epochs/BundleSheaf_questions_fold8_seed43.pt
Saved saliency to /home/fguadagn/FMG_Master_Thesis/neural-sheaf-diffusion-modified/results/node_saliency/questions/BundleSheaf/normalised-false/stalk_dim-5/4-layers/16-hidden/500-epochs/BundleSheaf_questions_fold8_seed43.pt
Saved node norms to /home/fguadagn/FMG_Master_Thesis/neural-sheaf-diffusion-modified/results/node_norms/questions/BundleSheaf/normalised-false/stalk_dim-5/4-layers/16-hidden/500-epochs/checkpoints/epoch-0/BundleSheaf_questions_fold9_seed43.pt
Saved confidence to /home/fguadagn/FMG_Master_Thesis/neural-sheaf-diffusion-modified/results/node_conf/questions/BundleSheaf/normalised-false/stalk_dim-5/4-layers/16-hidden/500-epochs/checkpoints/epoch-0/BundleSheaf_questions_fold9_seed43.pt
Saved per-node accuracy to /home/fguadagn/FMG_Master_Thesis/neural-sheaf-diffusion-modified/results/node_accuracy/questions/BundleSheaf/normalised-false/stalk_dim-5/4-layers/16-hidden/500-epochs/checkpoints/epoch-0/BundleSheaf_questions_fold9_seed43.pt
Saved saliency to /home/fguadagn/FMG_Master_Thesis/neural-sheaf-diffusion-modified/results/node_saliency/questions/BundleSheaf/normalised-false/stalk_dim-5/4-layers/16-hidden/500-epochs/checkpoints/epoch-0/BundleSheaf_questions_fold9_seed43.pt
Saved node norms to /home/fguadagn/FMG_Master_Thesis/neural-sheaf-diffusion-modified/results/node_norms/questions/BundleSheaf/normalised-false/stalk_dim-5/4-layers/16-hidden/500-epochs/checkpoints/epoch-1/BundleSheaf_questions_fold9_seed43.pt
Saved confidence to /home/fguadagn/FMG_Master_Thesis/neural-sheaf-diffusion-modified/results/node_conf/questions/BundleSheaf/normalised-false/stalk_dim-5/4-layers/16-hidden/500-epochs/checkpoints/epoch-1/BundleSheaf_questions_fold9_seed43.pt
Saved per-node accuracy to /home/fguadagn/FMG_Master_Thesis/neural-sheaf-diffusion-modified/results/node_accuracy/questions/BundleSheaf/normalised-false/stalk_dim-5/4-layers/16-hidden/500-epochs/checkpoints/epoch-1/BundleSheaf_questions_fold9_seed43.pt
Saved saliency to /home/fguadagn/FMG_Master_Thesis/neural-sheaf-diffusion-modified/results/node_saliency/questions/BundleSheaf/normalised-false/stalk_dim-5/4-layers/16-hidden/500-epochs/checkpoints/epoch-1/BundleSheaf_questions_fold9_seed43.pt
Saved node norms to /home/fguadagn/FMG_Master_Thesis/neural-sheaf-diffusion-modified/results/node_norms/questions/BundleSheaf/normalised-false/stalk_dim-5/4-layers/16-hidden/500-epochs/checkpoints/epoch-5/BundleSheaf_questions_fold9_seed43.pt
Saved confidence to /home/fguadagn/FMG_Master_Thesis/neural-sheaf-diffusion-modified/results/node_conf/questions/BundleSheaf/normalised-false/stalk_dim-5/4-layers/16-hidden/500-epochs/checkpoints/epoch-5/BundleSheaf_questions_fold9_seed43.pt
Saved per-node accuracy to /home/fguadagn/FMG_Master_Thesis/neural-sheaf-diffusion-modified/results/node_accuracy/questions/BundleSheaf/normalised-false/stalk_dim-5/4-layers/16-hidden/500-epochs/checkpoints/epoch-5/BundleSheaf_questions_fold9_seed43.pt
Saved saliency to /home/fguadagn/FMG_Master_Thesis/neural-sheaf-diffusion-modified/results/node_saliency/questions/BundleSheaf/normalised-false/stalk_dim-5/4-layers/16-hidden/500-epochs/checkpoints/epoch-5/BundleSheaf_questions_fold9_seed43.pt
Saved node norms to /home/fguadagn/FMG_Master_Thesis/neural-sheaf-diffusion-modified/results/node_norms/questions/BundleSheaf/normalised-false/stalk_dim-5/4-layers/16-hidden/500-epochs/checkpoints/epoch-15/BundleSheaf_questions_fold9_seed43.pt
Saved confidence to /home/fguadagn/FMG_Master_Thesis/neural-sheaf-diffusion-modified/results/node_conf/questions/BundleSheaf/normalised-false/stalk_dim-5/4-layers/16-hidden/500-epochs/checkpoints/epoch-15/BundleSheaf_questions_fold9_seed43.pt
Saved per-node accuracy to /home/fguadagn/FMG_Master_Thesis/neural-sheaf-diffusion-modified/results/node_accuracy/questions/BundleSheaf/normalised-false/stalk_dim-5/4-layers/16-hidden/500-epochs/checkpoints/epoch-15/BundleSheaf_questions_fold9_seed43.pt
Saved saliency to /home/fguadagn/FMG_Master_Thesis/neural-sheaf-diffusion-modified/results/node_saliency/questions/BundleSheaf/normalised-false/stalk_dim-5/4-layers/16-hidden/500-epochs/checkpoints/epoch-15/BundleSheaf_questions_fold9_seed43.pt
Saved node norms to /home/fguadagn/FMG_Master_Thesis/neural-sheaf-diffusion-modified/results/node_norms/questions/BundleSheaf/normalised-false/stalk_dim-5/4-layers/16-hidden/500-epochs/checkpoints/epoch-50/BundleSheaf_questions_fold9_seed43.pt
Saved confidence to /home/fguadagn/FMG_Master_Thesis/neural-sheaf-diffusion-modified/results/node_conf/questions/BundleSheaf/normalised-false/stalk_dim-5/4-layers/16-hidden/500-epochs/checkpoints/epoch-50/BundleSheaf_questions_fold9_seed43.pt
Saved per-node accuracy to /home/fguadagn/FMG_Master_Thesis/neural-sheaf-diffusion-modified/results/node_accuracy/questions/BundleSheaf/normalised-false/stalk_dim-5/4-layers/16-hidden/500-epochs/checkpoints/epoch-50/BundleSheaf_questions_fold9_seed43.pt
Saved saliency to /home/fguadagn/FMG_Master_Thesis/neural-sheaf-diffusion-modified/results/node_saliency/questions/BundleSheaf/normalised-false/stalk_dim-5/4-layers/16-hidden/500-epochs/checkpoints/epoch-50/BundleSheaf_questions_fold9_seed43.pt
Saved node norms to /home/fguadagn/FMG_Master_Thesis/neural-sheaf-diffusion-modified/results/node_norms/questions/BundleSheaf/normalised-false/stalk_dim-5/4-layers/16-hidden/500-epochs/checkpoints/epoch-200/BundleSheaf_questions_fold9_seed43.pt
Saved confidence to /home/fguadagn/FMG_Master_Thesis/neural-sheaf-diffusion-modified/results/node_conf/questions/BundleSheaf/normalised-false/stalk_dim-5/4-layers/16-hidden/500-epochs/checkpoints/epoch-200/BundleSheaf_questions_fold9_seed43.pt
Saved per-node accuracy to /home/fguadagn/FMG_Master_Thesis/neural-sheaf-diffusion-modified/results/node_accuracy/questions/BundleSheaf/normalised-false/stalk_dim-5/4-layers/16-hidden/500-epochs/checkpoints/epoch-200/BundleSheaf_questions_fold9_seed43.pt
Saved saliency to /home/fguadagn/FMG_Master_Thesis/neural-sheaf-diffusion-modified/results/node_saliency/questions/BundleSheaf/normalised-false/stalk_dim-5/4-layers/16-hidden/500-epochs/checkpoints/epoch-200/BundleSheaf_questions_fold9_seed43.pt
Fold 9 | Epochs: 499 | Best epoch: 419
Test acc (best epoch): 0.9311
Test acc (last epoch): 0.9414
Best val acc: 0.9310
Test AUC (best epoch): 0.4962
Test AUC (last epoch): 0.4947
Laplacian 0: Max: 0.9986, Min: -1.0000, Avg: -0.0945, Abs avg: 0.3678
Laplacian 1: Max: 1.0000, Min: -1.0000, Avg: -0.0068, Abs avg: 0.3678
Laplacian 2: Max: 1.0000, Min: -1.0000, Avg: 0.0012, Abs avg: 0.3602
Laplacian 3: Max: 0.9891, Min: -1.0000, Avg: -0.1267, Abs avg: 0.3626
Epsilons 0: [-0.024 -0.024  0.034  0.118  0.149]
Epsilons 1: [-0.023  0.03   0.03   0.116  0.13 ]
Epsilons 2: [-0.417  0.173 -0.109  0.259  0.113]
Epsilons 3: [-0.505 -0.454 -0.345 -0.501 -0.426]
Saved node norms to /home/fguadagn/FMG_Master_Thesis/neural-sheaf-diffusion-modified/results/node_norms/questions/BundleSheaf/normalised-false/stalk_dim-5/4-layers/16-hidden/500-epochs/checkpoints/best-epoch/BundleSheaf_questions_fold9_seed43.pt
Saved best-epoch node norms (epoch 419) to checkpoints/best-epoch/
Saved confidence to /home/fguadagn/FMG_Master_Thesis/neural-sheaf-diffusion-modified/results/node_conf/questions/BundleSheaf/normalised-false/stalk_dim-5/4-layers/16-hidden/500-epochs/checkpoints/best-epoch/BundleSheaf_questions_fold9_seed43.pt
Saved per-node accuracy to /home/fguadagn/FMG_Master_Thesis/neural-sheaf-diffusion-modified/results/node_accuracy/questions/BundleSheaf/normalised-false/stalk_dim-5/4-layers/16-hidden/500-epochs/checkpoints/best-epoch/BundleSheaf_questions_fold9_seed43.pt
Saved saliency to /home/fguadagn/FMG_Master_Thesis/neural-sheaf-diffusion-modified/results/node_saliency/questions/BundleSheaf/normalised-false/stalk_dim-5/4-layers/16-hidden/500-epochs/checkpoints/best-epoch/BundleSheaf_questions_fold9_seed43.pt
Saved model weights to /home/fguadagn/FMG_Master_Thesis/neural-sheaf-diffusion-modified/results/model_weights/questions/BundleSheaf/normalised-false/stalk_dim-5/4-layers/16-hidden/500-epochs/checkpoints/best-epoch/BundleSheaf_questions_fold9_seed43.pth
Saved fold masks to /home/fguadagn/FMG_Master_Thesis/neural-sheaf-diffusion-modified/results/model_weights/questions/BundleSheaf/normalised-false/stalk_dim-5/4-layers/16-hidden/500-epochs/checkpoints/best-epoch/BundleSheaf_questions_fold9_seed43_masks.pt
Saved best-epoch model weights and masks (epoch 419) to checkpoints/best-epoch/
Updated best_epochs.json: fold_9 -> epoch 419
Saved node norms to /home/fguadagn/FMG_Master_Thesis/neural-sheaf-diffusion-modified/results/node_norms/questions/BundleSheaf/normalised-false/stalk_dim-5/4-layers/16-hidden/500-epochs/BundleSheaf_questions_fold9_seed43.pt
Saved node predictions to /home/fguadagn/FMG_Master_Thesis/neural-sheaf-diffusion-modified/results/node_preds/questions/BundleSheaf/normalised-false/stalk_dim-5/4-layers/16-hidden/500-epochs/BundleSheaf_questions_fold9_seed43.pt
Saved confidence to /home/fguadagn/FMG_Master_Thesis/neural-sheaf-diffusion-modified/results/node_conf/questions/BundleSheaf/normalised-false/stalk_dim-5/4-layers/16-hidden/500-epochs/BundleSheaf_questions_fold9_seed43.pt
Saved per-node accuracy to /home/fguadagn/FMG_Master_Thesis/neural-sheaf-diffusion-modified/results/node_accuracy/questions/BundleSheaf/normalised-false/stalk_dim-5/4-layers/16-hidden/500-epochs/BundleSheaf_questions_fold9_seed43.pt
Saved saliency to /home/fguadagn/FMG_Master_Thesis/neural-sheaf-diffusion-modified/results/node_saliency/questions/BundleSheaf/normalised-false/stalk_dim-5/4-layers/16-hidden/500-epochs/BundleSheaf_questions_fold9_seed43.pt
BundleSheaf on questions | SHA: 76c20f9b6a5a98e71dded402ae983d844519635e
Test acc: 91.9974 +/- 3.2118 | Val acc: 91.9935
Test AUC: 0.4919 +/- 0.0152
