Running with wandb account: franceguad2002-epfl
Namespace(epochs=500, lr=0.02, weight_decay=0.0006685729356079199, sheaf_decay=0.0006685729356079199, early_stopping=200, min_acc=0.0, stop_strategy='loss', d=2, layers=2, normalised=False, deg_normalised=False, linear=False, hidden_channels=16, input_dropout=0.0, dropout=0.7276458263736642, left_weights=True, right_weights=True, add_lp=False, add_hp=False, use_act=True, second_linear=False, orth='householder', sheaf_act='tanh', edge_weights=False, sparse_learner=False, dataset='wisconsin', seed=43, cuda=0, folds=10, model='BundleSheaf', entity='franceguad2002-epfl', evectors=0, max_t=1.0, int_method=None, step_size=1, max_iters=100, adjoint_method='adaptive_heun', adjoint=False, adjoint_step_size=1, tol_scale=1.0, tol_scale_adjoint=1.0, max_nfe=1000, no_early=False, earlystopxT=3, max_test_steps=100, num_nodes=200, num_classes=2, num_feats=10, het_coef=0.9, edge_noise=0.05, node_degree=10, feat_noise=0.25, ellipsoid_radius=1, just_add_noise=False, ellipsoids=True, classes_corr=None, dual_diff_strength=1.0, dual_normalised=True, sheaf_init=False, dual_left_linear=True, dual_right_linear=True, dual_linear=False, learn_first_maps=False, learnt_map_type='general', rotation_invariant_sheaf_learner=False, node_edge_sims_time_dependent=False, num_of_convolutions=1, dim_list=[], zero_laplacian=False, maps_lr=None, use_epsilons=True, use_embedding=True, checkpoint_epochs=[0, 1, 5, 15, 50, 200], save_laplacians=False, save_norms=True, save_preds=True, save_saliency=True, save_others=False, sha='76c20f9b6a5a98e71dded402ae983d844519635e', graph_size=251, input_dim=1703, output_dim=5, device=device(type='cuda', index=0))
Saved node norms to /home/fguadagn/FMG_Master_Thesis/neural-sheaf-diffusion-modified/results/node_norms/wisconsin/BundleSheaf/normalised-false/stalk_dim-2/2-layers/16-hidden/500-epochs/checkpoints/epoch-0/BundleSheaf_wisconsin_fold0_seed43.pt
Saved confidence to /home/fguadagn/FMG_Master_Thesis/neural-sheaf-diffusion-modified/results/node_conf/wisconsin/BundleSheaf/normalised-false/stalk_dim-2/2-layers/16-hidden/500-epochs/checkpoints/epoch-0/BundleSheaf_wisconsin_fold0_seed43.pt
Saved per-node accuracy to /home/fguadagn/FMG_Master_Thesis/neural-sheaf-diffusion-modified/results/node_accuracy/wisconsin/BundleSheaf/normalised-false/stalk_dim-2/2-layers/16-hidden/500-epochs/checkpoints/epoch-0/BundleSheaf_wisconsin_fold0_seed43.pt
Saved saliency to /home/fguadagn/FMG_Master_Thesis/neural-sheaf-diffusion-modified/results/node_saliency/wisconsin/BundleSheaf/normalised-false/stalk_dim-2/2-layers/16-hidden/500-epochs/checkpoints/epoch-0/BundleSheaf_wisconsin_fold0_seed43.pt
Saved node norms to /home/fguadagn/FMG_Master_Thesis/neural-sheaf-diffusion-modified/results/node_norms/wisconsin/BundleSheaf/normalised-false/stalk_dim-2/2-layers/16-hidden/500-epochs/checkpoints/epoch-1/BundleSheaf_wisconsin_fold0_seed43.pt
Saved confidence to /home/fguadagn/FMG_Master_Thesis/neural-sheaf-diffusion-modified/results/node_conf/wisconsin/BundleSheaf/normalised-false/stalk_dim-2/2-layers/16-hidden/500-epochs/checkpoints/epoch-1/BundleSheaf_wisconsin_fold0_seed43.pt
Saved per-node accuracy to /home/fguadagn/FMG_Master_Thesis/neural-sheaf-diffusion-modified/results/node_accuracy/wisconsin/BundleSheaf/normalised-false/stalk_dim-2/2-layers/16-hidden/500-epochs/checkpoints/epoch-1/BundleSheaf_wisconsin_fold0_seed43.pt
Saved saliency to /home/fguadagn/FMG_Master_Thesis/neural-sheaf-diffusion-modified/results/node_saliency/wisconsin/BundleSheaf/normalised-false/stalk_dim-2/2-layers/16-hidden/500-epochs/checkpoints/epoch-1/BundleSheaf_wisconsin_fold0_seed43.pt
Saved node norms to /home/fguadagn/FMG_Master_Thesis/neural-sheaf-diffusion-modified/results/node_norms/wisconsin/BundleSheaf/normalised-false/stalk_dim-2/2-layers/16-hidden/500-epochs/checkpoints/epoch-5/BundleSheaf_wisconsin_fold0_seed43.pt
Saved confidence to /home/fguadagn/FMG_Master_Thesis/neural-sheaf-diffusion-modified/results/node_conf/wisconsin/BundleSheaf/normalised-false/stalk_dim-2/2-layers/16-hidden/500-epochs/checkpoints/epoch-5/BundleSheaf_wisconsin_fold0_seed43.pt
Saved per-node accuracy to /home/fguadagn/FMG_Master_Thesis/neural-sheaf-diffusion-modified/results/node_accuracy/wisconsin/BundleSheaf/normalised-false/stalk_dim-2/2-layers/16-hidden/500-epochs/checkpoints/epoch-5/BundleSheaf_wisconsin_fold0_seed43.pt
Saved saliency to /home/fguadagn/FMG_Master_Thesis/neural-sheaf-diffusion-modified/results/node_saliency/wisconsin/BundleSheaf/normalised-false/stalk_dim-2/2-layers/16-hidden/500-epochs/checkpoints/epoch-5/BundleSheaf_wisconsin_fold0_seed43.pt
Saved node norms to /home/fguadagn/FMG_Master_Thesis/neural-sheaf-diffusion-modified/results/node_norms/wisconsin/BundleSheaf/normalised-false/stalk_dim-2/2-layers/16-hidden/500-epochs/checkpoints/epoch-15/BundleSheaf_wisconsin_fold0_seed43.pt
Saved confidence to /home/fguadagn/FMG_Master_Thesis/neural-sheaf-diffusion-modified/results/node_conf/wisconsin/BundleSheaf/normalised-false/stalk_dim-2/2-layers/16-hidden/500-epochs/checkpoints/epoch-15/BundleSheaf_wisconsin_fold0_seed43.pt
Saved per-node accuracy to /home/fguadagn/FMG_Master_Thesis/neural-sheaf-diffusion-modified/results/node_accuracy/wisconsin/BundleSheaf/normalised-false/stalk_dim-2/2-layers/16-hidden/500-epochs/checkpoints/epoch-15/BundleSheaf_wisconsin_fold0_seed43.pt
Saved saliency to /home/fguadagn/FMG_Master_Thesis/neural-sheaf-diffusion-modified/results/node_saliency/wisconsin/BundleSheaf/normalised-false/stalk_dim-2/2-layers/16-hidden/500-epochs/checkpoints/epoch-15/BundleSheaf_wisconsin_fold0_seed43.pt
Saved node norms to /home/fguadagn/FMG_Master_Thesis/neural-sheaf-diffusion-modified/results/node_norms/wisconsin/BundleSheaf/normalised-false/stalk_dim-2/2-layers/16-hidden/500-epochs/checkpoints/epoch-50/BundleSheaf_wisconsin_fold0_seed43.pt
Saved confidence to /home/fguadagn/FMG_Master_Thesis/neural-sheaf-diffusion-modified/results/node_conf/wisconsin/BundleSheaf/normalised-false/stalk_dim-2/2-layers/16-hidden/500-epochs/checkpoints/epoch-50/BundleSheaf_wisconsin_fold0_seed43.pt
Saved per-node accuracy to /home/fguadagn/FMG_Master_Thesis/neural-sheaf-diffusion-modified/results/node_accuracy/wisconsin/BundleSheaf/normalised-false/stalk_dim-2/2-layers/16-hidden/500-epochs/checkpoints/epoch-50/BundleSheaf_wisconsin_fold0_seed43.pt
Saved saliency to /home/fguadagn/FMG_Master_Thesis/neural-sheaf-diffusion-modified/results/node_saliency/wisconsin/BundleSheaf/normalised-false/stalk_dim-2/2-layers/16-hidden/500-epochs/checkpoints/epoch-50/BundleSheaf_wisconsin_fold0_seed43.pt
Saved node norms to /home/fguadagn/FMG_Master_Thesis/neural-sheaf-diffusion-modified/results/node_norms/wisconsin/BundleSheaf/normalised-false/stalk_dim-2/2-layers/16-hidden/500-epochs/checkpoints/epoch-200/BundleSheaf_wisconsin_fold0_seed43.pt
Saved confidence to /home/fguadagn/FMG_Master_Thesis/neural-sheaf-diffusion-modified/results/node_conf/wisconsin/BundleSheaf/normalised-false/stalk_dim-2/2-layers/16-hidden/500-epochs/checkpoints/epoch-200/BundleSheaf_wisconsin_fold0_seed43.pt
Saved per-node accuracy to /home/fguadagn/FMG_Master_Thesis/neural-sheaf-diffusion-modified/results/node_accuracy/wisconsin/BundleSheaf/normalised-false/stalk_dim-2/2-layers/16-hidden/500-epochs/checkpoints/epoch-200/BundleSheaf_wisconsin_fold0_seed43.pt
Saved saliency to /home/fguadagn/FMG_Master_Thesis/neural-sheaf-diffusion-modified/results/node_saliency/wisconsin/BundleSheaf/normalised-false/stalk_dim-2/2-layers/16-hidden/500-epochs/checkpoints/epoch-200/BundleSheaf_wisconsin_fold0_seed43.pt
Fold 0 | Epochs: 499 | Best epoch: 498
Test acc (best epoch): 0.8039
Test acc (last epoch): 0.8039
Best val acc: 0.7750
Laplacian 0: Max: 1.0000, Min: -1.0000, Avg: -0.3651, Abs avg: 0.6435
Laplacian 1: Max: 0.9984, Min: -1.0000, Avg: -0.1472, Abs avg: 0.6259
Epsilons 0: [1.815 2.362]
Epsilons 1: [2.192 2.404]
Saved node norms to /home/fguadagn/FMG_Master_Thesis/neural-sheaf-diffusion-modified/results/node_norms/wisconsin/BundleSheaf/normalised-false/stalk_dim-2/2-layers/16-hidden/500-epochs/checkpoints/best-epoch/BundleSheaf_wisconsin_fold0_seed43.pt
Saved best-epoch node norms (epoch 498) to checkpoints/best-epoch/
Saved confidence to /home/fguadagn/FMG_Master_Thesis/neural-sheaf-diffusion-modified/results/node_conf/wisconsin/BundleSheaf/normalised-false/stalk_dim-2/2-layers/16-hidden/500-epochs/checkpoints/best-epoch/BundleSheaf_wisconsin_fold0_seed43.pt
Saved per-node accuracy to /home/fguadagn/FMG_Master_Thesis/neural-sheaf-diffusion-modified/results/node_accuracy/wisconsin/BundleSheaf/normalised-false/stalk_dim-2/2-layers/16-hidden/500-epochs/checkpoints/best-epoch/BundleSheaf_wisconsin_fold0_seed43.pt
Saved saliency to /home/fguadagn/FMG_Master_Thesis/neural-sheaf-diffusion-modified/results/node_saliency/wisconsin/BundleSheaf/normalised-false/stalk_dim-2/2-layers/16-hidden/500-epochs/checkpoints/best-epoch/BundleSheaf_wisconsin_fold0_seed43.pt
Saved training args to /home/fguadagn/FMG_Master_Thesis/neural-sheaf-diffusion-modified/results/model_weights/wisconsin/BundleSheaf/normalised-false/stalk_dim-2/2-layers/16-hidden/500-epochs/training_args.json
Saved model weights to /home/fguadagn/FMG_Master_Thesis/neural-sheaf-diffusion-modified/results/model_weights/wisconsin/BundleSheaf/normalised-false/stalk_dim-2/2-layers/16-hidden/500-epochs/checkpoints/best-epoch/BundleSheaf_wisconsin_fold0_seed43.pth
Saved fold masks to /home/fguadagn/FMG_Master_Thesis/neural-sheaf-diffusion-modified/results/model_weights/wisconsin/BundleSheaf/normalised-false/stalk_dim-2/2-layers/16-hidden/500-epochs/checkpoints/best-epoch/BundleSheaf_wisconsin_fold0_seed43_masks.pt
Saved best-epoch model weights and masks (epoch 498) to checkpoints/best-epoch/
Updated best_epochs.json: fold_0 -> epoch 498
Saved node norms to /home/fguadagn/FMG_Master_Thesis/neural-sheaf-diffusion-modified/results/node_norms/wisconsin/BundleSheaf/normalised-false/stalk_dim-2/2-layers/16-hidden/500-epochs/BundleSheaf_wisconsin_fold0_seed43.pt
Saved node predictions to /home/fguadagn/FMG_Master_Thesis/neural-sheaf-diffusion-modified/results/node_preds/wisconsin/BundleSheaf/normalised-false/stalk_dim-2/2-layers/16-hidden/500-epochs/BundleSheaf_wisconsin_fold0_seed43.pt
Saved confidence to /home/fguadagn/FMG_Master_Thesis/neural-sheaf-diffusion-modified/results/node_conf/wisconsin/BundleSheaf/normalised-false/stalk_dim-2/2-layers/16-hidden/500-epochs/BundleSheaf_wisconsin_fold0_seed43.pt
Saved per-node accuracy to /home/fguadagn/FMG_Master_Thesis/neural-sheaf-diffusion-modified/results/node_accuracy/wisconsin/BundleSheaf/normalised-false/stalk_dim-2/2-layers/16-hidden/500-epochs/BundleSheaf_wisconsin_fold0_seed43.pt
Saved saliency to /home/fguadagn/FMG_Master_Thesis/neural-sheaf-diffusion-modified/results/node_saliency/wisconsin/BundleSheaf/normalised-false/stalk_dim-2/2-layers/16-hidden/500-epochs/BundleSheaf_wisconsin_fold0_seed43.pt
Saved node norms to /home/fguadagn/FMG_Master_Thesis/neural-sheaf-diffusion-modified/results/node_norms/wisconsin/BundleSheaf/normalised-false/stalk_dim-2/2-layers/16-hidden/500-epochs/checkpoints/epoch-0/BundleSheaf_wisconsin_fold1_seed43.pt
Saved confidence to /home/fguadagn/FMG_Master_Thesis/neural-sheaf-diffusion-modified/results/node_conf/wisconsin/BundleSheaf/normalised-false/stalk_dim-2/2-layers/16-hidden/500-epochs/checkpoints/epoch-0/BundleSheaf_wisconsin_fold1_seed43.pt
Saved per-node accuracy to /home/fguadagn/FMG_Master_Thesis/neural-sheaf-diffusion-modified/results/node_accuracy/wisconsin/BundleSheaf/normalised-false/stalk_dim-2/2-layers/16-hidden/500-epochs/checkpoints/epoch-0/BundleSheaf_wisconsin_fold1_seed43.pt
Saved saliency to /home/fguadagn/FMG_Master_Thesis/neural-sheaf-diffusion-modified/results/node_saliency/wisconsin/BundleSheaf/normalised-false/stalk_dim-2/2-layers/16-hidden/500-epochs/checkpoints/epoch-0/BundleSheaf_wisconsin_fold1_seed43.pt
Saved node norms to /home/fguadagn/FMG_Master_Thesis/neural-sheaf-diffusion-modified/results/node_norms/wisconsin/BundleSheaf/normalised-false/stalk_dim-2/2-layers/16-hidden/500-epochs/checkpoints/epoch-1/BundleSheaf_wisconsin_fold1_seed43.pt
Saved confidence to /home/fguadagn/FMG_Master_Thesis/neural-sheaf-diffusion-modified/results/node_conf/wisconsin/BundleSheaf/normalised-false/stalk_dim-2/2-layers/16-hidden/500-epochs/checkpoints/epoch-1/BundleSheaf_wisconsin_fold1_seed43.pt
Saved per-node accuracy to /home/fguadagn/FMG_Master_Thesis/neural-sheaf-diffusion-modified/results/node_accuracy/wisconsin/BundleSheaf/normalised-false/stalk_dim-2/2-layers/16-hidden/500-epochs/checkpoints/epoch-1/BundleSheaf_wisconsin_fold1_seed43.pt
Saved saliency to /home/fguadagn/FMG_Master_Thesis/neural-sheaf-diffusion-modified/results/node_saliency/wisconsin/BundleSheaf/normalised-false/stalk_dim-2/2-layers/16-hidden/500-epochs/checkpoints/epoch-1/BundleSheaf_wisconsin_fold1_seed43.pt
Saved node norms to /home/fguadagn/FMG_Master_Thesis/neural-sheaf-diffusion-modified/results/node_norms/wisconsin/BundleSheaf/normalised-false/stalk_dim-2/2-layers/16-hidden/500-epochs/checkpoints/epoch-5/BundleSheaf_wisconsin_fold1_seed43.pt
Saved confidence to /home/fguadagn/FMG_Master_Thesis/neural-sheaf-diffusion-modified/results/node_conf/wisconsin/BundleSheaf/normalised-false/stalk_dim-2/2-layers/16-hidden/500-epochs/checkpoints/epoch-5/BundleSheaf_wisconsin_fold1_seed43.pt
Saved per-node accuracy to /home/fguadagn/FMG_Master_Thesis/neural-sheaf-diffusion-modified/results/node_accuracy/wisconsin/BundleSheaf/normalised-false/stalk_dim-2/2-layers/16-hidden/500-epochs/checkpoints/epoch-5/BundleSheaf_wisconsin_fold1_seed43.pt
Saved saliency to /home/fguadagn/FMG_Master_Thesis/neural-sheaf-diffusion-modified/results/node_saliency/wisconsin/BundleSheaf/normalised-false/stalk_dim-2/2-layers/16-hidden/500-epochs/checkpoints/epoch-5/BundleSheaf_wisconsin_fold1_seed43.pt
Saved node norms to /home/fguadagn/FMG_Master_Thesis/neural-sheaf-diffusion-modified/results/node_norms/wisconsin/BundleSheaf/normalised-false/stalk_dim-2/2-layers/16-hidden/500-epochs/checkpoints/epoch-15/BundleSheaf_wisconsin_fold1_seed43.pt
Saved confidence to /home/fguadagn/FMG_Master_Thesis/neural-sheaf-diffusion-modified/results/node_conf/wisconsin/BundleSheaf/normalised-false/stalk_dim-2/2-layers/16-hidden/500-epochs/checkpoints/epoch-15/BundleSheaf_wisconsin_fold1_seed43.pt
Saved per-node accuracy to /home/fguadagn/FMG_Master_Thesis/neural-sheaf-diffusion-modified/results/node_accuracy/wisconsin/BundleSheaf/normalised-false/stalk_dim-2/2-layers/16-hidden/500-epochs/checkpoints/epoch-15/BundleSheaf_wisconsin_fold1_seed43.pt
Saved saliency to /home/fguadagn/FMG_Master_Thesis/neural-sheaf-diffusion-modified/results/node_saliency/wisconsin/BundleSheaf/normalised-false/stalk_dim-2/2-layers/16-hidden/500-epochs/checkpoints/epoch-15/BundleSheaf_wisconsin_fold1_seed43.pt
Saved node norms to /home/fguadagn/FMG_Master_Thesis/neural-sheaf-diffusion-modified/results/node_norms/wisconsin/BundleSheaf/normalised-false/stalk_dim-2/2-layers/16-hidden/500-epochs/checkpoints/epoch-50/BundleSheaf_wisconsin_fold1_seed43.pt
Saved confidence to /home/fguadagn/FMG_Master_Thesis/neural-sheaf-diffusion-modified/results/node_conf/wisconsin/BundleSheaf/normalised-false/stalk_dim-2/2-layers/16-hidden/500-epochs/checkpoints/epoch-50/BundleSheaf_wisconsin_fold1_seed43.pt
Saved per-node accuracy to /home/fguadagn/FMG_Master_Thesis/neural-sheaf-diffusion-modified/results/node_accuracy/wisconsin/BundleSheaf/normalised-false/stalk_dim-2/2-layers/16-hidden/500-epochs/checkpoints/epoch-50/BundleSheaf_wisconsin_fold1_seed43.pt
Saved saliency to /home/fguadagn/FMG_Master_Thesis/neural-sheaf-diffusion-modified/results/node_saliency/wisconsin/BundleSheaf/normalised-false/stalk_dim-2/2-layers/16-hidden/500-epochs/checkpoints/epoch-50/BundleSheaf_wisconsin_fold1_seed43.pt
Saved node norms to /home/fguadagn/FMG_Master_Thesis/neural-sheaf-diffusion-modified/results/node_norms/wisconsin/BundleSheaf/normalised-false/stalk_dim-2/2-layers/16-hidden/500-epochs/checkpoints/epoch-200/BundleSheaf_wisconsin_fold1_seed43.pt
Saved confidence to /home/fguadagn/FMG_Master_Thesis/neural-sheaf-diffusion-modified/results/node_conf/wisconsin/BundleSheaf/normalised-false/stalk_dim-2/2-layers/16-hidden/500-epochs/checkpoints/epoch-200/BundleSheaf_wisconsin_fold1_seed43.pt
Saved per-node accuracy to /home/fguadagn/FMG_Master_Thesis/neural-sheaf-diffusion-modified/results/node_accuracy/wisconsin/BundleSheaf/normalised-false/stalk_dim-2/2-layers/16-hidden/500-epochs/checkpoints/epoch-200/BundleSheaf_wisconsin_fold1_seed43.pt
Saved saliency to /home/fguadagn/FMG_Master_Thesis/neural-sheaf-diffusion-modified/results/node_saliency/wisconsin/BundleSheaf/normalised-false/stalk_dim-2/2-layers/16-hidden/500-epochs/checkpoints/epoch-200/BundleSheaf_wisconsin_fold1_seed43.pt
Fold 1 | Epochs: 289 | Best epoch: 89
Test acc (best epoch): 0.3725
Test acc (last epoch): 0.6275
Best val acc: 0.3375
Laplacian 0: Max: 0.5462, Min: -1.0000, Avg: -0.4835, Abs avg: 0.5730
Laplacian 1: Max: 0.9999, Min: -1.0000, Avg: -0.1649, Abs avg: 0.6272
Epsilons 0: [ 0.541 -0.459]
Epsilons 1: [ 1.013 -0.412]
Saved node norms to /home/fguadagn/FMG_Master_Thesis/neural-sheaf-diffusion-modified/results/node_norms/wisconsin/BundleSheaf/normalised-false/stalk_dim-2/2-layers/16-hidden/500-epochs/checkpoints/best-epoch/BundleSheaf_wisconsin_fold1_seed43.pt
Saved best-epoch node norms (epoch 89) to checkpoints/best-epoch/
Saved confidence to /home/fguadagn/FMG_Master_Thesis/neural-sheaf-diffusion-modified/results/node_conf/wisconsin/BundleSheaf/normalised-false/stalk_dim-2/2-layers/16-hidden/500-epochs/checkpoints/best-epoch/BundleSheaf_wisconsin_fold1_seed43.pt
Saved per-node accuracy to /home/fguadagn/FMG_Master_Thesis/neural-sheaf-diffusion-modified/results/node_accuracy/wisconsin/BundleSheaf/normalised-false/stalk_dim-2/2-layers/16-hidden/500-epochs/checkpoints/best-epoch/BundleSheaf_wisconsin_fold1_seed43.pt
Saved saliency to /home/fguadagn/FMG_Master_Thesis/neural-sheaf-diffusion-modified/results/node_saliency/wisconsin/BundleSheaf/normalised-false/stalk_dim-2/2-layers/16-hidden/500-epochs/checkpoints/best-epoch/BundleSheaf_wisconsin_fold1_seed43.pt
Saved model weights to /home/fguadagn/FMG_Master_Thesis/neural-sheaf-diffusion-modified/results/model_weights/wisconsin/BundleSheaf/normalised-false/stalk_dim-2/2-layers/16-hidden/500-epochs/checkpoints/best-epoch/BundleSheaf_wisconsin_fold1_seed43.pth
Saved fold masks to /home/fguadagn/FMG_Master_Thesis/neural-sheaf-diffusion-modified/results/model_weights/wisconsin/BundleSheaf/normalised-false/stalk_dim-2/2-layers/16-hidden/500-epochs/checkpoints/best-epoch/BundleSheaf_wisconsin_fold1_seed43_masks.pt
Saved best-epoch model weights and masks (epoch 89) to checkpoints/best-epoch/
Updated best_epochs.json: fold_1 -> epoch 89
Saved node norms to /home/fguadagn/FMG_Master_Thesis/neural-sheaf-diffusion-modified/results/node_norms/wisconsin/BundleSheaf/normalised-false/stalk_dim-2/2-layers/16-hidden/500-epochs/BundleSheaf_wisconsin_fold1_seed43.pt
Saved node predictions to /home/fguadagn/FMG_Master_Thesis/neural-sheaf-diffusion-modified/results/node_preds/wisconsin/BundleSheaf/normalised-false/stalk_dim-2/2-layers/16-hidden/500-epochs/BundleSheaf_wisconsin_fold1_seed43.pt
Saved confidence to /home/fguadagn/FMG_Master_Thesis/neural-sheaf-diffusion-modified/results/node_conf/wisconsin/BundleSheaf/normalised-false/stalk_dim-2/2-layers/16-hidden/500-epochs/BundleSheaf_wisconsin_fold1_seed43.pt
Saved per-node accuracy to /home/fguadagn/FMG_Master_Thesis/neural-sheaf-diffusion-modified/results/node_accuracy/wisconsin/BundleSheaf/normalised-false/stalk_dim-2/2-layers/16-hidden/500-epochs/BundleSheaf_wisconsin_fold1_seed43.pt
Saved saliency to /home/fguadagn/FMG_Master_Thesis/neural-sheaf-diffusion-modified/results/node_saliency/wisconsin/BundleSheaf/normalised-false/stalk_dim-2/2-layers/16-hidden/500-epochs/BundleSheaf_wisconsin_fold1_seed43.pt
Saved node norms to /home/fguadagn/FMG_Master_Thesis/neural-sheaf-diffusion-modified/results/node_norms/wisconsin/BundleSheaf/normalised-false/stalk_dim-2/2-layers/16-hidden/500-epochs/checkpoints/epoch-0/BundleSheaf_wisconsin_fold2_seed43.pt
Saved confidence to /home/fguadagn/FMG_Master_Thesis/neural-sheaf-diffusion-modified/results/node_conf/wisconsin/BundleSheaf/normalised-false/stalk_dim-2/2-layers/16-hidden/500-epochs/checkpoints/epoch-0/BundleSheaf_wisconsin_fold2_seed43.pt
Saved per-node accuracy to /home/fguadagn/FMG_Master_Thesis/neural-sheaf-diffusion-modified/results/node_accuracy/wisconsin/BundleSheaf/normalised-false/stalk_dim-2/2-layers/16-hidden/500-epochs/checkpoints/epoch-0/BundleSheaf_wisconsin_fold2_seed43.pt
Saved saliency to /home/fguadagn/FMG_Master_Thesis/neural-sheaf-diffusion-modified/results/node_saliency/wisconsin/BundleSheaf/normalised-false/stalk_dim-2/2-layers/16-hidden/500-epochs/checkpoints/epoch-0/BundleSheaf_wisconsin_fold2_seed43.pt
Saved node norms to /home/fguadagn/FMG_Master_Thesis/neural-sheaf-diffusion-modified/results/node_norms/wisconsin/BundleSheaf/normalised-false/stalk_dim-2/2-layers/16-hidden/500-epochs/checkpoints/epoch-1/BundleSheaf_wisconsin_fold2_seed43.pt
Saved confidence to /home/fguadagn/FMG_Master_Thesis/neural-sheaf-diffusion-modified/results/node_conf/wisconsin/BundleSheaf/normalised-false/stalk_dim-2/2-layers/16-hidden/500-epochs/checkpoints/epoch-1/BundleSheaf_wisconsin_fold2_seed43.pt
Saved per-node accuracy to /home/fguadagn/FMG_Master_Thesis/neural-sheaf-diffusion-modified/results/node_accuracy/wisconsin/BundleSheaf/normalised-false/stalk_dim-2/2-layers/16-hidden/500-epochs/checkpoints/epoch-1/BundleSheaf_wisconsin_fold2_seed43.pt
Saved saliency to /home/fguadagn/FMG_Master_Thesis/neural-sheaf-diffusion-modified/results/node_saliency/wisconsin/BundleSheaf/normalised-false/stalk_dim-2/2-layers/16-hidden/500-epochs/checkpoints/epoch-1/BundleSheaf_wisconsin_fold2_seed43.pt
Saved node norms to /home/fguadagn/FMG_Master_Thesis/neural-sheaf-diffusion-modified/results/node_norms/wisconsin/BundleSheaf/normalised-false/stalk_dim-2/2-layers/16-hidden/500-epochs/checkpoints/epoch-5/BundleSheaf_wisconsin_fold2_seed43.pt
Saved confidence to /home/fguadagn/FMG_Master_Thesis/neural-sheaf-diffusion-modified/results/node_conf/wisconsin/BundleSheaf/normalised-false/stalk_dim-2/2-layers/16-hidden/500-epochs/checkpoints/epoch-5/BundleSheaf_wisconsin_fold2_seed43.pt
Saved per-node accuracy to /home/fguadagn/FMG_Master_Thesis/neural-sheaf-diffusion-modified/results/node_accuracy/wisconsin/BundleSheaf/normalised-false/stalk_dim-2/2-layers/16-hidden/500-epochs/checkpoints/epoch-5/BundleSheaf_wisconsin_fold2_seed43.pt
Saved saliency to /home/fguadagn/FMG_Master_Thesis/neural-sheaf-diffusion-modified/results/node_saliency/wisconsin/BundleSheaf/normalised-false/stalk_dim-2/2-layers/16-hidden/500-epochs/checkpoints/epoch-5/BundleSheaf_wisconsin_fold2_seed43.pt
Saved node norms to /home/fguadagn/FMG_Master_Thesis/neural-sheaf-diffusion-modified/results/node_norms/wisconsin/BundleSheaf/normalised-false/stalk_dim-2/2-layers/16-hidden/500-epochs/checkpoints/epoch-15/BundleSheaf_wisconsin_fold2_seed43.pt
Saved confidence to /home/fguadagn/FMG_Master_Thesis/neural-sheaf-diffusion-modified/results/node_conf/wisconsin/BundleSheaf/normalised-false/stalk_dim-2/2-layers/16-hidden/500-epochs/checkpoints/epoch-15/BundleSheaf_wisconsin_fold2_seed43.pt
Saved per-node accuracy to /home/fguadagn/FMG_Master_Thesis/neural-sheaf-diffusion-modified/results/node_accuracy/wisconsin/BundleSheaf/normalised-false/stalk_dim-2/2-layers/16-hidden/500-epochs/checkpoints/epoch-15/BundleSheaf_wisconsin_fold2_seed43.pt
Saved saliency to /home/fguadagn/FMG_Master_Thesis/neural-sheaf-diffusion-modified/results/node_saliency/wisconsin/BundleSheaf/normalised-false/stalk_dim-2/2-layers/16-hidden/500-epochs/checkpoints/epoch-15/BundleSheaf_wisconsin_fold2_seed43.pt
Saved node norms to /home/fguadagn/FMG_Master_Thesis/neural-sheaf-diffusion-modified/results/node_norms/wisconsin/BundleSheaf/normalised-false/stalk_dim-2/2-layers/16-hidden/500-epochs/checkpoints/epoch-50/BundleSheaf_wisconsin_fold2_seed43.pt
Saved confidence to /home/fguadagn/FMG_Master_Thesis/neural-sheaf-diffusion-modified/results/node_conf/wisconsin/BundleSheaf/normalised-false/stalk_dim-2/2-layers/16-hidden/500-epochs/checkpoints/epoch-50/BundleSheaf_wisconsin_fold2_seed43.pt
Saved per-node accuracy to /home/fguadagn/FMG_Master_Thesis/neural-sheaf-diffusion-modified/results/node_accuracy/wisconsin/BundleSheaf/normalised-false/stalk_dim-2/2-layers/16-hidden/500-epochs/checkpoints/epoch-50/BundleSheaf_wisconsin_fold2_seed43.pt
Saved saliency to /home/fguadagn/FMG_Master_Thesis/neural-sheaf-diffusion-modified/results/node_saliency/wisconsin/BundleSheaf/normalised-false/stalk_dim-2/2-layers/16-hidden/500-epochs/checkpoints/epoch-50/BundleSheaf_wisconsin_fold2_seed43.pt
Saved node norms to /home/fguadagn/FMG_Master_Thesis/neural-sheaf-diffusion-modified/results/node_norms/wisconsin/BundleSheaf/normalised-false/stalk_dim-2/2-layers/16-hidden/500-epochs/checkpoints/epoch-200/BundleSheaf_wisconsin_fold2_seed43.pt
Saved confidence to /home/fguadagn/FMG_Master_Thesis/neural-sheaf-diffusion-modified/results/node_conf/wisconsin/BundleSheaf/normalised-false/stalk_dim-2/2-layers/16-hidden/500-epochs/checkpoints/epoch-200/BundleSheaf_wisconsin_fold2_seed43.pt
Saved per-node accuracy to /home/fguadagn/FMG_Master_Thesis/neural-sheaf-diffusion-modified/results/node_accuracy/wisconsin/BundleSheaf/normalised-false/stalk_dim-2/2-layers/16-hidden/500-epochs/checkpoints/epoch-200/BundleSheaf_wisconsin_fold2_seed43.pt
Saved saliency to /home/fguadagn/FMG_Master_Thesis/neural-sheaf-diffusion-modified/results/node_saliency/wisconsin/BundleSheaf/normalised-false/stalk_dim-2/2-layers/16-hidden/500-epochs/checkpoints/epoch-200/BundleSheaf_wisconsin_fold2_seed43.pt
Fold 2 | Epochs: 499 | Best epoch: 499
Test acc (best epoch): 0.4118
Test acc (last epoch): 0.4118
Best val acc: 0.5000
Laplacian 0: Max: 0.5247, Min: -1.0000, Avg: -0.4915, Abs avg: 0.5618
Laplacian 1: Max: 0.8792, Min: -1.0000, Avg: -0.2385, Abs avg: 0.5977
Epsilons 0: [-0.099  0.335]
Epsilons 1: [-0.851  0.291]
Saved node norms to /home/fguadagn/FMG_Master_Thesis/neural-sheaf-diffusion-modified/results/node_norms/wisconsin/BundleSheaf/normalised-false/stalk_dim-2/2-layers/16-hidden/500-epochs/checkpoints/best-epoch/BundleSheaf_wisconsin_fold2_seed43.pt
Saved best-epoch node norms (epoch 499) to checkpoints/best-epoch/
Saved confidence to /home/fguadagn/FMG_Master_Thesis/neural-sheaf-diffusion-modified/results/node_conf/wisconsin/BundleSheaf/normalised-false/stalk_dim-2/2-layers/16-hidden/500-epochs/checkpoints/best-epoch/BundleSheaf_wisconsin_fold2_seed43.pt
Saved per-node accuracy to /home/fguadagn/FMG_Master_Thesis/neural-sheaf-diffusion-modified/results/node_accuracy/wisconsin/BundleSheaf/normalised-false/stalk_dim-2/2-layers/16-hidden/500-epochs/checkpoints/best-epoch/BundleSheaf_wisconsin_fold2_seed43.pt
Saved saliency to /home/fguadagn/FMG_Master_Thesis/neural-sheaf-diffusion-modified/results/node_saliency/wisconsin/BundleSheaf/normalised-false/stalk_dim-2/2-layers/16-hidden/500-epochs/checkpoints/best-epoch/BundleSheaf_wisconsin_fold2_seed43.pt
Saved model weights to /home/fguadagn/FMG_Master_Thesis/neural-sheaf-diffusion-modified/results/model_weights/wisconsin/BundleSheaf/normalised-false/stalk_dim-2/2-layers/16-hidden/500-epochs/checkpoints/best-epoch/BundleSheaf_wisconsin_fold2_seed43.pth
Saved fold masks to /home/fguadagn/FMG_Master_Thesis/neural-sheaf-diffusion-modified/results/model_weights/wisconsin/BundleSheaf/normalised-false/stalk_dim-2/2-layers/16-hidden/500-epochs/checkpoints/best-epoch/BundleSheaf_wisconsin_fold2_seed43_masks.pt
Saved best-epoch model weights and masks (epoch 499) to checkpoints/best-epoch/
Updated best_epochs.json: fold_2 -> epoch 499
Saved node norms to /home/fguadagn/FMG_Master_Thesis/neural-sheaf-diffusion-modified/results/node_norms/wisconsin/BundleSheaf/normalised-false/stalk_dim-2/2-layers/16-hidden/500-epochs/BundleSheaf_wisconsin_fold2_seed43.pt
Saved node predictions to /home/fguadagn/FMG_Master_Thesis/neural-sheaf-diffusion-modified/results/node_preds/wisconsin/BundleSheaf/normalised-false/stalk_dim-2/2-layers/16-hidden/500-epochs/BundleSheaf_wisconsin_fold2_seed43.pt
Saved confidence to /home/fguadagn/FMG_Master_Thesis/neural-sheaf-diffusion-modified/results/node_conf/wisconsin/BundleSheaf/normalised-false/stalk_dim-2/2-layers/16-hidden/500-epochs/BundleSheaf_wisconsin_fold2_seed43.pt
Saved per-node accuracy to /home/fguadagn/FMG_Master_Thesis/neural-sheaf-diffusion-modified/results/node_accuracy/wisconsin/BundleSheaf/normalised-false/stalk_dim-2/2-layers/16-hidden/500-epochs/BundleSheaf_wisconsin_fold2_seed43.pt
Saved saliency to /home/fguadagn/FMG_Master_Thesis/neural-sheaf-diffusion-modified/results/node_saliency/wisconsin/BundleSheaf/normalised-false/stalk_dim-2/2-layers/16-hidden/500-epochs/BundleSheaf_wisconsin_fold2_seed43.pt
Saved node norms to /home/fguadagn/FMG_Master_Thesis/neural-sheaf-diffusion-modified/results/node_norms/wisconsin/BundleSheaf/normalised-false/stalk_dim-2/2-layers/16-hidden/500-epochs/checkpoints/epoch-0/BundleSheaf_wisconsin_fold3_seed43.pt
Saved confidence to /home/fguadagn/FMG_Master_Thesis/neural-sheaf-diffusion-modified/results/node_conf/wisconsin/BundleSheaf/normalised-false/stalk_dim-2/2-layers/16-hidden/500-epochs/checkpoints/epoch-0/BundleSheaf_wisconsin_fold3_seed43.pt
Saved per-node accuracy to /home/fguadagn/FMG_Master_Thesis/neural-sheaf-diffusion-modified/results/node_accuracy/wisconsin/BundleSheaf/normalised-false/stalk_dim-2/2-layers/16-hidden/500-epochs/checkpoints/epoch-0/BundleSheaf_wisconsin_fold3_seed43.pt
Saved saliency to /home/fguadagn/FMG_Master_Thesis/neural-sheaf-diffusion-modified/results/node_saliency/wisconsin/BundleSheaf/normalised-false/stalk_dim-2/2-layers/16-hidden/500-epochs/checkpoints/epoch-0/BundleSheaf_wisconsin_fold3_seed43.pt
Saved node norms to /home/fguadagn/FMG_Master_Thesis/neural-sheaf-diffusion-modified/results/node_norms/wisconsin/BundleSheaf/normalised-false/stalk_dim-2/2-layers/16-hidden/500-epochs/checkpoints/epoch-1/BundleSheaf_wisconsin_fold3_seed43.pt
Saved confidence to /home/fguadagn/FMG_Master_Thesis/neural-sheaf-diffusion-modified/results/node_conf/wisconsin/BundleSheaf/normalised-false/stalk_dim-2/2-layers/16-hidden/500-epochs/checkpoints/epoch-1/BundleSheaf_wisconsin_fold3_seed43.pt
Saved per-node accuracy to /home/fguadagn/FMG_Master_Thesis/neural-sheaf-diffusion-modified/results/node_accuracy/wisconsin/BundleSheaf/normalised-false/stalk_dim-2/2-layers/16-hidden/500-epochs/checkpoints/epoch-1/BundleSheaf_wisconsin_fold3_seed43.pt
Saved saliency to /home/fguadagn/FMG_Master_Thesis/neural-sheaf-diffusion-modified/results/node_saliency/wisconsin/BundleSheaf/normalised-false/stalk_dim-2/2-layers/16-hidden/500-epochs/checkpoints/epoch-1/BundleSheaf_wisconsin_fold3_seed43.pt
Saved node norms to /home/fguadagn/FMG_Master_Thesis/neural-sheaf-diffusion-modified/results/node_norms/wisconsin/BundleSheaf/normalised-false/stalk_dim-2/2-layers/16-hidden/500-epochs/checkpoints/epoch-5/BundleSheaf_wisconsin_fold3_seed43.pt
Saved confidence to /home/fguadagn/FMG_Master_Thesis/neural-sheaf-diffusion-modified/results/node_conf/wisconsin/BundleSheaf/normalised-false/stalk_dim-2/2-layers/16-hidden/500-epochs/checkpoints/epoch-5/BundleSheaf_wisconsin_fold3_seed43.pt
Saved per-node accuracy to /home/fguadagn/FMG_Master_Thesis/neural-sheaf-diffusion-modified/results/node_accuracy/wisconsin/BundleSheaf/normalised-false/stalk_dim-2/2-layers/16-hidden/500-epochs/checkpoints/epoch-5/BundleSheaf_wisconsin_fold3_seed43.pt
Saved saliency to /home/fguadagn/FMG_Master_Thesis/neural-sheaf-diffusion-modified/results/node_saliency/wisconsin/BundleSheaf/normalised-false/stalk_dim-2/2-layers/16-hidden/500-epochs/checkpoints/epoch-5/BundleSheaf_wisconsin_fold3_seed43.pt
Saved node norms to /home/fguadagn/FMG_Master_Thesis/neural-sheaf-diffusion-modified/results/node_norms/wisconsin/BundleSheaf/normalised-false/stalk_dim-2/2-layers/16-hidden/500-epochs/checkpoints/epoch-15/BundleSheaf_wisconsin_fold3_seed43.pt
Saved confidence to /home/fguadagn/FMG_Master_Thesis/neural-sheaf-diffusion-modified/results/node_conf/wisconsin/BundleSheaf/normalised-false/stalk_dim-2/2-layers/16-hidden/500-epochs/checkpoints/epoch-15/BundleSheaf_wisconsin_fold3_seed43.pt
Saved per-node accuracy to /home/fguadagn/FMG_Master_Thesis/neural-sheaf-diffusion-modified/results/node_accuracy/wisconsin/BundleSheaf/normalised-false/stalk_dim-2/2-layers/16-hidden/500-epochs/checkpoints/epoch-15/BundleSheaf_wisconsin_fold3_seed43.pt
Saved saliency to /home/fguadagn/FMG_Master_Thesis/neural-sheaf-diffusion-modified/results/node_saliency/wisconsin/BundleSheaf/normalised-false/stalk_dim-2/2-layers/16-hidden/500-epochs/checkpoints/epoch-15/BundleSheaf_wisconsin_fold3_seed43.pt
Saved node norms to /home/fguadagn/FMG_Master_Thesis/neural-sheaf-diffusion-modified/results/node_norms/wisconsin/BundleSheaf/normalised-false/stalk_dim-2/2-layers/16-hidden/500-epochs/checkpoints/epoch-50/BundleSheaf_wisconsin_fold3_seed43.pt
Saved confidence to /home/fguadagn/FMG_Master_Thesis/neural-sheaf-diffusion-modified/results/node_conf/wisconsin/BundleSheaf/normalised-false/stalk_dim-2/2-layers/16-hidden/500-epochs/checkpoints/epoch-50/BundleSheaf_wisconsin_fold3_seed43.pt
Saved per-node accuracy to /home/fguadagn/FMG_Master_Thesis/neural-sheaf-diffusion-modified/results/node_accuracy/wisconsin/BundleSheaf/normalised-false/stalk_dim-2/2-layers/16-hidden/500-epochs/checkpoints/epoch-50/BundleSheaf_wisconsin_fold3_seed43.pt
Saved saliency to /home/fguadagn/FMG_Master_Thesis/neural-sheaf-diffusion-modified/results/node_saliency/wisconsin/BundleSheaf/normalised-false/stalk_dim-2/2-layers/16-hidden/500-epochs/checkpoints/epoch-50/BundleSheaf_wisconsin_fold3_seed43.pt
Saved node norms to /home/fguadagn/FMG_Master_Thesis/neural-sheaf-diffusion-modified/results/node_norms/wisconsin/BundleSheaf/normalised-false/stalk_dim-2/2-layers/16-hidden/500-epochs/checkpoints/epoch-200/BundleSheaf_wisconsin_fold3_seed43.pt
Saved confidence to /home/fguadagn/FMG_Master_Thesis/neural-sheaf-diffusion-modified/results/node_conf/wisconsin/BundleSheaf/normalised-false/stalk_dim-2/2-layers/16-hidden/500-epochs/checkpoints/epoch-200/BundleSheaf_wisconsin_fold3_seed43.pt
Saved per-node accuracy to /home/fguadagn/FMG_Master_Thesis/neural-sheaf-diffusion-modified/results/node_accuracy/wisconsin/BundleSheaf/normalised-false/stalk_dim-2/2-layers/16-hidden/500-epochs/checkpoints/epoch-200/BundleSheaf_wisconsin_fold3_seed43.pt
Saved saliency to /home/fguadagn/FMG_Master_Thesis/neural-sheaf-diffusion-modified/results/node_saliency/wisconsin/BundleSheaf/normalised-false/stalk_dim-2/2-layers/16-hidden/500-epochs/checkpoints/epoch-200/BundleSheaf_wisconsin_fold3_seed43.pt
Fold 3 | Epochs: 321 | Best epoch: 121
Test acc (best epoch): 0.4314
Test acc (last epoch): 0.4314
Best val acc: 0.4875
Laplacian 0: Max: 0.7141, Min: -1.0000, Avg: -0.4910, Abs avg: 0.5652
Laplacian 1: Max: 0.9561, Min: -1.0000, Avg: -0.3027, Abs avg: 0.5971
Epsilons 0: [-0.311 -0.144]
Epsilons 1: [ 0.067 -0.452]
Saved node norms to /home/fguadagn/FMG_Master_Thesis/neural-sheaf-diffusion-modified/results/node_norms/wisconsin/BundleSheaf/normalised-false/stalk_dim-2/2-layers/16-hidden/500-epochs/checkpoints/best-epoch/BundleSheaf_wisconsin_fold3_seed43.pt
Saved best-epoch node norms (epoch 121) to checkpoints/best-epoch/
Saved confidence to /home/fguadagn/FMG_Master_Thesis/neural-sheaf-diffusion-modified/results/node_conf/wisconsin/BundleSheaf/normalised-false/stalk_dim-2/2-layers/16-hidden/500-epochs/checkpoints/best-epoch/BundleSheaf_wisconsin_fold3_seed43.pt
Saved per-node accuracy to /home/fguadagn/FMG_Master_Thesis/neural-sheaf-diffusion-modified/results/node_accuracy/wisconsin/BundleSheaf/normalised-false/stalk_dim-2/2-layers/16-hidden/500-epochs/checkpoints/best-epoch/BundleSheaf_wisconsin_fold3_seed43.pt
Saved saliency to /home/fguadagn/FMG_Master_Thesis/neural-sheaf-diffusion-modified/results/node_saliency/wisconsin/BundleSheaf/normalised-false/stalk_dim-2/2-layers/16-hidden/500-epochs/checkpoints/best-epoch/BundleSheaf_wisconsin_fold3_seed43.pt
Saved model weights to /home/fguadagn/FMG_Master_Thesis/neural-sheaf-diffusion-modified/results/model_weights/wisconsin/BundleSheaf/normalised-false/stalk_dim-2/2-layers/16-hidden/500-epochs/checkpoints/best-epoch/BundleSheaf_wisconsin_fold3_seed43.pth
Saved fold masks to /home/fguadagn/FMG_Master_Thesis/neural-sheaf-diffusion-modified/results/model_weights/wisconsin/BundleSheaf/normalised-false/stalk_dim-2/2-layers/16-hidden/500-epochs/checkpoints/best-epoch/BundleSheaf_wisconsin_fold3_seed43_masks.pt
Saved best-epoch model weights and masks (epoch 121) to checkpoints/best-epoch/
Updated best_epochs.json: fold_3 -> epoch 121
Saved node norms to /home/fguadagn/FMG_Master_Thesis/neural-sheaf-diffusion-modified/results/node_norms/wisconsin/BundleSheaf/normalised-false/stalk_dim-2/2-layers/16-hidden/500-epochs/BundleSheaf_wisconsin_fold3_seed43.pt
Saved node predictions to /home/fguadagn/FMG_Master_Thesis/neural-sheaf-diffusion-modified/results/node_preds/wisconsin/BundleSheaf/normalised-false/stalk_dim-2/2-layers/16-hidden/500-epochs/BundleSheaf_wisconsin_fold3_seed43.pt
Saved confidence to /home/fguadagn/FMG_Master_Thesis/neural-sheaf-diffusion-modified/results/node_conf/wisconsin/BundleSheaf/normalised-false/stalk_dim-2/2-layers/16-hidden/500-epochs/BundleSheaf_wisconsin_fold3_seed43.pt
Saved per-node accuracy to /home/fguadagn/FMG_Master_Thesis/neural-sheaf-diffusion-modified/results/node_accuracy/wisconsin/BundleSheaf/normalised-false/stalk_dim-2/2-layers/16-hidden/500-epochs/BundleSheaf_wisconsin_fold3_seed43.pt
Saved saliency to /home/fguadagn/FMG_Master_Thesis/neural-sheaf-diffusion-modified/results/node_saliency/wisconsin/BundleSheaf/normalised-false/stalk_dim-2/2-layers/16-hidden/500-epochs/BundleSheaf_wisconsin_fold3_seed43.pt
Saved node norms to /home/fguadagn/FMG_Master_Thesis/neural-sheaf-diffusion-modified/results/node_norms/wisconsin/BundleSheaf/normalised-false/stalk_dim-2/2-layers/16-hidden/500-epochs/checkpoints/epoch-0/BundleSheaf_wisconsin_fold4_seed43.pt
Saved confidence to /home/fguadagn/FMG_Master_Thesis/neural-sheaf-diffusion-modified/results/node_conf/wisconsin/BundleSheaf/normalised-false/stalk_dim-2/2-layers/16-hidden/500-epochs/checkpoints/epoch-0/BundleSheaf_wisconsin_fold4_seed43.pt
Saved per-node accuracy to /home/fguadagn/FMG_Master_Thesis/neural-sheaf-diffusion-modified/results/node_accuracy/wisconsin/BundleSheaf/normalised-false/stalk_dim-2/2-layers/16-hidden/500-epochs/checkpoints/epoch-0/BundleSheaf_wisconsin_fold4_seed43.pt
Saved saliency to /home/fguadagn/FMG_Master_Thesis/neural-sheaf-diffusion-modified/results/node_saliency/wisconsin/BundleSheaf/normalised-false/stalk_dim-2/2-layers/16-hidden/500-epochs/checkpoints/epoch-0/BundleSheaf_wisconsin_fold4_seed43.pt
Saved node norms to /home/fguadagn/FMG_Master_Thesis/neural-sheaf-diffusion-modified/results/node_norms/wisconsin/BundleSheaf/normalised-false/stalk_dim-2/2-layers/16-hidden/500-epochs/checkpoints/epoch-1/BundleSheaf_wisconsin_fold4_seed43.pt
Saved confidence to /home/fguadagn/FMG_Master_Thesis/neural-sheaf-diffusion-modified/results/node_conf/wisconsin/BundleSheaf/normalised-false/stalk_dim-2/2-layers/16-hidden/500-epochs/checkpoints/epoch-1/BundleSheaf_wisconsin_fold4_seed43.pt
Saved per-node accuracy to /home/fguadagn/FMG_Master_Thesis/neural-sheaf-diffusion-modified/results/node_accuracy/wisconsin/BundleSheaf/normalised-false/stalk_dim-2/2-layers/16-hidden/500-epochs/checkpoints/epoch-1/BundleSheaf_wisconsin_fold4_seed43.pt
Saved saliency to /home/fguadagn/FMG_Master_Thesis/neural-sheaf-diffusion-modified/results/node_saliency/wisconsin/BundleSheaf/normalised-false/stalk_dim-2/2-layers/16-hidden/500-epochs/checkpoints/epoch-1/BundleSheaf_wisconsin_fold4_seed43.pt
Saved node norms to /home/fguadagn/FMG_Master_Thesis/neural-sheaf-diffusion-modified/results/node_norms/wisconsin/BundleSheaf/normalised-false/stalk_dim-2/2-layers/16-hidden/500-epochs/checkpoints/epoch-5/BundleSheaf_wisconsin_fold4_seed43.pt
Saved confidence to /home/fguadagn/FMG_Master_Thesis/neural-sheaf-diffusion-modified/results/node_conf/wisconsin/BundleSheaf/normalised-false/stalk_dim-2/2-layers/16-hidden/500-epochs/checkpoints/epoch-5/BundleSheaf_wisconsin_fold4_seed43.pt
Saved per-node accuracy to /home/fguadagn/FMG_Master_Thesis/neural-sheaf-diffusion-modified/results/node_accuracy/wisconsin/BundleSheaf/normalised-false/stalk_dim-2/2-layers/16-hidden/500-epochs/checkpoints/epoch-5/BundleSheaf_wisconsin_fold4_seed43.pt
Saved saliency to /home/fguadagn/FMG_Master_Thesis/neural-sheaf-diffusion-modified/results/node_saliency/wisconsin/BundleSheaf/normalised-false/stalk_dim-2/2-layers/16-hidden/500-epochs/checkpoints/epoch-5/BundleSheaf_wisconsin_fold4_seed43.pt
Saved node norms to /home/fguadagn/FMG_Master_Thesis/neural-sheaf-diffusion-modified/results/node_norms/wisconsin/BundleSheaf/normalised-false/stalk_dim-2/2-layers/16-hidden/500-epochs/checkpoints/epoch-15/BundleSheaf_wisconsin_fold4_seed43.pt
Saved confidence to /home/fguadagn/FMG_Master_Thesis/neural-sheaf-diffusion-modified/results/node_conf/wisconsin/BundleSheaf/normalised-false/stalk_dim-2/2-layers/16-hidden/500-epochs/checkpoints/epoch-15/BundleSheaf_wisconsin_fold4_seed43.pt
Saved per-node accuracy to /home/fguadagn/FMG_Master_Thesis/neural-sheaf-diffusion-modified/results/node_accuracy/wisconsin/BundleSheaf/normalised-false/stalk_dim-2/2-layers/16-hidden/500-epochs/checkpoints/epoch-15/BundleSheaf_wisconsin_fold4_seed43.pt
Saved saliency to /home/fguadagn/FMG_Master_Thesis/neural-sheaf-diffusion-modified/results/node_saliency/wisconsin/BundleSheaf/normalised-false/stalk_dim-2/2-layers/16-hidden/500-epochs/checkpoints/epoch-15/BundleSheaf_wisconsin_fold4_seed43.pt
Saved node norms to /home/fguadagn/FMG_Master_Thesis/neural-sheaf-diffusion-modified/results/node_norms/wisconsin/BundleSheaf/normalised-false/stalk_dim-2/2-layers/16-hidden/500-epochs/checkpoints/epoch-50/BundleSheaf_wisconsin_fold4_seed43.pt
Saved confidence to /home/fguadagn/FMG_Master_Thesis/neural-sheaf-diffusion-modified/results/node_conf/wisconsin/BundleSheaf/normalised-false/stalk_dim-2/2-layers/16-hidden/500-epochs/checkpoints/epoch-50/BundleSheaf_wisconsin_fold4_seed43.pt
Saved per-node accuracy to /home/fguadagn/FMG_Master_Thesis/neural-sheaf-diffusion-modified/results/node_accuracy/wisconsin/BundleSheaf/normalised-false/stalk_dim-2/2-layers/16-hidden/500-epochs/checkpoints/epoch-50/BundleSheaf_wisconsin_fold4_seed43.pt
Saved saliency to /home/fguadagn/FMG_Master_Thesis/neural-sheaf-diffusion-modified/results/node_saliency/wisconsin/BundleSheaf/normalised-false/stalk_dim-2/2-layers/16-hidden/500-epochs/checkpoints/epoch-50/BundleSheaf_wisconsin_fold4_seed43.pt
Saved node norms to /home/fguadagn/FMG_Master_Thesis/neural-sheaf-diffusion-modified/results/node_norms/wisconsin/BundleSheaf/normalised-false/stalk_dim-2/2-layers/16-hidden/500-epochs/checkpoints/epoch-200/BundleSheaf_wisconsin_fold4_seed43.pt
Saved confidence to /home/fguadagn/FMG_Master_Thesis/neural-sheaf-diffusion-modified/results/node_conf/wisconsin/BundleSheaf/normalised-false/stalk_dim-2/2-layers/16-hidden/500-epochs/checkpoints/epoch-200/BundleSheaf_wisconsin_fold4_seed43.pt
Saved per-node accuracy to /home/fguadagn/FMG_Master_Thesis/neural-sheaf-diffusion-modified/results/node_accuracy/wisconsin/BundleSheaf/normalised-false/stalk_dim-2/2-layers/16-hidden/500-epochs/checkpoints/epoch-200/BundleSheaf_wisconsin_fold4_seed43.pt
Saved saliency to /home/fguadagn/FMG_Master_Thesis/neural-sheaf-diffusion-modified/results/node_saliency/wisconsin/BundleSheaf/normalised-false/stalk_dim-2/2-layers/16-hidden/500-epochs/checkpoints/epoch-200/BundleSheaf_wisconsin_fold4_seed43.pt
Fold 4 | Epochs: 402 | Best epoch: 202
Test acc (best epoch): 0.3922
Test acc (last epoch): 0.3922
Best val acc: 0.5125
Laplacian 0: Max: 0.5395, Min: -1.0000, Avg: -0.4879, Abs avg: 0.5681
Laplacian 1: Max: 0.9457, Min: -1.0000, Avg: -0.2358, Abs avg: 0.5953
Epsilons 0: [ 0.217 -0.325]
Epsilons 1: [ 0.015 -0.31 ]
Saved node norms to /home/fguadagn/FMG_Master_Thesis/neural-sheaf-diffusion-modified/results/node_norms/wisconsin/BundleSheaf/normalised-false/stalk_dim-2/2-layers/16-hidden/500-epochs/checkpoints/best-epoch/BundleSheaf_wisconsin_fold4_seed43.pt
Saved best-epoch node norms (epoch 202) to checkpoints/best-epoch/
Saved confidence to /home/fguadagn/FMG_Master_Thesis/neural-sheaf-diffusion-modified/results/node_conf/wisconsin/BundleSheaf/normalised-false/stalk_dim-2/2-layers/16-hidden/500-epochs/checkpoints/best-epoch/BundleSheaf_wisconsin_fold4_seed43.pt
Saved per-node accuracy to /home/fguadagn/FMG_Master_Thesis/neural-sheaf-diffusion-modified/results/node_accuracy/wisconsin/BundleSheaf/normalised-false/stalk_dim-2/2-layers/16-hidden/500-epochs/checkpoints/best-epoch/BundleSheaf_wisconsin_fold4_seed43.pt
Saved saliency to /home/fguadagn/FMG_Master_Thesis/neural-sheaf-diffusion-modified/results/node_saliency/wisconsin/BundleSheaf/normalised-false/stalk_dim-2/2-layers/16-hidden/500-epochs/checkpoints/best-epoch/BundleSheaf_wisconsin_fold4_seed43.pt
Saved model weights to /home/fguadagn/FMG_Master_Thesis/neural-sheaf-diffusion-modified/results/model_weights/wisconsin/BundleSheaf/normalised-false/stalk_dim-2/2-layers/16-hidden/500-epochs/checkpoints/best-epoch/BundleSheaf_wisconsin_fold4_seed43.pth
Saved fold masks to /home/fguadagn/FMG_Master_Thesis/neural-sheaf-diffusion-modified/results/model_weights/wisconsin/BundleSheaf/normalised-false/stalk_dim-2/2-layers/16-hidden/500-epochs/checkpoints/best-epoch/BundleSheaf_wisconsin_fold4_seed43_masks.pt
Saved best-epoch model weights and masks (epoch 202) to checkpoints/best-epoch/
Updated best_epochs.json: fold_4 -> epoch 202
Saved node norms to /home/fguadagn/FMG_Master_Thesis/neural-sheaf-diffusion-modified/results/node_norms/wisconsin/BundleSheaf/normalised-false/stalk_dim-2/2-layers/16-hidden/500-epochs/BundleSheaf_wisconsin_fold4_seed43.pt
Saved node predictions to /home/fguadagn/FMG_Master_Thesis/neural-sheaf-diffusion-modified/results/node_preds/wisconsin/BundleSheaf/normalised-false/stalk_dim-2/2-layers/16-hidden/500-epochs/BundleSheaf_wisconsin_fold4_seed43.pt
Saved confidence to /home/fguadagn/FMG_Master_Thesis/neural-sheaf-diffusion-modified/results/node_conf/wisconsin/BundleSheaf/normalised-false/stalk_dim-2/2-layers/16-hidden/500-epochs/BundleSheaf_wisconsin_fold4_seed43.pt
Saved per-node accuracy to /home/fguadagn/FMG_Master_Thesis/neural-sheaf-diffusion-modified/results/node_accuracy/wisconsin/BundleSheaf/normalised-false/stalk_dim-2/2-layers/16-hidden/500-epochs/BundleSheaf_wisconsin_fold4_seed43.pt
Saved saliency to /home/fguadagn/FMG_Master_Thesis/neural-sheaf-diffusion-modified/results/node_saliency/wisconsin/BundleSheaf/normalised-false/stalk_dim-2/2-layers/16-hidden/500-epochs/BundleSheaf_wisconsin_fold4_seed43.pt
Saved node norms to /home/fguadagn/FMG_Master_Thesis/neural-sheaf-diffusion-modified/results/node_norms/wisconsin/BundleSheaf/normalised-false/stalk_dim-2/2-layers/16-hidden/500-epochs/checkpoints/epoch-0/BundleSheaf_wisconsin_fold5_seed43.pt
Saved confidence to /home/fguadagn/FMG_Master_Thesis/neural-sheaf-diffusion-modified/results/node_conf/wisconsin/BundleSheaf/normalised-false/stalk_dim-2/2-layers/16-hidden/500-epochs/checkpoints/epoch-0/BundleSheaf_wisconsin_fold5_seed43.pt
Saved per-node accuracy to /home/fguadagn/FMG_Master_Thesis/neural-sheaf-diffusion-modified/results/node_accuracy/wisconsin/BundleSheaf/normalised-false/stalk_dim-2/2-layers/16-hidden/500-epochs/checkpoints/epoch-0/BundleSheaf_wisconsin_fold5_seed43.pt
Saved saliency to /home/fguadagn/FMG_Master_Thesis/neural-sheaf-diffusion-modified/results/node_saliency/wisconsin/BundleSheaf/normalised-false/stalk_dim-2/2-layers/16-hidden/500-epochs/checkpoints/epoch-0/BundleSheaf_wisconsin_fold5_seed43.pt
Saved node norms to /home/fguadagn/FMG_Master_Thesis/neural-sheaf-diffusion-modified/results/node_norms/wisconsin/BundleSheaf/normalised-false/stalk_dim-2/2-layers/16-hidden/500-epochs/checkpoints/epoch-1/BundleSheaf_wisconsin_fold5_seed43.pt
Saved confidence to /home/fguadagn/FMG_Master_Thesis/neural-sheaf-diffusion-modified/results/node_conf/wisconsin/BundleSheaf/normalised-false/stalk_dim-2/2-layers/16-hidden/500-epochs/checkpoints/epoch-1/BundleSheaf_wisconsin_fold5_seed43.pt
Saved per-node accuracy to /home/fguadagn/FMG_Master_Thesis/neural-sheaf-diffusion-modified/results/node_accuracy/wisconsin/BundleSheaf/normalised-false/stalk_dim-2/2-layers/16-hidden/500-epochs/checkpoints/epoch-1/BundleSheaf_wisconsin_fold5_seed43.pt
Saved saliency to /home/fguadagn/FMG_Master_Thesis/neural-sheaf-diffusion-modified/results/node_saliency/wisconsin/BundleSheaf/normalised-false/stalk_dim-2/2-layers/16-hidden/500-epochs/checkpoints/epoch-1/BundleSheaf_wisconsin_fold5_seed43.pt
Saved node norms to /home/fguadagn/FMG_Master_Thesis/neural-sheaf-diffusion-modified/results/node_norms/wisconsin/BundleSheaf/normalised-false/stalk_dim-2/2-layers/16-hidden/500-epochs/checkpoints/epoch-5/BundleSheaf_wisconsin_fold5_seed43.pt
Saved confidence to /home/fguadagn/FMG_Master_Thesis/neural-sheaf-diffusion-modified/results/node_conf/wisconsin/BundleSheaf/normalised-false/stalk_dim-2/2-layers/16-hidden/500-epochs/checkpoints/epoch-5/BundleSheaf_wisconsin_fold5_seed43.pt
Saved per-node accuracy to /home/fguadagn/FMG_Master_Thesis/neural-sheaf-diffusion-modified/results/node_accuracy/wisconsin/BundleSheaf/normalised-false/stalk_dim-2/2-layers/16-hidden/500-epochs/checkpoints/epoch-5/BundleSheaf_wisconsin_fold5_seed43.pt
Saved saliency to /home/fguadagn/FMG_Master_Thesis/neural-sheaf-diffusion-modified/results/node_saliency/wisconsin/BundleSheaf/normalised-false/stalk_dim-2/2-layers/16-hidden/500-epochs/checkpoints/epoch-5/BundleSheaf_wisconsin_fold5_seed43.pt
Saved node norms to /home/fguadagn/FMG_Master_Thesis/neural-sheaf-diffusion-modified/results/node_norms/wisconsin/BundleSheaf/normalised-false/stalk_dim-2/2-layers/16-hidden/500-epochs/checkpoints/epoch-15/BundleSheaf_wisconsin_fold5_seed43.pt
Saved confidence to /home/fguadagn/FMG_Master_Thesis/neural-sheaf-diffusion-modified/results/node_conf/wisconsin/BundleSheaf/normalised-false/stalk_dim-2/2-layers/16-hidden/500-epochs/checkpoints/epoch-15/BundleSheaf_wisconsin_fold5_seed43.pt
Saved per-node accuracy to /home/fguadagn/FMG_Master_Thesis/neural-sheaf-diffusion-modified/results/node_accuracy/wisconsin/BundleSheaf/normalised-false/stalk_dim-2/2-layers/16-hidden/500-epochs/checkpoints/epoch-15/BundleSheaf_wisconsin_fold5_seed43.pt
Saved saliency to /home/fguadagn/FMG_Master_Thesis/neural-sheaf-diffusion-modified/results/node_saliency/wisconsin/BundleSheaf/normalised-false/stalk_dim-2/2-layers/16-hidden/500-epochs/checkpoints/epoch-15/BundleSheaf_wisconsin_fold5_seed43.pt
Saved node norms to /home/fguadagn/FMG_Master_Thesis/neural-sheaf-diffusion-modified/results/node_norms/wisconsin/BundleSheaf/normalised-false/stalk_dim-2/2-layers/16-hidden/500-epochs/checkpoints/epoch-50/BundleSheaf_wisconsin_fold5_seed43.pt
Saved confidence to /home/fguadagn/FMG_Master_Thesis/neural-sheaf-diffusion-modified/results/node_conf/wisconsin/BundleSheaf/normalised-false/stalk_dim-2/2-layers/16-hidden/500-epochs/checkpoints/epoch-50/BundleSheaf_wisconsin_fold5_seed43.pt
Saved per-node accuracy to /home/fguadagn/FMG_Master_Thesis/neural-sheaf-diffusion-modified/results/node_accuracy/wisconsin/BundleSheaf/normalised-false/stalk_dim-2/2-layers/16-hidden/500-epochs/checkpoints/epoch-50/BundleSheaf_wisconsin_fold5_seed43.pt
Saved saliency to /home/fguadagn/FMG_Master_Thesis/neural-sheaf-diffusion-modified/results/node_saliency/wisconsin/BundleSheaf/normalised-false/stalk_dim-2/2-layers/16-hidden/500-epochs/checkpoints/epoch-50/BundleSheaf_wisconsin_fold5_seed43.pt
Saved node norms to /home/fguadagn/FMG_Master_Thesis/neural-sheaf-diffusion-modified/results/node_norms/wisconsin/BundleSheaf/normalised-false/stalk_dim-2/2-layers/16-hidden/500-epochs/checkpoints/epoch-200/BundleSheaf_wisconsin_fold5_seed43.pt
Saved confidence to /home/fguadagn/FMG_Master_Thesis/neural-sheaf-diffusion-modified/results/node_conf/wisconsin/BundleSheaf/normalised-false/stalk_dim-2/2-layers/16-hidden/500-epochs/checkpoints/epoch-200/BundleSheaf_wisconsin_fold5_seed43.pt
Saved per-node accuracy to /home/fguadagn/FMG_Master_Thesis/neural-sheaf-diffusion-modified/results/node_accuracy/wisconsin/BundleSheaf/normalised-false/stalk_dim-2/2-layers/16-hidden/500-epochs/checkpoints/epoch-200/BundleSheaf_wisconsin_fold5_seed43.pt
Saved saliency to /home/fguadagn/FMG_Master_Thesis/neural-sheaf-diffusion-modified/results/node_saliency/wisconsin/BundleSheaf/normalised-false/stalk_dim-2/2-layers/16-hidden/500-epochs/checkpoints/epoch-200/BundleSheaf_wisconsin_fold5_seed43.pt
Fold 5 | Epochs: 499 | Best epoch: 499
Test acc (best epoch): 0.5294
Test acc (last epoch): 0.5294
Best val acc: 0.4875
Laplacian 0: Max: 0.3031, Min: -1.0000, Avg: -0.4982, Abs avg: 0.5269
Laplacian 1: Max: 1.0000, Min: -1.0000, Avg: -0.2078, Abs avg: 0.5729
Epsilons 0: [-0.376 -0.199]
Epsilons 1: [-1.607 -1.076]
Saved node norms to /home/fguadagn/FMG_Master_Thesis/neural-sheaf-diffusion-modified/results/node_norms/wisconsin/BundleSheaf/normalised-false/stalk_dim-2/2-layers/16-hidden/500-epochs/checkpoints/best-epoch/BundleSheaf_wisconsin_fold5_seed43.pt
Saved best-epoch node norms (epoch 499) to checkpoints/best-epoch/
Saved confidence to /home/fguadagn/FMG_Master_Thesis/neural-sheaf-diffusion-modified/results/node_conf/wisconsin/BundleSheaf/normalised-false/stalk_dim-2/2-layers/16-hidden/500-epochs/checkpoints/best-epoch/BundleSheaf_wisconsin_fold5_seed43.pt
Saved per-node accuracy to /home/fguadagn/FMG_Master_Thesis/neural-sheaf-diffusion-modified/results/node_accuracy/wisconsin/BundleSheaf/normalised-false/stalk_dim-2/2-layers/16-hidden/500-epochs/checkpoints/best-epoch/BundleSheaf_wisconsin_fold5_seed43.pt
Saved saliency to /home/fguadagn/FMG_Master_Thesis/neural-sheaf-diffusion-modified/results/node_saliency/wisconsin/BundleSheaf/normalised-false/stalk_dim-2/2-layers/16-hidden/500-epochs/checkpoints/best-epoch/BundleSheaf_wisconsin_fold5_seed43.pt
Saved model weights to /home/fguadagn/FMG_Master_Thesis/neural-sheaf-diffusion-modified/results/model_weights/wisconsin/BundleSheaf/normalised-false/stalk_dim-2/2-layers/16-hidden/500-epochs/checkpoints/best-epoch/BundleSheaf_wisconsin_fold5_seed43.pth
Saved fold masks to /home/fguadagn/FMG_Master_Thesis/neural-sheaf-diffusion-modified/results/model_weights/wisconsin/BundleSheaf/normalised-false/stalk_dim-2/2-layers/16-hidden/500-epochs/checkpoints/best-epoch/BundleSheaf_wisconsin_fold5_seed43_masks.pt
Saved best-epoch model weights and masks (epoch 499) to checkpoints/best-epoch/
Updated best_epochs.json: fold_5 -> epoch 499
Saved node norms to /home/fguadagn/FMG_Master_Thesis/neural-sheaf-diffusion-modified/results/node_norms/wisconsin/BundleSheaf/normalised-false/stalk_dim-2/2-layers/16-hidden/500-epochs/BundleSheaf_wisconsin_fold5_seed43.pt
Saved node predictions to /home/fguadagn/FMG_Master_Thesis/neural-sheaf-diffusion-modified/results/node_preds/wisconsin/BundleSheaf/normalised-false/stalk_dim-2/2-layers/16-hidden/500-epochs/BundleSheaf_wisconsin_fold5_seed43.pt
Saved confidence to /home/fguadagn/FMG_Master_Thesis/neural-sheaf-diffusion-modified/results/node_conf/wisconsin/BundleSheaf/normalised-false/stalk_dim-2/2-layers/16-hidden/500-epochs/BundleSheaf_wisconsin_fold5_seed43.pt
Saved per-node accuracy to /home/fguadagn/FMG_Master_Thesis/neural-sheaf-diffusion-modified/results/node_accuracy/wisconsin/BundleSheaf/normalised-false/stalk_dim-2/2-layers/16-hidden/500-epochs/BundleSheaf_wisconsin_fold5_seed43.pt
Saved saliency to /home/fguadagn/FMG_Master_Thesis/neural-sheaf-diffusion-modified/results/node_saliency/wisconsin/BundleSheaf/normalised-false/stalk_dim-2/2-layers/16-hidden/500-epochs/BundleSheaf_wisconsin_fold5_seed43.pt
Saved node norms to /home/fguadagn/FMG_Master_Thesis/neural-sheaf-diffusion-modified/results/node_norms/wisconsin/BundleSheaf/normalised-false/stalk_dim-2/2-layers/16-hidden/500-epochs/checkpoints/epoch-0/BundleSheaf_wisconsin_fold6_seed43.pt
Saved confidence to /home/fguadagn/FMG_Master_Thesis/neural-sheaf-diffusion-modified/results/node_conf/wisconsin/BundleSheaf/normalised-false/stalk_dim-2/2-layers/16-hidden/500-epochs/checkpoints/epoch-0/BundleSheaf_wisconsin_fold6_seed43.pt
Saved per-node accuracy to /home/fguadagn/FMG_Master_Thesis/neural-sheaf-diffusion-modified/results/node_accuracy/wisconsin/BundleSheaf/normalised-false/stalk_dim-2/2-layers/16-hidden/500-epochs/checkpoints/epoch-0/BundleSheaf_wisconsin_fold6_seed43.pt
Saved saliency to /home/fguadagn/FMG_Master_Thesis/neural-sheaf-diffusion-modified/results/node_saliency/wisconsin/BundleSheaf/normalised-false/stalk_dim-2/2-layers/16-hidden/500-epochs/checkpoints/epoch-0/BundleSheaf_wisconsin_fold6_seed43.pt
Saved node norms to /home/fguadagn/FMG_Master_Thesis/neural-sheaf-diffusion-modified/results/node_norms/wisconsin/BundleSheaf/normalised-false/stalk_dim-2/2-layers/16-hidden/500-epochs/checkpoints/epoch-1/BundleSheaf_wisconsin_fold6_seed43.pt
Saved confidence to /home/fguadagn/FMG_Master_Thesis/neural-sheaf-diffusion-modified/results/node_conf/wisconsin/BundleSheaf/normalised-false/stalk_dim-2/2-layers/16-hidden/500-epochs/checkpoints/epoch-1/BundleSheaf_wisconsin_fold6_seed43.pt
Saved per-node accuracy to /home/fguadagn/FMG_Master_Thesis/neural-sheaf-diffusion-modified/results/node_accuracy/wisconsin/BundleSheaf/normalised-false/stalk_dim-2/2-layers/16-hidden/500-epochs/checkpoints/epoch-1/BundleSheaf_wisconsin_fold6_seed43.pt
Saved saliency to /home/fguadagn/FMG_Master_Thesis/neural-sheaf-diffusion-modified/results/node_saliency/wisconsin/BundleSheaf/normalised-false/stalk_dim-2/2-layers/16-hidden/500-epochs/checkpoints/epoch-1/BundleSheaf_wisconsin_fold6_seed43.pt
Saved node norms to /home/fguadagn/FMG_Master_Thesis/neural-sheaf-diffusion-modified/results/node_norms/wisconsin/BundleSheaf/normalised-false/stalk_dim-2/2-layers/16-hidden/500-epochs/checkpoints/epoch-5/BundleSheaf_wisconsin_fold6_seed43.pt
Saved confidence to /home/fguadagn/FMG_Master_Thesis/neural-sheaf-diffusion-modified/results/node_conf/wisconsin/BundleSheaf/normalised-false/stalk_dim-2/2-layers/16-hidden/500-epochs/checkpoints/epoch-5/BundleSheaf_wisconsin_fold6_seed43.pt
Saved per-node accuracy to /home/fguadagn/FMG_Master_Thesis/neural-sheaf-diffusion-modified/results/node_accuracy/wisconsin/BundleSheaf/normalised-false/stalk_dim-2/2-layers/16-hidden/500-epochs/checkpoints/epoch-5/BundleSheaf_wisconsin_fold6_seed43.pt
Saved saliency to /home/fguadagn/FMG_Master_Thesis/neural-sheaf-diffusion-modified/results/node_saliency/wisconsin/BundleSheaf/normalised-false/stalk_dim-2/2-layers/16-hidden/500-epochs/checkpoints/epoch-5/BundleSheaf_wisconsin_fold6_seed43.pt
Saved node norms to /home/fguadagn/FMG_Master_Thesis/neural-sheaf-diffusion-modified/results/node_norms/wisconsin/BundleSheaf/normalised-false/stalk_dim-2/2-layers/16-hidden/500-epochs/checkpoints/epoch-15/BundleSheaf_wisconsin_fold6_seed43.pt
Saved confidence to /home/fguadagn/FMG_Master_Thesis/neural-sheaf-diffusion-modified/results/node_conf/wisconsin/BundleSheaf/normalised-false/stalk_dim-2/2-layers/16-hidden/500-epochs/checkpoints/epoch-15/BundleSheaf_wisconsin_fold6_seed43.pt
Saved per-node accuracy to /home/fguadagn/FMG_Master_Thesis/neural-sheaf-diffusion-modified/results/node_accuracy/wisconsin/BundleSheaf/normalised-false/stalk_dim-2/2-layers/16-hidden/500-epochs/checkpoints/epoch-15/BundleSheaf_wisconsin_fold6_seed43.pt
Saved saliency to /home/fguadagn/FMG_Master_Thesis/neural-sheaf-diffusion-modified/results/node_saliency/wisconsin/BundleSheaf/normalised-false/stalk_dim-2/2-layers/16-hidden/500-epochs/checkpoints/epoch-15/BundleSheaf_wisconsin_fold6_seed43.pt
Saved node norms to /home/fguadagn/FMG_Master_Thesis/neural-sheaf-diffusion-modified/results/node_norms/wisconsin/BundleSheaf/normalised-false/stalk_dim-2/2-layers/16-hidden/500-epochs/checkpoints/epoch-50/BundleSheaf_wisconsin_fold6_seed43.pt
Saved confidence to /home/fguadagn/FMG_Master_Thesis/neural-sheaf-diffusion-modified/results/node_conf/wisconsin/BundleSheaf/normalised-false/stalk_dim-2/2-layers/16-hidden/500-epochs/checkpoints/epoch-50/BundleSheaf_wisconsin_fold6_seed43.pt
Saved per-node accuracy to /home/fguadagn/FMG_Master_Thesis/neural-sheaf-diffusion-modified/results/node_accuracy/wisconsin/BundleSheaf/normalised-false/stalk_dim-2/2-layers/16-hidden/500-epochs/checkpoints/epoch-50/BundleSheaf_wisconsin_fold6_seed43.pt
Saved saliency to /home/fguadagn/FMG_Master_Thesis/neural-sheaf-diffusion-modified/results/node_saliency/wisconsin/BundleSheaf/normalised-false/stalk_dim-2/2-layers/16-hidden/500-epochs/checkpoints/epoch-50/BundleSheaf_wisconsin_fold6_seed43.pt
Saved node norms to /home/fguadagn/FMG_Master_Thesis/neural-sheaf-diffusion-modified/results/node_norms/wisconsin/BundleSheaf/normalised-false/stalk_dim-2/2-layers/16-hidden/500-epochs/checkpoints/epoch-200/BundleSheaf_wisconsin_fold6_seed43.pt
Saved confidence to /home/fguadagn/FMG_Master_Thesis/neural-sheaf-diffusion-modified/results/node_conf/wisconsin/BundleSheaf/normalised-false/stalk_dim-2/2-layers/16-hidden/500-epochs/checkpoints/epoch-200/BundleSheaf_wisconsin_fold6_seed43.pt
Saved per-node accuracy to /home/fguadagn/FMG_Master_Thesis/neural-sheaf-diffusion-modified/results/node_accuracy/wisconsin/BundleSheaf/normalised-false/stalk_dim-2/2-layers/16-hidden/500-epochs/checkpoints/epoch-200/BundleSheaf_wisconsin_fold6_seed43.pt
Saved saliency to /home/fguadagn/FMG_Master_Thesis/neural-sheaf-diffusion-modified/results/node_saliency/wisconsin/BundleSheaf/normalised-false/stalk_dim-2/2-layers/16-hidden/500-epochs/checkpoints/epoch-200/BundleSheaf_wisconsin_fold6_seed43.pt
Fold 6 | Epochs: 499 | Best epoch: 499
Test acc (best epoch): 0.6863
Test acc (last epoch): 0.6863
Best val acc: 0.6875
Laplacian 0: Max: 0.7735, Min: -1.0000, Avg: -0.4663, Abs avg: 0.6070
Laplacian 1: Max: 0.9991, Min: -1.0000, Avg: -0.4061, Abs avg: 0.6289
Epsilons 0: [-0.237  1.81 ]
Epsilons 1: [0.969 1.992]
Saved node norms to /home/fguadagn/FMG_Master_Thesis/neural-sheaf-diffusion-modified/results/node_norms/wisconsin/BundleSheaf/normalised-false/stalk_dim-2/2-layers/16-hidden/500-epochs/checkpoints/best-epoch/BundleSheaf_wisconsin_fold6_seed43.pt
Saved best-epoch node norms (epoch 499) to checkpoints/best-epoch/
Saved confidence to /home/fguadagn/FMG_Master_Thesis/neural-sheaf-diffusion-modified/results/node_conf/wisconsin/BundleSheaf/normalised-false/stalk_dim-2/2-layers/16-hidden/500-epochs/checkpoints/best-epoch/BundleSheaf_wisconsin_fold6_seed43.pt
Saved per-node accuracy to /home/fguadagn/FMG_Master_Thesis/neural-sheaf-diffusion-modified/results/node_accuracy/wisconsin/BundleSheaf/normalised-false/stalk_dim-2/2-layers/16-hidden/500-epochs/checkpoints/best-epoch/BundleSheaf_wisconsin_fold6_seed43.pt
Saved saliency to /home/fguadagn/FMG_Master_Thesis/neural-sheaf-diffusion-modified/results/node_saliency/wisconsin/BundleSheaf/normalised-false/stalk_dim-2/2-layers/16-hidden/500-epochs/checkpoints/best-epoch/BundleSheaf_wisconsin_fold6_seed43.pt
Saved model weights to /home/fguadagn/FMG_Master_Thesis/neural-sheaf-diffusion-modified/results/model_weights/wisconsin/BundleSheaf/normalised-false/stalk_dim-2/2-layers/16-hidden/500-epochs/checkpoints/best-epoch/BundleSheaf_wisconsin_fold6_seed43.pth
Saved fold masks to /home/fguadagn/FMG_Master_Thesis/neural-sheaf-diffusion-modified/results/model_weights/wisconsin/BundleSheaf/normalised-false/stalk_dim-2/2-layers/16-hidden/500-epochs/checkpoints/best-epoch/BundleSheaf_wisconsin_fold6_seed43_masks.pt
Saved best-epoch model weights and masks (epoch 499) to checkpoints/best-epoch/
Updated best_epochs.json: fold_6 -> epoch 499
Saved node norms to /home/fguadagn/FMG_Master_Thesis/neural-sheaf-diffusion-modified/results/node_norms/wisconsin/BundleSheaf/normalised-false/stalk_dim-2/2-layers/16-hidden/500-epochs/BundleSheaf_wisconsin_fold6_seed43.pt
Saved node predictions to /home/fguadagn/FMG_Master_Thesis/neural-sheaf-diffusion-modified/results/node_preds/wisconsin/BundleSheaf/normalised-false/stalk_dim-2/2-layers/16-hidden/500-epochs/BundleSheaf_wisconsin_fold6_seed43.pt
Saved confidence to /home/fguadagn/FMG_Master_Thesis/neural-sheaf-diffusion-modified/results/node_conf/wisconsin/BundleSheaf/normalised-false/stalk_dim-2/2-layers/16-hidden/500-epochs/BundleSheaf_wisconsin_fold6_seed43.pt
Saved per-node accuracy to /home/fguadagn/FMG_Master_Thesis/neural-sheaf-diffusion-modified/results/node_accuracy/wisconsin/BundleSheaf/normalised-false/stalk_dim-2/2-layers/16-hidden/500-epochs/BundleSheaf_wisconsin_fold6_seed43.pt
Saved saliency to /home/fguadagn/FMG_Master_Thesis/neural-sheaf-diffusion-modified/results/node_saliency/wisconsin/BundleSheaf/normalised-false/stalk_dim-2/2-layers/16-hidden/500-epochs/BundleSheaf_wisconsin_fold6_seed43.pt
Saved node norms to /home/fguadagn/FMG_Master_Thesis/neural-sheaf-diffusion-modified/results/node_norms/wisconsin/BundleSheaf/normalised-false/stalk_dim-2/2-layers/16-hidden/500-epochs/checkpoints/epoch-0/BundleSheaf_wisconsin_fold7_seed43.pt
Saved confidence to /home/fguadagn/FMG_Master_Thesis/neural-sheaf-diffusion-modified/results/node_conf/wisconsin/BundleSheaf/normalised-false/stalk_dim-2/2-layers/16-hidden/500-epochs/checkpoints/epoch-0/BundleSheaf_wisconsin_fold7_seed43.pt
Saved per-node accuracy to /home/fguadagn/FMG_Master_Thesis/neural-sheaf-diffusion-modified/results/node_accuracy/wisconsin/BundleSheaf/normalised-false/stalk_dim-2/2-layers/16-hidden/500-epochs/checkpoints/epoch-0/BundleSheaf_wisconsin_fold7_seed43.pt
Saved saliency to /home/fguadagn/FMG_Master_Thesis/neural-sheaf-diffusion-modified/results/node_saliency/wisconsin/BundleSheaf/normalised-false/stalk_dim-2/2-layers/16-hidden/500-epochs/checkpoints/epoch-0/BundleSheaf_wisconsin_fold7_seed43.pt
Saved node norms to /home/fguadagn/FMG_Master_Thesis/neural-sheaf-diffusion-modified/results/node_norms/wisconsin/BundleSheaf/normalised-false/stalk_dim-2/2-layers/16-hidden/500-epochs/checkpoints/epoch-1/BundleSheaf_wisconsin_fold7_seed43.pt
Saved confidence to /home/fguadagn/FMG_Master_Thesis/neural-sheaf-diffusion-modified/results/node_conf/wisconsin/BundleSheaf/normalised-false/stalk_dim-2/2-layers/16-hidden/500-epochs/checkpoints/epoch-1/BundleSheaf_wisconsin_fold7_seed43.pt
Saved per-node accuracy to /home/fguadagn/FMG_Master_Thesis/neural-sheaf-diffusion-modified/results/node_accuracy/wisconsin/BundleSheaf/normalised-false/stalk_dim-2/2-layers/16-hidden/500-epochs/checkpoints/epoch-1/BundleSheaf_wisconsin_fold7_seed43.pt
Saved saliency to /home/fguadagn/FMG_Master_Thesis/neural-sheaf-diffusion-modified/results/node_saliency/wisconsin/BundleSheaf/normalised-false/stalk_dim-2/2-layers/16-hidden/500-epochs/checkpoints/epoch-1/BundleSheaf_wisconsin_fold7_seed43.pt
Saved node norms to /home/fguadagn/FMG_Master_Thesis/neural-sheaf-diffusion-modified/results/node_norms/wisconsin/BundleSheaf/normalised-false/stalk_dim-2/2-layers/16-hidden/500-epochs/checkpoints/epoch-5/BundleSheaf_wisconsin_fold7_seed43.pt
Saved confidence to /home/fguadagn/FMG_Master_Thesis/neural-sheaf-diffusion-modified/results/node_conf/wisconsin/BundleSheaf/normalised-false/stalk_dim-2/2-layers/16-hidden/500-epochs/checkpoints/epoch-5/BundleSheaf_wisconsin_fold7_seed43.pt
Saved per-node accuracy to /home/fguadagn/FMG_Master_Thesis/neural-sheaf-diffusion-modified/results/node_accuracy/wisconsin/BundleSheaf/normalised-false/stalk_dim-2/2-layers/16-hidden/500-epochs/checkpoints/epoch-5/BundleSheaf_wisconsin_fold7_seed43.pt
Saved saliency to /home/fguadagn/FMG_Master_Thesis/neural-sheaf-diffusion-modified/results/node_saliency/wisconsin/BundleSheaf/normalised-false/stalk_dim-2/2-layers/16-hidden/500-epochs/checkpoints/epoch-5/BundleSheaf_wisconsin_fold7_seed43.pt
Saved node norms to /home/fguadagn/FMG_Master_Thesis/neural-sheaf-diffusion-modified/results/node_norms/wisconsin/BundleSheaf/normalised-false/stalk_dim-2/2-layers/16-hidden/500-epochs/checkpoints/epoch-15/BundleSheaf_wisconsin_fold7_seed43.pt
Saved confidence to /home/fguadagn/FMG_Master_Thesis/neural-sheaf-diffusion-modified/results/node_conf/wisconsin/BundleSheaf/normalised-false/stalk_dim-2/2-layers/16-hidden/500-epochs/checkpoints/epoch-15/BundleSheaf_wisconsin_fold7_seed43.pt
Saved per-node accuracy to /home/fguadagn/FMG_Master_Thesis/neural-sheaf-diffusion-modified/results/node_accuracy/wisconsin/BundleSheaf/normalised-false/stalk_dim-2/2-layers/16-hidden/500-epochs/checkpoints/epoch-15/BundleSheaf_wisconsin_fold7_seed43.pt
Saved saliency to /home/fguadagn/FMG_Master_Thesis/neural-sheaf-diffusion-modified/results/node_saliency/wisconsin/BundleSheaf/normalised-false/stalk_dim-2/2-layers/16-hidden/500-epochs/checkpoints/epoch-15/BundleSheaf_wisconsin_fold7_seed43.pt
Saved node norms to /home/fguadagn/FMG_Master_Thesis/neural-sheaf-diffusion-modified/results/node_norms/wisconsin/BundleSheaf/normalised-false/stalk_dim-2/2-layers/16-hidden/500-epochs/checkpoints/epoch-50/BundleSheaf_wisconsin_fold7_seed43.pt
Saved confidence to /home/fguadagn/FMG_Master_Thesis/neural-sheaf-diffusion-modified/results/node_conf/wisconsin/BundleSheaf/normalised-false/stalk_dim-2/2-layers/16-hidden/500-epochs/checkpoints/epoch-50/BundleSheaf_wisconsin_fold7_seed43.pt
Saved per-node accuracy to /home/fguadagn/FMG_Master_Thesis/neural-sheaf-diffusion-modified/results/node_accuracy/wisconsin/BundleSheaf/normalised-false/stalk_dim-2/2-layers/16-hidden/500-epochs/checkpoints/epoch-50/BundleSheaf_wisconsin_fold7_seed43.pt
Saved saliency to /home/fguadagn/FMG_Master_Thesis/neural-sheaf-diffusion-modified/results/node_saliency/wisconsin/BundleSheaf/normalised-false/stalk_dim-2/2-layers/16-hidden/500-epochs/checkpoints/epoch-50/BundleSheaf_wisconsin_fold7_seed43.pt
Saved node norms to /home/fguadagn/FMG_Master_Thesis/neural-sheaf-diffusion-modified/results/node_norms/wisconsin/BundleSheaf/normalised-false/stalk_dim-2/2-layers/16-hidden/500-epochs/checkpoints/epoch-200/BundleSheaf_wisconsin_fold7_seed43.pt
Saved confidence to /home/fguadagn/FMG_Master_Thesis/neural-sheaf-diffusion-modified/results/node_conf/wisconsin/BundleSheaf/normalised-false/stalk_dim-2/2-layers/16-hidden/500-epochs/checkpoints/epoch-200/BundleSheaf_wisconsin_fold7_seed43.pt
Saved per-node accuracy to /home/fguadagn/FMG_Master_Thesis/neural-sheaf-diffusion-modified/results/node_accuracy/wisconsin/BundleSheaf/normalised-false/stalk_dim-2/2-layers/16-hidden/500-epochs/checkpoints/epoch-200/BundleSheaf_wisconsin_fold7_seed43.pt
Saved saliency to /home/fguadagn/FMG_Master_Thesis/neural-sheaf-diffusion-modified/results/node_saliency/wisconsin/BundleSheaf/normalised-false/stalk_dim-2/2-layers/16-hidden/500-epochs/checkpoints/epoch-200/BundleSheaf_wisconsin_fold7_seed43.pt
Fold 7 | Epochs: 499 | Best epoch: 499
Test acc (best epoch): 0.5098
Test acc (last epoch): 0.5098
Best val acc: 0.4875
Laplacian 0: Max: 0.2411, Min: -1.0000, Avg: -0.4977, Abs avg: 0.5362
Laplacian 1: Max: 1.0000, Min: -1.0000, Avg: -0.1662, Abs avg: 0.5795
Epsilons 0: [0.334 0.081]
Epsilons 1: [ 0.407 -1.08 ]
Saved node norms to /home/fguadagn/FMG_Master_Thesis/neural-sheaf-diffusion-modified/results/node_norms/wisconsin/BundleSheaf/normalised-false/stalk_dim-2/2-layers/16-hidden/500-epochs/checkpoints/best-epoch/BundleSheaf_wisconsin_fold7_seed43.pt
Saved best-epoch node norms (epoch 499) to checkpoints/best-epoch/
Saved confidence to /home/fguadagn/FMG_Master_Thesis/neural-sheaf-diffusion-modified/results/node_conf/wisconsin/BundleSheaf/normalised-false/stalk_dim-2/2-layers/16-hidden/500-epochs/checkpoints/best-epoch/BundleSheaf_wisconsin_fold7_seed43.pt
Saved per-node accuracy to /home/fguadagn/FMG_Master_Thesis/neural-sheaf-diffusion-modified/results/node_accuracy/wisconsin/BundleSheaf/normalised-false/stalk_dim-2/2-layers/16-hidden/500-epochs/checkpoints/best-epoch/BundleSheaf_wisconsin_fold7_seed43.pt
Saved saliency to /home/fguadagn/FMG_Master_Thesis/neural-sheaf-diffusion-modified/results/node_saliency/wisconsin/BundleSheaf/normalised-false/stalk_dim-2/2-layers/16-hidden/500-epochs/checkpoints/best-epoch/BundleSheaf_wisconsin_fold7_seed43.pt
Saved model weights to /home/fguadagn/FMG_Master_Thesis/neural-sheaf-diffusion-modified/results/model_weights/wisconsin/BundleSheaf/normalised-false/stalk_dim-2/2-layers/16-hidden/500-epochs/checkpoints/best-epoch/BundleSheaf_wisconsin_fold7_seed43.pth
Saved fold masks to /home/fguadagn/FMG_Master_Thesis/neural-sheaf-diffusion-modified/results/model_weights/wisconsin/BundleSheaf/normalised-false/stalk_dim-2/2-layers/16-hidden/500-epochs/checkpoints/best-epoch/BundleSheaf_wisconsin_fold7_seed43_masks.pt
Saved best-epoch model weights and masks (epoch 499) to checkpoints/best-epoch/
Updated best_epochs.json: fold_7 -> epoch 499
Saved node norms to /home/fguadagn/FMG_Master_Thesis/neural-sheaf-diffusion-modified/results/node_norms/wisconsin/BundleSheaf/normalised-false/stalk_dim-2/2-layers/16-hidden/500-epochs/BundleSheaf_wisconsin_fold7_seed43.pt
Saved node predictions to /home/fguadagn/FMG_Master_Thesis/neural-sheaf-diffusion-modified/results/node_preds/wisconsin/BundleSheaf/normalised-false/stalk_dim-2/2-layers/16-hidden/500-epochs/BundleSheaf_wisconsin_fold7_seed43.pt
Saved confidence to /home/fguadagn/FMG_Master_Thesis/neural-sheaf-diffusion-modified/results/node_conf/wisconsin/BundleSheaf/normalised-false/stalk_dim-2/2-layers/16-hidden/500-epochs/BundleSheaf_wisconsin_fold7_seed43.pt
Saved per-node accuracy to /home/fguadagn/FMG_Master_Thesis/neural-sheaf-diffusion-modified/results/node_accuracy/wisconsin/BundleSheaf/normalised-false/stalk_dim-2/2-layers/16-hidden/500-epochs/BundleSheaf_wisconsin_fold7_seed43.pt
Saved saliency to /home/fguadagn/FMG_Master_Thesis/neural-sheaf-diffusion-modified/results/node_saliency/wisconsin/BundleSheaf/normalised-false/stalk_dim-2/2-layers/16-hidden/500-epochs/BundleSheaf_wisconsin_fold7_seed43.pt
Saved node norms to /home/fguadagn/FMG_Master_Thesis/neural-sheaf-diffusion-modified/results/node_norms/wisconsin/BundleSheaf/normalised-false/stalk_dim-2/2-layers/16-hidden/500-epochs/checkpoints/epoch-0/BundleSheaf_wisconsin_fold8_seed43.pt
Saved confidence to /home/fguadagn/FMG_Master_Thesis/neural-sheaf-diffusion-modified/results/node_conf/wisconsin/BundleSheaf/normalised-false/stalk_dim-2/2-layers/16-hidden/500-epochs/checkpoints/epoch-0/BundleSheaf_wisconsin_fold8_seed43.pt
Saved per-node accuracy to /home/fguadagn/FMG_Master_Thesis/neural-sheaf-diffusion-modified/results/node_accuracy/wisconsin/BundleSheaf/normalised-false/stalk_dim-2/2-layers/16-hidden/500-epochs/checkpoints/epoch-0/BundleSheaf_wisconsin_fold8_seed43.pt
Saved saliency to /home/fguadagn/FMG_Master_Thesis/neural-sheaf-diffusion-modified/results/node_saliency/wisconsin/BundleSheaf/normalised-false/stalk_dim-2/2-layers/16-hidden/500-epochs/checkpoints/epoch-0/BundleSheaf_wisconsin_fold8_seed43.pt
Saved node norms to /home/fguadagn/FMG_Master_Thesis/neural-sheaf-diffusion-modified/results/node_norms/wisconsin/BundleSheaf/normalised-false/stalk_dim-2/2-layers/16-hidden/500-epochs/checkpoints/epoch-1/BundleSheaf_wisconsin_fold8_seed43.pt
Saved confidence to /home/fguadagn/FMG_Master_Thesis/neural-sheaf-diffusion-modified/results/node_conf/wisconsin/BundleSheaf/normalised-false/stalk_dim-2/2-layers/16-hidden/500-epochs/checkpoints/epoch-1/BundleSheaf_wisconsin_fold8_seed43.pt
Saved per-node accuracy to /home/fguadagn/FMG_Master_Thesis/neural-sheaf-diffusion-modified/results/node_accuracy/wisconsin/BundleSheaf/normalised-false/stalk_dim-2/2-layers/16-hidden/500-epochs/checkpoints/epoch-1/BundleSheaf_wisconsin_fold8_seed43.pt
Saved saliency to /home/fguadagn/FMG_Master_Thesis/neural-sheaf-diffusion-modified/results/node_saliency/wisconsin/BundleSheaf/normalised-false/stalk_dim-2/2-layers/16-hidden/500-epochs/checkpoints/epoch-1/BundleSheaf_wisconsin_fold8_seed43.pt
Saved node norms to /home/fguadagn/FMG_Master_Thesis/neural-sheaf-diffusion-modified/results/node_norms/wisconsin/BundleSheaf/normalised-false/stalk_dim-2/2-layers/16-hidden/500-epochs/checkpoints/epoch-5/BundleSheaf_wisconsin_fold8_seed43.pt
Saved confidence to /home/fguadagn/FMG_Master_Thesis/neural-sheaf-diffusion-modified/results/node_conf/wisconsin/BundleSheaf/normalised-false/stalk_dim-2/2-layers/16-hidden/500-epochs/checkpoints/epoch-5/BundleSheaf_wisconsin_fold8_seed43.pt
Saved per-node accuracy to /home/fguadagn/FMG_Master_Thesis/neural-sheaf-diffusion-modified/results/node_accuracy/wisconsin/BundleSheaf/normalised-false/stalk_dim-2/2-layers/16-hidden/500-epochs/checkpoints/epoch-5/BundleSheaf_wisconsin_fold8_seed43.pt
Saved saliency to /home/fguadagn/FMG_Master_Thesis/neural-sheaf-diffusion-modified/results/node_saliency/wisconsin/BundleSheaf/normalised-false/stalk_dim-2/2-layers/16-hidden/500-epochs/checkpoints/epoch-5/BundleSheaf_wisconsin_fold8_seed43.pt
Saved node norms to /home/fguadagn/FMG_Master_Thesis/neural-sheaf-diffusion-modified/results/node_norms/wisconsin/BundleSheaf/normalised-false/stalk_dim-2/2-layers/16-hidden/500-epochs/checkpoints/epoch-15/BundleSheaf_wisconsin_fold8_seed43.pt
Saved confidence to /home/fguadagn/FMG_Master_Thesis/neural-sheaf-diffusion-modified/results/node_conf/wisconsin/BundleSheaf/normalised-false/stalk_dim-2/2-layers/16-hidden/500-epochs/checkpoints/epoch-15/BundleSheaf_wisconsin_fold8_seed43.pt
Saved per-node accuracy to /home/fguadagn/FMG_Master_Thesis/neural-sheaf-diffusion-modified/results/node_accuracy/wisconsin/BundleSheaf/normalised-false/stalk_dim-2/2-layers/16-hidden/500-epochs/checkpoints/epoch-15/BundleSheaf_wisconsin_fold8_seed43.pt
Saved saliency to /home/fguadagn/FMG_Master_Thesis/neural-sheaf-diffusion-modified/results/node_saliency/wisconsin/BundleSheaf/normalised-false/stalk_dim-2/2-layers/16-hidden/500-epochs/checkpoints/epoch-15/BundleSheaf_wisconsin_fold8_seed43.pt
Saved node norms to /home/fguadagn/FMG_Master_Thesis/neural-sheaf-diffusion-modified/results/node_norms/wisconsin/BundleSheaf/normalised-false/stalk_dim-2/2-layers/16-hidden/500-epochs/checkpoints/epoch-50/BundleSheaf_wisconsin_fold8_seed43.pt
Saved confidence to /home/fguadagn/FMG_Master_Thesis/neural-sheaf-diffusion-modified/results/node_conf/wisconsin/BundleSheaf/normalised-false/stalk_dim-2/2-layers/16-hidden/500-epochs/checkpoints/epoch-50/BundleSheaf_wisconsin_fold8_seed43.pt
Saved per-node accuracy to /home/fguadagn/FMG_Master_Thesis/neural-sheaf-diffusion-modified/results/node_accuracy/wisconsin/BundleSheaf/normalised-false/stalk_dim-2/2-layers/16-hidden/500-epochs/checkpoints/epoch-50/BundleSheaf_wisconsin_fold8_seed43.pt
Saved saliency to /home/fguadagn/FMG_Master_Thesis/neural-sheaf-diffusion-modified/results/node_saliency/wisconsin/BundleSheaf/normalised-false/stalk_dim-2/2-layers/16-hidden/500-epochs/checkpoints/epoch-50/BundleSheaf_wisconsin_fold8_seed43.pt
Saved node norms to /home/fguadagn/FMG_Master_Thesis/neural-sheaf-diffusion-modified/results/node_norms/wisconsin/BundleSheaf/normalised-false/stalk_dim-2/2-layers/16-hidden/500-epochs/checkpoints/epoch-200/BundleSheaf_wisconsin_fold8_seed43.pt
Saved confidence to /home/fguadagn/FMG_Master_Thesis/neural-sheaf-diffusion-modified/results/node_conf/wisconsin/BundleSheaf/normalised-false/stalk_dim-2/2-layers/16-hidden/500-epochs/checkpoints/epoch-200/BundleSheaf_wisconsin_fold8_seed43.pt
Saved per-node accuracy to /home/fguadagn/FMG_Master_Thesis/neural-sheaf-diffusion-modified/results/node_accuracy/wisconsin/BundleSheaf/normalised-false/stalk_dim-2/2-layers/16-hidden/500-epochs/checkpoints/epoch-200/BundleSheaf_wisconsin_fold8_seed43.pt
Saved saliency to /home/fguadagn/FMG_Master_Thesis/neural-sheaf-diffusion-modified/results/node_saliency/wisconsin/BundleSheaf/normalised-false/stalk_dim-2/2-layers/16-hidden/500-epochs/checkpoints/epoch-200/BundleSheaf_wisconsin_fold8_seed43.pt
Fold 8 | Epochs: 499 | Best epoch: 348
Test acc (best epoch): 0.7255
Test acc (last epoch): 0.7843
Best val acc: 0.6750
Laplacian 0: Max: 0.9571, Min: -1.0000, Avg: -0.4735, Abs avg: 0.5952
Laplacian 1: Max: 0.9995, Min: -1.0000, Avg: -0.3900, Abs avg: 0.6370
Epsilons 0: [1.755 2.435]
Epsilons 1: [1.94  2.481]
Saved node norms to /home/fguadagn/FMG_Master_Thesis/neural-sheaf-diffusion-modified/results/node_norms/wisconsin/BundleSheaf/normalised-false/stalk_dim-2/2-layers/16-hidden/500-epochs/checkpoints/best-epoch/BundleSheaf_wisconsin_fold8_seed43.pt
Saved best-epoch node norms (epoch 348) to checkpoints/best-epoch/
Saved confidence to /home/fguadagn/FMG_Master_Thesis/neural-sheaf-diffusion-modified/results/node_conf/wisconsin/BundleSheaf/normalised-false/stalk_dim-2/2-layers/16-hidden/500-epochs/checkpoints/best-epoch/BundleSheaf_wisconsin_fold8_seed43.pt
Saved per-node accuracy to /home/fguadagn/FMG_Master_Thesis/neural-sheaf-diffusion-modified/results/node_accuracy/wisconsin/BundleSheaf/normalised-false/stalk_dim-2/2-layers/16-hidden/500-epochs/checkpoints/best-epoch/BundleSheaf_wisconsin_fold8_seed43.pt
Saved saliency to /home/fguadagn/FMG_Master_Thesis/neural-sheaf-diffusion-modified/results/node_saliency/wisconsin/BundleSheaf/normalised-false/stalk_dim-2/2-layers/16-hidden/500-epochs/checkpoints/best-epoch/BundleSheaf_wisconsin_fold8_seed43.pt
Saved model weights to /home/fguadagn/FMG_Master_Thesis/neural-sheaf-diffusion-modified/results/model_weights/wisconsin/BundleSheaf/normalised-false/stalk_dim-2/2-layers/16-hidden/500-epochs/checkpoints/best-epoch/BundleSheaf_wisconsin_fold8_seed43.pth
Saved fold masks to /home/fguadagn/FMG_Master_Thesis/neural-sheaf-diffusion-modified/results/model_weights/wisconsin/BundleSheaf/normalised-false/stalk_dim-2/2-layers/16-hidden/500-epochs/checkpoints/best-epoch/BundleSheaf_wisconsin_fold8_seed43_masks.pt
Saved best-epoch model weights and masks (epoch 348) to checkpoints/best-epoch/
Updated best_epochs.json: fold_8 -> epoch 348
Saved node norms to /home/fguadagn/FMG_Master_Thesis/neural-sheaf-diffusion-modified/results/node_norms/wisconsin/BundleSheaf/normalised-false/stalk_dim-2/2-layers/16-hidden/500-epochs/BundleSheaf_wisconsin_fold8_seed43.pt
Saved node predictions to /home/fguadagn/FMG_Master_Thesis/neural-sheaf-diffusion-modified/results/node_preds/wisconsin/BundleSheaf/normalised-false/stalk_dim-2/2-layers/16-hidden/500-epochs/BundleSheaf_wisconsin_fold8_seed43.pt
Saved confidence to /home/fguadagn/FMG_Master_Thesis/neural-sheaf-diffusion-modified/results/node_conf/wisconsin/BundleSheaf/normalised-false/stalk_dim-2/2-layers/16-hidden/500-epochs/BundleSheaf_wisconsin_fold8_seed43.pt
Saved per-node accuracy to /home/fguadagn/FMG_Master_Thesis/neural-sheaf-diffusion-modified/results/node_accuracy/wisconsin/BundleSheaf/normalised-false/stalk_dim-2/2-layers/16-hidden/500-epochs/BundleSheaf_wisconsin_fold8_seed43.pt
Saved saliency to /home/fguadagn/FMG_Master_Thesis/neural-sheaf-diffusion-modified/results/node_saliency/wisconsin/BundleSheaf/normalised-false/stalk_dim-2/2-layers/16-hidden/500-epochs/BundleSheaf_wisconsin_fold8_seed43.pt
Saved node norms to /home/fguadagn/FMG_Master_Thesis/neural-sheaf-diffusion-modified/results/node_norms/wisconsin/BundleSheaf/normalised-false/stalk_dim-2/2-layers/16-hidden/500-epochs/checkpoints/epoch-0/BundleSheaf_wisconsin_fold9_seed43.pt
Saved confidence to /home/fguadagn/FMG_Master_Thesis/neural-sheaf-diffusion-modified/results/node_conf/wisconsin/BundleSheaf/normalised-false/stalk_dim-2/2-layers/16-hidden/500-epochs/checkpoints/epoch-0/BundleSheaf_wisconsin_fold9_seed43.pt
Saved per-node accuracy to /home/fguadagn/FMG_Master_Thesis/neural-sheaf-diffusion-modified/results/node_accuracy/wisconsin/BundleSheaf/normalised-false/stalk_dim-2/2-layers/16-hidden/500-epochs/checkpoints/epoch-0/BundleSheaf_wisconsin_fold9_seed43.pt
Saved saliency to /home/fguadagn/FMG_Master_Thesis/neural-sheaf-diffusion-modified/results/node_saliency/wisconsin/BundleSheaf/normalised-false/stalk_dim-2/2-layers/16-hidden/500-epochs/checkpoints/epoch-0/BundleSheaf_wisconsin_fold9_seed43.pt
Saved node norms to /home/fguadagn/FMG_Master_Thesis/neural-sheaf-diffusion-modified/results/node_norms/wisconsin/BundleSheaf/normalised-false/stalk_dim-2/2-layers/16-hidden/500-epochs/checkpoints/epoch-1/BundleSheaf_wisconsin_fold9_seed43.pt
Saved confidence to /home/fguadagn/FMG_Master_Thesis/neural-sheaf-diffusion-modified/results/node_conf/wisconsin/BundleSheaf/normalised-false/stalk_dim-2/2-layers/16-hidden/500-epochs/checkpoints/epoch-1/BundleSheaf_wisconsin_fold9_seed43.pt
Saved per-node accuracy to /home/fguadagn/FMG_Master_Thesis/neural-sheaf-diffusion-modified/results/node_accuracy/wisconsin/BundleSheaf/normalised-false/stalk_dim-2/2-layers/16-hidden/500-epochs/checkpoints/epoch-1/BundleSheaf_wisconsin_fold9_seed43.pt
Saved saliency to /home/fguadagn/FMG_Master_Thesis/neural-sheaf-diffusion-modified/results/node_saliency/wisconsin/BundleSheaf/normalised-false/stalk_dim-2/2-layers/16-hidden/500-epochs/checkpoints/epoch-1/BundleSheaf_wisconsin_fold9_seed43.pt
Saved node norms to /home/fguadagn/FMG_Master_Thesis/neural-sheaf-diffusion-modified/results/node_norms/wisconsin/BundleSheaf/normalised-false/stalk_dim-2/2-layers/16-hidden/500-epochs/checkpoints/epoch-5/BundleSheaf_wisconsin_fold9_seed43.pt
Saved confidence to /home/fguadagn/FMG_Master_Thesis/neural-sheaf-diffusion-modified/results/node_conf/wisconsin/BundleSheaf/normalised-false/stalk_dim-2/2-layers/16-hidden/500-epochs/checkpoints/epoch-5/BundleSheaf_wisconsin_fold9_seed43.pt
Saved per-node accuracy to /home/fguadagn/FMG_Master_Thesis/neural-sheaf-diffusion-modified/results/node_accuracy/wisconsin/BundleSheaf/normalised-false/stalk_dim-2/2-layers/16-hidden/500-epochs/checkpoints/epoch-5/BundleSheaf_wisconsin_fold9_seed43.pt
Saved saliency to /home/fguadagn/FMG_Master_Thesis/neural-sheaf-diffusion-modified/results/node_saliency/wisconsin/BundleSheaf/normalised-false/stalk_dim-2/2-layers/16-hidden/500-epochs/checkpoints/epoch-5/BundleSheaf_wisconsin_fold9_seed43.pt
Saved node norms to /home/fguadagn/FMG_Master_Thesis/neural-sheaf-diffusion-modified/results/node_norms/wisconsin/BundleSheaf/normalised-false/stalk_dim-2/2-layers/16-hidden/500-epochs/checkpoints/epoch-15/BundleSheaf_wisconsin_fold9_seed43.pt
Saved confidence to /home/fguadagn/FMG_Master_Thesis/neural-sheaf-diffusion-modified/results/node_conf/wisconsin/BundleSheaf/normalised-false/stalk_dim-2/2-layers/16-hidden/500-epochs/checkpoints/epoch-15/BundleSheaf_wisconsin_fold9_seed43.pt
Saved per-node accuracy to /home/fguadagn/FMG_Master_Thesis/neural-sheaf-diffusion-modified/results/node_accuracy/wisconsin/BundleSheaf/normalised-false/stalk_dim-2/2-layers/16-hidden/500-epochs/checkpoints/epoch-15/BundleSheaf_wisconsin_fold9_seed43.pt
Saved saliency to /home/fguadagn/FMG_Master_Thesis/neural-sheaf-diffusion-modified/results/node_saliency/wisconsin/BundleSheaf/normalised-false/stalk_dim-2/2-layers/16-hidden/500-epochs/checkpoints/epoch-15/BundleSheaf_wisconsin_fold9_seed43.pt
Saved node norms to /home/fguadagn/FMG_Master_Thesis/neural-sheaf-diffusion-modified/results/node_norms/wisconsin/BundleSheaf/normalised-false/stalk_dim-2/2-layers/16-hidden/500-epochs/checkpoints/epoch-50/BundleSheaf_wisconsin_fold9_seed43.pt
Saved confidence to /home/fguadagn/FMG_Master_Thesis/neural-sheaf-diffusion-modified/results/node_conf/wisconsin/BundleSheaf/normalised-false/stalk_dim-2/2-layers/16-hidden/500-epochs/checkpoints/epoch-50/BundleSheaf_wisconsin_fold9_seed43.pt
Saved per-node accuracy to /home/fguadagn/FMG_Master_Thesis/neural-sheaf-diffusion-modified/results/node_accuracy/wisconsin/BundleSheaf/normalised-false/stalk_dim-2/2-layers/16-hidden/500-epochs/checkpoints/epoch-50/BundleSheaf_wisconsin_fold9_seed43.pt
Saved saliency to /home/fguadagn/FMG_Master_Thesis/neural-sheaf-diffusion-modified/results/node_saliency/wisconsin/BundleSheaf/normalised-false/stalk_dim-2/2-layers/16-hidden/500-epochs/checkpoints/epoch-50/BundleSheaf_wisconsin_fold9_seed43.pt
Saved node norms to /home/fguadagn/FMG_Master_Thesis/neural-sheaf-diffusion-modified/results/node_norms/wisconsin/BundleSheaf/normalised-false/stalk_dim-2/2-layers/16-hidden/500-epochs/checkpoints/epoch-200/BundleSheaf_wisconsin_fold9_seed43.pt
Saved confidence to /home/fguadagn/FMG_Master_Thesis/neural-sheaf-diffusion-modified/results/node_conf/wisconsin/BundleSheaf/normalised-false/stalk_dim-2/2-layers/16-hidden/500-epochs/checkpoints/epoch-200/BundleSheaf_wisconsin_fold9_seed43.pt
Saved per-node accuracy to /home/fguadagn/FMG_Master_Thesis/neural-sheaf-diffusion-modified/results/node_accuracy/wisconsin/BundleSheaf/normalised-false/stalk_dim-2/2-layers/16-hidden/500-epochs/checkpoints/epoch-200/BundleSheaf_wisconsin_fold9_seed43.pt
Saved saliency to /home/fguadagn/FMG_Master_Thesis/neural-sheaf-diffusion-modified/results/node_saliency/wisconsin/BundleSheaf/normalised-false/stalk_dim-2/2-layers/16-hidden/500-epochs/checkpoints/epoch-200/BundleSheaf_wisconsin_fold9_seed43.pt
Fold 9 | Epochs: 215 | Best epoch: 15
Test acc (best epoch): 0.5686
Test acc (last epoch): 0.4510
Best val acc: 0.5125
Laplacian 0: Max: 0.3739, Min: -1.0000, Avg: -0.4947, Abs avg: 0.5463
Laplacian 1: Max: 0.3409, Min: -1.0000, Avg: -0.4956, Abs avg: 0.5507
Epsilons 0: [-0.017  0.093]
Epsilons 1: [-0.22   0.083]
Saved node norms to /home/fguadagn/FMG_Master_Thesis/neural-sheaf-diffusion-modified/results/node_norms/wisconsin/BundleSheaf/normalised-false/stalk_dim-2/2-layers/16-hidden/500-epochs/checkpoints/best-epoch/BundleSheaf_wisconsin_fold9_seed43.pt
Saved best-epoch node norms (epoch 15) to checkpoints/best-epoch/
Saved confidence to /home/fguadagn/FMG_Master_Thesis/neural-sheaf-diffusion-modified/results/node_conf/wisconsin/BundleSheaf/normalised-false/stalk_dim-2/2-layers/16-hidden/500-epochs/checkpoints/best-epoch/BundleSheaf_wisconsin_fold9_seed43.pt
Saved per-node accuracy to /home/fguadagn/FMG_Master_Thesis/neural-sheaf-diffusion-modified/results/node_accuracy/wisconsin/BundleSheaf/normalised-false/stalk_dim-2/2-layers/16-hidden/500-epochs/checkpoints/best-epoch/BundleSheaf_wisconsin_fold9_seed43.pt
Saved saliency to /home/fguadagn/FMG_Master_Thesis/neural-sheaf-diffusion-modified/results/node_saliency/wisconsin/BundleSheaf/normalised-false/stalk_dim-2/2-layers/16-hidden/500-epochs/checkpoints/best-epoch/BundleSheaf_wisconsin_fold9_seed43.pt
Saved model weights to /home/fguadagn/FMG_Master_Thesis/neural-sheaf-diffusion-modified/results/model_weights/wisconsin/BundleSheaf/normalised-false/stalk_dim-2/2-layers/16-hidden/500-epochs/checkpoints/best-epoch/BundleSheaf_wisconsin_fold9_seed43.pth
Saved fold masks to /home/fguadagn/FMG_Master_Thesis/neural-sheaf-diffusion-modified/results/model_weights/wisconsin/BundleSheaf/normalised-false/stalk_dim-2/2-layers/16-hidden/500-epochs/checkpoints/best-epoch/BundleSheaf_wisconsin_fold9_seed43_masks.pt
Saved best-epoch model weights and masks (epoch 15) to checkpoints/best-epoch/
Updated best_epochs.json: fold_9 -> epoch 15
Saved node norms to /home/fguadagn/FMG_Master_Thesis/neural-sheaf-diffusion-modified/results/node_norms/wisconsin/BundleSheaf/normalised-false/stalk_dim-2/2-layers/16-hidden/500-epochs/BundleSheaf_wisconsin_fold9_seed43.pt
Saved node predictions to /home/fguadagn/FMG_Master_Thesis/neural-sheaf-diffusion-modified/results/node_preds/wisconsin/BundleSheaf/normalised-false/stalk_dim-2/2-layers/16-hidden/500-epochs/BundleSheaf_wisconsin_fold9_seed43.pt
Saved confidence to /home/fguadagn/FMG_Master_Thesis/neural-sheaf-diffusion-modified/results/node_conf/wisconsin/BundleSheaf/normalised-false/stalk_dim-2/2-layers/16-hidden/500-epochs/BundleSheaf_wisconsin_fold9_seed43.pt
Saved per-node accuracy to /home/fguadagn/FMG_Master_Thesis/neural-sheaf-diffusion-modified/results/node_accuracy/wisconsin/BundleSheaf/normalised-false/stalk_dim-2/2-layers/16-hidden/500-epochs/BundleSheaf_wisconsin_fold9_seed43.pt
Saved saliency to /home/fguadagn/FMG_Master_Thesis/neural-sheaf-diffusion-modified/results/node_saliency/wisconsin/BundleSheaf/normalised-false/stalk_dim-2/2-layers/16-hidden/500-epochs/BundleSheaf_wisconsin_fold9_seed43.pt
BundleSheaf on wisconsin | SHA: 76c20f9b6a5a98e71dded402ae983d844519635e
Test acc: 54.3137 +/- 14.3298 | Val acc: 54.6250
