/home/fguadagn/FMG_Master_Thesis/neural-sheaf-diffusion-modified/utils/classic.py:27: FutureWarning: You are using `torch.load` with `weights_only=False` (the current default value), which uses the default pickle module implicitly. It is possible to construct malicious pickle data which will execute arbitrary code during unpickling (See https://github.com/pytorch/pytorch/blob/main/SECURITY.md#untrusted-models for more details). In a future release, the default value for `weights_only` will be flipped to `True`. This limits the functions that could be executed during unpickling. Arbitrary objects will no longer be allowed to be loaded via this mode unless they are explicitly allowlisted by the user via `torch.serialization.add_safe_globals`. We recommend you start setting `weights_only=True` for any use case where you don't have full control of the loaded file. Please open an issue on GitHub for any issues related to this experimental feature.
  self.data, self.slices = torch.load(self.processed_paths[0])
wandb: [wandb.login()] Loaded credentials for https://api.wandb.ai from WANDB_API_KEY.
wandb: Currently logged in as: franceguad2002 (franceguad2002-epfl) to https://api.wandb.ai. Use `wandb login --relogin` to force relogin
wandb: setting up run k8glvypl
wandb: Tracking run with wandb version 0.26.1
wandb: Run data is saved locally in /home/fguadagn/FMG_Master_Thesis/neural-sheaf-diffusion-modified/wandb/run-20260710_101729-k8glvypl
wandb: Run `wandb offline` to turn off syncing.
wandb: Syncing run BundleSheaf_citeseer_normalised-false_stalk-5_4layers_16hidden_500epochs_seed43
wandb: ⭐️ View project at https://wandb.ai/franceguad2002-epfl/sheaf
wandb: 🚀 View run at https://wandb.ai/franceguad2002-epfl/sheaf/runs/k8glvypl
  0%|          | 0/10 [00:00<?, ?it/s] 10%|█         | 1/10 [00:38<05:48, 38.77s/it] 20%|██        | 2/10 [00:47<02:49, 21.16s/it] 30%|███       | 3/10 [00:56<01:49, 15.62s/it] 40%|████      | 4/10 [01:05<01:17, 12.97s/it] 50%|█████     | 5/10 [01:11<00:52, 10.43s/it] 60%|██████    | 6/10 [01:15<00:32,  8.17s/it] 70%|███████   | 7/10 [01:24<00:25,  8.58s/it] 80%|████████  | 8/10 [01:33<00:17,  8.60s/it] 90%|█████████ | 9/10 [01:42<00:08,  8.75s/it]100%|██████████| 10/10 [01:49<00:00,  8.30s/it]100%|██████████| 10/10 [01:49<00:00, 10.97s/it]
wandb: updating run metadata
wandb: uploading wandb-summary.json; uploading config.yaml
wandb: uploading history steps 209-210, summary, console lines 502-531
wandb: 
wandb: Run history:
wandb:          best_epoch ▁███▃▁█▇█▄
wandb:       best_test_acc ▁▆█▆▄▃█▇▅▅
wandb:        best_val_acc ▁▆█▆▃▆▇▆▄▅
wandb:  fold0_tmp_test_acc ▂▂▂▄▄▄▃▃▂▃▃▁▁▂▃▃▅▄▄▅▄▄▅▅▇▇▇▇▇▅▄▄▆▆▅▆▆██▇
wandb: fold0_tmp_test_loss ▁▃▃▃▂▄▇▆▆█▅▅▄▆▅▃▄▄▃▃▄▄▃▃▃▄▄▄▃▃▃▃▃▂▂▁▁▁▃▂
wandb:     fold0_train_acc ▂▁▄▃▃▃▃▃▂▄▄▄▃▄▄▆▆▆▆▅▅▆▆▅▄▅▅▆▆▇▆▅▇▆▇▇▇██▇
wandb:    fold0_train_loss ▃▂▃▄▄▄▇▇▅▅▅▇█▆▆▅▃▁▁▁▃▃▄▄▂▃▃▄▃▂▁▁▁▂▂▁▁▁▁▁
wandb:       fold0_val_acc ▃▁▅▅▅▆▆▆▅▄▅▆▆▅▆▄▅▆▅▅▆▆▅▆▆▅▇▇▅▆▇▇▇▆▇▇▇▇█▇
wandb:      fold0_val_loss ▅▅▆▆█▆▆▆▆▇▄▅▅▅▅▄▄▃▃▃▂▅▄▃▂▃▃▃▂▂▂▂▁▁▁▁▁▁▁▁
wandb:       last_test_acc ▆▅▇▅▅▄▇█▁▄
wandb:                  +3 ...
wandb: 
wandb: Run summary:
wandb:          best_epoch 233
wandb:       best_test_acc 0.25602
wandb:        best_val_acc 0.24528
wandb:  fold0_tmp_test_acc 0.28571
wandb: fold0_tmp_test_loss 59.50502
wandb:     fold0_train_acc 0.34048
wandb:    fold0_train_loss 11.00765
wandb:       fold0_val_acc 0.27521
wandb:      fold0_val_loss 60.5654
wandb:       last_test_acc 0.26205
wandb:                  +3 ...
wandb: 
wandb: 🚀 View run BundleSheaf_citeseer_normalised-false_stalk-5_4layers_16hidden_500epochs_seed43 at: https://wandb.ai/franceguad2002-epfl/sheaf/runs/k8glvypl
wandb: ⭐️ View project at: https://wandb.ai/franceguad2002-epfl/sheaf
wandb: Synced 5 W&B file(s), 0 media file(s), 0 artifact file(s) and 0 other file(s)
wandb: Find logs at: ./wandb/run-20260710_101729-k8glvypl/logs
