/home/fguadagn/FMG_Master_Thesis/neural-sheaf-diffusion-modified/utils/classic.py:27: FutureWarning: You are using `torch.load` with `weights_only=False` (the current default value), which uses the default pickle module implicitly. It is possible to construct malicious pickle data which will execute arbitrary code during unpickling (See https://github.com/pytorch/pytorch/blob/main/SECURITY.md#untrusted-models for more details). In a future release, the default value for `weights_only` will be flipped to `True`. This limits the functions that could be executed during unpickling. Arbitrary objects will no longer be allowed to be loaded via this mode unless they are explicitly allowlisted by the user via `torch.serialization.add_safe_globals`. We recommend you start setting `weights_only=True` for any use case where you don't have full control of the loaded file. Please open an issue on GitHub for any issues related to this experimental feature.
  self.data, self.slices = torch.load(self.processed_paths[0])
wandb: [wandb.login()] Loaded credentials for https://api.wandb.ai from WANDB_API_KEY.
wandb: Currently logged in as: franceguad2002 (franceguad2002-epfl) to https://api.wandb.ai. Use `wandb login --relogin` to force relogin
wandb: setting up run kj2m7zv8
wandb: Tracking run with wandb version 0.26.1
wandb: Run data is saved locally in /home/fguadagn/FMG_Master_Thesis/neural-sheaf-diffusion-modified/wandb/run-20260710_101729-kj2m7zv8
wandb: Run `wandb offline` to turn off syncing.
wandb: Syncing run BundleSheaf_pubmed_normalised-false_stalk-5_4layers_16hidden_500epochs_seed43
wandb: ⭐️ View project at https://wandb.ai/franceguad2002-epfl/sheaf
wandb: 🚀 View run at https://wandb.ai/franceguad2002-epfl/sheaf/runs/kj2m7zv8
  0%|          | 0/10 [00:00<?, ?it/s] 10%|█         | 1/10 [01:03<09:30, 63.42s/it] 20%|██        | 2/10 [01:40<06:23, 47.92s/it] 30%|███       | 3/10 [02:16<04:57, 42.48s/it] 40%|████      | 4/10 [02:52<04:00, 40.09s/it] 50%|█████     | 5/10 [03:30<03:15, 39.02s/it] 60%|██████    | 6/10 [04:06<02:32, 38.17s/it] 70%|███████   | 7/10 [04:43<01:53, 37.85s/it] 80%|████████  | 8/10 [06:29<01:58, 59.36s/it] 90%|█████████ | 9/10 [07:26<00:58, 58.73s/it]100%|██████████| 10/10 [08:03<00:00, 51.90s/it]100%|██████████| 10/10 [08:03<00:00, 48.31s/it]
wandb: updating run metadata
wandb: uploading output.log; uploading wandb-summary.json
wandb: uploading history steps 508-509, summary, console lines 506-531
wandb: 
wandb: Run history:
wandb:          best_epoch ▅█▇█▇▂▁▁▇▆
wandb:       best_test_acc █▇▇▃▂▃▃▁▃▂
wandb:        best_val_acc ██▆▄▁▃▃▁▄▂
wandb:  fold0_tmp_test_acc ▆▇▆▃▇▃▇▇▆▁▆▅▅▄▃▅▅▃▃▄▃▂▃▅▂▄▃▄▂▄██▇▇▇██▇▇▇
wandb: fold0_tmp_test_loss █▇▆▆▅▃▅▂▂▂▁▁▁▁▁▁▁▁▁▁▁▁▁▁▁▁▁▁▁▁▁▁▁▁▁▁▁▁▁▁
wandb:     fold0_train_acc ▇▇▇▆▇▆▅▆▂▇▆▆▇▇▆▄▃▄▃▂▅▃▂▁▂▂▂▁▃▁▃▃▂▃▄█▇██▇
wandb:    fold0_train_loss ▇█▇▄█▄▃▁▂▁▁▁▁▁▁▁▁▁▁▁▁▁▁▁▁▁▁▁▁▁▁▁▁▁▁▁▁▁▁▁
wandb:       fold0_val_acc ▅▇▆▇▆▆▄▇▇▆▄▆▅▅▅▃▄▄▁▅▃▄▃▂▃▅▄▃▂▁▅▅▂▂█████▇
wandb:      fold0_val_loss █▇▆▅▄▄▅▂▂▁▁▁▁▁▁▁▁▁▁▁▁▁▁▁▁▁▁▁▁▁▁▁▁▁▁▁▁▁▁▁
wandb:       last_test_acc ▇█▆▃▃▃▂▅▁▂
wandb:                  +3 ...
wandb: 
wandb: Run summary:
wandb:          best_epoch 487
wandb:       best_test_acc 0.34077
wandb:        best_val_acc 0.34025
wandb:  fold0_tmp_test_acc 0.38971
wandb: fold0_tmp_test_loss 1.11966
wandb:     fold0_train_acc 0.39617
wandb:    fold0_train_loss 1.06408
wandb:       fold0_val_acc 0.39176
wandb:      fold0_val_loss 1.06381
wandb:       last_test_acc 0.33215
wandb:                  +3 ...
wandb: 
wandb: 🚀 View run BundleSheaf_pubmed_normalised-false_stalk-5_4layers_16hidden_500epochs_seed43 at: https://wandb.ai/franceguad2002-epfl/sheaf/runs/kj2m7zv8
wandb: ⭐️ View project at: https://wandb.ai/franceguad2002-epfl/sheaf
wandb: Synced 5 W&B file(s), 0 media file(s), 0 artifact file(s) and 0 other file(s)
wandb: Find logs at: ./wandb/run-20260710_101729-kj2m7zv8/logs
