Running with wandb account: franceguad2002-epfl
Namespace(epochs=500, lr=0.01, weight_decay=0.0006914841722570725, sheaf_decay=0.00031764232712732976, early_stopping=200, min_acc=0.0, stop_strategy='loss', d=5, layers=5, normalised=False, deg_normalised=False, linear=False, hidden_channels=16, input_dropout=0.2, dropout=0.3, left_weights=True, right_weights=True, add_lp=False, add_hp=False, use_act=True, second_linear=False, orth='householder', sheaf_act='tanh', edge_weights=False, sparse_learner=False, dataset='roman_empire', seed=43, cuda=0, folds=10, model='BundleSheaf', entity='franceguad2002-epfl', evectors=0, max_t=1.0, int_method=None, step_size=1, max_iters=100, adjoint_method='adaptive_heun', adjoint=False, adjoint_step_size=1, tol_scale=1.0, tol_scale_adjoint=1.0, max_nfe=1000, no_early=False, earlystopxT=3, max_test_steps=100, num_nodes=200, num_classes=2, num_feats=10, het_coef=0.9, edge_noise=0.05, node_degree=10, feat_noise=0.25, ellipsoid_radius=1, just_add_noise=False, ellipsoids=True, classes_corr=None, dual_diff_strength=1.0, dual_normalised=True, sheaf_init=False, dual_left_linear=True, dual_right_linear=True, dual_linear=False, learn_first_maps=False, learnt_map_type='general', rotation_invariant_sheaf_learner=False, node_edge_sims_time_dependent=False, num_of_convolutions=1, dim_list=[], zero_laplacian=False, maps_lr=None, use_epsilons=True, use_embedding=True, checkpoint_epochs=[0, 1, 5, 15, 50, 200], save_laplacians=False, save_norms=True, save_preds=True, save_saliency=True, save_others=False, sha='76c20f9b6a5a98e71dded402ae983d844519635e', graph_size=22662, input_dim=300, output_dim=18, device=device(type='cuda', index=0))
Saved node norms to /home/fguadagn/FMG_Master_Thesis/neural-sheaf-diffusion-modified/results/node_norms/roman_empire/BundleSheaf/normalised-false/stalk_dim-5/5-layers/16-hidden/500-epochs/checkpoints/epoch-0/BundleSheaf_roman_empire_fold0_seed43.pt
Saved confidence to /home/fguadagn/FMG_Master_Thesis/neural-sheaf-diffusion-modified/results/node_conf/roman_empire/BundleSheaf/normalised-false/stalk_dim-5/5-layers/16-hidden/500-epochs/checkpoints/epoch-0/BundleSheaf_roman_empire_fold0_seed43.pt
Saved per-node accuracy to /home/fguadagn/FMG_Master_Thesis/neural-sheaf-diffusion-modified/results/node_accuracy/roman_empire/BundleSheaf/normalised-false/stalk_dim-5/5-layers/16-hidden/500-epochs/checkpoints/epoch-0/BundleSheaf_roman_empire_fold0_seed43.pt
Saved saliency to /home/fguadagn/FMG_Master_Thesis/neural-sheaf-diffusion-modified/results/node_saliency/roman_empire/BundleSheaf/normalised-false/stalk_dim-5/5-layers/16-hidden/500-epochs/checkpoints/epoch-0/BundleSheaf_roman_empire_fold0_seed43.pt
Saved node norms to /home/fguadagn/FMG_Master_Thesis/neural-sheaf-diffusion-modified/results/node_norms/roman_empire/BundleSheaf/normalised-false/stalk_dim-5/5-layers/16-hidden/500-epochs/checkpoints/epoch-1/BundleSheaf_roman_empire_fold0_seed43.pt
Saved confidence to /home/fguadagn/FMG_Master_Thesis/neural-sheaf-diffusion-modified/results/node_conf/roman_empire/BundleSheaf/normalised-false/stalk_dim-5/5-layers/16-hidden/500-epochs/checkpoints/epoch-1/BundleSheaf_roman_empire_fold0_seed43.pt
Saved per-node accuracy to /home/fguadagn/FMG_Master_Thesis/neural-sheaf-diffusion-modified/results/node_accuracy/roman_empire/BundleSheaf/normalised-false/stalk_dim-5/5-layers/16-hidden/500-epochs/checkpoints/epoch-1/BundleSheaf_roman_empire_fold0_seed43.pt
Saved saliency to /home/fguadagn/FMG_Master_Thesis/neural-sheaf-diffusion-modified/results/node_saliency/roman_empire/BundleSheaf/normalised-false/stalk_dim-5/5-layers/16-hidden/500-epochs/checkpoints/epoch-1/BundleSheaf_roman_empire_fold0_seed43.pt
Saved node norms to /home/fguadagn/FMG_Master_Thesis/neural-sheaf-diffusion-modified/results/node_norms/roman_empire/BundleSheaf/normalised-false/stalk_dim-5/5-layers/16-hidden/500-epochs/checkpoints/epoch-5/BundleSheaf_roman_empire_fold0_seed43.pt
Saved confidence to /home/fguadagn/FMG_Master_Thesis/neural-sheaf-diffusion-modified/results/node_conf/roman_empire/BundleSheaf/normalised-false/stalk_dim-5/5-layers/16-hidden/500-epochs/checkpoints/epoch-5/BundleSheaf_roman_empire_fold0_seed43.pt
Saved per-node accuracy to /home/fguadagn/FMG_Master_Thesis/neural-sheaf-diffusion-modified/results/node_accuracy/roman_empire/BundleSheaf/normalised-false/stalk_dim-5/5-layers/16-hidden/500-epochs/checkpoints/epoch-5/BundleSheaf_roman_empire_fold0_seed43.pt
Saved saliency to /home/fguadagn/FMG_Master_Thesis/neural-sheaf-diffusion-modified/results/node_saliency/roman_empire/BundleSheaf/normalised-false/stalk_dim-5/5-layers/16-hidden/500-epochs/checkpoints/epoch-5/BundleSheaf_roman_empire_fold0_seed43.pt
Saved node norms to /home/fguadagn/FMG_Master_Thesis/neural-sheaf-diffusion-modified/results/node_norms/roman_empire/BundleSheaf/normalised-false/stalk_dim-5/5-layers/16-hidden/500-epochs/checkpoints/epoch-15/BundleSheaf_roman_empire_fold0_seed43.pt
Saved confidence to /home/fguadagn/FMG_Master_Thesis/neural-sheaf-diffusion-modified/results/node_conf/roman_empire/BundleSheaf/normalised-false/stalk_dim-5/5-layers/16-hidden/500-epochs/checkpoints/epoch-15/BundleSheaf_roman_empire_fold0_seed43.pt
Saved per-node accuracy to /home/fguadagn/FMG_Master_Thesis/neural-sheaf-diffusion-modified/results/node_accuracy/roman_empire/BundleSheaf/normalised-false/stalk_dim-5/5-layers/16-hidden/500-epochs/checkpoints/epoch-15/BundleSheaf_roman_empire_fold0_seed43.pt
Saved saliency to /home/fguadagn/FMG_Master_Thesis/neural-sheaf-diffusion-modified/results/node_saliency/roman_empire/BundleSheaf/normalised-false/stalk_dim-5/5-layers/16-hidden/500-epochs/checkpoints/epoch-15/BundleSheaf_roman_empire_fold0_seed43.pt
Saved node norms to /home/fguadagn/FMG_Master_Thesis/neural-sheaf-diffusion-modified/results/node_norms/roman_empire/BundleSheaf/normalised-false/stalk_dim-5/5-layers/16-hidden/500-epochs/checkpoints/epoch-50/BundleSheaf_roman_empire_fold0_seed43.pt
Saved confidence to /home/fguadagn/FMG_Master_Thesis/neural-sheaf-diffusion-modified/results/node_conf/roman_empire/BundleSheaf/normalised-false/stalk_dim-5/5-layers/16-hidden/500-epochs/checkpoints/epoch-50/BundleSheaf_roman_empire_fold0_seed43.pt
Saved per-node accuracy to /home/fguadagn/FMG_Master_Thesis/neural-sheaf-diffusion-modified/results/node_accuracy/roman_empire/BundleSheaf/normalised-false/stalk_dim-5/5-layers/16-hidden/500-epochs/checkpoints/epoch-50/BundleSheaf_roman_empire_fold0_seed43.pt
Saved saliency to /home/fguadagn/FMG_Master_Thesis/neural-sheaf-diffusion-modified/results/node_saliency/roman_empire/BundleSheaf/normalised-false/stalk_dim-5/5-layers/16-hidden/500-epochs/checkpoints/epoch-50/BundleSheaf_roman_empire_fold0_seed43.pt
Saved node norms to /home/fguadagn/FMG_Master_Thesis/neural-sheaf-diffusion-modified/results/node_norms/roman_empire/BundleSheaf/normalised-false/stalk_dim-5/5-layers/16-hidden/500-epochs/checkpoints/epoch-200/BundleSheaf_roman_empire_fold0_seed43.pt
Saved confidence to /home/fguadagn/FMG_Master_Thesis/neural-sheaf-diffusion-modified/results/node_conf/roman_empire/BundleSheaf/normalised-false/stalk_dim-5/5-layers/16-hidden/500-epochs/checkpoints/epoch-200/BundleSheaf_roman_empire_fold0_seed43.pt
Saved per-node accuracy to /home/fguadagn/FMG_Master_Thesis/neural-sheaf-diffusion-modified/results/node_accuracy/roman_empire/BundleSheaf/normalised-false/stalk_dim-5/5-layers/16-hidden/500-epochs/checkpoints/epoch-200/BundleSheaf_roman_empire_fold0_seed43.pt
Saved saliency to /home/fguadagn/FMG_Master_Thesis/neural-sheaf-diffusion-modified/results/node_saliency/roman_empire/BundleSheaf/normalised-false/stalk_dim-5/5-layers/16-hidden/500-epochs/checkpoints/epoch-200/BundleSheaf_roman_empire_fold0_seed43.pt
Fold 0 | Epochs: 499 | Best epoch: 499
Test acc (best epoch): 0.4077
Test acc (last epoch): 0.4077
Best val acc: 0.4106
Laplacian 0: Max: 0.9962, Min: -1.0000, Avg: -0.1072, Abs avg: 0.3407
Laplacian 1: Max: 0.9986, Min: -0.9994, Avg: -0.0570, Abs avg: 0.3738
Laplacian 2: Max: 1.0000, Min: -1.0000, Avg: -0.0631, Abs avg: 0.3447
Laplacian 3: Max: 1.0000, Min: -1.0000, Avg: -0.1191, Abs avg: 0.3288
Laplacian 4: Max: 0.9870, Min: -1.0000, Avg: 0.0811, Abs avg: 0.3772
Epsilons 0: [ 0.073  0.002  0.075 -0.093  0.049]
Epsilons 1: [-0.088  0.045 -0.088 -0.075 -0.049]
Epsilons 2: [ 0.053  0.023 -0.086 -0.21  -0.033]
Epsilons 3: [ 0.157 -0.013  0.027 -0.18  -0.066]
Epsilons 4: [-0.557 -0.531 -0.671 -0.746 -0.453]
Saved node norms to /home/fguadagn/FMG_Master_Thesis/neural-sheaf-diffusion-modified/results/node_norms/roman_empire/BundleSheaf/normalised-false/stalk_dim-5/5-layers/16-hidden/500-epochs/checkpoints/best-epoch/BundleSheaf_roman_empire_fold0_seed43.pt
Saved best-epoch node norms (epoch 499) to checkpoints/best-epoch/
Saved confidence to /home/fguadagn/FMG_Master_Thesis/neural-sheaf-diffusion-modified/results/node_conf/roman_empire/BundleSheaf/normalised-false/stalk_dim-5/5-layers/16-hidden/500-epochs/checkpoints/best-epoch/BundleSheaf_roman_empire_fold0_seed43.pt
Saved per-node accuracy to /home/fguadagn/FMG_Master_Thesis/neural-sheaf-diffusion-modified/results/node_accuracy/roman_empire/BundleSheaf/normalised-false/stalk_dim-5/5-layers/16-hidden/500-epochs/checkpoints/best-epoch/BundleSheaf_roman_empire_fold0_seed43.pt
Saved saliency to /home/fguadagn/FMG_Master_Thesis/neural-sheaf-diffusion-modified/results/node_saliency/roman_empire/BundleSheaf/normalised-false/stalk_dim-5/5-layers/16-hidden/500-epochs/checkpoints/best-epoch/BundleSheaf_roman_empire_fold0_seed43.pt
Saved training args to /home/fguadagn/FMG_Master_Thesis/neural-sheaf-diffusion-modified/results/model_weights/roman_empire/BundleSheaf/normalised-false/stalk_dim-5/5-layers/16-hidden/500-epochs/training_args.json
Saved model weights to /home/fguadagn/FMG_Master_Thesis/neural-sheaf-diffusion-modified/results/model_weights/roman_empire/BundleSheaf/normalised-false/stalk_dim-5/5-layers/16-hidden/500-epochs/checkpoints/best-epoch/BundleSheaf_roman_empire_fold0_seed43.pth
Saved fold masks to /home/fguadagn/FMG_Master_Thesis/neural-sheaf-diffusion-modified/results/model_weights/roman_empire/BundleSheaf/normalised-false/stalk_dim-5/5-layers/16-hidden/500-epochs/checkpoints/best-epoch/BundleSheaf_roman_empire_fold0_seed43_masks.pt
Saved best-epoch model weights and masks (epoch 499) to checkpoints/best-epoch/
Updated best_epochs.json: fold_0 -> epoch 499
Saved node norms to /home/fguadagn/FMG_Master_Thesis/neural-sheaf-diffusion-modified/results/node_norms/roman_empire/BundleSheaf/normalised-false/stalk_dim-5/5-layers/16-hidden/500-epochs/BundleSheaf_roman_empire_fold0_seed43.pt
Saved node predictions to /home/fguadagn/FMG_Master_Thesis/neural-sheaf-diffusion-modified/results/node_preds/roman_empire/BundleSheaf/normalised-false/stalk_dim-5/5-layers/16-hidden/500-epochs/BundleSheaf_roman_empire_fold0_seed43.pt
Saved confidence to /home/fguadagn/FMG_Master_Thesis/neural-sheaf-diffusion-modified/results/node_conf/roman_empire/BundleSheaf/normalised-false/stalk_dim-5/5-layers/16-hidden/500-epochs/BundleSheaf_roman_empire_fold0_seed43.pt
Saved per-node accuracy to /home/fguadagn/FMG_Master_Thesis/neural-sheaf-diffusion-modified/results/node_accuracy/roman_empire/BundleSheaf/normalised-false/stalk_dim-5/5-layers/16-hidden/500-epochs/BundleSheaf_roman_empire_fold0_seed43.pt
Saved saliency to /home/fguadagn/FMG_Master_Thesis/neural-sheaf-diffusion-modified/results/node_saliency/roman_empire/BundleSheaf/normalised-false/stalk_dim-5/5-layers/16-hidden/500-epochs/BundleSheaf_roman_empire_fold0_seed43.pt
Saved node norms to /home/fguadagn/FMG_Master_Thesis/neural-sheaf-diffusion-modified/results/node_norms/roman_empire/BundleSheaf/normalised-false/stalk_dim-5/5-layers/16-hidden/500-epochs/checkpoints/epoch-0/BundleSheaf_roman_empire_fold1_seed43.pt
Saved confidence to /home/fguadagn/FMG_Master_Thesis/neural-sheaf-diffusion-modified/results/node_conf/roman_empire/BundleSheaf/normalised-false/stalk_dim-5/5-layers/16-hidden/500-epochs/checkpoints/epoch-0/BundleSheaf_roman_empire_fold1_seed43.pt
Saved per-node accuracy to /home/fguadagn/FMG_Master_Thesis/neural-sheaf-diffusion-modified/results/node_accuracy/roman_empire/BundleSheaf/normalised-false/stalk_dim-5/5-layers/16-hidden/500-epochs/checkpoints/epoch-0/BundleSheaf_roman_empire_fold1_seed43.pt
Saved saliency to /home/fguadagn/FMG_Master_Thesis/neural-sheaf-diffusion-modified/results/node_saliency/roman_empire/BundleSheaf/normalised-false/stalk_dim-5/5-layers/16-hidden/500-epochs/checkpoints/epoch-0/BundleSheaf_roman_empire_fold1_seed43.pt
Saved node norms to /home/fguadagn/FMG_Master_Thesis/neural-sheaf-diffusion-modified/results/node_norms/roman_empire/BundleSheaf/normalised-false/stalk_dim-5/5-layers/16-hidden/500-epochs/checkpoints/epoch-1/BundleSheaf_roman_empire_fold1_seed43.pt
Saved confidence to /home/fguadagn/FMG_Master_Thesis/neural-sheaf-diffusion-modified/results/node_conf/roman_empire/BundleSheaf/normalised-false/stalk_dim-5/5-layers/16-hidden/500-epochs/checkpoints/epoch-1/BundleSheaf_roman_empire_fold1_seed43.pt
Saved per-node accuracy to /home/fguadagn/FMG_Master_Thesis/neural-sheaf-diffusion-modified/results/node_accuracy/roman_empire/BundleSheaf/normalised-false/stalk_dim-5/5-layers/16-hidden/500-epochs/checkpoints/epoch-1/BundleSheaf_roman_empire_fold1_seed43.pt
Saved saliency to /home/fguadagn/FMG_Master_Thesis/neural-sheaf-diffusion-modified/results/node_saliency/roman_empire/BundleSheaf/normalised-false/stalk_dim-5/5-layers/16-hidden/500-epochs/checkpoints/epoch-1/BundleSheaf_roman_empire_fold1_seed43.pt
Saved node norms to /home/fguadagn/FMG_Master_Thesis/neural-sheaf-diffusion-modified/results/node_norms/roman_empire/BundleSheaf/normalised-false/stalk_dim-5/5-layers/16-hidden/500-epochs/checkpoints/epoch-5/BundleSheaf_roman_empire_fold1_seed43.pt
Saved confidence to /home/fguadagn/FMG_Master_Thesis/neural-sheaf-diffusion-modified/results/node_conf/roman_empire/BundleSheaf/normalised-false/stalk_dim-5/5-layers/16-hidden/500-epochs/checkpoints/epoch-5/BundleSheaf_roman_empire_fold1_seed43.pt
Saved per-node accuracy to /home/fguadagn/FMG_Master_Thesis/neural-sheaf-diffusion-modified/results/node_accuracy/roman_empire/BundleSheaf/normalised-false/stalk_dim-5/5-layers/16-hidden/500-epochs/checkpoints/epoch-5/BundleSheaf_roman_empire_fold1_seed43.pt
Saved saliency to /home/fguadagn/FMG_Master_Thesis/neural-sheaf-diffusion-modified/results/node_saliency/roman_empire/BundleSheaf/normalised-false/stalk_dim-5/5-layers/16-hidden/500-epochs/checkpoints/epoch-5/BundleSheaf_roman_empire_fold1_seed43.pt
Saved node norms to /home/fguadagn/FMG_Master_Thesis/neural-sheaf-diffusion-modified/results/node_norms/roman_empire/BundleSheaf/normalised-false/stalk_dim-5/5-layers/16-hidden/500-epochs/checkpoints/epoch-15/BundleSheaf_roman_empire_fold1_seed43.pt
Saved confidence to /home/fguadagn/FMG_Master_Thesis/neural-sheaf-diffusion-modified/results/node_conf/roman_empire/BundleSheaf/normalised-false/stalk_dim-5/5-layers/16-hidden/500-epochs/checkpoints/epoch-15/BundleSheaf_roman_empire_fold1_seed43.pt
Saved per-node accuracy to /home/fguadagn/FMG_Master_Thesis/neural-sheaf-diffusion-modified/results/node_accuracy/roman_empire/BundleSheaf/normalised-false/stalk_dim-5/5-layers/16-hidden/500-epochs/checkpoints/epoch-15/BundleSheaf_roman_empire_fold1_seed43.pt
Saved saliency to /home/fguadagn/FMG_Master_Thesis/neural-sheaf-diffusion-modified/results/node_saliency/roman_empire/BundleSheaf/normalised-false/stalk_dim-5/5-layers/16-hidden/500-epochs/checkpoints/epoch-15/BundleSheaf_roman_empire_fold1_seed43.pt
Saved node norms to /home/fguadagn/FMG_Master_Thesis/neural-sheaf-diffusion-modified/results/node_norms/roman_empire/BundleSheaf/normalised-false/stalk_dim-5/5-layers/16-hidden/500-epochs/checkpoints/epoch-50/BundleSheaf_roman_empire_fold1_seed43.pt
Saved confidence to /home/fguadagn/FMG_Master_Thesis/neural-sheaf-diffusion-modified/results/node_conf/roman_empire/BundleSheaf/normalised-false/stalk_dim-5/5-layers/16-hidden/500-epochs/checkpoints/epoch-50/BundleSheaf_roman_empire_fold1_seed43.pt
Saved per-node accuracy to /home/fguadagn/FMG_Master_Thesis/neural-sheaf-diffusion-modified/results/node_accuracy/roman_empire/BundleSheaf/normalised-false/stalk_dim-5/5-layers/16-hidden/500-epochs/checkpoints/epoch-50/BundleSheaf_roman_empire_fold1_seed43.pt
Saved saliency to /home/fguadagn/FMG_Master_Thesis/neural-sheaf-diffusion-modified/results/node_saliency/roman_empire/BundleSheaf/normalised-false/stalk_dim-5/5-layers/16-hidden/500-epochs/checkpoints/epoch-50/BundleSheaf_roman_empire_fold1_seed43.pt
Saved node norms to /home/fguadagn/FMG_Master_Thesis/neural-sheaf-diffusion-modified/results/node_norms/roman_empire/BundleSheaf/normalised-false/stalk_dim-5/5-layers/16-hidden/500-epochs/checkpoints/epoch-200/BundleSheaf_roman_empire_fold1_seed43.pt
Saved confidence to /home/fguadagn/FMG_Master_Thesis/neural-sheaf-diffusion-modified/results/node_conf/roman_empire/BundleSheaf/normalised-false/stalk_dim-5/5-layers/16-hidden/500-epochs/checkpoints/epoch-200/BundleSheaf_roman_empire_fold1_seed43.pt
Saved per-node accuracy to /home/fguadagn/FMG_Master_Thesis/neural-sheaf-diffusion-modified/results/node_accuracy/roman_empire/BundleSheaf/normalised-false/stalk_dim-5/5-layers/16-hidden/500-epochs/checkpoints/epoch-200/BundleSheaf_roman_empire_fold1_seed43.pt
Saved saliency to /home/fguadagn/FMG_Master_Thesis/neural-sheaf-diffusion-modified/results/node_saliency/roman_empire/BundleSheaf/normalised-false/stalk_dim-5/5-layers/16-hidden/500-epochs/checkpoints/epoch-200/BundleSheaf_roman_empire_fold1_seed43.pt
Fold 1 | Epochs: 499 | Best epoch: 499
Test acc (best epoch): 0.5052
Test acc (last epoch): 0.5052
Best val acc: 0.5216
Laplacian 0: Max: 0.9989, Min: -1.0000, Avg: -0.1346, Abs avg: 0.3598
Laplacian 1: Max: 0.9996, Min: -1.0000, Avg: -0.0475, Abs avg: 0.3725
Laplacian 2: Max: 0.9997, Min: -1.0000, Avg: -0.0895, Abs avg: 0.3680
Laplacian 3: Max: 1.0000, Min: -1.0000, Avg: -0.0691, Abs avg: 0.3364
Laplacian 4: Max: 0.9998, Min: -1.0000, Avg: -0.1205, Abs avg: 0.3559
Epsilons 0: [ 0.371 -0.105 -0.058  0.3    0.159]
Epsilons 1: [ 0.296 -0.016  0.11   0.225  0.038]
Epsilons 2: [ 0.169  0.076 -0.078  0.328 -0.038]
Epsilons 3: [ 0.086 -0.138 -0.12   0.063 -0.072]
Epsilons 4: [-0.252 -0.268 -0.326 -0.129 -0.262]
Saved node norms to /home/fguadagn/FMG_Master_Thesis/neural-sheaf-diffusion-modified/results/node_norms/roman_empire/BundleSheaf/normalised-false/stalk_dim-5/5-layers/16-hidden/500-epochs/checkpoints/best-epoch/BundleSheaf_roman_empire_fold1_seed43.pt
Saved best-epoch node norms (epoch 499) to checkpoints/best-epoch/
Saved confidence to /home/fguadagn/FMG_Master_Thesis/neural-sheaf-diffusion-modified/results/node_conf/roman_empire/BundleSheaf/normalised-false/stalk_dim-5/5-layers/16-hidden/500-epochs/checkpoints/best-epoch/BundleSheaf_roman_empire_fold1_seed43.pt
Saved per-node accuracy to /home/fguadagn/FMG_Master_Thesis/neural-sheaf-diffusion-modified/results/node_accuracy/roman_empire/BundleSheaf/normalised-false/stalk_dim-5/5-layers/16-hidden/500-epochs/checkpoints/best-epoch/BundleSheaf_roman_empire_fold1_seed43.pt
Saved saliency to /home/fguadagn/FMG_Master_Thesis/neural-sheaf-diffusion-modified/results/node_saliency/roman_empire/BundleSheaf/normalised-false/stalk_dim-5/5-layers/16-hidden/500-epochs/checkpoints/best-epoch/BundleSheaf_roman_empire_fold1_seed43.pt
Saved model weights to /home/fguadagn/FMG_Master_Thesis/neural-sheaf-diffusion-modified/results/model_weights/roman_empire/BundleSheaf/normalised-false/stalk_dim-5/5-layers/16-hidden/500-epochs/checkpoints/best-epoch/BundleSheaf_roman_empire_fold1_seed43.pth
Saved fold masks to /home/fguadagn/FMG_Master_Thesis/neural-sheaf-diffusion-modified/results/model_weights/roman_empire/BundleSheaf/normalised-false/stalk_dim-5/5-layers/16-hidden/500-epochs/checkpoints/best-epoch/BundleSheaf_roman_empire_fold1_seed43_masks.pt
Saved best-epoch model weights and masks (epoch 499) to checkpoints/best-epoch/
Updated best_epochs.json: fold_1 -> epoch 499
Saved node norms to /home/fguadagn/FMG_Master_Thesis/neural-sheaf-diffusion-modified/results/node_norms/roman_empire/BundleSheaf/normalised-false/stalk_dim-5/5-layers/16-hidden/500-epochs/BundleSheaf_roman_empire_fold1_seed43.pt
Saved node predictions to /home/fguadagn/FMG_Master_Thesis/neural-sheaf-diffusion-modified/results/node_preds/roman_empire/BundleSheaf/normalised-false/stalk_dim-5/5-layers/16-hidden/500-epochs/BundleSheaf_roman_empire_fold1_seed43.pt
Saved confidence to /home/fguadagn/FMG_Master_Thesis/neural-sheaf-diffusion-modified/results/node_conf/roman_empire/BundleSheaf/normalised-false/stalk_dim-5/5-layers/16-hidden/500-epochs/BundleSheaf_roman_empire_fold1_seed43.pt
Saved per-node accuracy to /home/fguadagn/FMG_Master_Thesis/neural-sheaf-diffusion-modified/results/node_accuracy/roman_empire/BundleSheaf/normalised-false/stalk_dim-5/5-layers/16-hidden/500-epochs/BundleSheaf_roman_empire_fold1_seed43.pt
Saved saliency to /home/fguadagn/FMG_Master_Thesis/neural-sheaf-diffusion-modified/results/node_saliency/roman_empire/BundleSheaf/normalised-false/stalk_dim-5/5-layers/16-hidden/500-epochs/BundleSheaf_roman_empire_fold1_seed43.pt
Saved node norms to /home/fguadagn/FMG_Master_Thesis/neural-sheaf-diffusion-modified/results/node_norms/roman_empire/BundleSheaf/normalised-false/stalk_dim-5/5-layers/16-hidden/500-epochs/checkpoints/epoch-0/BundleSheaf_roman_empire_fold2_seed43.pt
Saved confidence to /home/fguadagn/FMG_Master_Thesis/neural-sheaf-diffusion-modified/results/node_conf/roman_empire/BundleSheaf/normalised-false/stalk_dim-5/5-layers/16-hidden/500-epochs/checkpoints/epoch-0/BundleSheaf_roman_empire_fold2_seed43.pt
Saved per-node accuracy to /home/fguadagn/FMG_Master_Thesis/neural-sheaf-diffusion-modified/results/node_accuracy/roman_empire/BundleSheaf/normalised-false/stalk_dim-5/5-layers/16-hidden/500-epochs/checkpoints/epoch-0/BundleSheaf_roman_empire_fold2_seed43.pt
Saved saliency to /home/fguadagn/FMG_Master_Thesis/neural-sheaf-diffusion-modified/results/node_saliency/roman_empire/BundleSheaf/normalised-false/stalk_dim-5/5-layers/16-hidden/500-epochs/checkpoints/epoch-0/BundleSheaf_roman_empire_fold2_seed43.pt
Saved node norms to /home/fguadagn/FMG_Master_Thesis/neural-sheaf-diffusion-modified/results/node_norms/roman_empire/BundleSheaf/normalised-false/stalk_dim-5/5-layers/16-hidden/500-epochs/checkpoints/epoch-1/BundleSheaf_roman_empire_fold2_seed43.pt
Saved confidence to /home/fguadagn/FMG_Master_Thesis/neural-sheaf-diffusion-modified/results/node_conf/roman_empire/BundleSheaf/normalised-false/stalk_dim-5/5-layers/16-hidden/500-epochs/checkpoints/epoch-1/BundleSheaf_roman_empire_fold2_seed43.pt
Saved per-node accuracy to /home/fguadagn/FMG_Master_Thesis/neural-sheaf-diffusion-modified/results/node_accuracy/roman_empire/BundleSheaf/normalised-false/stalk_dim-5/5-layers/16-hidden/500-epochs/checkpoints/epoch-1/BundleSheaf_roman_empire_fold2_seed43.pt
Saved saliency to /home/fguadagn/FMG_Master_Thesis/neural-sheaf-diffusion-modified/results/node_saliency/roman_empire/BundleSheaf/normalised-false/stalk_dim-5/5-layers/16-hidden/500-epochs/checkpoints/epoch-1/BundleSheaf_roman_empire_fold2_seed43.pt
Saved node norms to /home/fguadagn/FMG_Master_Thesis/neural-sheaf-diffusion-modified/results/node_norms/roman_empire/BundleSheaf/normalised-false/stalk_dim-5/5-layers/16-hidden/500-epochs/checkpoints/epoch-5/BundleSheaf_roman_empire_fold2_seed43.pt
Saved confidence to /home/fguadagn/FMG_Master_Thesis/neural-sheaf-diffusion-modified/results/node_conf/roman_empire/BundleSheaf/normalised-false/stalk_dim-5/5-layers/16-hidden/500-epochs/checkpoints/epoch-5/BundleSheaf_roman_empire_fold2_seed43.pt
Saved per-node accuracy to /home/fguadagn/FMG_Master_Thesis/neural-sheaf-diffusion-modified/results/node_accuracy/roman_empire/BundleSheaf/normalised-false/stalk_dim-5/5-layers/16-hidden/500-epochs/checkpoints/epoch-5/BundleSheaf_roman_empire_fold2_seed43.pt
Saved saliency to /home/fguadagn/FMG_Master_Thesis/neural-sheaf-diffusion-modified/results/node_saliency/roman_empire/BundleSheaf/normalised-false/stalk_dim-5/5-layers/16-hidden/500-epochs/checkpoints/epoch-5/BundleSheaf_roman_empire_fold2_seed43.pt
Saved node norms to /home/fguadagn/FMG_Master_Thesis/neural-sheaf-diffusion-modified/results/node_norms/roman_empire/BundleSheaf/normalised-false/stalk_dim-5/5-layers/16-hidden/500-epochs/checkpoints/epoch-15/BundleSheaf_roman_empire_fold2_seed43.pt
Saved confidence to /home/fguadagn/FMG_Master_Thesis/neural-sheaf-diffusion-modified/results/node_conf/roman_empire/BundleSheaf/normalised-false/stalk_dim-5/5-layers/16-hidden/500-epochs/checkpoints/epoch-15/BundleSheaf_roman_empire_fold2_seed43.pt
Saved per-node accuracy to /home/fguadagn/FMG_Master_Thesis/neural-sheaf-diffusion-modified/results/node_accuracy/roman_empire/BundleSheaf/normalised-false/stalk_dim-5/5-layers/16-hidden/500-epochs/checkpoints/epoch-15/BundleSheaf_roman_empire_fold2_seed43.pt
Saved saliency to /home/fguadagn/FMG_Master_Thesis/neural-sheaf-diffusion-modified/results/node_saliency/roman_empire/BundleSheaf/normalised-false/stalk_dim-5/5-layers/16-hidden/500-epochs/checkpoints/epoch-15/BundleSheaf_roman_empire_fold2_seed43.pt
Saved node norms to /home/fguadagn/FMG_Master_Thesis/neural-sheaf-diffusion-modified/results/node_norms/roman_empire/BundleSheaf/normalised-false/stalk_dim-5/5-layers/16-hidden/500-epochs/checkpoints/epoch-50/BundleSheaf_roman_empire_fold2_seed43.pt
Saved confidence to /home/fguadagn/FMG_Master_Thesis/neural-sheaf-diffusion-modified/results/node_conf/roman_empire/BundleSheaf/normalised-false/stalk_dim-5/5-layers/16-hidden/500-epochs/checkpoints/epoch-50/BundleSheaf_roman_empire_fold2_seed43.pt
Saved per-node accuracy to /home/fguadagn/FMG_Master_Thesis/neural-sheaf-diffusion-modified/results/node_accuracy/roman_empire/BundleSheaf/normalised-false/stalk_dim-5/5-layers/16-hidden/500-epochs/checkpoints/epoch-50/BundleSheaf_roman_empire_fold2_seed43.pt
Saved saliency to /home/fguadagn/FMG_Master_Thesis/neural-sheaf-diffusion-modified/results/node_saliency/roman_empire/BundleSheaf/normalised-false/stalk_dim-5/5-layers/16-hidden/500-epochs/checkpoints/epoch-50/BundleSheaf_roman_empire_fold2_seed43.pt
Saved node norms to /home/fguadagn/FMG_Master_Thesis/neural-sheaf-diffusion-modified/results/node_norms/roman_empire/BundleSheaf/normalised-false/stalk_dim-5/5-layers/16-hidden/500-epochs/checkpoints/epoch-200/BundleSheaf_roman_empire_fold2_seed43.pt
Saved confidence to /home/fguadagn/FMG_Master_Thesis/neural-sheaf-diffusion-modified/results/node_conf/roman_empire/BundleSheaf/normalised-false/stalk_dim-5/5-layers/16-hidden/500-epochs/checkpoints/epoch-200/BundleSheaf_roman_empire_fold2_seed43.pt
Saved per-node accuracy to /home/fguadagn/FMG_Master_Thesis/neural-sheaf-diffusion-modified/results/node_accuracy/roman_empire/BundleSheaf/normalised-false/stalk_dim-5/5-layers/16-hidden/500-epochs/checkpoints/epoch-200/BundleSheaf_roman_empire_fold2_seed43.pt
Saved saliency to /home/fguadagn/FMG_Master_Thesis/neural-sheaf-diffusion-modified/results/node_saliency/roman_empire/BundleSheaf/normalised-false/stalk_dim-5/5-layers/16-hidden/500-epochs/checkpoints/epoch-200/BundleSheaf_roman_empire_fold2_seed43.pt
Fold 2 | Epochs: 499 | Best epoch: 498
Test acc (best epoch): 0.4986
Test acc (last epoch): 0.4988
Best val acc: 0.4945
Laplacian 0: Max: 0.9928, Min: -1.0000, Avg: -0.1081, Abs avg: 0.3607
Laplacian 1: Max: 0.9982, Min: -0.9987, Avg: -0.0689, Abs avg: 0.3759
Laplacian 2: Max: 0.9970, Min: -1.0000, Avg: -0.0998, Abs avg: 0.3732
Laplacian 3: Max: 0.9997, Min: -1.0000, Avg: -0.0614, Abs avg: 0.3796
Laplacian 4: Max: 0.9930, Min: -1.0000, Avg: -0.0551, Abs avg: 0.2732
Epsilons 0: [ 0.252  0.076  0.077 -0.108  0.142]
Epsilons 1: [ 0.21   0.106  0.093 -0.049  0.152]
Epsilons 2: [ 0.056  0.016  0.01  -0.094  0.104]
Epsilons 3: [ 0.075  0.146 -0.022 -0.097  0.1  ]
Epsilons 4: [-0.291 -0.192 -0.171 -0.178 -0.111]
Saved node norms to /home/fguadagn/FMG_Master_Thesis/neural-sheaf-diffusion-modified/results/node_norms/roman_empire/BundleSheaf/normalised-false/stalk_dim-5/5-layers/16-hidden/500-epochs/checkpoints/best-epoch/BundleSheaf_roman_empire_fold2_seed43.pt
Saved best-epoch node norms (epoch 498) to checkpoints/best-epoch/
Saved confidence to /home/fguadagn/FMG_Master_Thesis/neural-sheaf-diffusion-modified/results/node_conf/roman_empire/BundleSheaf/normalised-false/stalk_dim-5/5-layers/16-hidden/500-epochs/checkpoints/best-epoch/BundleSheaf_roman_empire_fold2_seed43.pt
Saved per-node accuracy to /home/fguadagn/FMG_Master_Thesis/neural-sheaf-diffusion-modified/results/node_accuracy/roman_empire/BundleSheaf/normalised-false/stalk_dim-5/5-layers/16-hidden/500-epochs/checkpoints/best-epoch/BundleSheaf_roman_empire_fold2_seed43.pt
Saved saliency to /home/fguadagn/FMG_Master_Thesis/neural-sheaf-diffusion-modified/results/node_saliency/roman_empire/BundleSheaf/normalised-false/stalk_dim-5/5-layers/16-hidden/500-epochs/checkpoints/best-epoch/BundleSheaf_roman_empire_fold2_seed43.pt
Saved model weights to /home/fguadagn/FMG_Master_Thesis/neural-sheaf-diffusion-modified/results/model_weights/roman_empire/BundleSheaf/normalised-false/stalk_dim-5/5-layers/16-hidden/500-epochs/checkpoints/best-epoch/BundleSheaf_roman_empire_fold2_seed43.pth
Saved fold masks to /home/fguadagn/FMG_Master_Thesis/neural-sheaf-diffusion-modified/results/model_weights/roman_empire/BundleSheaf/normalised-false/stalk_dim-5/5-layers/16-hidden/500-epochs/checkpoints/best-epoch/BundleSheaf_roman_empire_fold2_seed43_masks.pt
Saved best-epoch model weights and masks (epoch 498) to checkpoints/best-epoch/
Updated best_epochs.json: fold_2 -> epoch 498
Saved node norms to /home/fguadagn/FMG_Master_Thesis/neural-sheaf-diffusion-modified/results/node_norms/roman_empire/BundleSheaf/normalised-false/stalk_dim-5/5-layers/16-hidden/500-epochs/BundleSheaf_roman_empire_fold2_seed43.pt
Saved node predictions to /home/fguadagn/FMG_Master_Thesis/neural-sheaf-diffusion-modified/results/node_preds/roman_empire/BundleSheaf/normalised-false/stalk_dim-5/5-layers/16-hidden/500-epochs/BundleSheaf_roman_empire_fold2_seed43.pt
Saved confidence to /home/fguadagn/FMG_Master_Thesis/neural-sheaf-diffusion-modified/results/node_conf/roman_empire/BundleSheaf/normalised-false/stalk_dim-5/5-layers/16-hidden/500-epochs/BundleSheaf_roman_empire_fold2_seed43.pt
Saved per-node accuracy to /home/fguadagn/FMG_Master_Thesis/neural-sheaf-diffusion-modified/results/node_accuracy/roman_empire/BundleSheaf/normalised-false/stalk_dim-5/5-layers/16-hidden/500-epochs/BundleSheaf_roman_empire_fold2_seed43.pt
Saved saliency to /home/fguadagn/FMG_Master_Thesis/neural-sheaf-diffusion-modified/results/node_saliency/roman_empire/BundleSheaf/normalised-false/stalk_dim-5/5-layers/16-hidden/500-epochs/BundleSheaf_roman_empire_fold2_seed43.pt
Saved node norms to /home/fguadagn/FMG_Master_Thesis/neural-sheaf-diffusion-modified/results/node_norms/roman_empire/BundleSheaf/normalised-false/stalk_dim-5/5-layers/16-hidden/500-epochs/checkpoints/epoch-0/BundleSheaf_roman_empire_fold3_seed43.pt
Saved confidence to /home/fguadagn/FMG_Master_Thesis/neural-sheaf-diffusion-modified/results/node_conf/roman_empire/BundleSheaf/normalised-false/stalk_dim-5/5-layers/16-hidden/500-epochs/checkpoints/epoch-0/BundleSheaf_roman_empire_fold3_seed43.pt
Saved per-node accuracy to /home/fguadagn/FMG_Master_Thesis/neural-sheaf-diffusion-modified/results/node_accuracy/roman_empire/BundleSheaf/normalised-false/stalk_dim-5/5-layers/16-hidden/500-epochs/checkpoints/epoch-0/BundleSheaf_roman_empire_fold3_seed43.pt
Saved saliency to /home/fguadagn/FMG_Master_Thesis/neural-sheaf-diffusion-modified/results/node_saliency/roman_empire/BundleSheaf/normalised-false/stalk_dim-5/5-layers/16-hidden/500-epochs/checkpoints/epoch-0/BundleSheaf_roman_empire_fold3_seed43.pt
Saved node norms to /home/fguadagn/FMG_Master_Thesis/neural-sheaf-diffusion-modified/results/node_norms/roman_empire/BundleSheaf/normalised-false/stalk_dim-5/5-layers/16-hidden/500-epochs/checkpoints/epoch-1/BundleSheaf_roman_empire_fold3_seed43.pt
Saved confidence to /home/fguadagn/FMG_Master_Thesis/neural-sheaf-diffusion-modified/results/node_conf/roman_empire/BundleSheaf/normalised-false/stalk_dim-5/5-layers/16-hidden/500-epochs/checkpoints/epoch-1/BundleSheaf_roman_empire_fold3_seed43.pt
Saved per-node accuracy to /home/fguadagn/FMG_Master_Thesis/neural-sheaf-diffusion-modified/results/node_accuracy/roman_empire/BundleSheaf/normalised-false/stalk_dim-5/5-layers/16-hidden/500-epochs/checkpoints/epoch-1/BundleSheaf_roman_empire_fold3_seed43.pt
Saved saliency to /home/fguadagn/FMG_Master_Thesis/neural-sheaf-diffusion-modified/results/node_saliency/roman_empire/BundleSheaf/normalised-false/stalk_dim-5/5-layers/16-hidden/500-epochs/checkpoints/epoch-1/BundleSheaf_roman_empire_fold3_seed43.pt
Saved node norms to /home/fguadagn/FMG_Master_Thesis/neural-sheaf-diffusion-modified/results/node_norms/roman_empire/BundleSheaf/normalised-false/stalk_dim-5/5-layers/16-hidden/500-epochs/checkpoints/epoch-5/BundleSheaf_roman_empire_fold3_seed43.pt
Saved confidence to /home/fguadagn/FMG_Master_Thesis/neural-sheaf-diffusion-modified/results/node_conf/roman_empire/BundleSheaf/normalised-false/stalk_dim-5/5-layers/16-hidden/500-epochs/checkpoints/epoch-5/BundleSheaf_roman_empire_fold3_seed43.pt
Saved per-node accuracy to /home/fguadagn/FMG_Master_Thesis/neural-sheaf-diffusion-modified/results/node_accuracy/roman_empire/BundleSheaf/normalised-false/stalk_dim-5/5-layers/16-hidden/500-epochs/checkpoints/epoch-5/BundleSheaf_roman_empire_fold3_seed43.pt
Saved saliency to /home/fguadagn/FMG_Master_Thesis/neural-sheaf-diffusion-modified/results/node_saliency/roman_empire/BundleSheaf/normalised-false/stalk_dim-5/5-layers/16-hidden/500-epochs/checkpoints/epoch-5/BundleSheaf_roman_empire_fold3_seed43.pt
Saved node norms to /home/fguadagn/FMG_Master_Thesis/neural-sheaf-diffusion-modified/results/node_norms/roman_empire/BundleSheaf/normalised-false/stalk_dim-5/5-layers/16-hidden/500-epochs/checkpoints/epoch-15/BundleSheaf_roman_empire_fold3_seed43.pt
Saved confidence to /home/fguadagn/FMG_Master_Thesis/neural-sheaf-diffusion-modified/results/node_conf/roman_empire/BundleSheaf/normalised-false/stalk_dim-5/5-layers/16-hidden/500-epochs/checkpoints/epoch-15/BundleSheaf_roman_empire_fold3_seed43.pt
Saved per-node accuracy to /home/fguadagn/FMG_Master_Thesis/neural-sheaf-diffusion-modified/results/node_accuracy/roman_empire/BundleSheaf/normalised-false/stalk_dim-5/5-layers/16-hidden/500-epochs/checkpoints/epoch-15/BundleSheaf_roman_empire_fold3_seed43.pt
Saved saliency to /home/fguadagn/FMG_Master_Thesis/neural-sheaf-diffusion-modified/results/node_saliency/roman_empire/BundleSheaf/normalised-false/stalk_dim-5/5-layers/16-hidden/500-epochs/checkpoints/epoch-15/BundleSheaf_roman_empire_fold3_seed43.pt
Saved node norms to /home/fguadagn/FMG_Master_Thesis/neural-sheaf-diffusion-modified/results/node_norms/roman_empire/BundleSheaf/normalised-false/stalk_dim-5/5-layers/16-hidden/500-epochs/checkpoints/epoch-50/BundleSheaf_roman_empire_fold3_seed43.pt
Saved confidence to /home/fguadagn/FMG_Master_Thesis/neural-sheaf-diffusion-modified/results/node_conf/roman_empire/BundleSheaf/normalised-false/stalk_dim-5/5-layers/16-hidden/500-epochs/checkpoints/epoch-50/BundleSheaf_roman_empire_fold3_seed43.pt
Saved per-node accuracy to /home/fguadagn/FMG_Master_Thesis/neural-sheaf-diffusion-modified/results/node_accuracy/roman_empire/BundleSheaf/normalised-false/stalk_dim-5/5-layers/16-hidden/500-epochs/checkpoints/epoch-50/BundleSheaf_roman_empire_fold3_seed43.pt
Saved saliency to /home/fguadagn/FMG_Master_Thesis/neural-sheaf-diffusion-modified/results/node_saliency/roman_empire/BundleSheaf/normalised-false/stalk_dim-5/5-layers/16-hidden/500-epochs/checkpoints/epoch-50/BundleSheaf_roman_empire_fold3_seed43.pt
Saved node norms to /home/fguadagn/FMG_Master_Thesis/neural-sheaf-diffusion-modified/results/node_norms/roman_empire/BundleSheaf/normalised-false/stalk_dim-5/5-layers/16-hidden/500-epochs/checkpoints/epoch-200/BundleSheaf_roman_empire_fold3_seed43.pt
Saved confidence to /home/fguadagn/FMG_Master_Thesis/neural-sheaf-diffusion-modified/results/node_conf/roman_empire/BundleSheaf/normalised-false/stalk_dim-5/5-layers/16-hidden/500-epochs/checkpoints/epoch-200/BundleSheaf_roman_empire_fold3_seed43.pt
Saved per-node accuracy to /home/fguadagn/FMG_Master_Thesis/neural-sheaf-diffusion-modified/results/node_accuracy/roman_empire/BundleSheaf/normalised-false/stalk_dim-5/5-layers/16-hidden/500-epochs/checkpoints/epoch-200/BundleSheaf_roman_empire_fold3_seed43.pt
Saved saliency to /home/fguadagn/FMG_Master_Thesis/neural-sheaf-diffusion-modified/results/node_saliency/roman_empire/BundleSheaf/normalised-false/stalk_dim-5/5-layers/16-hidden/500-epochs/checkpoints/epoch-200/BundleSheaf_roman_empire_fold3_seed43.pt
Fold 3 | Epochs: 499 | Best epoch: 497
Test acc (best epoch): 0.5469
Test acc (last epoch): 0.5491
Best val acc: 0.5353
Laplacian 0: Max: 0.9936, Min: -1.0000, Avg: -0.1134, Abs avg: 0.3582
Laplacian 1: Max: 0.9987, Min: -0.9999, Avg: -0.0084, Abs avg: 0.3676
Laplacian 2: Max: 0.9991, Min: -1.0000, Avg: 0.0085, Abs avg: 0.3730
Laplacian 3: Max: 0.9999, Min: -1.0000, Avg: 0.0079, Abs avg: 0.3729
Laplacian 4: Max: 1.0000, Min: -1.0000, Avg: -0.0716, Abs avg: 0.3182
Epsilons 0: [-0.005  0.341 -0.119  0.185 -0.056]
Epsilons 1: [-0.002  0.469 -0.039  0.119  0.096]
Epsilons 2: [ 0.061  0.329 -0.057  0.037  0.127]
Epsilons 3: [-0.086  0.169 -0.176 -0.063 -0.092]
Epsilons 4: [-0.227  0.068 -0.27  -0.106 -0.121]
Saved node norms to /home/fguadagn/FMG_Master_Thesis/neural-sheaf-diffusion-modified/results/node_norms/roman_empire/BundleSheaf/normalised-false/stalk_dim-5/5-layers/16-hidden/500-epochs/checkpoints/best-epoch/BundleSheaf_roman_empire_fold3_seed43.pt
Saved best-epoch node norms (epoch 497) to checkpoints/best-epoch/
Saved confidence to /home/fguadagn/FMG_Master_Thesis/neural-sheaf-diffusion-modified/results/node_conf/roman_empire/BundleSheaf/normalised-false/stalk_dim-5/5-layers/16-hidden/500-epochs/checkpoints/best-epoch/BundleSheaf_roman_empire_fold3_seed43.pt
Saved per-node accuracy to /home/fguadagn/FMG_Master_Thesis/neural-sheaf-diffusion-modified/results/node_accuracy/roman_empire/BundleSheaf/normalised-false/stalk_dim-5/5-layers/16-hidden/500-epochs/checkpoints/best-epoch/BundleSheaf_roman_empire_fold3_seed43.pt
Saved saliency to /home/fguadagn/FMG_Master_Thesis/neural-sheaf-diffusion-modified/results/node_saliency/roman_empire/BundleSheaf/normalised-false/stalk_dim-5/5-layers/16-hidden/500-epochs/checkpoints/best-epoch/BundleSheaf_roman_empire_fold3_seed43.pt
Saved model weights to /home/fguadagn/FMG_Master_Thesis/neural-sheaf-diffusion-modified/results/model_weights/roman_empire/BundleSheaf/normalised-false/stalk_dim-5/5-layers/16-hidden/500-epochs/checkpoints/best-epoch/BundleSheaf_roman_empire_fold3_seed43.pth
Saved fold masks to /home/fguadagn/FMG_Master_Thesis/neural-sheaf-diffusion-modified/results/model_weights/roman_empire/BundleSheaf/normalised-false/stalk_dim-5/5-layers/16-hidden/500-epochs/checkpoints/best-epoch/BundleSheaf_roman_empire_fold3_seed43_masks.pt
Saved best-epoch model weights and masks (epoch 497) to checkpoints/best-epoch/
Updated best_epochs.json: fold_3 -> epoch 497
Saved node norms to /home/fguadagn/FMG_Master_Thesis/neural-sheaf-diffusion-modified/results/node_norms/roman_empire/BundleSheaf/normalised-false/stalk_dim-5/5-layers/16-hidden/500-epochs/BundleSheaf_roman_empire_fold3_seed43.pt
Saved node predictions to /home/fguadagn/FMG_Master_Thesis/neural-sheaf-diffusion-modified/results/node_preds/roman_empire/BundleSheaf/normalised-false/stalk_dim-5/5-layers/16-hidden/500-epochs/BundleSheaf_roman_empire_fold3_seed43.pt
Saved confidence to /home/fguadagn/FMG_Master_Thesis/neural-sheaf-diffusion-modified/results/node_conf/roman_empire/BundleSheaf/normalised-false/stalk_dim-5/5-layers/16-hidden/500-epochs/BundleSheaf_roman_empire_fold3_seed43.pt
Saved per-node accuracy to /home/fguadagn/FMG_Master_Thesis/neural-sheaf-diffusion-modified/results/node_accuracy/roman_empire/BundleSheaf/normalised-false/stalk_dim-5/5-layers/16-hidden/500-epochs/BundleSheaf_roman_empire_fold3_seed43.pt
Saved saliency to /home/fguadagn/FMG_Master_Thesis/neural-sheaf-diffusion-modified/results/node_saliency/roman_empire/BundleSheaf/normalised-false/stalk_dim-5/5-layers/16-hidden/500-epochs/BundleSheaf_roman_empire_fold3_seed43.pt
Saved node norms to /home/fguadagn/FMG_Master_Thesis/neural-sheaf-diffusion-modified/results/node_norms/roman_empire/BundleSheaf/normalised-false/stalk_dim-5/5-layers/16-hidden/500-epochs/checkpoints/epoch-0/BundleSheaf_roman_empire_fold4_seed43.pt
Saved confidence to /home/fguadagn/FMG_Master_Thesis/neural-sheaf-diffusion-modified/results/node_conf/roman_empire/BundleSheaf/normalised-false/stalk_dim-5/5-layers/16-hidden/500-epochs/checkpoints/epoch-0/BundleSheaf_roman_empire_fold4_seed43.pt
Saved per-node accuracy to /home/fguadagn/FMG_Master_Thesis/neural-sheaf-diffusion-modified/results/node_accuracy/roman_empire/BundleSheaf/normalised-false/stalk_dim-5/5-layers/16-hidden/500-epochs/checkpoints/epoch-0/BundleSheaf_roman_empire_fold4_seed43.pt
Saved saliency to /home/fguadagn/FMG_Master_Thesis/neural-sheaf-diffusion-modified/results/node_saliency/roman_empire/BundleSheaf/normalised-false/stalk_dim-5/5-layers/16-hidden/500-epochs/checkpoints/epoch-0/BundleSheaf_roman_empire_fold4_seed43.pt
Saved node norms to /home/fguadagn/FMG_Master_Thesis/neural-sheaf-diffusion-modified/results/node_norms/roman_empire/BundleSheaf/normalised-false/stalk_dim-5/5-layers/16-hidden/500-epochs/checkpoints/epoch-1/BundleSheaf_roman_empire_fold4_seed43.pt
Saved confidence to /home/fguadagn/FMG_Master_Thesis/neural-sheaf-diffusion-modified/results/node_conf/roman_empire/BundleSheaf/normalised-false/stalk_dim-5/5-layers/16-hidden/500-epochs/checkpoints/epoch-1/BundleSheaf_roman_empire_fold4_seed43.pt
Saved per-node accuracy to /home/fguadagn/FMG_Master_Thesis/neural-sheaf-diffusion-modified/results/node_accuracy/roman_empire/BundleSheaf/normalised-false/stalk_dim-5/5-layers/16-hidden/500-epochs/checkpoints/epoch-1/BundleSheaf_roman_empire_fold4_seed43.pt
Saved saliency to /home/fguadagn/FMG_Master_Thesis/neural-sheaf-diffusion-modified/results/node_saliency/roman_empire/BundleSheaf/normalised-false/stalk_dim-5/5-layers/16-hidden/500-epochs/checkpoints/epoch-1/BundleSheaf_roman_empire_fold4_seed43.pt
Saved node norms to /home/fguadagn/FMG_Master_Thesis/neural-sheaf-diffusion-modified/results/node_norms/roman_empire/BundleSheaf/normalised-false/stalk_dim-5/5-layers/16-hidden/500-epochs/checkpoints/epoch-5/BundleSheaf_roman_empire_fold4_seed43.pt
Saved confidence to /home/fguadagn/FMG_Master_Thesis/neural-sheaf-diffusion-modified/results/node_conf/roman_empire/BundleSheaf/normalised-false/stalk_dim-5/5-layers/16-hidden/500-epochs/checkpoints/epoch-5/BundleSheaf_roman_empire_fold4_seed43.pt
Saved per-node accuracy to /home/fguadagn/FMG_Master_Thesis/neural-sheaf-diffusion-modified/results/node_accuracy/roman_empire/BundleSheaf/normalised-false/stalk_dim-5/5-layers/16-hidden/500-epochs/checkpoints/epoch-5/BundleSheaf_roman_empire_fold4_seed43.pt
Saved saliency to /home/fguadagn/FMG_Master_Thesis/neural-sheaf-diffusion-modified/results/node_saliency/roman_empire/BundleSheaf/normalised-false/stalk_dim-5/5-layers/16-hidden/500-epochs/checkpoints/epoch-5/BundleSheaf_roman_empire_fold4_seed43.pt
Saved node norms to /home/fguadagn/FMG_Master_Thesis/neural-sheaf-diffusion-modified/results/node_norms/roman_empire/BundleSheaf/normalised-false/stalk_dim-5/5-layers/16-hidden/500-epochs/checkpoints/epoch-15/BundleSheaf_roman_empire_fold4_seed43.pt
Saved confidence to /home/fguadagn/FMG_Master_Thesis/neural-sheaf-diffusion-modified/results/node_conf/roman_empire/BundleSheaf/normalised-false/stalk_dim-5/5-layers/16-hidden/500-epochs/checkpoints/epoch-15/BundleSheaf_roman_empire_fold4_seed43.pt
Saved per-node accuracy to /home/fguadagn/FMG_Master_Thesis/neural-sheaf-diffusion-modified/results/node_accuracy/roman_empire/BundleSheaf/normalised-false/stalk_dim-5/5-layers/16-hidden/500-epochs/checkpoints/epoch-15/BundleSheaf_roman_empire_fold4_seed43.pt
Saved saliency to /home/fguadagn/FMG_Master_Thesis/neural-sheaf-diffusion-modified/results/node_saliency/roman_empire/BundleSheaf/normalised-false/stalk_dim-5/5-layers/16-hidden/500-epochs/checkpoints/epoch-15/BundleSheaf_roman_empire_fold4_seed43.pt
Saved node norms to /home/fguadagn/FMG_Master_Thesis/neural-sheaf-diffusion-modified/results/node_norms/roman_empire/BundleSheaf/normalised-false/stalk_dim-5/5-layers/16-hidden/500-epochs/checkpoints/epoch-50/BundleSheaf_roman_empire_fold4_seed43.pt
Saved confidence to /home/fguadagn/FMG_Master_Thesis/neural-sheaf-diffusion-modified/results/node_conf/roman_empire/BundleSheaf/normalised-false/stalk_dim-5/5-layers/16-hidden/500-epochs/checkpoints/epoch-50/BundleSheaf_roman_empire_fold4_seed43.pt
Saved per-node accuracy to /home/fguadagn/FMG_Master_Thesis/neural-sheaf-diffusion-modified/results/node_accuracy/roman_empire/BundleSheaf/normalised-false/stalk_dim-5/5-layers/16-hidden/500-epochs/checkpoints/epoch-50/BundleSheaf_roman_empire_fold4_seed43.pt
Saved saliency to /home/fguadagn/FMG_Master_Thesis/neural-sheaf-diffusion-modified/results/node_saliency/roman_empire/BundleSheaf/normalised-false/stalk_dim-5/5-layers/16-hidden/500-epochs/checkpoints/epoch-50/BundleSheaf_roman_empire_fold4_seed43.pt
Saved node norms to /home/fguadagn/FMG_Master_Thesis/neural-sheaf-diffusion-modified/results/node_norms/roman_empire/BundleSheaf/normalised-false/stalk_dim-5/5-layers/16-hidden/500-epochs/checkpoints/epoch-200/BundleSheaf_roman_empire_fold4_seed43.pt
Saved confidence to /home/fguadagn/FMG_Master_Thesis/neural-sheaf-diffusion-modified/results/node_conf/roman_empire/BundleSheaf/normalised-false/stalk_dim-5/5-layers/16-hidden/500-epochs/checkpoints/epoch-200/BundleSheaf_roman_empire_fold4_seed43.pt
Saved per-node accuracy to /home/fguadagn/FMG_Master_Thesis/neural-sheaf-diffusion-modified/results/node_accuracy/roman_empire/BundleSheaf/normalised-false/stalk_dim-5/5-layers/16-hidden/500-epochs/checkpoints/epoch-200/BundleSheaf_roman_empire_fold4_seed43.pt
Saved saliency to /home/fguadagn/FMG_Master_Thesis/neural-sheaf-diffusion-modified/results/node_saliency/roman_empire/BundleSheaf/normalised-false/stalk_dim-5/5-layers/16-hidden/500-epochs/checkpoints/epoch-200/BundleSheaf_roman_empire_fold4_seed43.pt
Fold 4 | Epochs: 499 | Best epoch: 499
Test acc (best epoch): 0.5182
Test acc (last epoch): 0.5182
Best val acc: 0.5055
Laplacian 0: Max: 0.9977, Min: -1.0000, Avg: -0.1209, Abs avg: 0.3534
Laplacian 1: Max: 0.9989, Min: -0.9985, Avg: 0.0101, Abs avg: 0.3744
Laplacian 2: Max: 0.9983, Min: -1.0000, Avg: -0.0068, Abs avg: 0.3677
Laplacian 3: Max: 0.9994, Min: -1.0000, Avg: -0.0565, Abs avg: 0.3738
Laplacian 4: Max: 1.0000, Min: -1.0000, Avg: 0.0222, Abs avg: 0.3636
Epsilons 0: [-0.03  -0.09   0.053 -0.071  0.025]
Epsilons 1: [ 0.322  0.285  0.108 -0.151  0.397]
Epsilons 2: [0.079 0.06  0.153 0.033 0.354]
Epsilons 3: [-0.045  0.059  0.049 -0.198  0.204]
Epsilons 4: [-0.285 -0.162 -0.147 -0.212 -0.07 ]
Saved node norms to /home/fguadagn/FMG_Master_Thesis/neural-sheaf-diffusion-modified/results/node_norms/roman_empire/BundleSheaf/normalised-false/stalk_dim-5/5-layers/16-hidden/500-epochs/checkpoints/best-epoch/BundleSheaf_roman_empire_fold4_seed43.pt
Saved best-epoch node norms (epoch 499) to checkpoints/best-epoch/
Saved confidence to /home/fguadagn/FMG_Master_Thesis/neural-sheaf-diffusion-modified/results/node_conf/roman_empire/BundleSheaf/normalised-false/stalk_dim-5/5-layers/16-hidden/500-epochs/checkpoints/best-epoch/BundleSheaf_roman_empire_fold4_seed43.pt
Saved per-node accuracy to /home/fguadagn/FMG_Master_Thesis/neural-sheaf-diffusion-modified/results/node_accuracy/roman_empire/BundleSheaf/normalised-false/stalk_dim-5/5-layers/16-hidden/500-epochs/checkpoints/best-epoch/BundleSheaf_roman_empire_fold4_seed43.pt
Saved saliency to /home/fguadagn/FMG_Master_Thesis/neural-sheaf-diffusion-modified/results/node_saliency/roman_empire/BundleSheaf/normalised-false/stalk_dim-5/5-layers/16-hidden/500-epochs/checkpoints/best-epoch/BundleSheaf_roman_empire_fold4_seed43.pt
Saved model weights to /home/fguadagn/FMG_Master_Thesis/neural-sheaf-diffusion-modified/results/model_weights/roman_empire/BundleSheaf/normalised-false/stalk_dim-5/5-layers/16-hidden/500-epochs/checkpoints/best-epoch/BundleSheaf_roman_empire_fold4_seed43.pth
Saved fold masks to /home/fguadagn/FMG_Master_Thesis/neural-sheaf-diffusion-modified/results/model_weights/roman_empire/BundleSheaf/normalised-false/stalk_dim-5/5-layers/16-hidden/500-epochs/checkpoints/best-epoch/BundleSheaf_roman_empire_fold4_seed43_masks.pt
Saved best-epoch model weights and masks (epoch 499) to checkpoints/best-epoch/
Updated best_epochs.json: fold_4 -> epoch 499
Saved node norms to /home/fguadagn/FMG_Master_Thesis/neural-sheaf-diffusion-modified/results/node_norms/roman_empire/BundleSheaf/normalised-false/stalk_dim-5/5-layers/16-hidden/500-epochs/BundleSheaf_roman_empire_fold4_seed43.pt
Saved node predictions to /home/fguadagn/FMG_Master_Thesis/neural-sheaf-diffusion-modified/results/node_preds/roman_empire/BundleSheaf/normalised-false/stalk_dim-5/5-layers/16-hidden/500-epochs/BundleSheaf_roman_empire_fold4_seed43.pt
Saved confidence to /home/fguadagn/FMG_Master_Thesis/neural-sheaf-diffusion-modified/results/node_conf/roman_empire/BundleSheaf/normalised-false/stalk_dim-5/5-layers/16-hidden/500-epochs/BundleSheaf_roman_empire_fold4_seed43.pt
Saved per-node accuracy to /home/fguadagn/FMG_Master_Thesis/neural-sheaf-diffusion-modified/results/node_accuracy/roman_empire/BundleSheaf/normalised-false/stalk_dim-5/5-layers/16-hidden/500-epochs/BundleSheaf_roman_empire_fold4_seed43.pt
Saved saliency to /home/fguadagn/FMG_Master_Thesis/neural-sheaf-diffusion-modified/results/node_saliency/roman_empire/BundleSheaf/normalised-false/stalk_dim-5/5-layers/16-hidden/500-epochs/BundleSheaf_roman_empire_fold4_seed43.pt
Saved node norms to /home/fguadagn/FMG_Master_Thesis/neural-sheaf-diffusion-modified/results/node_norms/roman_empire/BundleSheaf/normalised-false/stalk_dim-5/5-layers/16-hidden/500-epochs/checkpoints/epoch-0/BundleSheaf_roman_empire_fold5_seed43.pt
Saved confidence to /home/fguadagn/FMG_Master_Thesis/neural-sheaf-diffusion-modified/results/node_conf/roman_empire/BundleSheaf/normalised-false/stalk_dim-5/5-layers/16-hidden/500-epochs/checkpoints/epoch-0/BundleSheaf_roman_empire_fold5_seed43.pt
Saved per-node accuracy to /home/fguadagn/FMG_Master_Thesis/neural-sheaf-diffusion-modified/results/node_accuracy/roman_empire/BundleSheaf/normalised-false/stalk_dim-5/5-layers/16-hidden/500-epochs/checkpoints/epoch-0/BundleSheaf_roman_empire_fold5_seed43.pt
Saved saliency to /home/fguadagn/FMG_Master_Thesis/neural-sheaf-diffusion-modified/results/node_saliency/roman_empire/BundleSheaf/normalised-false/stalk_dim-5/5-layers/16-hidden/500-epochs/checkpoints/epoch-0/BundleSheaf_roman_empire_fold5_seed43.pt
Saved node norms to /home/fguadagn/FMG_Master_Thesis/neural-sheaf-diffusion-modified/results/node_norms/roman_empire/BundleSheaf/normalised-false/stalk_dim-5/5-layers/16-hidden/500-epochs/checkpoints/epoch-1/BundleSheaf_roman_empire_fold5_seed43.pt
Saved confidence to /home/fguadagn/FMG_Master_Thesis/neural-sheaf-diffusion-modified/results/node_conf/roman_empire/BundleSheaf/normalised-false/stalk_dim-5/5-layers/16-hidden/500-epochs/checkpoints/epoch-1/BundleSheaf_roman_empire_fold5_seed43.pt
Saved per-node accuracy to /home/fguadagn/FMG_Master_Thesis/neural-sheaf-diffusion-modified/results/node_accuracy/roman_empire/BundleSheaf/normalised-false/stalk_dim-5/5-layers/16-hidden/500-epochs/checkpoints/epoch-1/BundleSheaf_roman_empire_fold5_seed43.pt
Saved saliency to /home/fguadagn/FMG_Master_Thesis/neural-sheaf-diffusion-modified/results/node_saliency/roman_empire/BundleSheaf/normalised-false/stalk_dim-5/5-layers/16-hidden/500-epochs/checkpoints/epoch-1/BundleSheaf_roman_empire_fold5_seed43.pt
Saved node norms to /home/fguadagn/FMG_Master_Thesis/neural-sheaf-diffusion-modified/results/node_norms/roman_empire/BundleSheaf/normalised-false/stalk_dim-5/5-layers/16-hidden/500-epochs/checkpoints/epoch-5/BundleSheaf_roman_empire_fold5_seed43.pt
Saved confidence to /home/fguadagn/FMG_Master_Thesis/neural-sheaf-diffusion-modified/results/node_conf/roman_empire/BundleSheaf/normalised-false/stalk_dim-5/5-layers/16-hidden/500-epochs/checkpoints/epoch-5/BundleSheaf_roman_empire_fold5_seed43.pt
Saved per-node accuracy to /home/fguadagn/FMG_Master_Thesis/neural-sheaf-diffusion-modified/results/node_accuracy/roman_empire/BundleSheaf/normalised-false/stalk_dim-5/5-layers/16-hidden/500-epochs/checkpoints/epoch-5/BundleSheaf_roman_empire_fold5_seed43.pt
Saved saliency to /home/fguadagn/FMG_Master_Thesis/neural-sheaf-diffusion-modified/results/node_saliency/roman_empire/BundleSheaf/normalised-false/stalk_dim-5/5-layers/16-hidden/500-epochs/checkpoints/epoch-5/BundleSheaf_roman_empire_fold5_seed43.pt
Saved node norms to /home/fguadagn/FMG_Master_Thesis/neural-sheaf-diffusion-modified/results/node_norms/roman_empire/BundleSheaf/normalised-false/stalk_dim-5/5-layers/16-hidden/500-epochs/checkpoints/epoch-15/BundleSheaf_roman_empire_fold5_seed43.pt
Saved confidence to /home/fguadagn/FMG_Master_Thesis/neural-sheaf-diffusion-modified/results/node_conf/roman_empire/BundleSheaf/normalised-false/stalk_dim-5/5-layers/16-hidden/500-epochs/checkpoints/epoch-15/BundleSheaf_roman_empire_fold5_seed43.pt
Saved per-node accuracy to /home/fguadagn/FMG_Master_Thesis/neural-sheaf-diffusion-modified/results/node_accuracy/roman_empire/BundleSheaf/normalised-false/stalk_dim-5/5-layers/16-hidden/500-epochs/checkpoints/epoch-15/BundleSheaf_roman_empire_fold5_seed43.pt
Saved saliency to /home/fguadagn/FMG_Master_Thesis/neural-sheaf-diffusion-modified/results/node_saliency/roman_empire/BundleSheaf/normalised-false/stalk_dim-5/5-layers/16-hidden/500-epochs/checkpoints/epoch-15/BundleSheaf_roman_empire_fold5_seed43.pt
Saved node norms to /home/fguadagn/FMG_Master_Thesis/neural-sheaf-diffusion-modified/results/node_norms/roman_empire/BundleSheaf/normalised-false/stalk_dim-5/5-layers/16-hidden/500-epochs/checkpoints/epoch-50/BundleSheaf_roman_empire_fold5_seed43.pt
Saved confidence to /home/fguadagn/FMG_Master_Thesis/neural-sheaf-diffusion-modified/results/node_conf/roman_empire/BundleSheaf/normalised-false/stalk_dim-5/5-layers/16-hidden/500-epochs/checkpoints/epoch-50/BundleSheaf_roman_empire_fold5_seed43.pt
Saved per-node accuracy to /home/fguadagn/FMG_Master_Thesis/neural-sheaf-diffusion-modified/results/node_accuracy/roman_empire/BundleSheaf/normalised-false/stalk_dim-5/5-layers/16-hidden/500-epochs/checkpoints/epoch-50/BundleSheaf_roman_empire_fold5_seed43.pt
Saved saliency to /home/fguadagn/FMG_Master_Thesis/neural-sheaf-diffusion-modified/results/node_saliency/roman_empire/BundleSheaf/normalised-false/stalk_dim-5/5-layers/16-hidden/500-epochs/checkpoints/epoch-50/BundleSheaf_roman_empire_fold5_seed43.pt
Saved node norms to /home/fguadagn/FMG_Master_Thesis/neural-sheaf-diffusion-modified/results/node_norms/roman_empire/BundleSheaf/normalised-false/stalk_dim-5/5-layers/16-hidden/500-epochs/checkpoints/epoch-200/BundleSheaf_roman_empire_fold5_seed43.pt
Saved confidence to /home/fguadagn/FMG_Master_Thesis/neural-sheaf-diffusion-modified/results/node_conf/roman_empire/BundleSheaf/normalised-false/stalk_dim-5/5-layers/16-hidden/500-epochs/checkpoints/epoch-200/BundleSheaf_roman_empire_fold5_seed43.pt
Saved per-node accuracy to /home/fguadagn/FMG_Master_Thesis/neural-sheaf-diffusion-modified/results/node_accuracy/roman_empire/BundleSheaf/normalised-false/stalk_dim-5/5-layers/16-hidden/500-epochs/checkpoints/epoch-200/BundleSheaf_roman_empire_fold5_seed43.pt
Saved saliency to /home/fguadagn/FMG_Master_Thesis/neural-sheaf-diffusion-modified/results/node_saliency/roman_empire/BundleSheaf/normalised-false/stalk_dim-5/5-layers/16-hidden/500-epochs/checkpoints/epoch-200/BundleSheaf_roman_empire_fold5_seed43.pt
Fold 5 | Epochs: 499 | Best epoch: 497
Test acc (best epoch): 0.5116
Test acc (last epoch): 0.5136
Best val acc: 0.5055
Laplacian 0: Max: 0.9919, Min: -1.0000, Avg: -0.1246, Abs avg: 0.3566
Laplacian 1: Max: 0.9990, Min: -1.0000, Avg: -0.0147, Abs avg: 0.3725
Laplacian 2: Max: 0.9981, Min: -1.0000, Avg: -0.0662, Abs avg: 0.3645
Laplacian 3: Max: 0.9964, Min: -1.0000, Avg: 0.0249, Abs avg: 0.3920
Laplacian 4: Max: 0.9970, Min: -1.0000, Avg: -0.0249, Abs avg: 0.3746
Epsilons 0: [ 0.062  0.435  0.018  0.017 -0.013]
Epsilons 1: [-0.106  0.395  0.121 -0.044  0.181]
Epsilons 2: [ 0.01   0.59   0.002  0.034 -0.07 ]
Epsilons 3: [-0.083  0.267 -0.059 -0.057  0.003]
Epsilons 4: [-0.256 -0.145 -0.293 -0.233 -0.179]
Saved node norms to /home/fguadagn/FMG_Master_Thesis/neural-sheaf-diffusion-modified/results/node_norms/roman_empire/BundleSheaf/normalised-false/stalk_dim-5/5-layers/16-hidden/500-epochs/checkpoints/best-epoch/BundleSheaf_roman_empire_fold5_seed43.pt
Saved best-epoch node norms (epoch 497) to checkpoints/best-epoch/
Saved confidence to /home/fguadagn/FMG_Master_Thesis/neural-sheaf-diffusion-modified/results/node_conf/roman_empire/BundleSheaf/normalised-false/stalk_dim-5/5-layers/16-hidden/500-epochs/checkpoints/best-epoch/BundleSheaf_roman_empire_fold5_seed43.pt
Saved per-node accuracy to /home/fguadagn/FMG_Master_Thesis/neural-sheaf-diffusion-modified/results/node_accuracy/roman_empire/BundleSheaf/normalised-false/stalk_dim-5/5-layers/16-hidden/500-epochs/checkpoints/best-epoch/BundleSheaf_roman_empire_fold5_seed43.pt
Saved saliency to /home/fguadagn/FMG_Master_Thesis/neural-sheaf-diffusion-modified/results/node_saliency/roman_empire/BundleSheaf/normalised-false/stalk_dim-5/5-layers/16-hidden/500-epochs/checkpoints/best-epoch/BundleSheaf_roman_empire_fold5_seed43.pt
Saved model weights to /home/fguadagn/FMG_Master_Thesis/neural-sheaf-diffusion-modified/results/model_weights/roman_empire/BundleSheaf/normalised-false/stalk_dim-5/5-layers/16-hidden/500-epochs/checkpoints/best-epoch/BundleSheaf_roman_empire_fold5_seed43.pth
Saved fold masks to /home/fguadagn/FMG_Master_Thesis/neural-sheaf-diffusion-modified/results/model_weights/roman_empire/BundleSheaf/normalised-false/stalk_dim-5/5-layers/16-hidden/500-epochs/checkpoints/best-epoch/BundleSheaf_roman_empire_fold5_seed43_masks.pt
Saved best-epoch model weights and masks (epoch 497) to checkpoints/best-epoch/
Updated best_epochs.json: fold_5 -> epoch 497
Saved node norms to /home/fguadagn/FMG_Master_Thesis/neural-sheaf-diffusion-modified/results/node_norms/roman_empire/BundleSheaf/normalised-false/stalk_dim-5/5-layers/16-hidden/500-epochs/BundleSheaf_roman_empire_fold5_seed43.pt
Saved node predictions to /home/fguadagn/FMG_Master_Thesis/neural-sheaf-diffusion-modified/results/node_preds/roman_empire/BundleSheaf/normalised-false/stalk_dim-5/5-layers/16-hidden/500-epochs/BundleSheaf_roman_empire_fold5_seed43.pt
Saved confidence to /home/fguadagn/FMG_Master_Thesis/neural-sheaf-diffusion-modified/results/node_conf/roman_empire/BundleSheaf/normalised-false/stalk_dim-5/5-layers/16-hidden/500-epochs/BundleSheaf_roman_empire_fold5_seed43.pt
Saved per-node accuracy to /home/fguadagn/FMG_Master_Thesis/neural-sheaf-diffusion-modified/results/node_accuracy/roman_empire/BundleSheaf/normalised-false/stalk_dim-5/5-layers/16-hidden/500-epochs/BundleSheaf_roman_empire_fold5_seed43.pt
Saved saliency to /home/fguadagn/FMG_Master_Thesis/neural-sheaf-diffusion-modified/results/node_saliency/roman_empire/BundleSheaf/normalised-false/stalk_dim-5/5-layers/16-hidden/500-epochs/BundleSheaf_roman_empire_fold5_seed43.pt
Saved node norms to /home/fguadagn/FMG_Master_Thesis/neural-sheaf-diffusion-modified/results/node_norms/roman_empire/BundleSheaf/normalised-false/stalk_dim-5/5-layers/16-hidden/500-epochs/checkpoints/epoch-0/BundleSheaf_roman_empire_fold6_seed43.pt
Saved confidence to /home/fguadagn/FMG_Master_Thesis/neural-sheaf-diffusion-modified/results/node_conf/roman_empire/BundleSheaf/normalised-false/stalk_dim-5/5-layers/16-hidden/500-epochs/checkpoints/epoch-0/BundleSheaf_roman_empire_fold6_seed43.pt
Saved per-node accuracy to /home/fguadagn/FMG_Master_Thesis/neural-sheaf-diffusion-modified/results/node_accuracy/roman_empire/BundleSheaf/normalised-false/stalk_dim-5/5-layers/16-hidden/500-epochs/checkpoints/epoch-0/BundleSheaf_roman_empire_fold6_seed43.pt
Saved saliency to /home/fguadagn/FMG_Master_Thesis/neural-sheaf-diffusion-modified/results/node_saliency/roman_empire/BundleSheaf/normalised-false/stalk_dim-5/5-layers/16-hidden/500-epochs/checkpoints/epoch-0/BundleSheaf_roman_empire_fold6_seed43.pt
Saved node norms to /home/fguadagn/FMG_Master_Thesis/neural-sheaf-diffusion-modified/results/node_norms/roman_empire/BundleSheaf/normalised-false/stalk_dim-5/5-layers/16-hidden/500-epochs/checkpoints/epoch-1/BundleSheaf_roman_empire_fold6_seed43.pt
Saved confidence to /home/fguadagn/FMG_Master_Thesis/neural-sheaf-diffusion-modified/results/node_conf/roman_empire/BundleSheaf/normalised-false/stalk_dim-5/5-layers/16-hidden/500-epochs/checkpoints/epoch-1/BundleSheaf_roman_empire_fold6_seed43.pt
Saved per-node accuracy to /home/fguadagn/FMG_Master_Thesis/neural-sheaf-diffusion-modified/results/node_accuracy/roman_empire/BundleSheaf/normalised-false/stalk_dim-5/5-layers/16-hidden/500-epochs/checkpoints/epoch-1/BundleSheaf_roman_empire_fold6_seed43.pt
Saved saliency to /home/fguadagn/FMG_Master_Thesis/neural-sheaf-diffusion-modified/results/node_saliency/roman_empire/BundleSheaf/normalised-false/stalk_dim-5/5-layers/16-hidden/500-epochs/checkpoints/epoch-1/BundleSheaf_roman_empire_fold6_seed43.pt
Saved node norms to /home/fguadagn/FMG_Master_Thesis/neural-sheaf-diffusion-modified/results/node_norms/roman_empire/BundleSheaf/normalised-false/stalk_dim-5/5-layers/16-hidden/500-epochs/checkpoints/epoch-5/BundleSheaf_roman_empire_fold6_seed43.pt
Saved confidence to /home/fguadagn/FMG_Master_Thesis/neural-sheaf-diffusion-modified/results/node_conf/roman_empire/BundleSheaf/normalised-false/stalk_dim-5/5-layers/16-hidden/500-epochs/checkpoints/epoch-5/BundleSheaf_roman_empire_fold6_seed43.pt
Saved per-node accuracy to /home/fguadagn/FMG_Master_Thesis/neural-sheaf-diffusion-modified/results/node_accuracy/roman_empire/BundleSheaf/normalised-false/stalk_dim-5/5-layers/16-hidden/500-epochs/checkpoints/epoch-5/BundleSheaf_roman_empire_fold6_seed43.pt
Saved saliency to /home/fguadagn/FMG_Master_Thesis/neural-sheaf-diffusion-modified/results/node_saliency/roman_empire/BundleSheaf/normalised-false/stalk_dim-5/5-layers/16-hidden/500-epochs/checkpoints/epoch-5/BundleSheaf_roman_empire_fold6_seed43.pt
Saved node norms to /home/fguadagn/FMG_Master_Thesis/neural-sheaf-diffusion-modified/results/node_norms/roman_empire/BundleSheaf/normalised-false/stalk_dim-5/5-layers/16-hidden/500-epochs/checkpoints/epoch-15/BundleSheaf_roman_empire_fold6_seed43.pt
Saved confidence to /home/fguadagn/FMG_Master_Thesis/neural-sheaf-diffusion-modified/results/node_conf/roman_empire/BundleSheaf/normalised-false/stalk_dim-5/5-layers/16-hidden/500-epochs/checkpoints/epoch-15/BundleSheaf_roman_empire_fold6_seed43.pt
Saved per-node accuracy to /home/fguadagn/FMG_Master_Thesis/neural-sheaf-diffusion-modified/results/node_accuracy/roman_empire/BundleSheaf/normalised-false/stalk_dim-5/5-layers/16-hidden/500-epochs/checkpoints/epoch-15/BundleSheaf_roman_empire_fold6_seed43.pt
Saved saliency to /home/fguadagn/FMG_Master_Thesis/neural-sheaf-diffusion-modified/results/node_saliency/roman_empire/BundleSheaf/normalised-false/stalk_dim-5/5-layers/16-hidden/500-epochs/checkpoints/epoch-15/BundleSheaf_roman_empire_fold6_seed43.pt
Saved node norms to /home/fguadagn/FMG_Master_Thesis/neural-sheaf-diffusion-modified/results/node_norms/roman_empire/BundleSheaf/normalised-false/stalk_dim-5/5-layers/16-hidden/500-epochs/checkpoints/epoch-50/BundleSheaf_roman_empire_fold6_seed43.pt
Saved confidence to /home/fguadagn/FMG_Master_Thesis/neural-sheaf-diffusion-modified/results/node_conf/roman_empire/BundleSheaf/normalised-false/stalk_dim-5/5-layers/16-hidden/500-epochs/checkpoints/epoch-50/BundleSheaf_roman_empire_fold6_seed43.pt
Saved per-node accuracy to /home/fguadagn/FMG_Master_Thesis/neural-sheaf-diffusion-modified/results/node_accuracy/roman_empire/BundleSheaf/normalised-false/stalk_dim-5/5-layers/16-hidden/500-epochs/checkpoints/epoch-50/BundleSheaf_roman_empire_fold6_seed43.pt
Saved saliency to /home/fguadagn/FMG_Master_Thesis/neural-sheaf-diffusion-modified/results/node_saliency/roman_empire/BundleSheaf/normalised-false/stalk_dim-5/5-layers/16-hidden/500-epochs/checkpoints/epoch-50/BundleSheaf_roman_empire_fold6_seed43.pt
Saved node norms to /home/fguadagn/FMG_Master_Thesis/neural-sheaf-diffusion-modified/results/node_norms/roman_empire/BundleSheaf/normalised-false/stalk_dim-5/5-layers/16-hidden/500-epochs/checkpoints/epoch-200/BundleSheaf_roman_empire_fold6_seed43.pt
Saved confidence to /home/fguadagn/FMG_Master_Thesis/neural-sheaf-diffusion-modified/results/node_conf/roman_empire/BundleSheaf/normalised-false/stalk_dim-5/5-layers/16-hidden/500-epochs/checkpoints/epoch-200/BundleSheaf_roman_empire_fold6_seed43.pt
Saved per-node accuracy to /home/fguadagn/FMG_Master_Thesis/neural-sheaf-diffusion-modified/results/node_accuracy/roman_empire/BundleSheaf/normalised-false/stalk_dim-5/5-layers/16-hidden/500-epochs/checkpoints/epoch-200/BundleSheaf_roman_empire_fold6_seed43.pt
Saved saliency to /home/fguadagn/FMG_Master_Thesis/neural-sheaf-diffusion-modified/results/node_saliency/roman_empire/BundleSheaf/normalised-false/stalk_dim-5/5-layers/16-hidden/500-epochs/checkpoints/epoch-200/BundleSheaf_roman_empire_fold6_seed43.pt
Fold 6 | Epochs: 499 | Best epoch: 499
Test acc (best epoch): 0.5800
Test acc (last epoch): 0.5800
Best val acc: 0.5666
Laplacian 0: Max: 0.9981, Min: -1.0000, Avg: -0.0298, Abs avg: 0.3685
Laplacian 1: Max: 0.9989, Min: -0.9997, Avg: -0.0145, Abs avg: 0.3740
Laplacian 2: Max: 0.9978, Min: -0.9995, Avg: 0.0593, Abs avg: 0.3766
Laplacian 3: Max: 0.9991, Min: -1.0000, Avg: 0.0126, Abs avg: 0.3707
Laplacian 4: Max: 0.9978, Min: -1.0000, Avg: -0.1977, Abs avg: 0.2147
Epsilons 0: [-0.049  0.597  0.087  0.084  0.169]
Epsilons 1: [-0.002  0.521  0.033  0.051  0.024]
Epsilons 2: [-0.097  0.272  0.014  0.114 -0.089]
Epsilons 3: [-0.161  0.225 -0.179 -0.071 -0.16 ]
Epsilons 4: [-0.177 -0.009 -0.297 -0.163 -0.213]
Saved node norms to /home/fguadagn/FMG_Master_Thesis/neural-sheaf-diffusion-modified/results/node_norms/roman_empire/BundleSheaf/normalised-false/stalk_dim-5/5-layers/16-hidden/500-epochs/checkpoints/best-epoch/BundleSheaf_roman_empire_fold6_seed43.pt
Saved best-epoch node norms (epoch 499) to checkpoints/best-epoch/
Saved confidence to /home/fguadagn/FMG_Master_Thesis/neural-sheaf-diffusion-modified/results/node_conf/roman_empire/BundleSheaf/normalised-false/stalk_dim-5/5-layers/16-hidden/500-epochs/checkpoints/best-epoch/BundleSheaf_roman_empire_fold6_seed43.pt
Saved per-node accuracy to /home/fguadagn/FMG_Master_Thesis/neural-sheaf-diffusion-modified/results/node_accuracy/roman_empire/BundleSheaf/normalised-false/stalk_dim-5/5-layers/16-hidden/500-epochs/checkpoints/best-epoch/BundleSheaf_roman_empire_fold6_seed43.pt
Saved saliency to /home/fguadagn/FMG_Master_Thesis/neural-sheaf-diffusion-modified/results/node_saliency/roman_empire/BundleSheaf/normalised-false/stalk_dim-5/5-layers/16-hidden/500-epochs/checkpoints/best-epoch/BundleSheaf_roman_empire_fold6_seed43.pt
Saved model weights to /home/fguadagn/FMG_Master_Thesis/neural-sheaf-diffusion-modified/results/model_weights/roman_empire/BundleSheaf/normalised-false/stalk_dim-5/5-layers/16-hidden/500-epochs/checkpoints/best-epoch/BundleSheaf_roman_empire_fold6_seed43.pth
Saved fold masks to /home/fguadagn/FMG_Master_Thesis/neural-sheaf-diffusion-modified/results/model_weights/roman_empire/BundleSheaf/normalised-false/stalk_dim-5/5-layers/16-hidden/500-epochs/checkpoints/best-epoch/BundleSheaf_roman_empire_fold6_seed43_masks.pt
Saved best-epoch model weights and masks (epoch 499) to checkpoints/best-epoch/
Updated best_epochs.json: fold_6 -> epoch 499
Saved node norms to /home/fguadagn/FMG_Master_Thesis/neural-sheaf-diffusion-modified/results/node_norms/roman_empire/BundleSheaf/normalised-false/stalk_dim-5/5-layers/16-hidden/500-epochs/BundleSheaf_roman_empire_fold6_seed43.pt
Saved node predictions to /home/fguadagn/FMG_Master_Thesis/neural-sheaf-diffusion-modified/results/node_preds/roman_empire/BundleSheaf/normalised-false/stalk_dim-5/5-layers/16-hidden/500-epochs/BundleSheaf_roman_empire_fold6_seed43.pt
Saved confidence to /home/fguadagn/FMG_Master_Thesis/neural-sheaf-diffusion-modified/results/node_conf/roman_empire/BundleSheaf/normalised-false/stalk_dim-5/5-layers/16-hidden/500-epochs/BundleSheaf_roman_empire_fold6_seed43.pt
Saved per-node accuracy to /home/fguadagn/FMG_Master_Thesis/neural-sheaf-diffusion-modified/results/node_accuracy/roman_empire/BundleSheaf/normalised-false/stalk_dim-5/5-layers/16-hidden/500-epochs/BundleSheaf_roman_empire_fold6_seed43.pt
Saved saliency to /home/fguadagn/FMG_Master_Thesis/neural-sheaf-diffusion-modified/results/node_saliency/roman_empire/BundleSheaf/normalised-false/stalk_dim-5/5-layers/16-hidden/500-epochs/BundleSheaf_roman_empire_fold6_seed43.pt
Saved node norms to /home/fguadagn/FMG_Master_Thesis/neural-sheaf-diffusion-modified/results/node_norms/roman_empire/BundleSheaf/normalised-false/stalk_dim-5/5-layers/16-hidden/500-epochs/checkpoints/epoch-0/BundleSheaf_roman_empire_fold7_seed43.pt
Saved confidence to /home/fguadagn/FMG_Master_Thesis/neural-sheaf-diffusion-modified/results/node_conf/roman_empire/BundleSheaf/normalised-false/stalk_dim-5/5-layers/16-hidden/500-epochs/checkpoints/epoch-0/BundleSheaf_roman_empire_fold7_seed43.pt
Saved per-node accuracy to /home/fguadagn/FMG_Master_Thesis/neural-sheaf-diffusion-modified/results/node_accuracy/roman_empire/BundleSheaf/normalised-false/stalk_dim-5/5-layers/16-hidden/500-epochs/checkpoints/epoch-0/BundleSheaf_roman_empire_fold7_seed43.pt
Saved saliency to /home/fguadagn/FMG_Master_Thesis/neural-sheaf-diffusion-modified/results/node_saliency/roman_empire/BundleSheaf/normalised-false/stalk_dim-5/5-layers/16-hidden/500-epochs/checkpoints/epoch-0/BundleSheaf_roman_empire_fold7_seed43.pt
Saved node norms to /home/fguadagn/FMG_Master_Thesis/neural-sheaf-diffusion-modified/results/node_norms/roman_empire/BundleSheaf/normalised-false/stalk_dim-5/5-layers/16-hidden/500-epochs/checkpoints/epoch-1/BundleSheaf_roman_empire_fold7_seed43.pt
Saved confidence to /home/fguadagn/FMG_Master_Thesis/neural-sheaf-diffusion-modified/results/node_conf/roman_empire/BundleSheaf/normalised-false/stalk_dim-5/5-layers/16-hidden/500-epochs/checkpoints/epoch-1/BundleSheaf_roman_empire_fold7_seed43.pt
Saved per-node accuracy to /home/fguadagn/FMG_Master_Thesis/neural-sheaf-diffusion-modified/results/node_accuracy/roman_empire/BundleSheaf/normalised-false/stalk_dim-5/5-layers/16-hidden/500-epochs/checkpoints/epoch-1/BundleSheaf_roman_empire_fold7_seed43.pt
Saved saliency to /home/fguadagn/FMG_Master_Thesis/neural-sheaf-diffusion-modified/results/node_saliency/roman_empire/BundleSheaf/normalised-false/stalk_dim-5/5-layers/16-hidden/500-epochs/checkpoints/epoch-1/BundleSheaf_roman_empire_fold7_seed43.pt
Saved node norms to /home/fguadagn/FMG_Master_Thesis/neural-sheaf-diffusion-modified/results/node_norms/roman_empire/BundleSheaf/normalised-false/stalk_dim-5/5-layers/16-hidden/500-epochs/checkpoints/epoch-5/BundleSheaf_roman_empire_fold7_seed43.pt
Saved confidence to /home/fguadagn/FMG_Master_Thesis/neural-sheaf-diffusion-modified/results/node_conf/roman_empire/BundleSheaf/normalised-false/stalk_dim-5/5-layers/16-hidden/500-epochs/checkpoints/epoch-5/BundleSheaf_roman_empire_fold7_seed43.pt
Saved per-node accuracy to /home/fguadagn/FMG_Master_Thesis/neural-sheaf-diffusion-modified/results/node_accuracy/roman_empire/BundleSheaf/normalised-false/stalk_dim-5/5-layers/16-hidden/500-epochs/checkpoints/epoch-5/BundleSheaf_roman_empire_fold7_seed43.pt
Saved saliency to /home/fguadagn/FMG_Master_Thesis/neural-sheaf-diffusion-modified/results/node_saliency/roman_empire/BundleSheaf/normalised-false/stalk_dim-5/5-layers/16-hidden/500-epochs/checkpoints/epoch-5/BundleSheaf_roman_empire_fold7_seed43.pt
Saved node norms to /home/fguadagn/FMG_Master_Thesis/neural-sheaf-diffusion-modified/results/node_norms/roman_empire/BundleSheaf/normalised-false/stalk_dim-5/5-layers/16-hidden/500-epochs/checkpoints/epoch-15/BundleSheaf_roman_empire_fold7_seed43.pt
Saved confidence to /home/fguadagn/FMG_Master_Thesis/neural-sheaf-diffusion-modified/results/node_conf/roman_empire/BundleSheaf/normalised-false/stalk_dim-5/5-layers/16-hidden/500-epochs/checkpoints/epoch-15/BundleSheaf_roman_empire_fold7_seed43.pt
Saved per-node accuracy to /home/fguadagn/FMG_Master_Thesis/neural-sheaf-diffusion-modified/results/node_accuracy/roman_empire/BundleSheaf/normalised-false/stalk_dim-5/5-layers/16-hidden/500-epochs/checkpoints/epoch-15/BundleSheaf_roman_empire_fold7_seed43.pt
Saved saliency to /home/fguadagn/FMG_Master_Thesis/neural-sheaf-diffusion-modified/results/node_saliency/roman_empire/BundleSheaf/normalised-false/stalk_dim-5/5-layers/16-hidden/500-epochs/checkpoints/epoch-15/BundleSheaf_roman_empire_fold7_seed43.pt
Saved node norms to /home/fguadagn/FMG_Master_Thesis/neural-sheaf-diffusion-modified/results/node_norms/roman_empire/BundleSheaf/normalised-false/stalk_dim-5/5-layers/16-hidden/500-epochs/checkpoints/epoch-50/BundleSheaf_roman_empire_fold7_seed43.pt
Saved confidence to /home/fguadagn/FMG_Master_Thesis/neural-sheaf-diffusion-modified/results/node_conf/roman_empire/BundleSheaf/normalised-false/stalk_dim-5/5-layers/16-hidden/500-epochs/checkpoints/epoch-50/BundleSheaf_roman_empire_fold7_seed43.pt
Saved per-node accuracy to /home/fguadagn/FMG_Master_Thesis/neural-sheaf-diffusion-modified/results/node_accuracy/roman_empire/BundleSheaf/normalised-false/stalk_dim-5/5-layers/16-hidden/500-epochs/checkpoints/epoch-50/BundleSheaf_roman_empire_fold7_seed43.pt
Saved saliency to /home/fguadagn/FMG_Master_Thesis/neural-sheaf-diffusion-modified/results/node_saliency/roman_empire/BundleSheaf/normalised-false/stalk_dim-5/5-layers/16-hidden/500-epochs/checkpoints/epoch-50/BundleSheaf_roman_empire_fold7_seed43.pt
Saved node norms to /home/fguadagn/FMG_Master_Thesis/neural-sheaf-diffusion-modified/results/node_norms/roman_empire/BundleSheaf/normalised-false/stalk_dim-5/5-layers/16-hidden/500-epochs/checkpoints/epoch-200/BundleSheaf_roman_empire_fold7_seed43.pt
Saved confidence to /home/fguadagn/FMG_Master_Thesis/neural-sheaf-diffusion-modified/results/node_conf/roman_empire/BundleSheaf/normalised-false/stalk_dim-5/5-layers/16-hidden/500-epochs/checkpoints/epoch-200/BundleSheaf_roman_empire_fold7_seed43.pt
Saved per-node accuracy to /home/fguadagn/FMG_Master_Thesis/neural-sheaf-diffusion-modified/results/node_accuracy/roman_empire/BundleSheaf/normalised-false/stalk_dim-5/5-layers/16-hidden/500-epochs/checkpoints/epoch-200/BundleSheaf_roman_empire_fold7_seed43.pt
Saved saliency to /home/fguadagn/FMG_Master_Thesis/neural-sheaf-diffusion-modified/results/node_saliency/roman_empire/BundleSheaf/normalised-false/stalk_dim-5/5-layers/16-hidden/500-epochs/checkpoints/epoch-200/BundleSheaf_roman_empire_fold7_seed43.pt
Fold 7 | Epochs: 499 | Best epoch: 499
Test acc (best epoch): 0.5683
Test acc (last epoch): 0.5683
Best val acc: 0.5666
Laplacian 0: Max: 0.9992, Min: -1.0000, Avg: -0.0747, Abs avg: 0.3586
Laplacian 1: Max: 0.9996, Min: -0.9995, Avg: -0.0358, Abs avg: 0.3724
Laplacian 2: Max: 0.9998, Min: -1.0000, Avg: -0.0513, Abs avg: 0.3675
Laplacian 3: Max: 0.9992, Min: -1.0000, Avg: -0.0199, Abs avg: 0.3668
Laplacian 4: Max: 0.9980, Min: -1.0000, Avg: 0.1370, Abs avg: 0.3796
Epsilons 0: [ 0.137  0.11  -0.029 -0.023  0.666]
Epsilons 1: [ 0.201  0.124 -0.092 -0.006  0.559]
Epsilons 2: [0.216 0.154 0.016 0.113 0.618]
Epsilons 3: [ 0.2    0.107 -0.055  0.006  0.299]
Epsilons 4: [-0.172 -0.145 -0.214 -0.156 -0.008]
Saved node norms to /home/fguadagn/FMG_Master_Thesis/neural-sheaf-diffusion-modified/results/node_norms/roman_empire/BundleSheaf/normalised-false/stalk_dim-5/5-layers/16-hidden/500-epochs/checkpoints/best-epoch/BundleSheaf_roman_empire_fold7_seed43.pt
Saved best-epoch node norms (epoch 499) to checkpoints/best-epoch/
Saved confidence to /home/fguadagn/FMG_Master_Thesis/neural-sheaf-diffusion-modified/results/node_conf/roman_empire/BundleSheaf/normalised-false/stalk_dim-5/5-layers/16-hidden/500-epochs/checkpoints/best-epoch/BundleSheaf_roman_empire_fold7_seed43.pt
Saved per-node accuracy to /home/fguadagn/FMG_Master_Thesis/neural-sheaf-diffusion-modified/results/node_accuracy/roman_empire/BundleSheaf/normalised-false/stalk_dim-5/5-layers/16-hidden/500-epochs/checkpoints/best-epoch/BundleSheaf_roman_empire_fold7_seed43.pt
Saved saliency to /home/fguadagn/FMG_Master_Thesis/neural-sheaf-diffusion-modified/results/node_saliency/roman_empire/BundleSheaf/normalised-false/stalk_dim-5/5-layers/16-hidden/500-epochs/checkpoints/best-epoch/BundleSheaf_roman_empire_fold7_seed43.pt
Saved model weights to /home/fguadagn/FMG_Master_Thesis/neural-sheaf-diffusion-modified/results/model_weights/roman_empire/BundleSheaf/normalised-false/stalk_dim-5/5-layers/16-hidden/500-epochs/checkpoints/best-epoch/BundleSheaf_roman_empire_fold7_seed43.pth
Saved fold masks to /home/fguadagn/FMG_Master_Thesis/neural-sheaf-diffusion-modified/results/model_weights/roman_empire/BundleSheaf/normalised-false/stalk_dim-5/5-layers/16-hidden/500-epochs/checkpoints/best-epoch/BundleSheaf_roman_empire_fold7_seed43_masks.pt
Saved best-epoch model weights and masks (epoch 499) to checkpoints/best-epoch/
Updated best_epochs.json: fold_7 -> epoch 499
Saved node norms to /home/fguadagn/FMG_Master_Thesis/neural-sheaf-diffusion-modified/results/node_norms/roman_empire/BundleSheaf/normalised-false/stalk_dim-5/5-layers/16-hidden/500-epochs/BundleSheaf_roman_empire_fold7_seed43.pt
Saved node predictions to /home/fguadagn/FMG_Master_Thesis/neural-sheaf-diffusion-modified/results/node_preds/roman_empire/BundleSheaf/normalised-false/stalk_dim-5/5-layers/16-hidden/500-epochs/BundleSheaf_roman_empire_fold7_seed43.pt
Saved confidence to /home/fguadagn/FMG_Master_Thesis/neural-sheaf-diffusion-modified/results/node_conf/roman_empire/BundleSheaf/normalised-false/stalk_dim-5/5-layers/16-hidden/500-epochs/BundleSheaf_roman_empire_fold7_seed43.pt
Saved per-node accuracy to /home/fguadagn/FMG_Master_Thesis/neural-sheaf-diffusion-modified/results/node_accuracy/roman_empire/BundleSheaf/normalised-false/stalk_dim-5/5-layers/16-hidden/500-epochs/BundleSheaf_roman_empire_fold7_seed43.pt
Saved saliency to /home/fguadagn/FMG_Master_Thesis/neural-sheaf-diffusion-modified/results/node_saliency/roman_empire/BundleSheaf/normalised-false/stalk_dim-5/5-layers/16-hidden/500-epochs/BundleSheaf_roman_empire_fold7_seed43.pt
Saved node norms to /home/fguadagn/FMG_Master_Thesis/neural-sheaf-diffusion-modified/results/node_norms/roman_empire/BundleSheaf/normalised-false/stalk_dim-5/5-layers/16-hidden/500-epochs/checkpoints/epoch-0/BundleSheaf_roman_empire_fold8_seed43.pt
Saved confidence to /home/fguadagn/FMG_Master_Thesis/neural-sheaf-diffusion-modified/results/node_conf/roman_empire/BundleSheaf/normalised-false/stalk_dim-5/5-layers/16-hidden/500-epochs/checkpoints/epoch-0/BundleSheaf_roman_empire_fold8_seed43.pt
Saved per-node accuracy to /home/fguadagn/FMG_Master_Thesis/neural-sheaf-diffusion-modified/results/node_accuracy/roman_empire/BundleSheaf/normalised-false/stalk_dim-5/5-layers/16-hidden/500-epochs/checkpoints/epoch-0/BundleSheaf_roman_empire_fold8_seed43.pt
Saved saliency to /home/fguadagn/FMG_Master_Thesis/neural-sheaf-diffusion-modified/results/node_saliency/roman_empire/BundleSheaf/normalised-false/stalk_dim-5/5-layers/16-hidden/500-epochs/checkpoints/epoch-0/BundleSheaf_roman_empire_fold8_seed43.pt
Saved node norms to /home/fguadagn/FMG_Master_Thesis/neural-sheaf-diffusion-modified/results/node_norms/roman_empire/BundleSheaf/normalised-false/stalk_dim-5/5-layers/16-hidden/500-epochs/checkpoints/epoch-1/BundleSheaf_roman_empire_fold8_seed43.pt
Saved confidence to /home/fguadagn/FMG_Master_Thesis/neural-sheaf-diffusion-modified/results/node_conf/roman_empire/BundleSheaf/normalised-false/stalk_dim-5/5-layers/16-hidden/500-epochs/checkpoints/epoch-1/BundleSheaf_roman_empire_fold8_seed43.pt
Saved per-node accuracy to /home/fguadagn/FMG_Master_Thesis/neural-sheaf-diffusion-modified/results/node_accuracy/roman_empire/BundleSheaf/normalised-false/stalk_dim-5/5-layers/16-hidden/500-epochs/checkpoints/epoch-1/BundleSheaf_roman_empire_fold8_seed43.pt
Saved saliency to /home/fguadagn/FMG_Master_Thesis/neural-sheaf-diffusion-modified/results/node_saliency/roman_empire/BundleSheaf/normalised-false/stalk_dim-5/5-layers/16-hidden/500-epochs/checkpoints/epoch-1/BundleSheaf_roman_empire_fold8_seed43.pt
Saved node norms to /home/fguadagn/FMG_Master_Thesis/neural-sheaf-diffusion-modified/results/node_norms/roman_empire/BundleSheaf/normalised-false/stalk_dim-5/5-layers/16-hidden/500-epochs/checkpoints/epoch-5/BundleSheaf_roman_empire_fold8_seed43.pt
Saved confidence to /home/fguadagn/FMG_Master_Thesis/neural-sheaf-diffusion-modified/results/node_conf/roman_empire/BundleSheaf/normalised-false/stalk_dim-5/5-layers/16-hidden/500-epochs/checkpoints/epoch-5/BundleSheaf_roman_empire_fold8_seed43.pt
Saved per-node accuracy to /home/fguadagn/FMG_Master_Thesis/neural-sheaf-diffusion-modified/results/node_accuracy/roman_empire/BundleSheaf/normalised-false/stalk_dim-5/5-layers/16-hidden/500-epochs/checkpoints/epoch-5/BundleSheaf_roman_empire_fold8_seed43.pt
Saved saliency to /home/fguadagn/FMG_Master_Thesis/neural-sheaf-diffusion-modified/results/node_saliency/roman_empire/BundleSheaf/normalised-false/stalk_dim-5/5-layers/16-hidden/500-epochs/checkpoints/epoch-5/BundleSheaf_roman_empire_fold8_seed43.pt
Saved node norms to /home/fguadagn/FMG_Master_Thesis/neural-sheaf-diffusion-modified/results/node_norms/roman_empire/BundleSheaf/normalised-false/stalk_dim-5/5-layers/16-hidden/500-epochs/checkpoints/epoch-15/BundleSheaf_roman_empire_fold8_seed43.pt
Saved confidence to /home/fguadagn/FMG_Master_Thesis/neural-sheaf-diffusion-modified/results/node_conf/roman_empire/BundleSheaf/normalised-false/stalk_dim-5/5-layers/16-hidden/500-epochs/checkpoints/epoch-15/BundleSheaf_roman_empire_fold8_seed43.pt
Saved per-node accuracy to /home/fguadagn/FMG_Master_Thesis/neural-sheaf-diffusion-modified/results/node_accuracy/roman_empire/BundleSheaf/normalised-false/stalk_dim-5/5-layers/16-hidden/500-epochs/checkpoints/epoch-15/BundleSheaf_roman_empire_fold8_seed43.pt
Saved saliency to /home/fguadagn/FMG_Master_Thesis/neural-sheaf-diffusion-modified/results/node_saliency/roman_empire/BundleSheaf/normalised-false/stalk_dim-5/5-layers/16-hidden/500-epochs/checkpoints/epoch-15/BundleSheaf_roman_empire_fold8_seed43.pt
Saved node norms to /home/fguadagn/FMG_Master_Thesis/neural-sheaf-diffusion-modified/results/node_norms/roman_empire/BundleSheaf/normalised-false/stalk_dim-5/5-layers/16-hidden/500-epochs/checkpoints/epoch-50/BundleSheaf_roman_empire_fold8_seed43.pt
Saved confidence to /home/fguadagn/FMG_Master_Thesis/neural-sheaf-diffusion-modified/results/node_conf/roman_empire/BundleSheaf/normalised-false/stalk_dim-5/5-layers/16-hidden/500-epochs/checkpoints/epoch-50/BundleSheaf_roman_empire_fold8_seed43.pt
Saved per-node accuracy to /home/fguadagn/FMG_Master_Thesis/neural-sheaf-diffusion-modified/results/node_accuracy/roman_empire/BundleSheaf/normalised-false/stalk_dim-5/5-layers/16-hidden/500-epochs/checkpoints/epoch-50/BundleSheaf_roman_empire_fold8_seed43.pt
Saved saliency to /home/fguadagn/FMG_Master_Thesis/neural-sheaf-diffusion-modified/results/node_saliency/roman_empire/BundleSheaf/normalised-false/stalk_dim-5/5-layers/16-hidden/500-epochs/checkpoints/epoch-50/BundleSheaf_roman_empire_fold8_seed43.pt
Saved node norms to /home/fguadagn/FMG_Master_Thesis/neural-sheaf-diffusion-modified/results/node_norms/roman_empire/BundleSheaf/normalised-false/stalk_dim-5/5-layers/16-hidden/500-epochs/checkpoints/epoch-200/BundleSheaf_roman_empire_fold8_seed43.pt
Saved confidence to /home/fguadagn/FMG_Master_Thesis/neural-sheaf-diffusion-modified/results/node_conf/roman_empire/BundleSheaf/normalised-false/stalk_dim-5/5-layers/16-hidden/500-epochs/checkpoints/epoch-200/BundleSheaf_roman_empire_fold8_seed43.pt
Saved per-node accuracy to /home/fguadagn/FMG_Master_Thesis/neural-sheaf-diffusion-modified/results/node_accuracy/roman_empire/BundleSheaf/normalised-false/stalk_dim-5/5-layers/16-hidden/500-epochs/checkpoints/epoch-200/BundleSheaf_roman_empire_fold8_seed43.pt
Saved saliency to /home/fguadagn/FMG_Master_Thesis/neural-sheaf-diffusion-modified/results/node_saliency/roman_empire/BundleSheaf/normalised-false/stalk_dim-5/5-layers/16-hidden/500-epochs/checkpoints/epoch-200/BundleSheaf_roman_empire_fold8_seed43.pt
Fold 8 | Epochs: 499 | Best epoch: 494
Test acc (best epoch): 0.5023
Test acc (last epoch): 0.5019
Best val acc: 0.5071
Laplacian 0: Max: 0.9987, Min: -1.0000, Avg: -0.1263, Abs avg: 0.3611
Laplacian 1: Max: 0.9997, Min: -0.9995, Avg: -0.0414, Abs avg: 0.3746
Laplacian 2: Max: 0.9992, Min: -1.0000, Avg: 0.0047, Abs avg: 0.3743
Laplacian 3: Max: 1.0000, Min: -1.0000, Avg: -0.0194, Abs avg: 0.3214
Laplacian 4: Max: 1.0000, Min: -1.0000, Avg: -0.0746, Abs avg: 0.2854
Epsilons 0: [ 0.179  0.05   0.106  0.116 -0.14 ]
Epsilons 1: [ 0.295  0.269 -0.017 -0.031  0.032]
Epsilons 2: [0.071 0.174 0.034 0.115 0.085]
Epsilons 3: [ 0.022  0.026 -0.132 -0.202 -0.114]
Epsilons 4: [-0.157 -0.098 -0.291 -0.22  -0.2  ]
Saved node norms to /home/fguadagn/FMG_Master_Thesis/neural-sheaf-diffusion-modified/results/node_norms/roman_empire/BundleSheaf/normalised-false/stalk_dim-5/5-layers/16-hidden/500-epochs/checkpoints/best-epoch/BundleSheaf_roman_empire_fold8_seed43.pt
Saved best-epoch node norms (epoch 494) to checkpoints/best-epoch/
Saved confidence to /home/fguadagn/FMG_Master_Thesis/neural-sheaf-diffusion-modified/results/node_conf/roman_empire/BundleSheaf/normalised-false/stalk_dim-5/5-layers/16-hidden/500-epochs/checkpoints/best-epoch/BundleSheaf_roman_empire_fold8_seed43.pt
Saved per-node accuracy to /home/fguadagn/FMG_Master_Thesis/neural-sheaf-diffusion-modified/results/node_accuracy/roman_empire/BundleSheaf/normalised-false/stalk_dim-5/5-layers/16-hidden/500-epochs/checkpoints/best-epoch/BundleSheaf_roman_empire_fold8_seed43.pt
Saved saliency to /home/fguadagn/FMG_Master_Thesis/neural-sheaf-diffusion-modified/results/node_saliency/roman_empire/BundleSheaf/normalised-false/stalk_dim-5/5-layers/16-hidden/500-epochs/checkpoints/best-epoch/BundleSheaf_roman_empire_fold8_seed43.pt
Saved model weights to /home/fguadagn/FMG_Master_Thesis/neural-sheaf-diffusion-modified/results/model_weights/roman_empire/BundleSheaf/normalised-false/stalk_dim-5/5-layers/16-hidden/500-epochs/checkpoints/best-epoch/BundleSheaf_roman_empire_fold8_seed43.pth
Saved fold masks to /home/fguadagn/FMG_Master_Thesis/neural-sheaf-diffusion-modified/results/model_weights/roman_empire/BundleSheaf/normalised-false/stalk_dim-5/5-layers/16-hidden/500-epochs/checkpoints/best-epoch/BundleSheaf_roman_empire_fold8_seed43_masks.pt
Saved best-epoch model weights and masks (epoch 494) to checkpoints/best-epoch/
Updated best_epochs.json: fold_8 -> epoch 494
Saved node norms to /home/fguadagn/FMG_Master_Thesis/neural-sheaf-diffusion-modified/results/node_norms/roman_empire/BundleSheaf/normalised-false/stalk_dim-5/5-layers/16-hidden/500-epochs/BundleSheaf_roman_empire_fold8_seed43.pt
Saved node predictions to /home/fguadagn/FMG_Master_Thesis/neural-sheaf-diffusion-modified/results/node_preds/roman_empire/BundleSheaf/normalised-false/stalk_dim-5/5-layers/16-hidden/500-epochs/BundleSheaf_roman_empire_fold8_seed43.pt
Saved confidence to /home/fguadagn/FMG_Master_Thesis/neural-sheaf-diffusion-modified/results/node_conf/roman_empire/BundleSheaf/normalised-false/stalk_dim-5/5-layers/16-hidden/500-epochs/BundleSheaf_roman_empire_fold8_seed43.pt
Saved per-node accuracy to /home/fguadagn/FMG_Master_Thesis/neural-sheaf-diffusion-modified/results/node_accuracy/roman_empire/BundleSheaf/normalised-false/stalk_dim-5/5-layers/16-hidden/500-epochs/BundleSheaf_roman_empire_fold8_seed43.pt
Saved saliency to /home/fguadagn/FMG_Master_Thesis/neural-sheaf-diffusion-modified/results/node_saliency/roman_empire/BundleSheaf/normalised-false/stalk_dim-5/5-layers/16-hidden/500-epochs/BundleSheaf_roman_empire_fold8_seed43.pt
Saved node norms to /home/fguadagn/FMG_Master_Thesis/neural-sheaf-diffusion-modified/results/node_norms/roman_empire/BundleSheaf/normalised-false/stalk_dim-5/5-layers/16-hidden/500-epochs/checkpoints/epoch-0/BundleSheaf_roman_empire_fold9_seed43.pt
Saved confidence to /home/fguadagn/FMG_Master_Thesis/neural-sheaf-diffusion-modified/results/node_conf/roman_empire/BundleSheaf/normalised-false/stalk_dim-5/5-layers/16-hidden/500-epochs/checkpoints/epoch-0/BundleSheaf_roman_empire_fold9_seed43.pt
Saved per-node accuracy to /home/fguadagn/FMG_Master_Thesis/neural-sheaf-diffusion-modified/results/node_accuracy/roman_empire/BundleSheaf/normalised-false/stalk_dim-5/5-layers/16-hidden/500-epochs/checkpoints/epoch-0/BundleSheaf_roman_empire_fold9_seed43.pt
Saved saliency to /home/fguadagn/FMG_Master_Thesis/neural-sheaf-diffusion-modified/results/node_saliency/roman_empire/BundleSheaf/normalised-false/stalk_dim-5/5-layers/16-hidden/500-epochs/checkpoints/epoch-0/BundleSheaf_roman_empire_fold9_seed43.pt
Saved node norms to /home/fguadagn/FMG_Master_Thesis/neural-sheaf-diffusion-modified/results/node_norms/roman_empire/BundleSheaf/normalised-false/stalk_dim-5/5-layers/16-hidden/500-epochs/checkpoints/epoch-1/BundleSheaf_roman_empire_fold9_seed43.pt
Saved confidence to /home/fguadagn/FMG_Master_Thesis/neural-sheaf-diffusion-modified/results/node_conf/roman_empire/BundleSheaf/normalised-false/stalk_dim-5/5-layers/16-hidden/500-epochs/checkpoints/epoch-1/BundleSheaf_roman_empire_fold9_seed43.pt
Saved per-node accuracy to /home/fguadagn/FMG_Master_Thesis/neural-sheaf-diffusion-modified/results/node_accuracy/roman_empire/BundleSheaf/normalised-false/stalk_dim-5/5-layers/16-hidden/500-epochs/checkpoints/epoch-1/BundleSheaf_roman_empire_fold9_seed43.pt
Saved saliency to /home/fguadagn/FMG_Master_Thesis/neural-sheaf-diffusion-modified/results/node_saliency/roman_empire/BundleSheaf/normalised-false/stalk_dim-5/5-layers/16-hidden/500-epochs/checkpoints/epoch-1/BundleSheaf_roman_empire_fold9_seed43.pt
Saved node norms to /home/fguadagn/FMG_Master_Thesis/neural-sheaf-diffusion-modified/results/node_norms/roman_empire/BundleSheaf/normalised-false/stalk_dim-5/5-layers/16-hidden/500-epochs/checkpoints/epoch-5/BundleSheaf_roman_empire_fold9_seed43.pt
Saved confidence to /home/fguadagn/FMG_Master_Thesis/neural-sheaf-diffusion-modified/results/node_conf/roman_empire/BundleSheaf/normalised-false/stalk_dim-5/5-layers/16-hidden/500-epochs/checkpoints/epoch-5/BundleSheaf_roman_empire_fold9_seed43.pt
Saved per-node accuracy to /home/fguadagn/FMG_Master_Thesis/neural-sheaf-diffusion-modified/results/node_accuracy/roman_empire/BundleSheaf/normalised-false/stalk_dim-5/5-layers/16-hidden/500-epochs/checkpoints/epoch-5/BundleSheaf_roman_empire_fold9_seed43.pt
Saved saliency to /home/fguadagn/FMG_Master_Thesis/neural-sheaf-diffusion-modified/results/node_saliency/roman_empire/BundleSheaf/normalised-false/stalk_dim-5/5-layers/16-hidden/500-epochs/checkpoints/epoch-5/BundleSheaf_roman_empire_fold9_seed43.pt
Saved node norms to /home/fguadagn/FMG_Master_Thesis/neural-sheaf-diffusion-modified/results/node_norms/roman_empire/BundleSheaf/normalised-false/stalk_dim-5/5-layers/16-hidden/500-epochs/checkpoints/epoch-15/BundleSheaf_roman_empire_fold9_seed43.pt
Saved confidence to /home/fguadagn/FMG_Master_Thesis/neural-sheaf-diffusion-modified/results/node_conf/roman_empire/BundleSheaf/normalised-false/stalk_dim-5/5-layers/16-hidden/500-epochs/checkpoints/epoch-15/BundleSheaf_roman_empire_fold9_seed43.pt
Saved per-node accuracy to /home/fguadagn/FMG_Master_Thesis/neural-sheaf-diffusion-modified/results/node_accuracy/roman_empire/BundleSheaf/normalised-false/stalk_dim-5/5-layers/16-hidden/500-epochs/checkpoints/epoch-15/BundleSheaf_roman_empire_fold9_seed43.pt
Saved saliency to /home/fguadagn/FMG_Master_Thesis/neural-sheaf-diffusion-modified/results/node_saliency/roman_empire/BundleSheaf/normalised-false/stalk_dim-5/5-layers/16-hidden/500-epochs/checkpoints/epoch-15/BundleSheaf_roman_empire_fold9_seed43.pt
Saved node norms to /home/fguadagn/FMG_Master_Thesis/neural-sheaf-diffusion-modified/results/node_norms/roman_empire/BundleSheaf/normalised-false/stalk_dim-5/5-layers/16-hidden/500-epochs/checkpoints/epoch-50/BundleSheaf_roman_empire_fold9_seed43.pt
Saved confidence to /home/fguadagn/FMG_Master_Thesis/neural-sheaf-diffusion-modified/results/node_conf/roman_empire/BundleSheaf/normalised-false/stalk_dim-5/5-layers/16-hidden/500-epochs/checkpoints/epoch-50/BundleSheaf_roman_empire_fold9_seed43.pt
Saved per-node accuracy to /home/fguadagn/FMG_Master_Thesis/neural-sheaf-diffusion-modified/results/node_accuracy/roman_empire/BundleSheaf/normalised-false/stalk_dim-5/5-layers/16-hidden/500-epochs/checkpoints/epoch-50/BundleSheaf_roman_empire_fold9_seed43.pt
Saved saliency to /home/fguadagn/FMG_Master_Thesis/neural-sheaf-diffusion-modified/results/node_saliency/roman_empire/BundleSheaf/normalised-false/stalk_dim-5/5-layers/16-hidden/500-epochs/checkpoints/epoch-50/BundleSheaf_roman_empire_fold9_seed43.pt
Saved node norms to /home/fguadagn/FMG_Master_Thesis/neural-sheaf-diffusion-modified/results/node_norms/roman_empire/BundleSheaf/normalised-false/stalk_dim-5/5-layers/16-hidden/500-epochs/checkpoints/epoch-200/BundleSheaf_roman_empire_fold9_seed43.pt
Saved confidence to /home/fguadagn/FMG_Master_Thesis/neural-sheaf-diffusion-modified/results/node_conf/roman_empire/BundleSheaf/normalised-false/stalk_dim-5/5-layers/16-hidden/500-epochs/checkpoints/epoch-200/BundleSheaf_roman_empire_fold9_seed43.pt
Saved per-node accuracy to /home/fguadagn/FMG_Master_Thesis/neural-sheaf-diffusion-modified/results/node_accuracy/roman_empire/BundleSheaf/normalised-false/stalk_dim-5/5-layers/16-hidden/500-epochs/checkpoints/epoch-200/BundleSheaf_roman_empire_fold9_seed43.pt
Saved saliency to /home/fguadagn/FMG_Master_Thesis/neural-sheaf-diffusion-modified/results/node_saliency/roman_empire/BundleSheaf/normalised-false/stalk_dim-5/5-layers/16-hidden/500-epochs/checkpoints/epoch-200/BundleSheaf_roman_empire_fold9_seed43.pt
Fold 9 | Epochs: 499 | Best epoch: 492
Test acc (best epoch): 0.5306
Test acc (last epoch): 0.5314
Best val acc: 0.5203
Laplacian 0: Max: 0.9953, Min: -1.0000, Avg: -0.0874, Abs avg: 0.3631
Laplacian 1: Max: 0.9980, Min: -0.9990, Avg: -0.0581, Abs avg: 0.3750
Laplacian 2: Max: 0.9999, Min: -1.0000, Avg: -0.0621, Abs avg: 0.3700
Laplacian 3: Max: 0.9997, Min: -1.0000, Avg: 0.0444, Abs avg: 0.3724
Laplacian 4: Max: 1.0000, Min: -1.0000, Avg: 0.0086, Abs avg: 0.3666
Epsilons 0: [-0.004  0.121 -0.125  0.069  0.2  ]
Epsilons 1: [-0.076  0.253 -0.053 -0.009  0.487]
Epsilons 2: [-0.082  0.022 -0.241  0.168  0.752]
Epsilons 3: [-0.133  0.103 -0.114  0.029  0.242]
Epsilons 4: [-0.234 -0.095 -0.346 -0.204  0.013]
Saved node norms to /home/fguadagn/FMG_Master_Thesis/neural-sheaf-diffusion-modified/results/node_norms/roman_empire/BundleSheaf/normalised-false/stalk_dim-5/5-layers/16-hidden/500-epochs/checkpoints/best-epoch/BundleSheaf_roman_empire_fold9_seed43.pt
Saved best-epoch node norms (epoch 492) to checkpoints/best-epoch/
Saved confidence to /home/fguadagn/FMG_Master_Thesis/neural-sheaf-diffusion-modified/results/node_conf/roman_empire/BundleSheaf/normalised-false/stalk_dim-5/5-layers/16-hidden/500-epochs/checkpoints/best-epoch/BundleSheaf_roman_empire_fold9_seed43.pt
Saved per-node accuracy to /home/fguadagn/FMG_Master_Thesis/neural-sheaf-diffusion-modified/results/node_accuracy/roman_empire/BundleSheaf/normalised-false/stalk_dim-5/5-layers/16-hidden/500-epochs/checkpoints/best-epoch/BundleSheaf_roman_empire_fold9_seed43.pt
Saved saliency to /home/fguadagn/FMG_Master_Thesis/neural-sheaf-diffusion-modified/results/node_saliency/roman_empire/BundleSheaf/normalised-false/stalk_dim-5/5-layers/16-hidden/500-epochs/checkpoints/best-epoch/BundleSheaf_roman_empire_fold9_seed43.pt
Saved model weights to /home/fguadagn/FMG_Master_Thesis/neural-sheaf-diffusion-modified/results/model_weights/roman_empire/BundleSheaf/normalised-false/stalk_dim-5/5-layers/16-hidden/500-epochs/checkpoints/best-epoch/BundleSheaf_roman_empire_fold9_seed43.pth
Saved fold masks to /home/fguadagn/FMG_Master_Thesis/neural-sheaf-diffusion-modified/results/model_weights/roman_empire/BundleSheaf/normalised-false/stalk_dim-5/5-layers/16-hidden/500-epochs/checkpoints/best-epoch/BundleSheaf_roman_empire_fold9_seed43_masks.pt
Saved best-epoch model weights and masks (epoch 492) to checkpoints/best-epoch/
Updated best_epochs.json: fold_9 -> epoch 492
Saved node norms to /home/fguadagn/FMG_Master_Thesis/neural-sheaf-diffusion-modified/results/node_norms/roman_empire/BundleSheaf/normalised-false/stalk_dim-5/5-layers/16-hidden/500-epochs/BundleSheaf_roman_empire_fold9_seed43.pt
Saved node predictions to /home/fguadagn/FMG_Master_Thesis/neural-sheaf-diffusion-modified/results/node_preds/roman_empire/BundleSheaf/normalised-false/stalk_dim-5/5-layers/16-hidden/500-epochs/BundleSheaf_roman_empire_fold9_seed43.pt
Saved confidence to /home/fguadagn/FMG_Master_Thesis/neural-sheaf-diffusion-modified/results/node_conf/roman_empire/BundleSheaf/normalised-false/stalk_dim-5/5-layers/16-hidden/500-epochs/BundleSheaf_roman_empire_fold9_seed43.pt
Saved per-node accuracy to /home/fguadagn/FMG_Master_Thesis/neural-sheaf-diffusion-modified/results/node_accuracy/roman_empire/BundleSheaf/normalised-false/stalk_dim-5/5-layers/16-hidden/500-epochs/BundleSheaf_roman_empire_fold9_seed43.pt
Saved saliency to /home/fguadagn/FMG_Master_Thesis/neural-sheaf-diffusion-modified/results/node_saliency/roman_empire/BundleSheaf/normalised-false/stalk_dim-5/5-layers/16-hidden/500-epochs/BundleSheaf_roman_empire_fold9_seed43.pt
BundleSheaf on roman_empire | SHA: 76c20f9b6a5a98e71dded402ae983d844519635e
Test acc: 51.6920 +/- 4.5109 | Val acc: 51.3372
