Running with wandb account: franceguad2002-epfl
Namespace(epochs=500, lr=0.01, weight_decay=0.0006914841722570725, sheaf_decay=0.00031764232712732976, early_stopping=200, min_acc=0.0, stop_strategy='loss', d=5, layers=6, normalised=False, deg_normalised=False, linear=False, hidden_channels=16, input_dropout=0.2, dropout=0.3, left_weights=True, right_weights=True, add_lp=False, add_hp=False, use_act=True, second_linear=False, orth='householder', sheaf_act='tanh', edge_weights=False, sparse_learner=False, dataset='minesweeper', seed=43, cuda=0, folds=10, model='BundleSheaf', entity='franceguad2002-epfl', evectors=0, max_t=1.0, int_method=None, step_size=1, max_iters=100, adjoint_method='adaptive_heun', adjoint=False, adjoint_step_size=1, tol_scale=1.0, tol_scale_adjoint=1.0, max_nfe=1000, no_early=False, earlystopxT=3, max_test_steps=100, num_nodes=200, num_classes=2, num_feats=10, het_coef=0.9, edge_noise=0.05, node_degree=10, feat_noise=0.25, ellipsoid_radius=1, just_add_noise=False, ellipsoids=True, classes_corr=None, dual_diff_strength=1.0, dual_normalised=True, sheaf_init=False, dual_left_linear=True, dual_right_linear=True, dual_linear=False, learn_first_maps=False, learnt_map_type='general', rotation_invariant_sheaf_learner=False, node_edge_sims_time_dependent=False, num_of_convolutions=1, dim_list=[], zero_laplacian=False, maps_lr=None, use_epsilons=True, use_embedding=True, checkpoint_epochs=[0, 1, 5, 15, 50, 200], save_laplacians=False, save_norms=True, save_preds=True, save_saliency=True, save_others=False, sha='76c20f9b6a5a98e71dded402ae983d844519635e', graph_size=10000, input_dim=7, output_dim=2, device=device(type='cuda', index=0))
Saved node norms to /home/fguadagn/FMG_Master_Thesis/neural-sheaf-diffusion-modified/results/node_norms/minesweeper/BundleSheaf/normalised-false/stalk_dim-5/6-layers/16-hidden/500-epochs/checkpoints/epoch-0/BundleSheaf_minesweeper_fold0_seed43.pt
Saved confidence to /home/fguadagn/FMG_Master_Thesis/neural-sheaf-diffusion-modified/results/node_conf/minesweeper/BundleSheaf/normalised-false/stalk_dim-5/6-layers/16-hidden/500-epochs/checkpoints/epoch-0/BundleSheaf_minesweeper_fold0_seed43.pt
Saved per-node accuracy to /home/fguadagn/FMG_Master_Thesis/neural-sheaf-diffusion-modified/results/node_accuracy/minesweeper/BundleSheaf/normalised-false/stalk_dim-5/6-layers/16-hidden/500-epochs/checkpoints/epoch-0/BundleSheaf_minesweeper_fold0_seed43.pt
Saved saliency to /home/fguadagn/FMG_Master_Thesis/neural-sheaf-diffusion-modified/results/node_saliency/minesweeper/BundleSheaf/normalised-false/stalk_dim-5/6-layers/16-hidden/500-epochs/checkpoints/epoch-0/BundleSheaf_minesweeper_fold0_seed43.pt
Saved node norms to /home/fguadagn/FMG_Master_Thesis/neural-sheaf-diffusion-modified/results/node_norms/minesweeper/BundleSheaf/normalised-false/stalk_dim-5/6-layers/16-hidden/500-epochs/checkpoints/epoch-1/BundleSheaf_minesweeper_fold0_seed43.pt
Saved confidence to /home/fguadagn/FMG_Master_Thesis/neural-sheaf-diffusion-modified/results/node_conf/minesweeper/BundleSheaf/normalised-false/stalk_dim-5/6-layers/16-hidden/500-epochs/checkpoints/epoch-1/BundleSheaf_minesweeper_fold0_seed43.pt
Saved per-node accuracy to /home/fguadagn/FMG_Master_Thesis/neural-sheaf-diffusion-modified/results/node_accuracy/minesweeper/BundleSheaf/normalised-false/stalk_dim-5/6-layers/16-hidden/500-epochs/checkpoints/epoch-1/BundleSheaf_minesweeper_fold0_seed43.pt
Saved saliency to /home/fguadagn/FMG_Master_Thesis/neural-sheaf-diffusion-modified/results/node_saliency/minesweeper/BundleSheaf/normalised-false/stalk_dim-5/6-layers/16-hidden/500-epochs/checkpoints/epoch-1/BundleSheaf_minesweeper_fold0_seed43.pt
Saved node norms to /home/fguadagn/FMG_Master_Thesis/neural-sheaf-diffusion-modified/results/node_norms/minesweeper/BundleSheaf/normalised-false/stalk_dim-5/6-layers/16-hidden/500-epochs/checkpoints/epoch-5/BundleSheaf_minesweeper_fold0_seed43.pt
Saved confidence to /home/fguadagn/FMG_Master_Thesis/neural-sheaf-diffusion-modified/results/node_conf/minesweeper/BundleSheaf/normalised-false/stalk_dim-5/6-layers/16-hidden/500-epochs/checkpoints/epoch-5/BundleSheaf_minesweeper_fold0_seed43.pt
Saved per-node accuracy to /home/fguadagn/FMG_Master_Thesis/neural-sheaf-diffusion-modified/results/node_accuracy/minesweeper/BundleSheaf/normalised-false/stalk_dim-5/6-layers/16-hidden/500-epochs/checkpoints/epoch-5/BundleSheaf_minesweeper_fold0_seed43.pt
Saved saliency to /home/fguadagn/FMG_Master_Thesis/neural-sheaf-diffusion-modified/results/node_saliency/minesweeper/BundleSheaf/normalised-false/stalk_dim-5/6-layers/16-hidden/500-epochs/checkpoints/epoch-5/BundleSheaf_minesweeper_fold0_seed43.pt
Saved node norms to /home/fguadagn/FMG_Master_Thesis/neural-sheaf-diffusion-modified/results/node_norms/minesweeper/BundleSheaf/normalised-false/stalk_dim-5/6-layers/16-hidden/500-epochs/checkpoints/epoch-15/BundleSheaf_minesweeper_fold0_seed43.pt
Saved confidence to /home/fguadagn/FMG_Master_Thesis/neural-sheaf-diffusion-modified/results/node_conf/minesweeper/BundleSheaf/normalised-false/stalk_dim-5/6-layers/16-hidden/500-epochs/checkpoints/epoch-15/BundleSheaf_minesweeper_fold0_seed43.pt
Saved per-node accuracy to /home/fguadagn/FMG_Master_Thesis/neural-sheaf-diffusion-modified/results/node_accuracy/minesweeper/BundleSheaf/normalised-false/stalk_dim-5/6-layers/16-hidden/500-epochs/checkpoints/epoch-15/BundleSheaf_minesweeper_fold0_seed43.pt
Saved saliency to /home/fguadagn/FMG_Master_Thesis/neural-sheaf-diffusion-modified/results/node_saliency/minesweeper/BundleSheaf/normalised-false/stalk_dim-5/6-layers/16-hidden/500-epochs/checkpoints/epoch-15/BundleSheaf_minesweeper_fold0_seed43.pt
Saved node norms to /home/fguadagn/FMG_Master_Thesis/neural-sheaf-diffusion-modified/results/node_norms/minesweeper/BundleSheaf/normalised-false/stalk_dim-5/6-layers/16-hidden/500-epochs/checkpoints/epoch-50/BundleSheaf_minesweeper_fold0_seed43.pt
Saved confidence to /home/fguadagn/FMG_Master_Thesis/neural-sheaf-diffusion-modified/results/node_conf/minesweeper/BundleSheaf/normalised-false/stalk_dim-5/6-layers/16-hidden/500-epochs/checkpoints/epoch-50/BundleSheaf_minesweeper_fold0_seed43.pt
Saved per-node accuracy to /home/fguadagn/FMG_Master_Thesis/neural-sheaf-diffusion-modified/results/node_accuracy/minesweeper/BundleSheaf/normalised-false/stalk_dim-5/6-layers/16-hidden/500-epochs/checkpoints/epoch-50/BundleSheaf_minesweeper_fold0_seed43.pt
Saved saliency to /home/fguadagn/FMG_Master_Thesis/neural-sheaf-diffusion-modified/results/node_saliency/minesweeper/BundleSheaf/normalised-false/stalk_dim-5/6-layers/16-hidden/500-epochs/checkpoints/epoch-50/BundleSheaf_minesweeper_fold0_seed43.pt
Saved node norms to /home/fguadagn/FMG_Master_Thesis/neural-sheaf-diffusion-modified/results/node_norms/minesweeper/BundleSheaf/normalised-false/stalk_dim-5/6-layers/16-hidden/500-epochs/checkpoints/epoch-200/BundleSheaf_minesweeper_fold0_seed43.pt
Saved confidence to /home/fguadagn/FMG_Master_Thesis/neural-sheaf-diffusion-modified/results/node_conf/minesweeper/BundleSheaf/normalised-false/stalk_dim-5/6-layers/16-hidden/500-epochs/checkpoints/epoch-200/BundleSheaf_minesweeper_fold0_seed43.pt
Saved per-node accuracy to /home/fguadagn/FMG_Master_Thesis/neural-sheaf-diffusion-modified/results/node_accuracy/minesweeper/BundleSheaf/normalised-false/stalk_dim-5/6-layers/16-hidden/500-epochs/checkpoints/epoch-200/BundleSheaf_minesweeper_fold0_seed43.pt
Saved saliency to /home/fguadagn/FMG_Master_Thesis/neural-sheaf-diffusion-modified/results/node_saliency/minesweeper/BundleSheaf/normalised-false/stalk_dim-5/6-layers/16-hidden/500-epochs/checkpoints/epoch-200/BundleSheaf_minesweeper_fold0_seed43.pt
Fold 0 | Epochs: 499 | Best epoch: 423
Test acc (best epoch): 0.7390
Test acc (last epoch): 0.8040
Best val acc: 0.7125
Test AUC (best epoch): 0.5643
Test AUC (last epoch): 0.5143
Laplacian 0: Max: 0.9147, Min: -1.0000, Avg: -0.1411, Abs avg: 0.3171
Laplacian 1: Max: 0.9993, Min: -1.0000, Avg: -0.0997, Abs avg: 0.3027
Laplacian 2: Max: 0.9989, Min: -1.0000, Avg: -0.0598, Abs avg: 0.3247
Laplacian 3: Max: 1.0000, Min: -1.0000, Avg: -0.1694, Abs avg: 0.2270
Laplacian 4: Max: 1.0000, Min: -1.0000, Avg: -0.1623, Abs avg: 0.2754
Laplacian 5: Max: 1.0000, Min: -1.0000, Avg: -0.0562, Abs avg: 0.3439
Epsilons 0: [-0.007 -0.04  -0.009  0.042 -0.034]
Epsilons 1: [-0.079 -0.003  0.078 -0.049  0.085]
Epsilons 2: [ 0.052  0.064 -0.055 -0.091  0.031]
Epsilons 3: [-0.093  0.056 -0.057 -0.064  0.016]
Epsilons 4: [-0.112 -0.113 -0.199 -0.023 -0.148]
Epsilons 5: [-0.669 -0.928 -0.613 -0.767 -0.779]
Saved node norms to /home/fguadagn/FMG_Master_Thesis/neural-sheaf-diffusion-modified/results/node_norms/minesweeper/BundleSheaf/normalised-false/stalk_dim-5/6-layers/16-hidden/500-epochs/checkpoints/best-epoch/BundleSheaf_minesweeper_fold0_seed43.pt
Saved best-epoch node norms (epoch 423) to checkpoints/best-epoch/
Saved confidence to /home/fguadagn/FMG_Master_Thesis/neural-sheaf-diffusion-modified/results/node_conf/minesweeper/BundleSheaf/normalised-false/stalk_dim-5/6-layers/16-hidden/500-epochs/checkpoints/best-epoch/BundleSheaf_minesweeper_fold0_seed43.pt
Saved per-node accuracy to /home/fguadagn/FMG_Master_Thesis/neural-sheaf-diffusion-modified/results/node_accuracy/minesweeper/BundleSheaf/normalised-false/stalk_dim-5/6-layers/16-hidden/500-epochs/checkpoints/best-epoch/BundleSheaf_minesweeper_fold0_seed43.pt
Saved saliency to /home/fguadagn/FMG_Master_Thesis/neural-sheaf-diffusion-modified/results/node_saliency/minesweeper/BundleSheaf/normalised-false/stalk_dim-5/6-layers/16-hidden/500-epochs/checkpoints/best-epoch/BundleSheaf_minesweeper_fold0_seed43.pt
Saved training args to /home/fguadagn/FMG_Master_Thesis/neural-sheaf-diffusion-modified/results/model_weights/minesweeper/BundleSheaf/normalised-false/stalk_dim-5/6-layers/16-hidden/500-epochs/training_args.json
Saved model weights to /home/fguadagn/FMG_Master_Thesis/neural-sheaf-diffusion-modified/results/model_weights/minesweeper/BundleSheaf/normalised-false/stalk_dim-5/6-layers/16-hidden/500-epochs/checkpoints/best-epoch/BundleSheaf_minesweeper_fold0_seed43.pth
Saved fold masks to /home/fguadagn/FMG_Master_Thesis/neural-sheaf-diffusion-modified/results/model_weights/minesweeper/BundleSheaf/normalised-false/stalk_dim-5/6-layers/16-hidden/500-epochs/checkpoints/best-epoch/BundleSheaf_minesweeper_fold0_seed43_masks.pt
Saved best-epoch model weights and masks (epoch 423) to checkpoints/best-epoch/
Updated best_epochs.json: fold_0 -> epoch 423
Saved node norms to /home/fguadagn/FMG_Master_Thesis/neural-sheaf-diffusion-modified/results/node_norms/minesweeper/BundleSheaf/normalised-false/stalk_dim-5/6-layers/16-hidden/500-epochs/BundleSheaf_minesweeper_fold0_seed43.pt
Saved node predictions to /home/fguadagn/FMG_Master_Thesis/neural-sheaf-diffusion-modified/results/node_preds/minesweeper/BundleSheaf/normalised-false/stalk_dim-5/6-layers/16-hidden/500-epochs/BundleSheaf_minesweeper_fold0_seed43.pt
Saved confidence to /home/fguadagn/FMG_Master_Thesis/neural-sheaf-diffusion-modified/results/node_conf/minesweeper/BundleSheaf/normalised-false/stalk_dim-5/6-layers/16-hidden/500-epochs/BundleSheaf_minesweeper_fold0_seed43.pt
Saved per-node accuracy to /home/fguadagn/FMG_Master_Thesis/neural-sheaf-diffusion-modified/results/node_accuracy/minesweeper/BundleSheaf/normalised-false/stalk_dim-5/6-layers/16-hidden/500-epochs/BundleSheaf_minesweeper_fold0_seed43.pt
Saved saliency to /home/fguadagn/FMG_Master_Thesis/neural-sheaf-diffusion-modified/results/node_saliency/minesweeper/BundleSheaf/normalised-false/stalk_dim-5/6-layers/16-hidden/500-epochs/BundleSheaf_minesweeper_fold0_seed43.pt
Saved node norms to /home/fguadagn/FMG_Master_Thesis/neural-sheaf-diffusion-modified/results/node_norms/minesweeper/BundleSheaf/normalised-false/stalk_dim-5/6-layers/16-hidden/500-epochs/checkpoints/epoch-0/BundleSheaf_minesweeper_fold1_seed43.pt
Saved confidence to /home/fguadagn/FMG_Master_Thesis/neural-sheaf-diffusion-modified/results/node_conf/minesweeper/BundleSheaf/normalised-false/stalk_dim-5/6-layers/16-hidden/500-epochs/checkpoints/epoch-0/BundleSheaf_minesweeper_fold1_seed43.pt
Saved per-node accuracy to /home/fguadagn/FMG_Master_Thesis/neural-sheaf-diffusion-modified/results/node_accuracy/minesweeper/BundleSheaf/normalised-false/stalk_dim-5/6-layers/16-hidden/500-epochs/checkpoints/epoch-0/BundleSheaf_minesweeper_fold1_seed43.pt
Saved saliency to /home/fguadagn/FMG_Master_Thesis/neural-sheaf-diffusion-modified/results/node_saliency/minesweeper/BundleSheaf/normalised-false/stalk_dim-5/6-layers/16-hidden/500-epochs/checkpoints/epoch-0/BundleSheaf_minesweeper_fold1_seed43.pt
Saved node norms to /home/fguadagn/FMG_Master_Thesis/neural-sheaf-diffusion-modified/results/node_norms/minesweeper/BundleSheaf/normalised-false/stalk_dim-5/6-layers/16-hidden/500-epochs/checkpoints/epoch-1/BundleSheaf_minesweeper_fold1_seed43.pt
Saved confidence to /home/fguadagn/FMG_Master_Thesis/neural-sheaf-diffusion-modified/results/node_conf/minesweeper/BundleSheaf/normalised-false/stalk_dim-5/6-layers/16-hidden/500-epochs/checkpoints/epoch-1/BundleSheaf_minesweeper_fold1_seed43.pt
Saved per-node accuracy to /home/fguadagn/FMG_Master_Thesis/neural-sheaf-diffusion-modified/results/node_accuracy/minesweeper/BundleSheaf/normalised-false/stalk_dim-5/6-layers/16-hidden/500-epochs/checkpoints/epoch-1/BundleSheaf_minesweeper_fold1_seed43.pt
Saved saliency to /home/fguadagn/FMG_Master_Thesis/neural-sheaf-diffusion-modified/results/node_saliency/minesweeper/BundleSheaf/normalised-false/stalk_dim-5/6-layers/16-hidden/500-epochs/checkpoints/epoch-1/BundleSheaf_minesweeper_fold1_seed43.pt
Saved node norms to /home/fguadagn/FMG_Master_Thesis/neural-sheaf-diffusion-modified/results/node_norms/minesweeper/BundleSheaf/normalised-false/stalk_dim-5/6-layers/16-hidden/500-epochs/checkpoints/epoch-5/BundleSheaf_minesweeper_fold1_seed43.pt
Saved confidence to /home/fguadagn/FMG_Master_Thesis/neural-sheaf-diffusion-modified/results/node_conf/minesweeper/BundleSheaf/normalised-false/stalk_dim-5/6-layers/16-hidden/500-epochs/checkpoints/epoch-5/BundleSheaf_minesweeper_fold1_seed43.pt
Saved per-node accuracy to /home/fguadagn/FMG_Master_Thesis/neural-sheaf-diffusion-modified/results/node_accuracy/minesweeper/BundleSheaf/normalised-false/stalk_dim-5/6-layers/16-hidden/500-epochs/checkpoints/epoch-5/BundleSheaf_minesweeper_fold1_seed43.pt
Saved saliency to /home/fguadagn/FMG_Master_Thesis/neural-sheaf-diffusion-modified/results/node_saliency/minesweeper/BundleSheaf/normalised-false/stalk_dim-5/6-layers/16-hidden/500-epochs/checkpoints/epoch-5/BundleSheaf_minesweeper_fold1_seed43.pt
Saved node norms to /home/fguadagn/FMG_Master_Thesis/neural-sheaf-diffusion-modified/results/node_norms/minesweeper/BundleSheaf/normalised-false/stalk_dim-5/6-layers/16-hidden/500-epochs/checkpoints/epoch-15/BundleSheaf_minesweeper_fold1_seed43.pt
Saved confidence to /home/fguadagn/FMG_Master_Thesis/neural-sheaf-diffusion-modified/results/node_conf/minesweeper/BundleSheaf/normalised-false/stalk_dim-5/6-layers/16-hidden/500-epochs/checkpoints/epoch-15/BundleSheaf_minesweeper_fold1_seed43.pt
Saved per-node accuracy to /home/fguadagn/FMG_Master_Thesis/neural-sheaf-diffusion-modified/results/node_accuracy/minesweeper/BundleSheaf/normalised-false/stalk_dim-5/6-layers/16-hidden/500-epochs/checkpoints/epoch-15/BundleSheaf_minesweeper_fold1_seed43.pt
Saved saliency to /home/fguadagn/FMG_Master_Thesis/neural-sheaf-diffusion-modified/results/node_saliency/minesweeper/BundleSheaf/normalised-false/stalk_dim-5/6-layers/16-hidden/500-epochs/checkpoints/epoch-15/BundleSheaf_minesweeper_fold1_seed43.pt
Saved node norms to /home/fguadagn/FMG_Master_Thesis/neural-sheaf-diffusion-modified/results/node_norms/minesweeper/BundleSheaf/normalised-false/stalk_dim-5/6-layers/16-hidden/500-epochs/checkpoints/epoch-50/BundleSheaf_minesweeper_fold1_seed43.pt
Saved confidence to /home/fguadagn/FMG_Master_Thesis/neural-sheaf-diffusion-modified/results/node_conf/minesweeper/BundleSheaf/normalised-false/stalk_dim-5/6-layers/16-hidden/500-epochs/checkpoints/epoch-50/BundleSheaf_minesweeper_fold1_seed43.pt
Saved per-node accuracy to /home/fguadagn/FMG_Master_Thesis/neural-sheaf-diffusion-modified/results/node_accuracy/minesweeper/BundleSheaf/normalised-false/stalk_dim-5/6-layers/16-hidden/500-epochs/checkpoints/epoch-50/BundleSheaf_minesweeper_fold1_seed43.pt
Saved saliency to /home/fguadagn/FMG_Master_Thesis/neural-sheaf-diffusion-modified/results/node_saliency/minesweeper/BundleSheaf/normalised-false/stalk_dim-5/6-layers/16-hidden/500-epochs/checkpoints/epoch-50/BundleSheaf_minesweeper_fold1_seed43.pt
Saved node norms to /home/fguadagn/FMG_Master_Thesis/neural-sheaf-diffusion-modified/results/node_norms/minesweeper/BundleSheaf/normalised-false/stalk_dim-5/6-layers/16-hidden/500-epochs/checkpoints/epoch-200/BundleSheaf_minesweeper_fold1_seed43.pt
Saved confidence to /home/fguadagn/FMG_Master_Thesis/neural-sheaf-diffusion-modified/results/node_conf/minesweeper/BundleSheaf/normalised-false/stalk_dim-5/6-layers/16-hidden/500-epochs/checkpoints/epoch-200/BundleSheaf_minesweeper_fold1_seed43.pt
Saved per-node accuracy to /home/fguadagn/FMG_Master_Thesis/neural-sheaf-diffusion-modified/results/node_accuracy/minesweeper/BundleSheaf/normalised-false/stalk_dim-5/6-layers/16-hidden/500-epochs/checkpoints/epoch-200/BundleSheaf_minesweeper_fold1_seed43.pt
Saved saliency to /home/fguadagn/FMG_Master_Thesis/neural-sheaf-diffusion-modified/results/node_saliency/minesweeper/BundleSheaf/normalised-false/stalk_dim-5/6-layers/16-hidden/500-epochs/checkpoints/epoch-200/BundleSheaf_minesweeper_fold1_seed43.pt
Fold 1 | Epochs: 499 | Best epoch: 483
Test acc (best epoch): 0.7820
Test acc (last epoch): 0.7980
Best val acc: 0.7940
Test AUC (best epoch): 0.5211
Test AUC (last epoch): 0.4331
Laplacian 0: Max: 0.9688, Min: -1.0000, Avg: -0.0633, Abs avg: 0.3221
Laplacian 1: Max: 0.9995, Min: -1.0000, Avg: -0.0988, Abs avg: 0.3190
Laplacian 2: Max: 1.0000, Min: -1.0000, Avg: -0.1192, Abs avg: 0.2688
Laplacian 3: Max: 0.9999, Min: -1.0000, Avg: -0.0858, Abs avg: 0.2871
Laplacian 4: Max: 1.0000, Min: -1.0000, Avg: -0.0586, Abs avg: 0.2963
Laplacian 5: Max: 0.6666, Min: -1.0000, Avg: -0.1810, Abs avg: 0.2761
Epsilons 0: [ 0.06  -0.048  0.049 -0.086 -0.025]
Epsilons 1: [ 0.007 -0.064 -0.019 -0.088 -0.017]
Epsilons 2: [-0.031  0.066 -0.07   0.007 -0.039]
Epsilons 3: [-0.073  0.071 -0.052  0.044  0.057]
Epsilons 4: [-0.094 -0.163 -0.298 -0.16  -0.197]
Epsilons 5: [-0.757 -0.549 -0.907 -0.699 -0.75 ]
Saved node norms to /home/fguadagn/FMG_Master_Thesis/neural-sheaf-diffusion-modified/results/node_norms/minesweeper/BundleSheaf/normalised-false/stalk_dim-5/6-layers/16-hidden/500-epochs/checkpoints/best-epoch/BundleSheaf_minesweeper_fold1_seed43.pt
Saved best-epoch node norms (epoch 483) to checkpoints/best-epoch/
Saved confidence to /home/fguadagn/FMG_Master_Thesis/neural-sheaf-diffusion-modified/results/node_conf/minesweeper/BundleSheaf/normalised-false/stalk_dim-5/6-layers/16-hidden/500-epochs/checkpoints/best-epoch/BundleSheaf_minesweeper_fold1_seed43.pt
Saved per-node accuracy to /home/fguadagn/FMG_Master_Thesis/neural-sheaf-diffusion-modified/results/node_accuracy/minesweeper/BundleSheaf/normalised-false/stalk_dim-5/6-layers/16-hidden/500-epochs/checkpoints/best-epoch/BundleSheaf_minesweeper_fold1_seed43.pt
Saved saliency to /home/fguadagn/FMG_Master_Thesis/neural-sheaf-diffusion-modified/results/node_saliency/minesweeper/BundleSheaf/normalised-false/stalk_dim-5/6-layers/16-hidden/500-epochs/checkpoints/best-epoch/BundleSheaf_minesweeper_fold1_seed43.pt
Saved model weights to /home/fguadagn/FMG_Master_Thesis/neural-sheaf-diffusion-modified/results/model_weights/minesweeper/BundleSheaf/normalised-false/stalk_dim-5/6-layers/16-hidden/500-epochs/checkpoints/best-epoch/BundleSheaf_minesweeper_fold1_seed43.pth
Saved fold masks to /home/fguadagn/FMG_Master_Thesis/neural-sheaf-diffusion-modified/results/model_weights/minesweeper/BundleSheaf/normalised-false/stalk_dim-5/6-layers/16-hidden/500-epochs/checkpoints/best-epoch/BundleSheaf_minesweeper_fold1_seed43_masks.pt
Saved best-epoch model weights and masks (epoch 483) to checkpoints/best-epoch/
Updated best_epochs.json: fold_1 -> epoch 483
Saved node norms to /home/fguadagn/FMG_Master_Thesis/neural-sheaf-diffusion-modified/results/node_norms/minesweeper/BundleSheaf/normalised-false/stalk_dim-5/6-layers/16-hidden/500-epochs/BundleSheaf_minesweeper_fold1_seed43.pt
Saved node predictions to /home/fguadagn/FMG_Master_Thesis/neural-sheaf-diffusion-modified/results/node_preds/minesweeper/BundleSheaf/normalised-false/stalk_dim-5/6-layers/16-hidden/500-epochs/BundleSheaf_minesweeper_fold1_seed43.pt
Saved confidence to /home/fguadagn/FMG_Master_Thesis/neural-sheaf-diffusion-modified/results/node_conf/minesweeper/BundleSheaf/normalised-false/stalk_dim-5/6-layers/16-hidden/500-epochs/BundleSheaf_minesweeper_fold1_seed43.pt
Saved per-node accuracy to /home/fguadagn/FMG_Master_Thesis/neural-sheaf-diffusion-modified/results/node_accuracy/minesweeper/BundleSheaf/normalised-false/stalk_dim-5/6-layers/16-hidden/500-epochs/BundleSheaf_minesweeper_fold1_seed43.pt
Saved saliency to /home/fguadagn/FMG_Master_Thesis/neural-sheaf-diffusion-modified/results/node_saliency/minesweeper/BundleSheaf/normalised-false/stalk_dim-5/6-layers/16-hidden/500-epochs/BundleSheaf_minesweeper_fold1_seed43.pt
Saved node norms to /home/fguadagn/FMG_Master_Thesis/neural-sheaf-diffusion-modified/results/node_norms/minesweeper/BundleSheaf/normalised-false/stalk_dim-5/6-layers/16-hidden/500-epochs/checkpoints/epoch-0/BundleSheaf_minesweeper_fold2_seed43.pt
Saved confidence to /home/fguadagn/FMG_Master_Thesis/neural-sheaf-diffusion-modified/results/node_conf/minesweeper/BundleSheaf/normalised-false/stalk_dim-5/6-layers/16-hidden/500-epochs/checkpoints/epoch-0/BundleSheaf_minesweeper_fold2_seed43.pt
Saved per-node accuracy to /home/fguadagn/FMG_Master_Thesis/neural-sheaf-diffusion-modified/results/node_accuracy/minesweeper/BundleSheaf/normalised-false/stalk_dim-5/6-layers/16-hidden/500-epochs/checkpoints/epoch-0/BundleSheaf_minesweeper_fold2_seed43.pt
Saved saliency to /home/fguadagn/FMG_Master_Thesis/neural-sheaf-diffusion-modified/results/node_saliency/minesweeper/BundleSheaf/normalised-false/stalk_dim-5/6-layers/16-hidden/500-epochs/checkpoints/epoch-0/BundleSheaf_minesweeper_fold2_seed43.pt
Saved node norms to /home/fguadagn/FMG_Master_Thesis/neural-sheaf-diffusion-modified/results/node_norms/minesweeper/BundleSheaf/normalised-false/stalk_dim-5/6-layers/16-hidden/500-epochs/checkpoints/epoch-1/BundleSheaf_minesweeper_fold2_seed43.pt
Saved confidence to /home/fguadagn/FMG_Master_Thesis/neural-sheaf-diffusion-modified/results/node_conf/minesweeper/BundleSheaf/normalised-false/stalk_dim-5/6-layers/16-hidden/500-epochs/checkpoints/epoch-1/BundleSheaf_minesweeper_fold2_seed43.pt
Saved per-node accuracy to /home/fguadagn/FMG_Master_Thesis/neural-sheaf-diffusion-modified/results/node_accuracy/minesweeper/BundleSheaf/normalised-false/stalk_dim-5/6-layers/16-hidden/500-epochs/checkpoints/epoch-1/BundleSheaf_minesweeper_fold2_seed43.pt
Saved saliency to /home/fguadagn/FMG_Master_Thesis/neural-sheaf-diffusion-modified/results/node_saliency/minesweeper/BundleSheaf/normalised-false/stalk_dim-5/6-layers/16-hidden/500-epochs/checkpoints/epoch-1/BundleSheaf_minesweeper_fold2_seed43.pt
Saved node norms to /home/fguadagn/FMG_Master_Thesis/neural-sheaf-diffusion-modified/results/node_norms/minesweeper/BundleSheaf/normalised-false/stalk_dim-5/6-layers/16-hidden/500-epochs/checkpoints/epoch-5/BundleSheaf_minesweeper_fold2_seed43.pt
Saved confidence to /home/fguadagn/FMG_Master_Thesis/neural-sheaf-diffusion-modified/results/node_conf/minesweeper/BundleSheaf/normalised-false/stalk_dim-5/6-layers/16-hidden/500-epochs/checkpoints/epoch-5/BundleSheaf_minesweeper_fold2_seed43.pt
Saved per-node accuracy to /home/fguadagn/FMG_Master_Thesis/neural-sheaf-diffusion-modified/results/node_accuracy/minesweeper/BundleSheaf/normalised-false/stalk_dim-5/6-layers/16-hidden/500-epochs/checkpoints/epoch-5/BundleSheaf_minesweeper_fold2_seed43.pt
Saved saliency to /home/fguadagn/FMG_Master_Thesis/neural-sheaf-diffusion-modified/results/node_saliency/minesweeper/BundleSheaf/normalised-false/stalk_dim-5/6-layers/16-hidden/500-epochs/checkpoints/epoch-5/BundleSheaf_minesweeper_fold2_seed43.pt
Saved node norms to /home/fguadagn/FMG_Master_Thesis/neural-sheaf-diffusion-modified/results/node_norms/minesweeper/BundleSheaf/normalised-false/stalk_dim-5/6-layers/16-hidden/500-epochs/checkpoints/epoch-15/BundleSheaf_minesweeper_fold2_seed43.pt
Saved confidence to /home/fguadagn/FMG_Master_Thesis/neural-sheaf-diffusion-modified/results/node_conf/minesweeper/BundleSheaf/normalised-false/stalk_dim-5/6-layers/16-hidden/500-epochs/checkpoints/epoch-15/BundleSheaf_minesweeper_fold2_seed43.pt
Saved per-node accuracy to /home/fguadagn/FMG_Master_Thesis/neural-sheaf-diffusion-modified/results/node_accuracy/minesweeper/BundleSheaf/normalised-false/stalk_dim-5/6-layers/16-hidden/500-epochs/checkpoints/epoch-15/BundleSheaf_minesweeper_fold2_seed43.pt
Saved saliency to /home/fguadagn/FMG_Master_Thesis/neural-sheaf-diffusion-modified/results/node_saliency/minesweeper/BundleSheaf/normalised-false/stalk_dim-5/6-layers/16-hidden/500-epochs/checkpoints/epoch-15/BundleSheaf_minesweeper_fold2_seed43.pt
Saved node norms to /home/fguadagn/FMG_Master_Thesis/neural-sheaf-diffusion-modified/results/node_norms/minesweeper/BundleSheaf/normalised-false/stalk_dim-5/6-layers/16-hidden/500-epochs/checkpoints/epoch-50/BundleSheaf_minesweeper_fold2_seed43.pt
Saved confidence to /home/fguadagn/FMG_Master_Thesis/neural-sheaf-diffusion-modified/results/node_conf/minesweeper/BundleSheaf/normalised-false/stalk_dim-5/6-layers/16-hidden/500-epochs/checkpoints/epoch-50/BundleSheaf_minesweeper_fold2_seed43.pt
Saved per-node accuracy to /home/fguadagn/FMG_Master_Thesis/neural-sheaf-diffusion-modified/results/node_accuracy/minesweeper/BundleSheaf/normalised-false/stalk_dim-5/6-layers/16-hidden/500-epochs/checkpoints/epoch-50/BundleSheaf_minesweeper_fold2_seed43.pt
Saved saliency to /home/fguadagn/FMG_Master_Thesis/neural-sheaf-diffusion-modified/results/node_saliency/minesweeper/BundleSheaf/normalised-false/stalk_dim-5/6-layers/16-hidden/500-epochs/checkpoints/epoch-50/BundleSheaf_minesweeper_fold2_seed43.pt
Saved node norms to /home/fguadagn/FMG_Master_Thesis/neural-sheaf-diffusion-modified/results/node_norms/minesweeper/BundleSheaf/normalised-false/stalk_dim-5/6-layers/16-hidden/500-epochs/checkpoints/epoch-200/BundleSheaf_minesweeper_fold2_seed43.pt
Saved confidence to /home/fguadagn/FMG_Master_Thesis/neural-sheaf-diffusion-modified/results/node_conf/minesweeper/BundleSheaf/normalised-false/stalk_dim-5/6-layers/16-hidden/500-epochs/checkpoints/epoch-200/BundleSheaf_minesweeper_fold2_seed43.pt
Saved per-node accuracy to /home/fguadagn/FMG_Master_Thesis/neural-sheaf-diffusion-modified/results/node_accuracy/minesweeper/BundleSheaf/normalised-false/stalk_dim-5/6-layers/16-hidden/500-epochs/checkpoints/epoch-200/BundleSheaf_minesweeper_fold2_seed43.pt
Saved saliency to /home/fguadagn/FMG_Master_Thesis/neural-sheaf-diffusion-modified/results/node_saliency/minesweeper/BundleSheaf/normalised-false/stalk_dim-5/6-layers/16-hidden/500-epochs/checkpoints/epoch-200/BundleSheaf_minesweeper_fold2_seed43.pt
Fold 2 | Epochs: 499 | Best epoch: 396
Test acc (best epoch): 0.7835
Test acc (last epoch): 0.4720
Best val acc: 0.7605
Test AUC (best epoch): 0.6418
Test AUC (last epoch): 0.5926
Laplacian 0: Max: 0.9221, Min: -1.0000, Avg: -0.1289, Abs avg: 0.3167
Laplacian 1: Max: 0.9993, Min: -1.0000, Avg: -0.0892, Abs avg: 0.3343
Laplacian 2: Max: 0.9970, Min: -1.0000, Avg: -0.1185, Abs avg: 0.2642
Laplacian 3: Max: 0.8889, Min: -1.0000, Avg: -0.1943, Abs avg: 0.2035
Laplacian 4: Max: 0.8889, Min: -1.0000, Avg: -0.1855, Abs avg: 0.2725
Laplacian 5: Max: 1.0000, Min: -1.0000, Avg: -0.0567, Abs avg: 0.2903
Epsilons 0: [-0.064  0.051  0.066 -0.035  0.107]
Epsilons 1: [-0.052  0.056  0.06  -0.057  0.063]
Epsilons 2: [ 0.062  0.075 -0.053 -0.058 -0.051]
Epsilons 3: [ 0.025  0.069  0.068 -0.059  0.074]
Epsilons 4: [-0.313 -0.144 -0.    -0.128 -0.166]
Epsilons 5: [-0.818 -1.14  -1.221 -0.709 -0.947]
Saved node norms to /home/fguadagn/FMG_Master_Thesis/neural-sheaf-diffusion-modified/results/node_norms/minesweeper/BundleSheaf/normalised-false/stalk_dim-5/6-layers/16-hidden/500-epochs/checkpoints/best-epoch/BundleSheaf_minesweeper_fold2_seed43.pt
Saved best-epoch node norms (epoch 396) to checkpoints/best-epoch/
Saved confidence to /home/fguadagn/FMG_Master_Thesis/neural-sheaf-diffusion-modified/results/node_conf/minesweeper/BundleSheaf/normalised-false/stalk_dim-5/6-layers/16-hidden/500-epochs/checkpoints/best-epoch/BundleSheaf_minesweeper_fold2_seed43.pt
Saved per-node accuracy to /home/fguadagn/FMG_Master_Thesis/neural-sheaf-diffusion-modified/results/node_accuracy/minesweeper/BundleSheaf/normalised-false/stalk_dim-5/6-layers/16-hidden/500-epochs/checkpoints/best-epoch/BundleSheaf_minesweeper_fold2_seed43.pt
Saved saliency to /home/fguadagn/FMG_Master_Thesis/neural-sheaf-diffusion-modified/results/node_saliency/minesweeper/BundleSheaf/normalised-false/stalk_dim-5/6-layers/16-hidden/500-epochs/checkpoints/best-epoch/BundleSheaf_minesweeper_fold2_seed43.pt
Saved model weights to /home/fguadagn/FMG_Master_Thesis/neural-sheaf-diffusion-modified/results/model_weights/minesweeper/BundleSheaf/normalised-false/stalk_dim-5/6-layers/16-hidden/500-epochs/checkpoints/best-epoch/BundleSheaf_minesweeper_fold2_seed43.pth
Saved fold masks to /home/fguadagn/FMG_Master_Thesis/neural-sheaf-diffusion-modified/results/model_weights/minesweeper/BundleSheaf/normalised-false/stalk_dim-5/6-layers/16-hidden/500-epochs/checkpoints/best-epoch/BundleSheaf_minesweeper_fold2_seed43_masks.pt
Saved best-epoch model weights and masks (epoch 396) to checkpoints/best-epoch/
Updated best_epochs.json: fold_2 -> epoch 396
Saved node norms to /home/fguadagn/FMG_Master_Thesis/neural-sheaf-diffusion-modified/results/node_norms/minesweeper/BundleSheaf/normalised-false/stalk_dim-5/6-layers/16-hidden/500-epochs/BundleSheaf_minesweeper_fold2_seed43.pt
Saved node predictions to /home/fguadagn/FMG_Master_Thesis/neural-sheaf-diffusion-modified/results/node_preds/minesweeper/BundleSheaf/normalised-false/stalk_dim-5/6-layers/16-hidden/500-epochs/BundleSheaf_minesweeper_fold2_seed43.pt
Saved confidence to /home/fguadagn/FMG_Master_Thesis/neural-sheaf-diffusion-modified/results/node_conf/minesweeper/BundleSheaf/normalised-false/stalk_dim-5/6-layers/16-hidden/500-epochs/BundleSheaf_minesweeper_fold2_seed43.pt
Saved per-node accuracy to /home/fguadagn/FMG_Master_Thesis/neural-sheaf-diffusion-modified/results/node_accuracy/minesweeper/BundleSheaf/normalised-false/stalk_dim-5/6-layers/16-hidden/500-epochs/BundleSheaf_minesweeper_fold2_seed43.pt
Saved saliency to /home/fguadagn/FMG_Master_Thesis/neural-sheaf-diffusion-modified/results/node_saliency/minesweeper/BundleSheaf/normalised-false/stalk_dim-5/6-layers/16-hidden/500-epochs/BundleSheaf_minesweeper_fold2_seed43.pt
Saved node norms to /home/fguadagn/FMG_Master_Thesis/neural-sheaf-diffusion-modified/results/node_norms/minesweeper/BundleSheaf/normalised-false/stalk_dim-5/6-layers/16-hidden/500-epochs/checkpoints/epoch-0/BundleSheaf_minesweeper_fold3_seed43.pt
Saved confidence to /home/fguadagn/FMG_Master_Thesis/neural-sheaf-diffusion-modified/results/node_conf/minesweeper/BundleSheaf/normalised-false/stalk_dim-5/6-layers/16-hidden/500-epochs/checkpoints/epoch-0/BundleSheaf_minesweeper_fold3_seed43.pt
Saved per-node accuracy to /home/fguadagn/FMG_Master_Thesis/neural-sheaf-diffusion-modified/results/node_accuracy/minesweeper/BundleSheaf/normalised-false/stalk_dim-5/6-layers/16-hidden/500-epochs/checkpoints/epoch-0/BundleSheaf_minesweeper_fold3_seed43.pt
Saved saliency to /home/fguadagn/FMG_Master_Thesis/neural-sheaf-diffusion-modified/results/node_saliency/minesweeper/BundleSheaf/normalised-false/stalk_dim-5/6-layers/16-hidden/500-epochs/checkpoints/epoch-0/BundleSheaf_minesweeper_fold3_seed43.pt
Saved node norms to /home/fguadagn/FMG_Master_Thesis/neural-sheaf-diffusion-modified/results/node_norms/minesweeper/BundleSheaf/normalised-false/stalk_dim-5/6-layers/16-hidden/500-epochs/checkpoints/epoch-1/BundleSheaf_minesweeper_fold3_seed43.pt
Saved confidence to /home/fguadagn/FMG_Master_Thesis/neural-sheaf-diffusion-modified/results/node_conf/minesweeper/BundleSheaf/normalised-false/stalk_dim-5/6-layers/16-hidden/500-epochs/checkpoints/epoch-1/BundleSheaf_minesweeper_fold3_seed43.pt
Saved per-node accuracy to /home/fguadagn/FMG_Master_Thesis/neural-sheaf-diffusion-modified/results/node_accuracy/minesweeper/BundleSheaf/normalised-false/stalk_dim-5/6-layers/16-hidden/500-epochs/checkpoints/epoch-1/BundleSheaf_minesweeper_fold3_seed43.pt
Saved saliency to /home/fguadagn/FMG_Master_Thesis/neural-sheaf-diffusion-modified/results/node_saliency/minesweeper/BundleSheaf/normalised-false/stalk_dim-5/6-layers/16-hidden/500-epochs/checkpoints/epoch-1/BundleSheaf_minesweeper_fold3_seed43.pt
Saved node norms to /home/fguadagn/FMG_Master_Thesis/neural-sheaf-diffusion-modified/results/node_norms/minesweeper/BundleSheaf/normalised-false/stalk_dim-5/6-layers/16-hidden/500-epochs/checkpoints/epoch-5/BundleSheaf_minesweeper_fold3_seed43.pt
Saved confidence to /home/fguadagn/FMG_Master_Thesis/neural-sheaf-diffusion-modified/results/node_conf/minesweeper/BundleSheaf/normalised-false/stalk_dim-5/6-layers/16-hidden/500-epochs/checkpoints/epoch-5/BundleSheaf_minesweeper_fold3_seed43.pt
Saved per-node accuracy to /home/fguadagn/FMG_Master_Thesis/neural-sheaf-diffusion-modified/results/node_accuracy/minesweeper/BundleSheaf/normalised-false/stalk_dim-5/6-layers/16-hidden/500-epochs/checkpoints/epoch-5/BundleSheaf_minesweeper_fold3_seed43.pt
Saved saliency to /home/fguadagn/FMG_Master_Thesis/neural-sheaf-diffusion-modified/results/node_saliency/minesweeper/BundleSheaf/normalised-false/stalk_dim-5/6-layers/16-hidden/500-epochs/checkpoints/epoch-5/BundleSheaf_minesweeper_fold3_seed43.pt
Saved node norms to /home/fguadagn/FMG_Master_Thesis/neural-sheaf-diffusion-modified/results/node_norms/minesweeper/BundleSheaf/normalised-false/stalk_dim-5/6-layers/16-hidden/500-epochs/checkpoints/epoch-15/BundleSheaf_minesweeper_fold3_seed43.pt
Saved confidence to /home/fguadagn/FMG_Master_Thesis/neural-sheaf-diffusion-modified/results/node_conf/minesweeper/BundleSheaf/normalised-false/stalk_dim-5/6-layers/16-hidden/500-epochs/checkpoints/epoch-15/BundleSheaf_minesweeper_fold3_seed43.pt
Saved per-node accuracy to /home/fguadagn/FMG_Master_Thesis/neural-sheaf-diffusion-modified/results/node_accuracy/minesweeper/BundleSheaf/normalised-false/stalk_dim-5/6-layers/16-hidden/500-epochs/checkpoints/epoch-15/BundleSheaf_minesweeper_fold3_seed43.pt
Saved saliency to /home/fguadagn/FMG_Master_Thesis/neural-sheaf-diffusion-modified/results/node_saliency/minesweeper/BundleSheaf/normalised-false/stalk_dim-5/6-layers/16-hidden/500-epochs/checkpoints/epoch-15/BundleSheaf_minesweeper_fold3_seed43.pt
Saved node norms to /home/fguadagn/FMG_Master_Thesis/neural-sheaf-diffusion-modified/results/node_norms/minesweeper/BundleSheaf/normalised-false/stalk_dim-5/6-layers/16-hidden/500-epochs/checkpoints/epoch-50/BundleSheaf_minesweeper_fold3_seed43.pt
Saved confidence to /home/fguadagn/FMG_Master_Thesis/neural-sheaf-diffusion-modified/results/node_conf/minesweeper/BundleSheaf/normalised-false/stalk_dim-5/6-layers/16-hidden/500-epochs/checkpoints/epoch-50/BundleSheaf_minesweeper_fold3_seed43.pt
Saved per-node accuracy to /home/fguadagn/FMG_Master_Thesis/neural-sheaf-diffusion-modified/results/node_accuracy/minesweeper/BundleSheaf/normalised-false/stalk_dim-5/6-layers/16-hidden/500-epochs/checkpoints/epoch-50/BundleSheaf_minesweeper_fold3_seed43.pt
Saved saliency to /home/fguadagn/FMG_Master_Thesis/neural-sheaf-diffusion-modified/results/node_saliency/minesweeper/BundleSheaf/normalised-false/stalk_dim-5/6-layers/16-hidden/500-epochs/checkpoints/epoch-50/BundleSheaf_minesweeper_fold3_seed43.pt
Saved node norms to /home/fguadagn/FMG_Master_Thesis/neural-sheaf-diffusion-modified/results/node_norms/minesweeper/BundleSheaf/normalised-false/stalk_dim-5/6-layers/16-hidden/500-epochs/checkpoints/epoch-200/BundleSheaf_minesweeper_fold3_seed43.pt
Saved confidence to /home/fguadagn/FMG_Master_Thesis/neural-sheaf-diffusion-modified/results/node_conf/minesweeper/BundleSheaf/normalised-false/stalk_dim-5/6-layers/16-hidden/500-epochs/checkpoints/epoch-200/BundleSheaf_minesweeper_fold3_seed43.pt
Saved per-node accuracy to /home/fguadagn/FMG_Master_Thesis/neural-sheaf-diffusion-modified/results/node_accuracy/minesweeper/BundleSheaf/normalised-false/stalk_dim-5/6-layers/16-hidden/500-epochs/checkpoints/epoch-200/BundleSheaf_minesweeper_fold3_seed43.pt
Saved saliency to /home/fguadagn/FMG_Master_Thesis/neural-sheaf-diffusion-modified/results/node_saliency/minesweeper/BundleSheaf/normalised-false/stalk_dim-5/6-layers/16-hidden/500-epochs/checkpoints/epoch-200/BundleSheaf_minesweeper_fold3_seed43.pt
Fold 3 | Epochs: 499 | Best epoch: 431
Test acc (best epoch): 0.7605
Test acc (last epoch): 0.2770
Best val acc: 0.7700
Test AUC (best epoch): 0.4953
Test AUC (last epoch): 0.5857
Laplacian 0: Max: 0.9246, Min: -1.0000, Avg: -0.0685, Abs avg: 0.3245
Laplacian 1: Max: 0.9988, Min: -1.0000, Avg: -0.1144, Abs avg: 0.3207
Laplacian 2: Max: 0.9791, Min: -1.0000, Avg: -0.1570, Abs avg: 0.3093
Laplacian 3: Max: 1.0000, Min: -1.0000, Avg: -0.1895, Abs avg: 0.2680
Laplacian 4: Max: 0.9554, Min: -1.0000, Avg: -0.1303, Abs avg: 0.2887
Laplacian 5: Max: 1.0000, Min: -1.0000, Avg: -0.0252, Abs avg: 0.2937
Epsilons 0: [-0.055  0.052  0.025 -0.102 -0.066]
Epsilons 1: [-0.038  0.039 -0.023 -0.062 -0.055]
Epsilons 2: [ 0.111 -0.022  0.054 -0.06   0.005]
Epsilons 3: [ 0.014 -0.114 -0.105 -0.005 -0.038]
Epsilons 4: [-0.163 -0.054 -0.126 -0.119 -0.062]
Epsilons 5: [-0.882 -0.891 -0.745 -0.696 -1.04 ]
Saved node norms to /home/fguadagn/FMG_Master_Thesis/neural-sheaf-diffusion-modified/results/node_norms/minesweeper/BundleSheaf/normalised-false/stalk_dim-5/6-layers/16-hidden/500-epochs/checkpoints/best-epoch/BundleSheaf_minesweeper_fold3_seed43.pt
Saved best-epoch node norms (epoch 431) to checkpoints/best-epoch/
Saved confidence to /home/fguadagn/FMG_Master_Thesis/neural-sheaf-diffusion-modified/results/node_conf/minesweeper/BundleSheaf/normalised-false/stalk_dim-5/6-layers/16-hidden/500-epochs/checkpoints/best-epoch/BundleSheaf_minesweeper_fold3_seed43.pt
Saved per-node accuracy to /home/fguadagn/FMG_Master_Thesis/neural-sheaf-diffusion-modified/results/node_accuracy/minesweeper/BundleSheaf/normalised-false/stalk_dim-5/6-layers/16-hidden/500-epochs/checkpoints/best-epoch/BundleSheaf_minesweeper_fold3_seed43.pt
Saved saliency to /home/fguadagn/FMG_Master_Thesis/neural-sheaf-diffusion-modified/results/node_saliency/minesweeper/BundleSheaf/normalised-false/stalk_dim-5/6-layers/16-hidden/500-epochs/checkpoints/best-epoch/BundleSheaf_minesweeper_fold3_seed43.pt
Saved model weights to /home/fguadagn/FMG_Master_Thesis/neural-sheaf-diffusion-modified/results/model_weights/minesweeper/BundleSheaf/normalised-false/stalk_dim-5/6-layers/16-hidden/500-epochs/checkpoints/best-epoch/BundleSheaf_minesweeper_fold3_seed43.pth
Saved fold masks to /home/fguadagn/FMG_Master_Thesis/neural-sheaf-diffusion-modified/results/model_weights/minesweeper/BundleSheaf/normalised-false/stalk_dim-5/6-layers/16-hidden/500-epochs/checkpoints/best-epoch/BundleSheaf_minesweeper_fold3_seed43_masks.pt
Saved best-epoch model weights and masks (epoch 431) to checkpoints/best-epoch/
Updated best_epochs.json: fold_3 -> epoch 431
Saved node norms to /home/fguadagn/FMG_Master_Thesis/neural-sheaf-diffusion-modified/results/node_norms/minesweeper/BundleSheaf/normalised-false/stalk_dim-5/6-layers/16-hidden/500-epochs/BundleSheaf_minesweeper_fold3_seed43.pt
Saved node predictions to /home/fguadagn/FMG_Master_Thesis/neural-sheaf-diffusion-modified/results/node_preds/minesweeper/BundleSheaf/normalised-false/stalk_dim-5/6-layers/16-hidden/500-epochs/BundleSheaf_minesweeper_fold3_seed43.pt
Saved confidence to /home/fguadagn/FMG_Master_Thesis/neural-sheaf-diffusion-modified/results/node_conf/minesweeper/BundleSheaf/normalised-false/stalk_dim-5/6-layers/16-hidden/500-epochs/BundleSheaf_minesweeper_fold3_seed43.pt
Saved per-node accuracy to /home/fguadagn/FMG_Master_Thesis/neural-sheaf-diffusion-modified/results/node_accuracy/minesweeper/BundleSheaf/normalised-false/stalk_dim-5/6-layers/16-hidden/500-epochs/BundleSheaf_minesweeper_fold3_seed43.pt
Saved saliency to /home/fguadagn/FMG_Master_Thesis/neural-sheaf-diffusion-modified/results/node_saliency/minesweeper/BundleSheaf/normalised-false/stalk_dim-5/6-layers/16-hidden/500-epochs/BundleSheaf_minesweeper_fold3_seed43.pt
Saved node norms to /home/fguadagn/FMG_Master_Thesis/neural-sheaf-diffusion-modified/results/node_norms/minesweeper/BundleSheaf/normalised-false/stalk_dim-5/6-layers/16-hidden/500-epochs/checkpoints/epoch-0/BundleSheaf_minesweeper_fold4_seed43.pt
Saved confidence to /home/fguadagn/FMG_Master_Thesis/neural-sheaf-diffusion-modified/results/node_conf/minesweeper/BundleSheaf/normalised-false/stalk_dim-5/6-layers/16-hidden/500-epochs/checkpoints/epoch-0/BundleSheaf_minesweeper_fold4_seed43.pt
Saved per-node accuracy to /home/fguadagn/FMG_Master_Thesis/neural-sheaf-diffusion-modified/results/node_accuracy/minesweeper/BundleSheaf/normalised-false/stalk_dim-5/6-layers/16-hidden/500-epochs/checkpoints/epoch-0/BundleSheaf_minesweeper_fold4_seed43.pt
Saved saliency to /home/fguadagn/FMG_Master_Thesis/neural-sheaf-diffusion-modified/results/node_saliency/minesweeper/BundleSheaf/normalised-false/stalk_dim-5/6-layers/16-hidden/500-epochs/checkpoints/epoch-0/BundleSheaf_minesweeper_fold4_seed43.pt
Saved node norms to /home/fguadagn/FMG_Master_Thesis/neural-sheaf-diffusion-modified/results/node_norms/minesweeper/BundleSheaf/normalised-false/stalk_dim-5/6-layers/16-hidden/500-epochs/checkpoints/epoch-1/BundleSheaf_minesweeper_fold4_seed43.pt
Saved confidence to /home/fguadagn/FMG_Master_Thesis/neural-sheaf-diffusion-modified/results/node_conf/minesweeper/BundleSheaf/normalised-false/stalk_dim-5/6-layers/16-hidden/500-epochs/checkpoints/epoch-1/BundleSheaf_minesweeper_fold4_seed43.pt
Saved per-node accuracy to /home/fguadagn/FMG_Master_Thesis/neural-sheaf-diffusion-modified/results/node_accuracy/minesweeper/BundleSheaf/normalised-false/stalk_dim-5/6-layers/16-hidden/500-epochs/checkpoints/epoch-1/BundleSheaf_minesweeper_fold4_seed43.pt
Saved saliency to /home/fguadagn/FMG_Master_Thesis/neural-sheaf-diffusion-modified/results/node_saliency/minesweeper/BundleSheaf/normalised-false/stalk_dim-5/6-layers/16-hidden/500-epochs/checkpoints/epoch-1/BundleSheaf_minesweeper_fold4_seed43.pt
Saved node norms to /home/fguadagn/FMG_Master_Thesis/neural-sheaf-diffusion-modified/results/node_norms/minesweeper/BundleSheaf/normalised-false/stalk_dim-5/6-layers/16-hidden/500-epochs/checkpoints/epoch-5/BundleSheaf_minesweeper_fold4_seed43.pt
Saved confidence to /home/fguadagn/FMG_Master_Thesis/neural-sheaf-diffusion-modified/results/node_conf/minesweeper/BundleSheaf/normalised-false/stalk_dim-5/6-layers/16-hidden/500-epochs/checkpoints/epoch-5/BundleSheaf_minesweeper_fold4_seed43.pt
Saved per-node accuracy to /home/fguadagn/FMG_Master_Thesis/neural-sheaf-diffusion-modified/results/node_accuracy/minesweeper/BundleSheaf/normalised-false/stalk_dim-5/6-layers/16-hidden/500-epochs/checkpoints/epoch-5/BundleSheaf_minesweeper_fold4_seed43.pt
Saved saliency to /home/fguadagn/FMG_Master_Thesis/neural-sheaf-diffusion-modified/results/node_saliency/minesweeper/BundleSheaf/normalised-false/stalk_dim-5/6-layers/16-hidden/500-epochs/checkpoints/epoch-5/BundleSheaf_minesweeper_fold4_seed43.pt
Saved node norms to /home/fguadagn/FMG_Master_Thesis/neural-sheaf-diffusion-modified/results/node_norms/minesweeper/BundleSheaf/normalised-false/stalk_dim-5/6-layers/16-hidden/500-epochs/checkpoints/epoch-15/BundleSheaf_minesweeper_fold4_seed43.pt
Saved confidence to /home/fguadagn/FMG_Master_Thesis/neural-sheaf-diffusion-modified/results/node_conf/minesweeper/BundleSheaf/normalised-false/stalk_dim-5/6-layers/16-hidden/500-epochs/checkpoints/epoch-15/BundleSheaf_minesweeper_fold4_seed43.pt
Saved per-node accuracy to /home/fguadagn/FMG_Master_Thesis/neural-sheaf-diffusion-modified/results/node_accuracy/minesweeper/BundleSheaf/normalised-false/stalk_dim-5/6-layers/16-hidden/500-epochs/checkpoints/epoch-15/BundleSheaf_minesweeper_fold4_seed43.pt
Saved saliency to /home/fguadagn/FMG_Master_Thesis/neural-sheaf-diffusion-modified/results/node_saliency/minesweeper/BundleSheaf/normalised-false/stalk_dim-5/6-layers/16-hidden/500-epochs/checkpoints/epoch-15/BundleSheaf_minesweeper_fold4_seed43.pt
Saved node norms to /home/fguadagn/FMG_Master_Thesis/neural-sheaf-diffusion-modified/results/node_norms/minesweeper/BundleSheaf/normalised-false/stalk_dim-5/6-layers/16-hidden/500-epochs/checkpoints/epoch-50/BundleSheaf_minesweeper_fold4_seed43.pt
Saved confidence to /home/fguadagn/FMG_Master_Thesis/neural-sheaf-diffusion-modified/results/node_conf/minesweeper/BundleSheaf/normalised-false/stalk_dim-5/6-layers/16-hidden/500-epochs/checkpoints/epoch-50/BundleSheaf_minesweeper_fold4_seed43.pt
Saved per-node accuracy to /home/fguadagn/FMG_Master_Thesis/neural-sheaf-diffusion-modified/results/node_accuracy/minesweeper/BundleSheaf/normalised-false/stalk_dim-5/6-layers/16-hidden/500-epochs/checkpoints/epoch-50/BundleSheaf_minesweeper_fold4_seed43.pt
Saved saliency to /home/fguadagn/FMG_Master_Thesis/neural-sheaf-diffusion-modified/results/node_saliency/minesweeper/BundleSheaf/normalised-false/stalk_dim-5/6-layers/16-hidden/500-epochs/checkpoints/epoch-50/BundleSheaf_minesweeper_fold4_seed43.pt
Saved node norms to /home/fguadagn/FMG_Master_Thesis/neural-sheaf-diffusion-modified/results/node_norms/minesweeper/BundleSheaf/normalised-false/stalk_dim-5/6-layers/16-hidden/500-epochs/checkpoints/epoch-200/BundleSheaf_minesweeper_fold4_seed43.pt
Saved confidence to /home/fguadagn/FMG_Master_Thesis/neural-sheaf-diffusion-modified/results/node_conf/minesweeper/BundleSheaf/normalised-false/stalk_dim-5/6-layers/16-hidden/500-epochs/checkpoints/epoch-200/BundleSheaf_minesweeper_fold4_seed43.pt
Saved per-node accuracy to /home/fguadagn/FMG_Master_Thesis/neural-sheaf-diffusion-modified/results/node_accuracy/minesweeper/BundleSheaf/normalised-false/stalk_dim-5/6-layers/16-hidden/500-epochs/checkpoints/epoch-200/BundleSheaf_minesweeper_fold4_seed43.pt
Saved saliency to /home/fguadagn/FMG_Master_Thesis/neural-sheaf-diffusion-modified/results/node_saliency/minesweeper/BundleSheaf/normalised-false/stalk_dim-5/6-layers/16-hidden/500-epochs/checkpoints/epoch-200/BundleSheaf_minesweeper_fold4_seed43.pt
Fold 4 | Epochs: 499 | Best epoch: 464
Test acc (best epoch): 0.7655
Test acc (last epoch): 0.7980
Best val acc: 0.7615
Test AUC (best epoch): 0.5782
Test AUC (last epoch): 0.5058
Laplacian 0: Max: 0.9530, Min: -1.0000, Avg: -0.1434, Abs avg: 0.3235
Laplacian 1: Max: 0.9983, Min: -1.0000, Avg: -0.1120, Abs avg: 0.3530
Laplacian 2: Max: 1.0000, Min: -1.0000, Avg: -0.1158, Abs avg: 0.3608
Laplacian 3: Max: 1.0000, Min: -1.0000, Avg: -0.1805, Abs avg: 0.2933
Laplacian 4: Max: 1.0000, Min: -1.0000, Avg: -0.1934, Abs avg: 0.2017
Laplacian 5: Max: 1.0000, Min: -1.0000, Avg: -0.0573, Abs avg: 0.3434
Epsilons 0: [-0.091  0.099 -0.043  0.08   0.084]
Epsilons 1: [-0.063  0.051  0.053  0.1    0.058]
Epsilons 2: [ 0.045  0.071 -0.081 -0.002  0.037]
Epsilons 3: [ 0.055  0.066 -0.075  0.051  0.057]
Epsilons 4: [-0.134 -0.171 -0.024 -0.063 -0.152]
Epsilons 5: [-0.575 -0.773 -0.823 -0.833 -0.675]
Saved node norms to /home/fguadagn/FMG_Master_Thesis/neural-sheaf-diffusion-modified/results/node_norms/minesweeper/BundleSheaf/normalised-false/stalk_dim-5/6-layers/16-hidden/500-epochs/checkpoints/best-epoch/BundleSheaf_minesweeper_fold4_seed43.pt
Saved best-epoch node norms (epoch 464) to checkpoints/best-epoch/
Saved confidence to /home/fguadagn/FMG_Master_Thesis/neural-sheaf-diffusion-modified/results/node_conf/minesweeper/BundleSheaf/normalised-false/stalk_dim-5/6-layers/16-hidden/500-epochs/checkpoints/best-epoch/BundleSheaf_minesweeper_fold4_seed43.pt
Saved per-node accuracy to /home/fguadagn/FMG_Master_Thesis/neural-sheaf-diffusion-modified/results/node_accuracy/minesweeper/BundleSheaf/normalised-false/stalk_dim-5/6-layers/16-hidden/500-epochs/checkpoints/best-epoch/BundleSheaf_minesweeper_fold4_seed43.pt
Saved saliency to /home/fguadagn/FMG_Master_Thesis/neural-sheaf-diffusion-modified/results/node_saliency/minesweeper/BundleSheaf/normalised-false/stalk_dim-5/6-layers/16-hidden/500-epochs/checkpoints/best-epoch/BundleSheaf_minesweeper_fold4_seed43.pt
Saved model weights to /home/fguadagn/FMG_Master_Thesis/neural-sheaf-diffusion-modified/results/model_weights/minesweeper/BundleSheaf/normalised-false/stalk_dim-5/6-layers/16-hidden/500-epochs/checkpoints/best-epoch/BundleSheaf_minesweeper_fold4_seed43.pth
Saved fold masks to /home/fguadagn/FMG_Master_Thesis/neural-sheaf-diffusion-modified/results/model_weights/minesweeper/BundleSheaf/normalised-false/stalk_dim-5/6-layers/16-hidden/500-epochs/checkpoints/best-epoch/BundleSheaf_minesweeper_fold4_seed43_masks.pt
Saved best-epoch model weights and masks (epoch 464) to checkpoints/best-epoch/
Updated best_epochs.json: fold_4 -> epoch 464
Saved node norms to /home/fguadagn/FMG_Master_Thesis/neural-sheaf-diffusion-modified/results/node_norms/minesweeper/BundleSheaf/normalised-false/stalk_dim-5/6-layers/16-hidden/500-epochs/BundleSheaf_minesweeper_fold4_seed43.pt
Saved node predictions to /home/fguadagn/FMG_Master_Thesis/neural-sheaf-diffusion-modified/results/node_preds/minesweeper/BundleSheaf/normalised-false/stalk_dim-5/6-layers/16-hidden/500-epochs/BundleSheaf_minesweeper_fold4_seed43.pt
Saved confidence to /home/fguadagn/FMG_Master_Thesis/neural-sheaf-diffusion-modified/results/node_conf/minesweeper/BundleSheaf/normalised-false/stalk_dim-5/6-layers/16-hidden/500-epochs/BundleSheaf_minesweeper_fold4_seed43.pt
Saved per-node accuracy to /home/fguadagn/FMG_Master_Thesis/neural-sheaf-diffusion-modified/results/node_accuracy/minesweeper/BundleSheaf/normalised-false/stalk_dim-5/6-layers/16-hidden/500-epochs/BundleSheaf_minesweeper_fold4_seed43.pt
Saved saliency to /home/fguadagn/FMG_Master_Thesis/neural-sheaf-diffusion-modified/results/node_saliency/minesweeper/BundleSheaf/normalised-false/stalk_dim-5/6-layers/16-hidden/500-epochs/BundleSheaf_minesweeper_fold4_seed43.pt
Saved node norms to /home/fguadagn/FMG_Master_Thesis/neural-sheaf-diffusion-modified/results/node_norms/minesweeper/BundleSheaf/normalised-false/stalk_dim-5/6-layers/16-hidden/500-epochs/checkpoints/epoch-0/BundleSheaf_minesweeper_fold5_seed43.pt
Saved confidence to /home/fguadagn/FMG_Master_Thesis/neural-sheaf-diffusion-modified/results/node_conf/minesweeper/BundleSheaf/normalised-false/stalk_dim-5/6-layers/16-hidden/500-epochs/checkpoints/epoch-0/BundleSheaf_minesweeper_fold5_seed43.pt
Saved per-node accuracy to /home/fguadagn/FMG_Master_Thesis/neural-sheaf-diffusion-modified/results/node_accuracy/minesweeper/BundleSheaf/normalised-false/stalk_dim-5/6-layers/16-hidden/500-epochs/checkpoints/epoch-0/BundleSheaf_minesweeper_fold5_seed43.pt
Saved saliency to /home/fguadagn/FMG_Master_Thesis/neural-sheaf-diffusion-modified/results/node_saliency/minesweeper/BundleSheaf/normalised-false/stalk_dim-5/6-layers/16-hidden/500-epochs/checkpoints/epoch-0/BundleSheaf_minesweeper_fold5_seed43.pt
Saved node norms to /home/fguadagn/FMG_Master_Thesis/neural-sheaf-diffusion-modified/results/node_norms/minesweeper/BundleSheaf/normalised-false/stalk_dim-5/6-layers/16-hidden/500-epochs/checkpoints/epoch-1/BundleSheaf_minesweeper_fold5_seed43.pt
Saved confidence to /home/fguadagn/FMG_Master_Thesis/neural-sheaf-diffusion-modified/results/node_conf/minesweeper/BundleSheaf/normalised-false/stalk_dim-5/6-layers/16-hidden/500-epochs/checkpoints/epoch-1/BundleSheaf_minesweeper_fold5_seed43.pt
Saved per-node accuracy to /home/fguadagn/FMG_Master_Thesis/neural-sheaf-diffusion-modified/results/node_accuracy/minesweeper/BundleSheaf/normalised-false/stalk_dim-5/6-layers/16-hidden/500-epochs/checkpoints/epoch-1/BundleSheaf_minesweeper_fold5_seed43.pt
Saved saliency to /home/fguadagn/FMG_Master_Thesis/neural-sheaf-diffusion-modified/results/node_saliency/minesweeper/BundleSheaf/normalised-false/stalk_dim-5/6-layers/16-hidden/500-epochs/checkpoints/epoch-1/BundleSheaf_minesweeper_fold5_seed43.pt
Saved node norms to /home/fguadagn/FMG_Master_Thesis/neural-sheaf-diffusion-modified/results/node_norms/minesweeper/BundleSheaf/normalised-false/stalk_dim-5/6-layers/16-hidden/500-epochs/checkpoints/epoch-5/BundleSheaf_minesweeper_fold5_seed43.pt
Saved confidence to /home/fguadagn/FMG_Master_Thesis/neural-sheaf-diffusion-modified/results/node_conf/minesweeper/BundleSheaf/normalised-false/stalk_dim-5/6-layers/16-hidden/500-epochs/checkpoints/epoch-5/BundleSheaf_minesweeper_fold5_seed43.pt
Saved per-node accuracy to /home/fguadagn/FMG_Master_Thesis/neural-sheaf-diffusion-modified/results/node_accuracy/minesweeper/BundleSheaf/normalised-false/stalk_dim-5/6-layers/16-hidden/500-epochs/checkpoints/epoch-5/BundleSheaf_minesweeper_fold5_seed43.pt
Saved saliency to /home/fguadagn/FMG_Master_Thesis/neural-sheaf-diffusion-modified/results/node_saliency/minesweeper/BundleSheaf/normalised-false/stalk_dim-5/6-layers/16-hidden/500-epochs/checkpoints/epoch-5/BundleSheaf_minesweeper_fold5_seed43.pt
Saved node norms to /home/fguadagn/FMG_Master_Thesis/neural-sheaf-diffusion-modified/results/node_norms/minesweeper/BundleSheaf/normalised-false/stalk_dim-5/6-layers/16-hidden/500-epochs/checkpoints/epoch-15/BundleSheaf_minesweeper_fold5_seed43.pt
Saved confidence to /home/fguadagn/FMG_Master_Thesis/neural-sheaf-diffusion-modified/results/node_conf/minesweeper/BundleSheaf/normalised-false/stalk_dim-5/6-layers/16-hidden/500-epochs/checkpoints/epoch-15/BundleSheaf_minesweeper_fold5_seed43.pt
Saved per-node accuracy to /home/fguadagn/FMG_Master_Thesis/neural-sheaf-diffusion-modified/results/node_accuracy/minesweeper/BundleSheaf/normalised-false/stalk_dim-5/6-layers/16-hidden/500-epochs/checkpoints/epoch-15/BundleSheaf_minesweeper_fold5_seed43.pt
Saved saliency to /home/fguadagn/FMG_Master_Thesis/neural-sheaf-diffusion-modified/results/node_saliency/minesweeper/BundleSheaf/normalised-false/stalk_dim-5/6-layers/16-hidden/500-epochs/checkpoints/epoch-15/BundleSheaf_minesweeper_fold5_seed43.pt
Saved node norms to /home/fguadagn/FMG_Master_Thesis/neural-sheaf-diffusion-modified/results/node_norms/minesweeper/BundleSheaf/normalised-false/stalk_dim-5/6-layers/16-hidden/500-epochs/checkpoints/epoch-50/BundleSheaf_minesweeper_fold5_seed43.pt
Saved confidence to /home/fguadagn/FMG_Master_Thesis/neural-sheaf-diffusion-modified/results/node_conf/minesweeper/BundleSheaf/normalised-false/stalk_dim-5/6-layers/16-hidden/500-epochs/checkpoints/epoch-50/BundleSheaf_minesweeper_fold5_seed43.pt
Saved per-node accuracy to /home/fguadagn/FMG_Master_Thesis/neural-sheaf-diffusion-modified/results/node_accuracy/minesweeper/BundleSheaf/normalised-false/stalk_dim-5/6-layers/16-hidden/500-epochs/checkpoints/epoch-50/BundleSheaf_minesweeper_fold5_seed43.pt
Saved saliency to /home/fguadagn/FMG_Master_Thesis/neural-sheaf-diffusion-modified/results/node_saliency/minesweeper/BundleSheaf/normalised-false/stalk_dim-5/6-layers/16-hidden/500-epochs/checkpoints/epoch-50/BundleSheaf_minesweeper_fold5_seed43.pt
Saved node norms to /home/fguadagn/FMG_Master_Thesis/neural-sheaf-diffusion-modified/results/node_norms/minesweeper/BundleSheaf/normalised-false/stalk_dim-5/6-layers/16-hidden/500-epochs/checkpoints/epoch-200/BundleSheaf_minesweeper_fold5_seed43.pt
Saved confidence to /home/fguadagn/FMG_Master_Thesis/neural-sheaf-diffusion-modified/results/node_conf/minesweeper/BundleSheaf/normalised-false/stalk_dim-5/6-layers/16-hidden/500-epochs/checkpoints/epoch-200/BundleSheaf_minesweeper_fold5_seed43.pt
Saved per-node accuracy to /home/fguadagn/FMG_Master_Thesis/neural-sheaf-diffusion-modified/results/node_accuracy/minesweeper/BundleSheaf/normalised-false/stalk_dim-5/6-layers/16-hidden/500-epochs/checkpoints/epoch-200/BundleSheaf_minesweeper_fold5_seed43.pt
Saved saliency to /home/fguadagn/FMG_Master_Thesis/neural-sheaf-diffusion-modified/results/node_saliency/minesweeper/BundleSheaf/normalised-false/stalk_dim-5/6-layers/16-hidden/500-epochs/checkpoints/epoch-200/BundleSheaf_minesweeper_fold5_seed43.pt
Fold 5 | Epochs: 499 | Best epoch: 358
Test acc (best epoch): 0.6960
Test acc (last epoch): 0.8020
Best val acc: 0.7125
Test AUC (best epoch): 0.5973
Test AUC (last epoch): 0.5401
Laplacian 0: Max: 0.9349, Min: -1.0000, Avg: -0.0885, Abs avg: 0.3108
Laplacian 1: Max: 0.9979, Min: -1.0000, Avg: -0.1246, Abs avg: 0.3569
Laplacian 2: Max: 1.0000, Min: -1.0000, Avg: -0.1236, Abs avg: 0.3287
Laplacian 3: Max: 1.0000, Min: -1.0000, Avg: -0.1113, Abs avg: 0.2741
Laplacian 4: Max: 0.8333, Min: -1.0000, Avg: -0.1998, Abs avg: 0.2009
Laplacian 5: Max: 0.9561, Min: -1.0000, Avg: -0.0231, Abs avg: 0.3067
Epsilons 0: [ 0.016 -0.009 -0.092  0.004 -0.007]
Epsilons 1: [ 0.058  0.017 -0.113  0.056  0.035]
Epsilons 2: [-0.044  0.04  -0.109  0.095 -0.007]
Epsilons 3: [ 0.06   0.032 -0.006 -0.024 -0.044]
Epsilons 4: [-0.097 -0.014  0.002  0.038  0.019]
Epsilons 5: [-1.227 -1.078 -1.097 -0.73  -0.961]
Saved node norms to /home/fguadagn/FMG_Master_Thesis/neural-sheaf-diffusion-modified/results/node_norms/minesweeper/BundleSheaf/normalised-false/stalk_dim-5/6-layers/16-hidden/500-epochs/checkpoints/best-epoch/BundleSheaf_minesweeper_fold5_seed43.pt
Saved best-epoch node norms (epoch 358) to checkpoints/best-epoch/
Saved confidence to /home/fguadagn/FMG_Master_Thesis/neural-sheaf-diffusion-modified/results/node_conf/minesweeper/BundleSheaf/normalised-false/stalk_dim-5/6-layers/16-hidden/500-epochs/checkpoints/best-epoch/BundleSheaf_minesweeper_fold5_seed43.pt
Saved per-node accuracy to /home/fguadagn/FMG_Master_Thesis/neural-sheaf-diffusion-modified/results/node_accuracy/minesweeper/BundleSheaf/normalised-false/stalk_dim-5/6-layers/16-hidden/500-epochs/checkpoints/best-epoch/BundleSheaf_minesweeper_fold5_seed43.pt
Saved saliency to /home/fguadagn/FMG_Master_Thesis/neural-sheaf-diffusion-modified/results/node_saliency/minesweeper/BundleSheaf/normalised-false/stalk_dim-5/6-layers/16-hidden/500-epochs/checkpoints/best-epoch/BundleSheaf_minesweeper_fold5_seed43.pt
Saved model weights to /home/fguadagn/FMG_Master_Thesis/neural-sheaf-diffusion-modified/results/model_weights/minesweeper/BundleSheaf/normalised-false/stalk_dim-5/6-layers/16-hidden/500-epochs/checkpoints/best-epoch/BundleSheaf_minesweeper_fold5_seed43.pth
Saved fold masks to /home/fguadagn/FMG_Master_Thesis/neural-sheaf-diffusion-modified/results/model_weights/minesweeper/BundleSheaf/normalised-false/stalk_dim-5/6-layers/16-hidden/500-epochs/checkpoints/best-epoch/BundleSheaf_minesweeper_fold5_seed43_masks.pt
Saved best-epoch model weights and masks (epoch 358) to checkpoints/best-epoch/
Updated best_epochs.json: fold_5 -> epoch 358
Saved node norms to /home/fguadagn/FMG_Master_Thesis/neural-sheaf-diffusion-modified/results/node_norms/minesweeper/BundleSheaf/normalised-false/stalk_dim-5/6-layers/16-hidden/500-epochs/BundleSheaf_minesweeper_fold5_seed43.pt
Saved node predictions to /home/fguadagn/FMG_Master_Thesis/neural-sheaf-diffusion-modified/results/node_preds/minesweeper/BundleSheaf/normalised-false/stalk_dim-5/6-layers/16-hidden/500-epochs/BundleSheaf_minesweeper_fold5_seed43.pt
Saved confidence to /home/fguadagn/FMG_Master_Thesis/neural-sheaf-diffusion-modified/results/node_conf/minesweeper/BundleSheaf/normalised-false/stalk_dim-5/6-layers/16-hidden/500-epochs/BundleSheaf_minesweeper_fold5_seed43.pt
Saved per-node accuracy to /home/fguadagn/FMG_Master_Thesis/neural-sheaf-diffusion-modified/results/node_accuracy/minesweeper/BundleSheaf/normalised-false/stalk_dim-5/6-layers/16-hidden/500-epochs/BundleSheaf_minesweeper_fold5_seed43.pt
Saved saliency to /home/fguadagn/FMG_Master_Thesis/neural-sheaf-diffusion-modified/results/node_saliency/minesweeper/BundleSheaf/normalised-false/stalk_dim-5/6-layers/16-hidden/500-epochs/BundleSheaf_minesweeper_fold5_seed43.pt
Saved node norms to /home/fguadagn/FMG_Master_Thesis/neural-sheaf-diffusion-modified/results/node_norms/minesweeper/BundleSheaf/normalised-false/stalk_dim-5/6-layers/16-hidden/500-epochs/checkpoints/epoch-0/BundleSheaf_minesweeper_fold6_seed43.pt
Saved confidence to /home/fguadagn/FMG_Master_Thesis/neural-sheaf-diffusion-modified/results/node_conf/minesweeper/BundleSheaf/normalised-false/stalk_dim-5/6-layers/16-hidden/500-epochs/checkpoints/epoch-0/BundleSheaf_minesweeper_fold6_seed43.pt
Saved per-node accuracy to /home/fguadagn/FMG_Master_Thesis/neural-sheaf-diffusion-modified/results/node_accuracy/minesweeper/BundleSheaf/normalised-false/stalk_dim-5/6-layers/16-hidden/500-epochs/checkpoints/epoch-0/BundleSheaf_minesweeper_fold6_seed43.pt
Saved saliency to /home/fguadagn/FMG_Master_Thesis/neural-sheaf-diffusion-modified/results/node_saliency/minesweeper/BundleSheaf/normalised-false/stalk_dim-5/6-layers/16-hidden/500-epochs/checkpoints/epoch-0/BundleSheaf_minesweeper_fold6_seed43.pt
Saved node norms to /home/fguadagn/FMG_Master_Thesis/neural-sheaf-diffusion-modified/results/node_norms/minesweeper/BundleSheaf/normalised-false/stalk_dim-5/6-layers/16-hidden/500-epochs/checkpoints/epoch-1/BundleSheaf_minesweeper_fold6_seed43.pt
Saved confidence to /home/fguadagn/FMG_Master_Thesis/neural-sheaf-diffusion-modified/results/node_conf/minesweeper/BundleSheaf/normalised-false/stalk_dim-5/6-layers/16-hidden/500-epochs/checkpoints/epoch-1/BundleSheaf_minesweeper_fold6_seed43.pt
Saved per-node accuracy to /home/fguadagn/FMG_Master_Thesis/neural-sheaf-diffusion-modified/results/node_accuracy/minesweeper/BundleSheaf/normalised-false/stalk_dim-5/6-layers/16-hidden/500-epochs/checkpoints/epoch-1/BundleSheaf_minesweeper_fold6_seed43.pt
Saved saliency to /home/fguadagn/FMG_Master_Thesis/neural-sheaf-diffusion-modified/results/node_saliency/minesweeper/BundleSheaf/normalised-false/stalk_dim-5/6-layers/16-hidden/500-epochs/checkpoints/epoch-1/BundleSheaf_minesweeper_fold6_seed43.pt
Saved node norms to /home/fguadagn/FMG_Master_Thesis/neural-sheaf-diffusion-modified/results/node_norms/minesweeper/BundleSheaf/normalised-false/stalk_dim-5/6-layers/16-hidden/500-epochs/checkpoints/epoch-5/BundleSheaf_minesweeper_fold6_seed43.pt
Saved confidence to /home/fguadagn/FMG_Master_Thesis/neural-sheaf-diffusion-modified/results/node_conf/minesweeper/BundleSheaf/normalised-false/stalk_dim-5/6-layers/16-hidden/500-epochs/checkpoints/epoch-5/BundleSheaf_minesweeper_fold6_seed43.pt
Saved per-node accuracy to /home/fguadagn/FMG_Master_Thesis/neural-sheaf-diffusion-modified/results/node_accuracy/minesweeper/BundleSheaf/normalised-false/stalk_dim-5/6-layers/16-hidden/500-epochs/checkpoints/epoch-5/BundleSheaf_minesweeper_fold6_seed43.pt
Saved saliency to /home/fguadagn/FMG_Master_Thesis/neural-sheaf-diffusion-modified/results/node_saliency/minesweeper/BundleSheaf/normalised-false/stalk_dim-5/6-layers/16-hidden/500-epochs/checkpoints/epoch-5/BundleSheaf_minesweeper_fold6_seed43.pt
Saved node norms to /home/fguadagn/FMG_Master_Thesis/neural-sheaf-diffusion-modified/results/node_norms/minesweeper/BundleSheaf/normalised-false/stalk_dim-5/6-layers/16-hidden/500-epochs/checkpoints/epoch-15/BundleSheaf_minesweeper_fold6_seed43.pt
Saved confidence to /home/fguadagn/FMG_Master_Thesis/neural-sheaf-diffusion-modified/results/node_conf/minesweeper/BundleSheaf/normalised-false/stalk_dim-5/6-layers/16-hidden/500-epochs/checkpoints/epoch-15/BundleSheaf_minesweeper_fold6_seed43.pt
Saved per-node accuracy to /home/fguadagn/FMG_Master_Thesis/neural-sheaf-diffusion-modified/results/node_accuracy/minesweeper/BundleSheaf/normalised-false/stalk_dim-5/6-layers/16-hidden/500-epochs/checkpoints/epoch-15/BundleSheaf_minesweeper_fold6_seed43.pt
Saved saliency to /home/fguadagn/FMG_Master_Thesis/neural-sheaf-diffusion-modified/results/node_saliency/minesweeper/BundleSheaf/normalised-false/stalk_dim-5/6-layers/16-hidden/500-epochs/checkpoints/epoch-15/BundleSheaf_minesweeper_fold6_seed43.pt
Saved node norms to /home/fguadagn/FMG_Master_Thesis/neural-sheaf-diffusion-modified/results/node_norms/minesweeper/BundleSheaf/normalised-false/stalk_dim-5/6-layers/16-hidden/500-epochs/checkpoints/epoch-50/BundleSheaf_minesweeper_fold6_seed43.pt
Saved confidence to /home/fguadagn/FMG_Master_Thesis/neural-sheaf-diffusion-modified/results/node_conf/minesweeper/BundleSheaf/normalised-false/stalk_dim-5/6-layers/16-hidden/500-epochs/checkpoints/epoch-50/BundleSheaf_minesweeper_fold6_seed43.pt
Saved per-node accuracy to /home/fguadagn/FMG_Master_Thesis/neural-sheaf-diffusion-modified/results/node_accuracy/minesweeper/BundleSheaf/normalised-false/stalk_dim-5/6-layers/16-hidden/500-epochs/checkpoints/epoch-50/BundleSheaf_minesweeper_fold6_seed43.pt
Saved saliency to /home/fguadagn/FMG_Master_Thesis/neural-sheaf-diffusion-modified/results/node_saliency/minesweeper/BundleSheaf/normalised-false/stalk_dim-5/6-layers/16-hidden/500-epochs/checkpoints/epoch-50/BundleSheaf_minesweeper_fold6_seed43.pt
Saved node norms to /home/fguadagn/FMG_Master_Thesis/neural-sheaf-diffusion-modified/results/node_norms/minesweeper/BundleSheaf/normalised-false/stalk_dim-5/6-layers/16-hidden/500-epochs/checkpoints/epoch-200/BundleSheaf_minesweeper_fold6_seed43.pt
Saved confidence to /home/fguadagn/FMG_Master_Thesis/neural-sheaf-diffusion-modified/results/node_conf/minesweeper/BundleSheaf/normalised-false/stalk_dim-5/6-layers/16-hidden/500-epochs/checkpoints/epoch-200/BundleSheaf_minesweeper_fold6_seed43.pt
Saved per-node accuracy to /home/fguadagn/FMG_Master_Thesis/neural-sheaf-diffusion-modified/results/node_accuracy/minesweeper/BundleSheaf/normalised-false/stalk_dim-5/6-layers/16-hidden/500-epochs/checkpoints/epoch-200/BundleSheaf_minesweeper_fold6_seed43.pt
Saved saliency to /home/fguadagn/FMG_Master_Thesis/neural-sheaf-diffusion-modified/results/node_saliency/minesweeper/BundleSheaf/normalised-false/stalk_dim-5/6-layers/16-hidden/500-epochs/checkpoints/epoch-200/BundleSheaf_minesweeper_fold6_seed43.pt
Fold 6 | Epochs: 499 | Best epoch: 482
Test acc (best epoch): 0.7860
Test acc (last epoch): 0.7980
Best val acc: 0.7875
Test AUC (best epoch): 0.7123
Test AUC (last epoch): 0.4845
Laplacian 0: Max: 0.9478, Min: -1.0000, Avg: -0.0938, Abs avg: 0.3154
Laplacian 1: Max: 0.9993, Min: -1.0000, Avg: -0.0512, Abs avg: 0.3616
Laplacian 2: Max: 0.9999, Min: -1.0000, Avg: -0.1508, Abs avg: 0.2944
Laplacian 3: Max: 0.9956, Min: -1.0000, Avg: -0.0836, Abs avg: 0.3026
Laplacian 4: Max: 0.8470, Min: -1.0000, Avg: -0.1446, Abs avg: 0.2796
Laplacian 5: Max: 0.7778, Min: -1.0000, Avg: -0.0888, Abs avg: 0.3056
Epsilons 0: [-0.063 -0.022 -0.023  0.102  0.026]
Epsilons 1: [-0.051 -0.083 -0.003 -0.098 -0.005]
Epsilons 2: [ 0.073 -0.014  0.034  0.075  0.016]
Epsilons 3: [-0.008 -0.029  0.068  0.082 -0.035]
Epsilons 4: [-0.12  -0.103 -0.068  0.005 -0.032]
Epsilons 5: [-1.109 -1.158 -0.99  -0.917 -1.118]
Saved node norms to /home/fguadagn/FMG_Master_Thesis/neural-sheaf-diffusion-modified/results/node_norms/minesweeper/BundleSheaf/normalised-false/stalk_dim-5/6-layers/16-hidden/500-epochs/checkpoints/best-epoch/BundleSheaf_minesweeper_fold6_seed43.pt
Saved best-epoch node norms (epoch 482) to checkpoints/best-epoch/
Saved confidence to /home/fguadagn/FMG_Master_Thesis/neural-sheaf-diffusion-modified/results/node_conf/minesweeper/BundleSheaf/normalised-false/stalk_dim-5/6-layers/16-hidden/500-epochs/checkpoints/best-epoch/BundleSheaf_minesweeper_fold6_seed43.pt
Saved per-node accuracy to /home/fguadagn/FMG_Master_Thesis/neural-sheaf-diffusion-modified/results/node_accuracy/minesweeper/BundleSheaf/normalised-false/stalk_dim-5/6-layers/16-hidden/500-epochs/checkpoints/best-epoch/BundleSheaf_minesweeper_fold6_seed43.pt
Saved saliency to /home/fguadagn/FMG_Master_Thesis/neural-sheaf-diffusion-modified/results/node_saliency/minesweeper/BundleSheaf/normalised-false/stalk_dim-5/6-layers/16-hidden/500-epochs/checkpoints/best-epoch/BundleSheaf_minesweeper_fold6_seed43.pt
Saved model weights to /home/fguadagn/FMG_Master_Thesis/neural-sheaf-diffusion-modified/results/model_weights/minesweeper/BundleSheaf/normalised-false/stalk_dim-5/6-layers/16-hidden/500-epochs/checkpoints/best-epoch/BundleSheaf_minesweeper_fold6_seed43.pth
Saved fold masks to /home/fguadagn/FMG_Master_Thesis/neural-sheaf-diffusion-modified/results/model_weights/minesweeper/BundleSheaf/normalised-false/stalk_dim-5/6-layers/16-hidden/500-epochs/checkpoints/best-epoch/BundleSheaf_minesweeper_fold6_seed43_masks.pt
Saved best-epoch model weights and masks (epoch 482) to checkpoints/best-epoch/
Updated best_epochs.json: fold_6 -> epoch 482
Saved node norms to /home/fguadagn/FMG_Master_Thesis/neural-sheaf-diffusion-modified/results/node_norms/minesweeper/BundleSheaf/normalised-false/stalk_dim-5/6-layers/16-hidden/500-epochs/BundleSheaf_minesweeper_fold6_seed43.pt
Saved node predictions to /home/fguadagn/FMG_Master_Thesis/neural-sheaf-diffusion-modified/results/node_preds/minesweeper/BundleSheaf/normalised-false/stalk_dim-5/6-layers/16-hidden/500-epochs/BundleSheaf_minesweeper_fold6_seed43.pt
Saved confidence to /home/fguadagn/FMG_Master_Thesis/neural-sheaf-diffusion-modified/results/node_conf/minesweeper/BundleSheaf/normalised-false/stalk_dim-5/6-layers/16-hidden/500-epochs/BundleSheaf_minesweeper_fold6_seed43.pt
Saved per-node accuracy to /home/fguadagn/FMG_Master_Thesis/neural-sheaf-diffusion-modified/results/node_accuracy/minesweeper/BundleSheaf/normalised-false/stalk_dim-5/6-layers/16-hidden/500-epochs/BundleSheaf_minesweeper_fold6_seed43.pt
Saved saliency to /home/fguadagn/FMG_Master_Thesis/neural-sheaf-diffusion-modified/results/node_saliency/minesweeper/BundleSheaf/normalised-false/stalk_dim-5/6-layers/16-hidden/500-epochs/BundleSheaf_minesweeper_fold6_seed43.pt
Saved node norms to /home/fguadagn/FMG_Master_Thesis/neural-sheaf-diffusion-modified/results/node_norms/minesweeper/BundleSheaf/normalised-false/stalk_dim-5/6-layers/16-hidden/500-epochs/checkpoints/epoch-0/BundleSheaf_minesweeper_fold7_seed43.pt
Saved confidence to /home/fguadagn/FMG_Master_Thesis/neural-sheaf-diffusion-modified/results/node_conf/minesweeper/BundleSheaf/normalised-false/stalk_dim-5/6-layers/16-hidden/500-epochs/checkpoints/epoch-0/BundleSheaf_minesweeper_fold7_seed43.pt
Saved per-node accuracy to /home/fguadagn/FMG_Master_Thesis/neural-sheaf-diffusion-modified/results/node_accuracy/minesweeper/BundleSheaf/normalised-false/stalk_dim-5/6-layers/16-hidden/500-epochs/checkpoints/epoch-0/BundleSheaf_minesweeper_fold7_seed43.pt
Saved saliency to /home/fguadagn/FMG_Master_Thesis/neural-sheaf-diffusion-modified/results/node_saliency/minesweeper/BundleSheaf/normalised-false/stalk_dim-5/6-layers/16-hidden/500-epochs/checkpoints/epoch-0/BundleSheaf_minesweeper_fold7_seed43.pt
Saved node norms to /home/fguadagn/FMG_Master_Thesis/neural-sheaf-diffusion-modified/results/node_norms/minesweeper/BundleSheaf/normalised-false/stalk_dim-5/6-layers/16-hidden/500-epochs/checkpoints/epoch-1/BundleSheaf_minesweeper_fold7_seed43.pt
Saved confidence to /home/fguadagn/FMG_Master_Thesis/neural-sheaf-diffusion-modified/results/node_conf/minesweeper/BundleSheaf/normalised-false/stalk_dim-5/6-layers/16-hidden/500-epochs/checkpoints/epoch-1/BundleSheaf_minesweeper_fold7_seed43.pt
Saved per-node accuracy to /home/fguadagn/FMG_Master_Thesis/neural-sheaf-diffusion-modified/results/node_accuracy/minesweeper/BundleSheaf/normalised-false/stalk_dim-5/6-layers/16-hidden/500-epochs/checkpoints/epoch-1/BundleSheaf_minesweeper_fold7_seed43.pt
Saved saliency to /home/fguadagn/FMG_Master_Thesis/neural-sheaf-diffusion-modified/results/node_saliency/minesweeper/BundleSheaf/normalised-false/stalk_dim-5/6-layers/16-hidden/500-epochs/checkpoints/epoch-1/BundleSheaf_minesweeper_fold7_seed43.pt
Saved node norms to /home/fguadagn/FMG_Master_Thesis/neural-sheaf-diffusion-modified/results/node_norms/minesweeper/BundleSheaf/normalised-false/stalk_dim-5/6-layers/16-hidden/500-epochs/checkpoints/epoch-5/BundleSheaf_minesweeper_fold7_seed43.pt
Saved confidence to /home/fguadagn/FMG_Master_Thesis/neural-sheaf-diffusion-modified/results/node_conf/minesweeper/BundleSheaf/normalised-false/stalk_dim-5/6-layers/16-hidden/500-epochs/checkpoints/epoch-5/BundleSheaf_minesweeper_fold7_seed43.pt
Saved per-node accuracy to /home/fguadagn/FMG_Master_Thesis/neural-sheaf-diffusion-modified/results/node_accuracy/minesweeper/BundleSheaf/normalised-false/stalk_dim-5/6-layers/16-hidden/500-epochs/checkpoints/epoch-5/BundleSheaf_minesweeper_fold7_seed43.pt
Saved saliency to /home/fguadagn/FMG_Master_Thesis/neural-sheaf-diffusion-modified/results/node_saliency/minesweeper/BundleSheaf/normalised-false/stalk_dim-5/6-layers/16-hidden/500-epochs/checkpoints/epoch-5/BundleSheaf_minesweeper_fold7_seed43.pt
Saved node norms to /home/fguadagn/FMG_Master_Thesis/neural-sheaf-diffusion-modified/results/node_norms/minesweeper/BundleSheaf/normalised-false/stalk_dim-5/6-layers/16-hidden/500-epochs/checkpoints/epoch-15/BundleSheaf_minesweeper_fold7_seed43.pt
Saved confidence to /home/fguadagn/FMG_Master_Thesis/neural-sheaf-diffusion-modified/results/node_conf/minesweeper/BundleSheaf/normalised-false/stalk_dim-5/6-layers/16-hidden/500-epochs/checkpoints/epoch-15/BundleSheaf_minesweeper_fold7_seed43.pt
Saved per-node accuracy to /home/fguadagn/FMG_Master_Thesis/neural-sheaf-diffusion-modified/results/node_accuracy/minesweeper/BundleSheaf/normalised-false/stalk_dim-5/6-layers/16-hidden/500-epochs/checkpoints/epoch-15/BundleSheaf_minesweeper_fold7_seed43.pt
Saved saliency to /home/fguadagn/FMG_Master_Thesis/neural-sheaf-diffusion-modified/results/node_saliency/minesweeper/BundleSheaf/normalised-false/stalk_dim-5/6-layers/16-hidden/500-epochs/checkpoints/epoch-15/BundleSheaf_minesweeper_fold7_seed43.pt
Saved node norms to /home/fguadagn/FMG_Master_Thesis/neural-sheaf-diffusion-modified/results/node_norms/minesweeper/BundleSheaf/normalised-false/stalk_dim-5/6-layers/16-hidden/500-epochs/checkpoints/epoch-50/BundleSheaf_minesweeper_fold7_seed43.pt
Saved confidence to /home/fguadagn/FMG_Master_Thesis/neural-sheaf-diffusion-modified/results/node_conf/minesweeper/BundleSheaf/normalised-false/stalk_dim-5/6-layers/16-hidden/500-epochs/checkpoints/epoch-50/BundleSheaf_minesweeper_fold7_seed43.pt
Saved per-node accuracy to /home/fguadagn/FMG_Master_Thesis/neural-sheaf-diffusion-modified/results/node_accuracy/minesweeper/BundleSheaf/normalised-false/stalk_dim-5/6-layers/16-hidden/500-epochs/checkpoints/epoch-50/BundleSheaf_minesweeper_fold7_seed43.pt
Saved saliency to /home/fguadagn/FMG_Master_Thesis/neural-sheaf-diffusion-modified/results/node_saliency/minesweeper/BundleSheaf/normalised-false/stalk_dim-5/6-layers/16-hidden/500-epochs/checkpoints/epoch-50/BundleSheaf_minesweeper_fold7_seed43.pt
Saved node norms to /home/fguadagn/FMG_Master_Thesis/neural-sheaf-diffusion-modified/results/node_norms/minesweeper/BundleSheaf/normalised-false/stalk_dim-5/6-layers/16-hidden/500-epochs/checkpoints/epoch-200/BundleSheaf_minesweeper_fold7_seed43.pt
Saved confidence to /home/fguadagn/FMG_Master_Thesis/neural-sheaf-diffusion-modified/results/node_conf/minesweeper/BundleSheaf/normalised-false/stalk_dim-5/6-layers/16-hidden/500-epochs/checkpoints/epoch-200/BundleSheaf_minesweeper_fold7_seed43.pt
Saved per-node accuracy to /home/fguadagn/FMG_Master_Thesis/neural-sheaf-diffusion-modified/results/node_accuracy/minesweeper/BundleSheaf/normalised-false/stalk_dim-5/6-layers/16-hidden/500-epochs/checkpoints/epoch-200/BundleSheaf_minesweeper_fold7_seed43.pt
Saved saliency to /home/fguadagn/FMG_Master_Thesis/neural-sheaf-diffusion-modified/results/node_saliency/minesweeper/BundleSheaf/normalised-false/stalk_dim-5/6-layers/16-hidden/500-epochs/checkpoints/epoch-200/BundleSheaf_minesweeper_fold7_seed43.pt
Fold 7 | Epochs: 499 | Best epoch: 391
Test acc (best epoch): 0.6020
Test acc (last epoch): 0.7930
Best val acc: 0.5855
Test AUC (best epoch): 0.5758
Test AUC (last epoch): 0.4676
Laplacian 0: Max: 0.9734, Min: -1.0000, Avg: -0.0742, Abs avg: 0.3203
Laplacian 1: Max: 0.9989, Min: -1.0000, Avg: -0.0491, Abs avg: 0.3620
Laplacian 2: Max: 0.9960, Min: -1.0000, Avg: -0.1633, Abs avg: 0.2709
Laplacian 3: Max: 0.9963, Min: -1.0000, Avg: -0.0656, Abs avg: 0.2791
Laplacian 4: Max: 0.8523, Min: -1.0000, Avg: -0.1998, Abs avg: 0.2003
Laplacian 5: Max: 0.9981, Min: -1.0000, Avg: 0.0099, Abs avg: 0.3536
Epsilons 0: [-0.022  0.006  0.095  0.026  0.021]
Epsilons 1: [-0.005 -0.055 -0.054 -0.026  0.019]
Epsilons 2: [ 0.062  0.078  0.024 -0.069 -0.006]
Epsilons 3: [-0.08  -0.038  0.084  0.073 -0.036]
Epsilons 4: [-0.083 -0.167 -0.172 -0.05  -0.099]
Epsilons 5: [-0.638 -1.123 -0.821 -0.602 -1.044]
Saved node norms to /home/fguadagn/FMG_Master_Thesis/neural-sheaf-diffusion-modified/results/node_norms/minesweeper/BundleSheaf/normalised-false/stalk_dim-5/6-layers/16-hidden/500-epochs/checkpoints/best-epoch/BundleSheaf_minesweeper_fold7_seed43.pt
Saved best-epoch node norms (epoch 391) to checkpoints/best-epoch/
Saved confidence to /home/fguadagn/FMG_Master_Thesis/neural-sheaf-diffusion-modified/results/node_conf/minesweeper/BundleSheaf/normalised-false/stalk_dim-5/6-layers/16-hidden/500-epochs/checkpoints/best-epoch/BundleSheaf_minesweeper_fold7_seed43.pt
Saved per-node accuracy to /home/fguadagn/FMG_Master_Thesis/neural-sheaf-diffusion-modified/results/node_accuracy/minesweeper/BundleSheaf/normalised-false/stalk_dim-5/6-layers/16-hidden/500-epochs/checkpoints/best-epoch/BundleSheaf_minesweeper_fold7_seed43.pt
Saved saliency to /home/fguadagn/FMG_Master_Thesis/neural-sheaf-diffusion-modified/results/node_saliency/minesweeper/BundleSheaf/normalised-false/stalk_dim-5/6-layers/16-hidden/500-epochs/checkpoints/best-epoch/BundleSheaf_minesweeper_fold7_seed43.pt
Saved model weights to /home/fguadagn/FMG_Master_Thesis/neural-sheaf-diffusion-modified/results/model_weights/minesweeper/BundleSheaf/normalised-false/stalk_dim-5/6-layers/16-hidden/500-epochs/checkpoints/best-epoch/BundleSheaf_minesweeper_fold7_seed43.pth
Saved fold masks to /home/fguadagn/FMG_Master_Thesis/neural-sheaf-diffusion-modified/results/model_weights/minesweeper/BundleSheaf/normalised-false/stalk_dim-5/6-layers/16-hidden/500-epochs/checkpoints/best-epoch/BundleSheaf_minesweeper_fold7_seed43_masks.pt
Saved best-epoch model weights and masks (epoch 391) to checkpoints/best-epoch/
Updated best_epochs.json: fold_7 -> epoch 391
Saved node norms to /home/fguadagn/FMG_Master_Thesis/neural-sheaf-diffusion-modified/results/node_norms/minesweeper/BundleSheaf/normalised-false/stalk_dim-5/6-layers/16-hidden/500-epochs/BundleSheaf_minesweeper_fold7_seed43.pt
Saved node predictions to /home/fguadagn/FMG_Master_Thesis/neural-sheaf-diffusion-modified/results/node_preds/minesweeper/BundleSheaf/normalised-false/stalk_dim-5/6-layers/16-hidden/500-epochs/BundleSheaf_minesweeper_fold7_seed43.pt
Saved confidence to /home/fguadagn/FMG_Master_Thesis/neural-sheaf-diffusion-modified/results/node_conf/minesweeper/BundleSheaf/normalised-false/stalk_dim-5/6-layers/16-hidden/500-epochs/BundleSheaf_minesweeper_fold7_seed43.pt
Saved per-node accuracy to /home/fguadagn/FMG_Master_Thesis/neural-sheaf-diffusion-modified/results/node_accuracy/minesweeper/BundleSheaf/normalised-false/stalk_dim-5/6-layers/16-hidden/500-epochs/BundleSheaf_minesweeper_fold7_seed43.pt
Saved saliency to /home/fguadagn/FMG_Master_Thesis/neural-sheaf-diffusion-modified/results/node_saliency/minesweeper/BundleSheaf/normalised-false/stalk_dim-5/6-layers/16-hidden/500-epochs/BundleSheaf_minesweeper_fold7_seed43.pt
Saved node norms to /home/fguadagn/FMG_Master_Thesis/neural-sheaf-diffusion-modified/results/node_norms/minesweeper/BundleSheaf/normalised-false/stalk_dim-5/6-layers/16-hidden/500-epochs/checkpoints/epoch-0/BundleSheaf_minesweeper_fold8_seed43.pt
Saved confidence to /home/fguadagn/FMG_Master_Thesis/neural-sheaf-diffusion-modified/results/node_conf/minesweeper/BundleSheaf/normalised-false/stalk_dim-5/6-layers/16-hidden/500-epochs/checkpoints/epoch-0/BundleSheaf_minesweeper_fold8_seed43.pt
Saved per-node accuracy to /home/fguadagn/FMG_Master_Thesis/neural-sheaf-diffusion-modified/results/node_accuracy/minesweeper/BundleSheaf/normalised-false/stalk_dim-5/6-layers/16-hidden/500-epochs/checkpoints/epoch-0/BundleSheaf_minesweeper_fold8_seed43.pt
Saved saliency to /home/fguadagn/FMG_Master_Thesis/neural-sheaf-diffusion-modified/results/node_saliency/minesweeper/BundleSheaf/normalised-false/stalk_dim-5/6-layers/16-hidden/500-epochs/checkpoints/epoch-0/BundleSheaf_minesweeper_fold8_seed43.pt
Saved node norms to /home/fguadagn/FMG_Master_Thesis/neural-sheaf-diffusion-modified/results/node_norms/minesweeper/BundleSheaf/normalised-false/stalk_dim-5/6-layers/16-hidden/500-epochs/checkpoints/epoch-1/BundleSheaf_minesweeper_fold8_seed43.pt
Saved confidence to /home/fguadagn/FMG_Master_Thesis/neural-sheaf-diffusion-modified/results/node_conf/minesweeper/BundleSheaf/normalised-false/stalk_dim-5/6-layers/16-hidden/500-epochs/checkpoints/epoch-1/BundleSheaf_minesweeper_fold8_seed43.pt
Saved per-node accuracy to /home/fguadagn/FMG_Master_Thesis/neural-sheaf-diffusion-modified/results/node_accuracy/minesweeper/BundleSheaf/normalised-false/stalk_dim-5/6-layers/16-hidden/500-epochs/checkpoints/epoch-1/BundleSheaf_minesweeper_fold8_seed43.pt
Saved saliency to /home/fguadagn/FMG_Master_Thesis/neural-sheaf-diffusion-modified/results/node_saliency/minesweeper/BundleSheaf/normalised-false/stalk_dim-5/6-layers/16-hidden/500-epochs/checkpoints/epoch-1/BundleSheaf_minesweeper_fold8_seed43.pt
Saved node norms to /home/fguadagn/FMG_Master_Thesis/neural-sheaf-diffusion-modified/results/node_norms/minesweeper/BundleSheaf/normalised-false/stalk_dim-5/6-layers/16-hidden/500-epochs/checkpoints/epoch-5/BundleSheaf_minesweeper_fold8_seed43.pt
Saved confidence to /home/fguadagn/FMG_Master_Thesis/neural-sheaf-diffusion-modified/results/node_conf/minesweeper/BundleSheaf/normalised-false/stalk_dim-5/6-layers/16-hidden/500-epochs/checkpoints/epoch-5/BundleSheaf_minesweeper_fold8_seed43.pt
Saved per-node accuracy to /home/fguadagn/FMG_Master_Thesis/neural-sheaf-diffusion-modified/results/node_accuracy/minesweeper/BundleSheaf/normalised-false/stalk_dim-5/6-layers/16-hidden/500-epochs/checkpoints/epoch-5/BundleSheaf_minesweeper_fold8_seed43.pt
Saved saliency to /home/fguadagn/FMG_Master_Thesis/neural-sheaf-diffusion-modified/results/node_saliency/minesweeper/BundleSheaf/normalised-false/stalk_dim-5/6-layers/16-hidden/500-epochs/checkpoints/epoch-5/BundleSheaf_minesweeper_fold8_seed43.pt
Saved node norms to /home/fguadagn/FMG_Master_Thesis/neural-sheaf-diffusion-modified/results/node_norms/minesweeper/BundleSheaf/normalised-false/stalk_dim-5/6-layers/16-hidden/500-epochs/checkpoints/epoch-15/BundleSheaf_minesweeper_fold8_seed43.pt
Saved confidence to /home/fguadagn/FMG_Master_Thesis/neural-sheaf-diffusion-modified/results/node_conf/minesweeper/BundleSheaf/normalised-false/stalk_dim-5/6-layers/16-hidden/500-epochs/checkpoints/epoch-15/BundleSheaf_minesweeper_fold8_seed43.pt
Saved per-node accuracy to /home/fguadagn/FMG_Master_Thesis/neural-sheaf-diffusion-modified/results/node_accuracy/minesweeper/BundleSheaf/normalised-false/stalk_dim-5/6-layers/16-hidden/500-epochs/checkpoints/epoch-15/BundleSheaf_minesweeper_fold8_seed43.pt
Saved saliency to /home/fguadagn/FMG_Master_Thesis/neural-sheaf-diffusion-modified/results/node_saliency/minesweeper/BundleSheaf/normalised-false/stalk_dim-5/6-layers/16-hidden/500-epochs/checkpoints/epoch-15/BundleSheaf_minesweeper_fold8_seed43.pt
Saved node norms to /home/fguadagn/FMG_Master_Thesis/neural-sheaf-diffusion-modified/results/node_norms/minesweeper/BundleSheaf/normalised-false/stalk_dim-5/6-layers/16-hidden/500-epochs/checkpoints/epoch-50/BundleSheaf_minesweeper_fold8_seed43.pt
Saved confidence to /home/fguadagn/FMG_Master_Thesis/neural-sheaf-diffusion-modified/results/node_conf/minesweeper/BundleSheaf/normalised-false/stalk_dim-5/6-layers/16-hidden/500-epochs/checkpoints/epoch-50/BundleSheaf_minesweeper_fold8_seed43.pt
Saved per-node accuracy to /home/fguadagn/FMG_Master_Thesis/neural-sheaf-diffusion-modified/results/node_accuracy/minesweeper/BundleSheaf/normalised-false/stalk_dim-5/6-layers/16-hidden/500-epochs/checkpoints/epoch-50/BundleSheaf_minesweeper_fold8_seed43.pt
Saved saliency to /home/fguadagn/FMG_Master_Thesis/neural-sheaf-diffusion-modified/results/node_saliency/minesweeper/BundleSheaf/normalised-false/stalk_dim-5/6-layers/16-hidden/500-epochs/checkpoints/epoch-50/BundleSheaf_minesweeper_fold8_seed43.pt
Saved node norms to /home/fguadagn/FMG_Master_Thesis/neural-sheaf-diffusion-modified/results/node_norms/minesweeper/BundleSheaf/normalised-false/stalk_dim-5/6-layers/16-hidden/500-epochs/checkpoints/epoch-200/BundleSheaf_minesweeper_fold8_seed43.pt
Saved confidence to /home/fguadagn/FMG_Master_Thesis/neural-sheaf-diffusion-modified/results/node_conf/minesweeper/BundleSheaf/normalised-false/stalk_dim-5/6-layers/16-hidden/500-epochs/checkpoints/epoch-200/BundleSheaf_minesweeper_fold8_seed43.pt
Saved per-node accuracy to /home/fguadagn/FMG_Master_Thesis/neural-sheaf-diffusion-modified/results/node_accuracy/minesweeper/BundleSheaf/normalised-false/stalk_dim-5/6-layers/16-hidden/500-epochs/checkpoints/epoch-200/BundleSheaf_minesweeper_fold8_seed43.pt
Saved saliency to /home/fguadagn/FMG_Master_Thesis/neural-sheaf-diffusion-modified/results/node_saliency/minesweeper/BundleSheaf/normalised-false/stalk_dim-5/6-layers/16-hidden/500-epochs/checkpoints/epoch-200/BundleSheaf_minesweeper_fold8_seed43.pt
Fold 8 | Epochs: 499 | Best epoch: 481
Test acc (best epoch): 0.7890
Test acc (last epoch): 0.8115
Best val acc: 0.7675
Test AUC (best epoch): 0.5755
Test AUC (last epoch): 0.5071
Laplacian 0: Max: 0.9553, Min: -1.0000, Avg: -0.0882, Abs avg: 0.3160
Laplacian 1: Max: 0.9951, Min: -1.0000, Avg: -0.0988, Abs avg: 0.3558
Laplacian 2: Max: 1.0000, Min: -1.0000, Avg: -0.0996, Abs avg: 0.2798
Laplacian 3: Max: 1.0000, Min: -1.0000, Avg: -0.1114, Abs avg: 0.2847
Laplacian 4: Max: 0.8641, Min: -1.0000, Avg: -0.1555, Abs avg: 0.2259
Laplacian 5: Max: 0.9444, Min: -1.0000, Avg: -0.1990, Abs avg: 0.2023
Epsilons 0: [-0.07  -0.059 -0.062 -0.011  0.024]
Epsilons 1: [ 0.025  0.047  0.051  0.069 -0.015]
Epsilons 2: [-0.079  0.068 -0.072  0.01  -0.007]
Epsilons 3: [ 0.03  -0.015  0.082 -0.014 -0.016]
Epsilons 4: [-0.102 -0.185 -0.202 -0.023 -0.238]
Epsilons 5: [-0.764 -0.778 -0.906 -0.818 -1.076]
Saved node norms to /home/fguadagn/FMG_Master_Thesis/neural-sheaf-diffusion-modified/results/node_norms/minesweeper/BundleSheaf/normalised-false/stalk_dim-5/6-layers/16-hidden/500-epochs/checkpoints/best-epoch/BundleSheaf_minesweeper_fold8_seed43.pt
Saved best-epoch node norms (epoch 481) to checkpoints/best-epoch/
Saved confidence to /home/fguadagn/FMG_Master_Thesis/neural-sheaf-diffusion-modified/results/node_conf/minesweeper/BundleSheaf/normalised-false/stalk_dim-5/6-layers/16-hidden/500-epochs/checkpoints/best-epoch/BundleSheaf_minesweeper_fold8_seed43.pt
Saved per-node accuracy to /home/fguadagn/FMG_Master_Thesis/neural-sheaf-diffusion-modified/results/node_accuracy/minesweeper/BundleSheaf/normalised-false/stalk_dim-5/6-layers/16-hidden/500-epochs/checkpoints/best-epoch/BundleSheaf_minesweeper_fold8_seed43.pt
Saved saliency to /home/fguadagn/FMG_Master_Thesis/neural-sheaf-diffusion-modified/results/node_saliency/minesweeper/BundleSheaf/normalised-false/stalk_dim-5/6-layers/16-hidden/500-epochs/checkpoints/best-epoch/BundleSheaf_minesweeper_fold8_seed43.pt
Saved model weights to /home/fguadagn/FMG_Master_Thesis/neural-sheaf-diffusion-modified/results/model_weights/minesweeper/BundleSheaf/normalised-false/stalk_dim-5/6-layers/16-hidden/500-epochs/checkpoints/best-epoch/BundleSheaf_minesweeper_fold8_seed43.pth
Saved fold masks to /home/fguadagn/FMG_Master_Thesis/neural-sheaf-diffusion-modified/results/model_weights/minesweeper/BundleSheaf/normalised-false/stalk_dim-5/6-layers/16-hidden/500-epochs/checkpoints/best-epoch/BundleSheaf_minesweeper_fold8_seed43_masks.pt
Saved best-epoch model weights and masks (epoch 481) to checkpoints/best-epoch/
Updated best_epochs.json: fold_8 -> epoch 481
Saved node norms to /home/fguadagn/FMG_Master_Thesis/neural-sheaf-diffusion-modified/results/node_norms/minesweeper/BundleSheaf/normalised-false/stalk_dim-5/6-layers/16-hidden/500-epochs/BundleSheaf_minesweeper_fold8_seed43.pt
Saved node predictions to /home/fguadagn/FMG_Master_Thesis/neural-sheaf-diffusion-modified/results/node_preds/minesweeper/BundleSheaf/normalised-false/stalk_dim-5/6-layers/16-hidden/500-epochs/BundleSheaf_minesweeper_fold8_seed43.pt
Saved confidence to /home/fguadagn/FMG_Master_Thesis/neural-sheaf-diffusion-modified/results/node_conf/minesweeper/BundleSheaf/normalised-false/stalk_dim-5/6-layers/16-hidden/500-epochs/BundleSheaf_minesweeper_fold8_seed43.pt
Saved per-node accuracy to /home/fguadagn/FMG_Master_Thesis/neural-sheaf-diffusion-modified/results/node_accuracy/minesweeper/BundleSheaf/normalised-false/stalk_dim-5/6-layers/16-hidden/500-epochs/BundleSheaf_minesweeper_fold8_seed43.pt
Saved saliency to /home/fguadagn/FMG_Master_Thesis/neural-sheaf-diffusion-modified/results/node_saliency/minesweeper/BundleSheaf/normalised-false/stalk_dim-5/6-layers/16-hidden/500-epochs/BundleSheaf_minesweeper_fold8_seed43.pt
Saved node norms to /home/fguadagn/FMG_Master_Thesis/neural-sheaf-diffusion-modified/results/node_norms/minesweeper/BundleSheaf/normalised-false/stalk_dim-5/6-layers/16-hidden/500-epochs/checkpoints/epoch-0/BundleSheaf_minesweeper_fold9_seed43.pt
Saved confidence to /home/fguadagn/FMG_Master_Thesis/neural-sheaf-diffusion-modified/results/node_conf/minesweeper/BundleSheaf/normalised-false/stalk_dim-5/6-layers/16-hidden/500-epochs/checkpoints/epoch-0/BundleSheaf_minesweeper_fold9_seed43.pt
Saved per-node accuracy to /home/fguadagn/FMG_Master_Thesis/neural-sheaf-diffusion-modified/results/node_accuracy/minesweeper/BundleSheaf/normalised-false/stalk_dim-5/6-layers/16-hidden/500-epochs/checkpoints/epoch-0/BundleSheaf_minesweeper_fold9_seed43.pt
Saved saliency to /home/fguadagn/FMG_Master_Thesis/neural-sheaf-diffusion-modified/results/node_saliency/minesweeper/BundleSheaf/normalised-false/stalk_dim-5/6-layers/16-hidden/500-epochs/checkpoints/epoch-0/BundleSheaf_minesweeper_fold9_seed43.pt
Saved node norms to /home/fguadagn/FMG_Master_Thesis/neural-sheaf-diffusion-modified/results/node_norms/minesweeper/BundleSheaf/normalised-false/stalk_dim-5/6-layers/16-hidden/500-epochs/checkpoints/epoch-1/BundleSheaf_minesweeper_fold9_seed43.pt
Saved confidence to /home/fguadagn/FMG_Master_Thesis/neural-sheaf-diffusion-modified/results/node_conf/minesweeper/BundleSheaf/normalised-false/stalk_dim-5/6-layers/16-hidden/500-epochs/checkpoints/epoch-1/BundleSheaf_minesweeper_fold9_seed43.pt
Saved per-node accuracy to /home/fguadagn/FMG_Master_Thesis/neural-sheaf-diffusion-modified/results/node_accuracy/minesweeper/BundleSheaf/normalised-false/stalk_dim-5/6-layers/16-hidden/500-epochs/checkpoints/epoch-1/BundleSheaf_minesweeper_fold9_seed43.pt
Saved saliency to /home/fguadagn/FMG_Master_Thesis/neural-sheaf-diffusion-modified/results/node_saliency/minesweeper/BundleSheaf/normalised-false/stalk_dim-5/6-layers/16-hidden/500-epochs/checkpoints/epoch-1/BundleSheaf_minesweeper_fold9_seed43.pt
Saved node norms to /home/fguadagn/FMG_Master_Thesis/neural-sheaf-diffusion-modified/results/node_norms/minesweeper/BundleSheaf/normalised-false/stalk_dim-5/6-layers/16-hidden/500-epochs/checkpoints/epoch-5/BundleSheaf_minesweeper_fold9_seed43.pt
Saved confidence to /home/fguadagn/FMG_Master_Thesis/neural-sheaf-diffusion-modified/results/node_conf/minesweeper/BundleSheaf/normalised-false/stalk_dim-5/6-layers/16-hidden/500-epochs/checkpoints/epoch-5/BundleSheaf_minesweeper_fold9_seed43.pt
Saved per-node accuracy to /home/fguadagn/FMG_Master_Thesis/neural-sheaf-diffusion-modified/results/node_accuracy/minesweeper/BundleSheaf/normalised-false/stalk_dim-5/6-layers/16-hidden/500-epochs/checkpoints/epoch-5/BundleSheaf_minesweeper_fold9_seed43.pt
Saved saliency to /home/fguadagn/FMG_Master_Thesis/neural-sheaf-diffusion-modified/results/node_saliency/minesweeper/BundleSheaf/normalised-false/stalk_dim-5/6-layers/16-hidden/500-epochs/checkpoints/epoch-5/BundleSheaf_minesweeper_fold9_seed43.pt
Saved node norms to /home/fguadagn/FMG_Master_Thesis/neural-sheaf-diffusion-modified/results/node_norms/minesweeper/BundleSheaf/normalised-false/stalk_dim-5/6-layers/16-hidden/500-epochs/checkpoints/epoch-15/BundleSheaf_minesweeper_fold9_seed43.pt
Saved confidence to /home/fguadagn/FMG_Master_Thesis/neural-sheaf-diffusion-modified/results/node_conf/minesweeper/BundleSheaf/normalised-false/stalk_dim-5/6-layers/16-hidden/500-epochs/checkpoints/epoch-15/BundleSheaf_minesweeper_fold9_seed43.pt
Saved per-node accuracy to /home/fguadagn/FMG_Master_Thesis/neural-sheaf-diffusion-modified/results/node_accuracy/minesweeper/BundleSheaf/normalised-false/stalk_dim-5/6-layers/16-hidden/500-epochs/checkpoints/epoch-15/BundleSheaf_minesweeper_fold9_seed43.pt
Saved saliency to /home/fguadagn/FMG_Master_Thesis/neural-sheaf-diffusion-modified/results/node_saliency/minesweeper/BundleSheaf/normalised-false/stalk_dim-5/6-layers/16-hidden/500-epochs/checkpoints/epoch-15/BundleSheaf_minesweeper_fold9_seed43.pt
Saved node norms to /home/fguadagn/FMG_Master_Thesis/neural-sheaf-diffusion-modified/results/node_norms/minesweeper/BundleSheaf/normalised-false/stalk_dim-5/6-layers/16-hidden/500-epochs/checkpoints/epoch-50/BundleSheaf_minesweeper_fold9_seed43.pt
Saved confidence to /home/fguadagn/FMG_Master_Thesis/neural-sheaf-diffusion-modified/results/node_conf/minesweeper/BundleSheaf/normalised-false/stalk_dim-5/6-layers/16-hidden/500-epochs/checkpoints/epoch-50/BundleSheaf_minesweeper_fold9_seed43.pt
Saved per-node accuracy to /home/fguadagn/FMG_Master_Thesis/neural-sheaf-diffusion-modified/results/node_accuracy/minesweeper/BundleSheaf/normalised-false/stalk_dim-5/6-layers/16-hidden/500-epochs/checkpoints/epoch-50/BundleSheaf_minesweeper_fold9_seed43.pt
Saved saliency to /home/fguadagn/FMG_Master_Thesis/neural-sheaf-diffusion-modified/results/node_saliency/minesweeper/BundleSheaf/normalised-false/stalk_dim-5/6-layers/16-hidden/500-epochs/checkpoints/epoch-50/BundleSheaf_minesweeper_fold9_seed43.pt
Saved node norms to /home/fguadagn/FMG_Master_Thesis/neural-sheaf-diffusion-modified/results/node_norms/minesweeper/BundleSheaf/normalised-false/stalk_dim-5/6-layers/16-hidden/500-epochs/checkpoints/epoch-200/BundleSheaf_minesweeper_fold9_seed43.pt
Saved confidence to /home/fguadagn/FMG_Master_Thesis/neural-sheaf-diffusion-modified/results/node_conf/minesweeper/BundleSheaf/normalised-false/stalk_dim-5/6-layers/16-hidden/500-epochs/checkpoints/epoch-200/BundleSheaf_minesweeper_fold9_seed43.pt
Saved per-node accuracy to /home/fguadagn/FMG_Master_Thesis/neural-sheaf-diffusion-modified/results/node_accuracy/minesweeper/BundleSheaf/normalised-false/stalk_dim-5/6-layers/16-hidden/500-epochs/checkpoints/epoch-200/BundleSheaf_minesweeper_fold9_seed43.pt
Saved saliency to /home/fguadagn/FMG_Master_Thesis/neural-sheaf-diffusion-modified/results/node_saliency/minesweeper/BundleSheaf/normalised-false/stalk_dim-5/6-layers/16-hidden/500-epochs/checkpoints/epoch-200/BundleSheaf_minesweeper_fold9_seed43.pt
Fold 9 | Epochs: 499 | Best epoch: 455
Test acc (best epoch): 0.7260
Test acc (last epoch): 0.7995
Best val acc: 0.7140
Test AUC (best epoch): 0.5756
Test AUC (last epoch): 0.5483
Laplacian 0: Max: 0.9503, Min: -1.0000, Avg: -0.0528, Abs avg: 0.3117
Laplacian 1: Max: 0.9989, Min: -1.0000, Avg: -0.0935, Abs avg: 0.3334
Laplacian 2: Max: 0.9999, Min: -1.0000, Avg: -0.0537, Abs avg: 0.2803
Laplacian 3: Max: 0.9428, Min: -1.0000, Avg: -0.1774, Abs avg: 0.2325
Laplacian 4: Max: 1.0000, Min: -1.0000, Avg: -0.0847, Abs avg: 0.2800
Laplacian 5: Max: 0.9559, Min: -1.0000, Avg: -0.0503, Abs avg: 0.3267
Epsilons 0: [ 0.022 -0.171  0.096  0.038 -0.048]
Epsilons 1: [-0.021  0.159 -0.001  0.059  0.17 ]
Epsilons 2: [ 0.022 -0.098  0.003  0.162  0.059]
Epsilons 3: [-0.034 -0.079  0.006  0.037  0.025]
Epsilons 4: [ 0.011 -0.079 -0.181 -0.146 -0.156]
Epsilons 5: [-0.754 -0.848 -1.04  -1.091 -0.85 ]
Saved node norms to /home/fguadagn/FMG_Master_Thesis/neural-sheaf-diffusion-modified/results/node_norms/minesweeper/BundleSheaf/normalised-false/stalk_dim-5/6-layers/16-hidden/500-epochs/checkpoints/best-epoch/BundleSheaf_minesweeper_fold9_seed43.pt
Saved best-epoch node norms (epoch 455) to checkpoints/best-epoch/
Saved confidence to /home/fguadagn/FMG_Master_Thesis/neural-sheaf-diffusion-modified/results/node_conf/minesweeper/BundleSheaf/normalised-false/stalk_dim-5/6-layers/16-hidden/500-epochs/checkpoints/best-epoch/BundleSheaf_minesweeper_fold9_seed43.pt
Saved per-node accuracy to /home/fguadagn/FMG_Master_Thesis/neural-sheaf-diffusion-modified/results/node_accuracy/minesweeper/BundleSheaf/normalised-false/stalk_dim-5/6-layers/16-hidden/500-epochs/checkpoints/best-epoch/BundleSheaf_minesweeper_fold9_seed43.pt
Saved saliency to /home/fguadagn/FMG_Master_Thesis/neural-sheaf-diffusion-modified/results/node_saliency/minesweeper/BundleSheaf/normalised-false/stalk_dim-5/6-layers/16-hidden/500-epochs/checkpoints/best-epoch/BundleSheaf_minesweeper_fold9_seed43.pt
Saved model weights to /home/fguadagn/FMG_Master_Thesis/neural-sheaf-diffusion-modified/results/model_weights/minesweeper/BundleSheaf/normalised-false/stalk_dim-5/6-layers/16-hidden/500-epochs/checkpoints/best-epoch/BundleSheaf_minesweeper_fold9_seed43.pth
Saved fold masks to /home/fguadagn/FMG_Master_Thesis/neural-sheaf-diffusion-modified/results/model_weights/minesweeper/BundleSheaf/normalised-false/stalk_dim-5/6-layers/16-hidden/500-epochs/checkpoints/best-epoch/BundleSheaf_minesweeper_fold9_seed43_masks.pt
Saved best-epoch model weights and masks (epoch 455) to checkpoints/best-epoch/
Updated best_epochs.json: fold_9 -> epoch 455
Saved node norms to /home/fguadagn/FMG_Master_Thesis/neural-sheaf-diffusion-modified/results/node_norms/minesweeper/BundleSheaf/normalised-false/stalk_dim-5/6-layers/16-hidden/500-epochs/BundleSheaf_minesweeper_fold9_seed43.pt
Saved node predictions to /home/fguadagn/FMG_Master_Thesis/neural-sheaf-diffusion-modified/results/node_preds/minesweeper/BundleSheaf/normalised-false/stalk_dim-5/6-layers/16-hidden/500-epochs/BundleSheaf_minesweeper_fold9_seed43.pt
Saved confidence to /home/fguadagn/FMG_Master_Thesis/neural-sheaf-diffusion-modified/results/node_conf/minesweeper/BundleSheaf/normalised-false/stalk_dim-5/6-layers/16-hidden/500-epochs/BundleSheaf_minesweeper_fold9_seed43.pt
Saved per-node accuracy to /home/fguadagn/FMG_Master_Thesis/neural-sheaf-diffusion-modified/results/node_accuracy/minesweeper/BundleSheaf/normalised-false/stalk_dim-5/6-layers/16-hidden/500-epochs/BundleSheaf_minesweeper_fold9_seed43.pt
Saved saliency to /home/fguadagn/FMG_Master_Thesis/neural-sheaf-diffusion-modified/results/node_saliency/minesweeper/BundleSheaf/normalised-false/stalk_dim-5/6-layers/16-hidden/500-epochs/BundleSheaf_minesweeper_fold9_seed43.pt
BundleSheaf on minesweeper | SHA: 76c20f9b6a5a98e71dded402ae983d844519635e
Test acc: 74.2950 +/- 5.5076 | Val acc: 73.6550
Test AUC: 0.5837 +/- 0.0569
