Running with wandb account: franceguad2002-epfl
Namespace(epochs=500, lr=0.02, weight_decay=0.0006914841722570725, sheaf_decay=0.00031764232712732976, early_stopping=200, min_acc=0.0, stop_strategy='loss', d=2, layers=2, normalised=False, deg_normalised=False, linear=False, hidden_channels=16, input_dropout=0.2, dropout=0.5, left_weights=True, right_weights=True, add_lp=False, add_hp=False, use_act=True, second_linear=False, orth='householder', sheaf_act='tanh', edge_weights=False, sparse_learner=False, dataset='cornell', seed=43, cuda=0, folds=10, model='BundleSheaf', entity='franceguad2002-epfl', evectors=0, max_t=1.0, int_method=None, step_size=1, max_iters=100, adjoint_method='adaptive_heun', adjoint=False, adjoint_step_size=1, tol_scale=1.0, tol_scale_adjoint=1.0, max_nfe=1000, no_early=False, earlystopxT=3, max_test_steps=100, num_nodes=200, num_classes=2, num_feats=10, het_coef=0.9, edge_noise=0.05, node_degree=10, feat_noise=0.25, ellipsoid_radius=1, just_add_noise=False, ellipsoids=True, classes_corr=None, dual_diff_strength=1.0, dual_normalised=True, sheaf_init=False, dual_left_linear=True, dual_right_linear=True, dual_linear=False, learn_first_maps=False, learnt_map_type='general', rotation_invariant_sheaf_learner=False, node_edge_sims_time_dependent=False, num_of_convolutions=1, dim_list=[], zero_laplacian=False, maps_lr=None, use_epsilons=True, use_embedding=True, checkpoint_epochs=[0, 1, 5, 15, 50, 200], save_laplacians=False, save_norms=True, save_preds=True, save_saliency=True, save_others=False, sha='76c20f9b6a5a98e71dded402ae983d844519635e', graph_size=183, input_dim=1703, output_dim=5, device=device(type='cuda', index=0))
Saved node norms to /home/fguadagn/FMG_Master_Thesis/neural-sheaf-diffusion-modified/results/node_norms/cornell/BundleSheaf/normalised-false/stalk_dim-2/2-layers/16-hidden/500-epochs/checkpoints/epoch-0/BundleSheaf_cornell_fold0_seed43.pt
Saved confidence to /home/fguadagn/FMG_Master_Thesis/neural-sheaf-diffusion-modified/results/node_conf/cornell/BundleSheaf/normalised-false/stalk_dim-2/2-layers/16-hidden/500-epochs/checkpoints/epoch-0/BundleSheaf_cornell_fold0_seed43.pt
Saved per-node accuracy to /home/fguadagn/FMG_Master_Thesis/neural-sheaf-diffusion-modified/results/node_accuracy/cornell/BundleSheaf/normalised-false/stalk_dim-2/2-layers/16-hidden/500-epochs/checkpoints/epoch-0/BundleSheaf_cornell_fold0_seed43.pt
Saved saliency to /home/fguadagn/FMG_Master_Thesis/neural-sheaf-diffusion-modified/results/node_saliency/cornell/BundleSheaf/normalised-false/stalk_dim-2/2-layers/16-hidden/500-epochs/checkpoints/epoch-0/BundleSheaf_cornell_fold0_seed43.pt
Saved node norms to /home/fguadagn/FMG_Master_Thesis/neural-sheaf-diffusion-modified/results/node_norms/cornell/BundleSheaf/normalised-false/stalk_dim-2/2-layers/16-hidden/500-epochs/checkpoints/epoch-1/BundleSheaf_cornell_fold0_seed43.pt
Saved confidence to /home/fguadagn/FMG_Master_Thesis/neural-sheaf-diffusion-modified/results/node_conf/cornell/BundleSheaf/normalised-false/stalk_dim-2/2-layers/16-hidden/500-epochs/checkpoints/epoch-1/BundleSheaf_cornell_fold0_seed43.pt
Saved per-node accuracy to /home/fguadagn/FMG_Master_Thesis/neural-sheaf-diffusion-modified/results/node_accuracy/cornell/BundleSheaf/normalised-false/stalk_dim-2/2-layers/16-hidden/500-epochs/checkpoints/epoch-1/BundleSheaf_cornell_fold0_seed43.pt
Saved saliency to /home/fguadagn/FMG_Master_Thesis/neural-sheaf-diffusion-modified/results/node_saliency/cornell/BundleSheaf/normalised-false/stalk_dim-2/2-layers/16-hidden/500-epochs/checkpoints/epoch-1/BundleSheaf_cornell_fold0_seed43.pt
Saved node norms to /home/fguadagn/FMG_Master_Thesis/neural-sheaf-diffusion-modified/results/node_norms/cornell/BundleSheaf/normalised-false/stalk_dim-2/2-layers/16-hidden/500-epochs/checkpoints/epoch-5/BundleSheaf_cornell_fold0_seed43.pt
Saved confidence to /home/fguadagn/FMG_Master_Thesis/neural-sheaf-diffusion-modified/results/node_conf/cornell/BundleSheaf/normalised-false/stalk_dim-2/2-layers/16-hidden/500-epochs/checkpoints/epoch-5/BundleSheaf_cornell_fold0_seed43.pt
Saved per-node accuracy to /home/fguadagn/FMG_Master_Thesis/neural-sheaf-diffusion-modified/results/node_accuracy/cornell/BundleSheaf/normalised-false/stalk_dim-2/2-layers/16-hidden/500-epochs/checkpoints/epoch-5/BundleSheaf_cornell_fold0_seed43.pt
Saved saliency to /home/fguadagn/FMG_Master_Thesis/neural-sheaf-diffusion-modified/results/node_saliency/cornell/BundleSheaf/normalised-false/stalk_dim-2/2-layers/16-hidden/500-epochs/checkpoints/epoch-5/BundleSheaf_cornell_fold0_seed43.pt
Saved node norms to /home/fguadagn/FMG_Master_Thesis/neural-sheaf-diffusion-modified/results/node_norms/cornell/BundleSheaf/normalised-false/stalk_dim-2/2-layers/16-hidden/500-epochs/checkpoints/epoch-15/BundleSheaf_cornell_fold0_seed43.pt
Saved confidence to /home/fguadagn/FMG_Master_Thesis/neural-sheaf-diffusion-modified/results/node_conf/cornell/BundleSheaf/normalised-false/stalk_dim-2/2-layers/16-hidden/500-epochs/checkpoints/epoch-15/BundleSheaf_cornell_fold0_seed43.pt
Saved per-node accuracy to /home/fguadagn/FMG_Master_Thesis/neural-sheaf-diffusion-modified/results/node_accuracy/cornell/BundleSheaf/normalised-false/stalk_dim-2/2-layers/16-hidden/500-epochs/checkpoints/epoch-15/BundleSheaf_cornell_fold0_seed43.pt
Saved saliency to /home/fguadagn/FMG_Master_Thesis/neural-sheaf-diffusion-modified/results/node_saliency/cornell/BundleSheaf/normalised-false/stalk_dim-2/2-layers/16-hidden/500-epochs/checkpoints/epoch-15/BundleSheaf_cornell_fold0_seed43.pt
Saved node norms to /home/fguadagn/FMG_Master_Thesis/neural-sheaf-diffusion-modified/results/node_norms/cornell/BundleSheaf/normalised-false/stalk_dim-2/2-layers/16-hidden/500-epochs/checkpoints/epoch-50/BundleSheaf_cornell_fold0_seed43.pt
Saved confidence to /home/fguadagn/FMG_Master_Thesis/neural-sheaf-diffusion-modified/results/node_conf/cornell/BundleSheaf/normalised-false/stalk_dim-2/2-layers/16-hidden/500-epochs/checkpoints/epoch-50/BundleSheaf_cornell_fold0_seed43.pt
Saved per-node accuracy to /home/fguadagn/FMG_Master_Thesis/neural-sheaf-diffusion-modified/results/node_accuracy/cornell/BundleSheaf/normalised-false/stalk_dim-2/2-layers/16-hidden/500-epochs/checkpoints/epoch-50/BundleSheaf_cornell_fold0_seed43.pt
Saved saliency to /home/fguadagn/FMG_Master_Thesis/neural-sheaf-diffusion-modified/results/node_saliency/cornell/BundleSheaf/normalised-false/stalk_dim-2/2-layers/16-hidden/500-epochs/checkpoints/epoch-50/BundleSheaf_cornell_fold0_seed43.pt
Saved node norms to /home/fguadagn/FMG_Master_Thesis/neural-sheaf-diffusion-modified/results/node_norms/cornell/BundleSheaf/normalised-false/stalk_dim-2/2-layers/16-hidden/500-epochs/checkpoints/epoch-200/BundleSheaf_cornell_fold0_seed43.pt
Saved confidence to /home/fguadagn/FMG_Master_Thesis/neural-sheaf-diffusion-modified/results/node_conf/cornell/BundleSheaf/normalised-false/stalk_dim-2/2-layers/16-hidden/500-epochs/checkpoints/epoch-200/BundleSheaf_cornell_fold0_seed43.pt
Saved per-node accuracy to /home/fguadagn/FMG_Master_Thesis/neural-sheaf-diffusion-modified/results/node_accuracy/cornell/BundleSheaf/normalised-false/stalk_dim-2/2-layers/16-hidden/500-epochs/checkpoints/epoch-200/BundleSheaf_cornell_fold0_seed43.pt
Saved saliency to /home/fguadagn/FMG_Master_Thesis/neural-sheaf-diffusion-modified/results/node_saliency/cornell/BundleSheaf/normalised-false/stalk_dim-2/2-layers/16-hidden/500-epochs/checkpoints/epoch-200/BundleSheaf_cornell_fold0_seed43.pt
Fold 0 | Epochs: 499 | Best epoch: 316
Test acc (best epoch): 0.5946
Test acc (last epoch): 0.6486
Best val acc: 0.6441
Laplacian 0: Max: 1.0000, Min: -1.0000, Avg: -0.2934, Abs avg: 0.6372
Laplacian 1: Max: 1.0000, Min: -1.0000, Avg: -0.0078, Abs avg: 0.5937
Epsilons 0: [2.148 1.434]
Epsilons 1: [2.48  1.741]
Saved node norms to /home/fguadagn/FMG_Master_Thesis/neural-sheaf-diffusion-modified/results/node_norms/cornell/BundleSheaf/normalised-false/stalk_dim-2/2-layers/16-hidden/500-epochs/checkpoints/best-epoch/BundleSheaf_cornell_fold0_seed43.pt
Saved best-epoch node norms (epoch 316) to checkpoints/best-epoch/
Saved confidence to /home/fguadagn/FMG_Master_Thesis/neural-sheaf-diffusion-modified/results/node_conf/cornell/BundleSheaf/normalised-false/stalk_dim-2/2-layers/16-hidden/500-epochs/checkpoints/best-epoch/BundleSheaf_cornell_fold0_seed43.pt
Saved per-node accuracy to /home/fguadagn/FMG_Master_Thesis/neural-sheaf-diffusion-modified/results/node_accuracy/cornell/BundleSheaf/normalised-false/stalk_dim-2/2-layers/16-hidden/500-epochs/checkpoints/best-epoch/BundleSheaf_cornell_fold0_seed43.pt
Saved saliency to /home/fguadagn/FMG_Master_Thesis/neural-sheaf-diffusion-modified/results/node_saliency/cornell/BundleSheaf/normalised-false/stalk_dim-2/2-layers/16-hidden/500-epochs/checkpoints/best-epoch/BundleSheaf_cornell_fold0_seed43.pt
Saved training args to /home/fguadagn/FMG_Master_Thesis/neural-sheaf-diffusion-modified/results/model_weights/cornell/BundleSheaf/normalised-false/stalk_dim-2/2-layers/16-hidden/500-epochs/training_args.json
Saved model weights to /home/fguadagn/FMG_Master_Thesis/neural-sheaf-diffusion-modified/results/model_weights/cornell/BundleSheaf/normalised-false/stalk_dim-2/2-layers/16-hidden/500-epochs/checkpoints/best-epoch/BundleSheaf_cornell_fold0_seed43.pth
Saved fold masks to /home/fguadagn/FMG_Master_Thesis/neural-sheaf-diffusion-modified/results/model_weights/cornell/BundleSheaf/normalised-false/stalk_dim-2/2-layers/16-hidden/500-epochs/checkpoints/best-epoch/BundleSheaf_cornell_fold0_seed43_masks.pt
Saved best-epoch model weights and masks (epoch 316) to checkpoints/best-epoch/
Updated best_epochs.json: fold_0 -> epoch 316
Saved node norms to /home/fguadagn/FMG_Master_Thesis/neural-sheaf-diffusion-modified/results/node_norms/cornell/BundleSheaf/normalised-false/stalk_dim-2/2-layers/16-hidden/500-epochs/BundleSheaf_cornell_fold0_seed43.pt
Saved node predictions to /home/fguadagn/FMG_Master_Thesis/neural-sheaf-diffusion-modified/results/node_preds/cornell/BundleSheaf/normalised-false/stalk_dim-2/2-layers/16-hidden/500-epochs/BundleSheaf_cornell_fold0_seed43.pt
Saved confidence to /home/fguadagn/FMG_Master_Thesis/neural-sheaf-diffusion-modified/results/node_conf/cornell/BundleSheaf/normalised-false/stalk_dim-2/2-layers/16-hidden/500-epochs/BundleSheaf_cornell_fold0_seed43.pt
Saved per-node accuracy to /home/fguadagn/FMG_Master_Thesis/neural-sheaf-diffusion-modified/results/node_accuracy/cornell/BundleSheaf/normalised-false/stalk_dim-2/2-layers/16-hidden/500-epochs/BundleSheaf_cornell_fold0_seed43.pt
Saved saliency to /home/fguadagn/FMG_Master_Thesis/neural-sheaf-diffusion-modified/results/node_saliency/cornell/BundleSheaf/normalised-false/stalk_dim-2/2-layers/16-hidden/500-epochs/BundleSheaf_cornell_fold0_seed43.pt
Saved node norms to /home/fguadagn/FMG_Master_Thesis/neural-sheaf-diffusion-modified/results/node_norms/cornell/BundleSheaf/normalised-false/stalk_dim-2/2-layers/16-hidden/500-epochs/checkpoints/epoch-0/BundleSheaf_cornell_fold1_seed43.pt
Saved confidence to /home/fguadagn/FMG_Master_Thesis/neural-sheaf-diffusion-modified/results/node_conf/cornell/BundleSheaf/normalised-false/stalk_dim-2/2-layers/16-hidden/500-epochs/checkpoints/epoch-0/BundleSheaf_cornell_fold1_seed43.pt
Saved per-node accuracy to /home/fguadagn/FMG_Master_Thesis/neural-sheaf-diffusion-modified/results/node_accuracy/cornell/BundleSheaf/normalised-false/stalk_dim-2/2-layers/16-hidden/500-epochs/checkpoints/epoch-0/BundleSheaf_cornell_fold1_seed43.pt
Saved saliency to /home/fguadagn/FMG_Master_Thesis/neural-sheaf-diffusion-modified/results/node_saliency/cornell/BundleSheaf/normalised-false/stalk_dim-2/2-layers/16-hidden/500-epochs/checkpoints/epoch-0/BundleSheaf_cornell_fold1_seed43.pt
Saved node norms to /home/fguadagn/FMG_Master_Thesis/neural-sheaf-diffusion-modified/results/node_norms/cornell/BundleSheaf/normalised-false/stalk_dim-2/2-layers/16-hidden/500-epochs/checkpoints/epoch-1/BundleSheaf_cornell_fold1_seed43.pt
Saved confidence to /home/fguadagn/FMG_Master_Thesis/neural-sheaf-diffusion-modified/results/node_conf/cornell/BundleSheaf/normalised-false/stalk_dim-2/2-layers/16-hidden/500-epochs/checkpoints/epoch-1/BundleSheaf_cornell_fold1_seed43.pt
Saved per-node accuracy to /home/fguadagn/FMG_Master_Thesis/neural-sheaf-diffusion-modified/results/node_accuracy/cornell/BundleSheaf/normalised-false/stalk_dim-2/2-layers/16-hidden/500-epochs/checkpoints/epoch-1/BundleSheaf_cornell_fold1_seed43.pt
Saved saliency to /home/fguadagn/FMG_Master_Thesis/neural-sheaf-diffusion-modified/results/node_saliency/cornell/BundleSheaf/normalised-false/stalk_dim-2/2-layers/16-hidden/500-epochs/checkpoints/epoch-1/BundleSheaf_cornell_fold1_seed43.pt
Saved node norms to /home/fguadagn/FMG_Master_Thesis/neural-sheaf-diffusion-modified/results/node_norms/cornell/BundleSheaf/normalised-false/stalk_dim-2/2-layers/16-hidden/500-epochs/checkpoints/epoch-5/BundleSheaf_cornell_fold1_seed43.pt
Saved confidence to /home/fguadagn/FMG_Master_Thesis/neural-sheaf-diffusion-modified/results/node_conf/cornell/BundleSheaf/normalised-false/stalk_dim-2/2-layers/16-hidden/500-epochs/checkpoints/epoch-5/BundleSheaf_cornell_fold1_seed43.pt
Saved per-node accuracy to /home/fguadagn/FMG_Master_Thesis/neural-sheaf-diffusion-modified/results/node_accuracy/cornell/BundleSheaf/normalised-false/stalk_dim-2/2-layers/16-hidden/500-epochs/checkpoints/epoch-5/BundleSheaf_cornell_fold1_seed43.pt
Saved saliency to /home/fguadagn/FMG_Master_Thesis/neural-sheaf-diffusion-modified/results/node_saliency/cornell/BundleSheaf/normalised-false/stalk_dim-2/2-layers/16-hidden/500-epochs/checkpoints/epoch-5/BundleSheaf_cornell_fold1_seed43.pt
Saved node norms to /home/fguadagn/FMG_Master_Thesis/neural-sheaf-diffusion-modified/results/node_norms/cornell/BundleSheaf/normalised-false/stalk_dim-2/2-layers/16-hidden/500-epochs/checkpoints/epoch-15/BundleSheaf_cornell_fold1_seed43.pt
Saved confidence to /home/fguadagn/FMG_Master_Thesis/neural-sheaf-diffusion-modified/results/node_conf/cornell/BundleSheaf/normalised-false/stalk_dim-2/2-layers/16-hidden/500-epochs/checkpoints/epoch-15/BundleSheaf_cornell_fold1_seed43.pt
Saved per-node accuracy to /home/fguadagn/FMG_Master_Thesis/neural-sheaf-diffusion-modified/results/node_accuracy/cornell/BundleSheaf/normalised-false/stalk_dim-2/2-layers/16-hidden/500-epochs/checkpoints/epoch-15/BundleSheaf_cornell_fold1_seed43.pt
Saved saliency to /home/fguadagn/FMG_Master_Thesis/neural-sheaf-diffusion-modified/results/node_saliency/cornell/BundleSheaf/normalised-false/stalk_dim-2/2-layers/16-hidden/500-epochs/checkpoints/epoch-15/BundleSheaf_cornell_fold1_seed43.pt
Saved node norms to /home/fguadagn/FMG_Master_Thesis/neural-sheaf-diffusion-modified/results/node_norms/cornell/BundleSheaf/normalised-false/stalk_dim-2/2-layers/16-hidden/500-epochs/checkpoints/epoch-50/BundleSheaf_cornell_fold1_seed43.pt
Saved confidence to /home/fguadagn/FMG_Master_Thesis/neural-sheaf-diffusion-modified/results/node_conf/cornell/BundleSheaf/normalised-false/stalk_dim-2/2-layers/16-hidden/500-epochs/checkpoints/epoch-50/BundleSheaf_cornell_fold1_seed43.pt
Saved per-node accuracy to /home/fguadagn/FMG_Master_Thesis/neural-sheaf-diffusion-modified/results/node_accuracy/cornell/BundleSheaf/normalised-false/stalk_dim-2/2-layers/16-hidden/500-epochs/checkpoints/epoch-50/BundleSheaf_cornell_fold1_seed43.pt
Saved saliency to /home/fguadagn/FMG_Master_Thesis/neural-sheaf-diffusion-modified/results/node_saliency/cornell/BundleSheaf/normalised-false/stalk_dim-2/2-layers/16-hidden/500-epochs/checkpoints/epoch-50/BundleSheaf_cornell_fold1_seed43.pt
Saved node norms to /home/fguadagn/FMG_Master_Thesis/neural-sheaf-diffusion-modified/results/node_norms/cornell/BundleSheaf/normalised-false/stalk_dim-2/2-layers/16-hidden/500-epochs/checkpoints/epoch-200/BundleSheaf_cornell_fold1_seed43.pt
Saved confidence to /home/fguadagn/FMG_Master_Thesis/neural-sheaf-diffusion-modified/results/node_conf/cornell/BundleSheaf/normalised-false/stalk_dim-2/2-layers/16-hidden/500-epochs/checkpoints/epoch-200/BundleSheaf_cornell_fold1_seed43.pt
Saved per-node accuracy to /home/fguadagn/FMG_Master_Thesis/neural-sheaf-diffusion-modified/results/node_accuracy/cornell/BundleSheaf/normalised-false/stalk_dim-2/2-layers/16-hidden/500-epochs/checkpoints/epoch-200/BundleSheaf_cornell_fold1_seed43.pt
Saved saliency to /home/fguadagn/FMG_Master_Thesis/neural-sheaf-diffusion-modified/results/node_saliency/cornell/BundleSheaf/normalised-false/stalk_dim-2/2-layers/16-hidden/500-epochs/checkpoints/epoch-200/BundleSheaf_cornell_fold1_seed43.pt
Fold 1 | Epochs: 499 | Best epoch: 456
Test acc (best epoch): 0.7568
Test acc (last epoch): 0.7297
Best val acc: 0.7119
Laplacian 0: Max: 1.0000, Min: -1.0000, Avg: -0.3365, Abs avg: 0.6421
Laplacian 1: Max: 1.0000, Min: -1.0000, Avg: 0.0324, Abs avg: 0.5897
Epsilons 0: [1.32  2.378]
Epsilons 1: [1.887 2.534]
Saved node norms to /home/fguadagn/FMG_Master_Thesis/neural-sheaf-diffusion-modified/results/node_norms/cornell/BundleSheaf/normalised-false/stalk_dim-2/2-layers/16-hidden/500-epochs/checkpoints/best-epoch/BundleSheaf_cornell_fold1_seed43.pt
Saved best-epoch node norms (epoch 456) to checkpoints/best-epoch/
Saved confidence to /home/fguadagn/FMG_Master_Thesis/neural-sheaf-diffusion-modified/results/node_conf/cornell/BundleSheaf/normalised-false/stalk_dim-2/2-layers/16-hidden/500-epochs/checkpoints/best-epoch/BundleSheaf_cornell_fold1_seed43.pt
Saved per-node accuracy to /home/fguadagn/FMG_Master_Thesis/neural-sheaf-diffusion-modified/results/node_accuracy/cornell/BundleSheaf/normalised-false/stalk_dim-2/2-layers/16-hidden/500-epochs/checkpoints/best-epoch/BundleSheaf_cornell_fold1_seed43.pt
Saved saliency to /home/fguadagn/FMG_Master_Thesis/neural-sheaf-diffusion-modified/results/node_saliency/cornell/BundleSheaf/normalised-false/stalk_dim-2/2-layers/16-hidden/500-epochs/checkpoints/best-epoch/BundleSheaf_cornell_fold1_seed43.pt
Saved model weights to /home/fguadagn/FMG_Master_Thesis/neural-sheaf-diffusion-modified/results/model_weights/cornell/BundleSheaf/normalised-false/stalk_dim-2/2-layers/16-hidden/500-epochs/checkpoints/best-epoch/BundleSheaf_cornell_fold1_seed43.pth
Saved fold masks to /home/fguadagn/FMG_Master_Thesis/neural-sheaf-diffusion-modified/results/model_weights/cornell/BundleSheaf/normalised-false/stalk_dim-2/2-layers/16-hidden/500-epochs/checkpoints/best-epoch/BundleSheaf_cornell_fold1_seed43_masks.pt
Saved best-epoch model weights and masks (epoch 456) to checkpoints/best-epoch/
Updated best_epochs.json: fold_1 -> epoch 456
Saved node norms to /home/fguadagn/FMG_Master_Thesis/neural-sheaf-diffusion-modified/results/node_norms/cornell/BundleSheaf/normalised-false/stalk_dim-2/2-layers/16-hidden/500-epochs/BundleSheaf_cornell_fold1_seed43.pt
Saved node predictions to /home/fguadagn/FMG_Master_Thesis/neural-sheaf-diffusion-modified/results/node_preds/cornell/BundleSheaf/normalised-false/stalk_dim-2/2-layers/16-hidden/500-epochs/BundleSheaf_cornell_fold1_seed43.pt
Saved confidence to /home/fguadagn/FMG_Master_Thesis/neural-sheaf-diffusion-modified/results/node_conf/cornell/BundleSheaf/normalised-false/stalk_dim-2/2-layers/16-hidden/500-epochs/BundleSheaf_cornell_fold1_seed43.pt
Saved per-node accuracy to /home/fguadagn/FMG_Master_Thesis/neural-sheaf-diffusion-modified/results/node_accuracy/cornell/BundleSheaf/normalised-false/stalk_dim-2/2-layers/16-hidden/500-epochs/BundleSheaf_cornell_fold1_seed43.pt
Saved saliency to /home/fguadagn/FMG_Master_Thesis/neural-sheaf-diffusion-modified/results/node_saliency/cornell/BundleSheaf/normalised-false/stalk_dim-2/2-layers/16-hidden/500-epochs/BundleSheaf_cornell_fold1_seed43.pt
Saved node norms to /home/fguadagn/FMG_Master_Thesis/neural-sheaf-diffusion-modified/results/node_norms/cornell/BundleSheaf/normalised-false/stalk_dim-2/2-layers/16-hidden/500-epochs/checkpoints/epoch-0/BundleSheaf_cornell_fold2_seed43.pt
Saved confidence to /home/fguadagn/FMG_Master_Thesis/neural-sheaf-diffusion-modified/results/node_conf/cornell/BundleSheaf/normalised-false/stalk_dim-2/2-layers/16-hidden/500-epochs/checkpoints/epoch-0/BundleSheaf_cornell_fold2_seed43.pt
Saved per-node accuracy to /home/fguadagn/FMG_Master_Thesis/neural-sheaf-diffusion-modified/results/node_accuracy/cornell/BundleSheaf/normalised-false/stalk_dim-2/2-layers/16-hidden/500-epochs/checkpoints/epoch-0/BundleSheaf_cornell_fold2_seed43.pt
Saved saliency to /home/fguadagn/FMG_Master_Thesis/neural-sheaf-diffusion-modified/results/node_saliency/cornell/BundleSheaf/normalised-false/stalk_dim-2/2-layers/16-hidden/500-epochs/checkpoints/epoch-0/BundleSheaf_cornell_fold2_seed43.pt
Saved node norms to /home/fguadagn/FMG_Master_Thesis/neural-sheaf-diffusion-modified/results/node_norms/cornell/BundleSheaf/normalised-false/stalk_dim-2/2-layers/16-hidden/500-epochs/checkpoints/epoch-1/BundleSheaf_cornell_fold2_seed43.pt
Saved confidence to /home/fguadagn/FMG_Master_Thesis/neural-sheaf-diffusion-modified/results/node_conf/cornell/BundleSheaf/normalised-false/stalk_dim-2/2-layers/16-hidden/500-epochs/checkpoints/epoch-1/BundleSheaf_cornell_fold2_seed43.pt
Saved per-node accuracy to /home/fguadagn/FMG_Master_Thesis/neural-sheaf-diffusion-modified/results/node_accuracy/cornell/BundleSheaf/normalised-false/stalk_dim-2/2-layers/16-hidden/500-epochs/checkpoints/epoch-1/BundleSheaf_cornell_fold2_seed43.pt
Saved saliency to /home/fguadagn/FMG_Master_Thesis/neural-sheaf-diffusion-modified/results/node_saliency/cornell/BundleSheaf/normalised-false/stalk_dim-2/2-layers/16-hidden/500-epochs/checkpoints/epoch-1/BundleSheaf_cornell_fold2_seed43.pt
Saved node norms to /home/fguadagn/FMG_Master_Thesis/neural-sheaf-diffusion-modified/results/node_norms/cornell/BundleSheaf/normalised-false/stalk_dim-2/2-layers/16-hidden/500-epochs/checkpoints/epoch-5/BundleSheaf_cornell_fold2_seed43.pt
Saved confidence to /home/fguadagn/FMG_Master_Thesis/neural-sheaf-diffusion-modified/results/node_conf/cornell/BundleSheaf/normalised-false/stalk_dim-2/2-layers/16-hidden/500-epochs/checkpoints/epoch-5/BundleSheaf_cornell_fold2_seed43.pt
Saved per-node accuracy to /home/fguadagn/FMG_Master_Thesis/neural-sheaf-diffusion-modified/results/node_accuracy/cornell/BundleSheaf/normalised-false/stalk_dim-2/2-layers/16-hidden/500-epochs/checkpoints/epoch-5/BundleSheaf_cornell_fold2_seed43.pt
Saved saliency to /home/fguadagn/FMG_Master_Thesis/neural-sheaf-diffusion-modified/results/node_saliency/cornell/BundleSheaf/normalised-false/stalk_dim-2/2-layers/16-hidden/500-epochs/checkpoints/epoch-5/BundleSheaf_cornell_fold2_seed43.pt
Saved node norms to /home/fguadagn/FMG_Master_Thesis/neural-sheaf-diffusion-modified/results/node_norms/cornell/BundleSheaf/normalised-false/stalk_dim-2/2-layers/16-hidden/500-epochs/checkpoints/epoch-15/BundleSheaf_cornell_fold2_seed43.pt
Saved confidence to /home/fguadagn/FMG_Master_Thesis/neural-sheaf-diffusion-modified/results/node_conf/cornell/BundleSheaf/normalised-false/stalk_dim-2/2-layers/16-hidden/500-epochs/checkpoints/epoch-15/BundleSheaf_cornell_fold2_seed43.pt
Saved per-node accuracy to /home/fguadagn/FMG_Master_Thesis/neural-sheaf-diffusion-modified/results/node_accuracy/cornell/BundleSheaf/normalised-false/stalk_dim-2/2-layers/16-hidden/500-epochs/checkpoints/epoch-15/BundleSheaf_cornell_fold2_seed43.pt
Saved saliency to /home/fguadagn/FMG_Master_Thesis/neural-sheaf-diffusion-modified/results/node_saliency/cornell/BundleSheaf/normalised-false/stalk_dim-2/2-layers/16-hidden/500-epochs/checkpoints/epoch-15/BundleSheaf_cornell_fold2_seed43.pt
Saved node norms to /home/fguadagn/FMG_Master_Thesis/neural-sheaf-diffusion-modified/results/node_norms/cornell/BundleSheaf/normalised-false/stalk_dim-2/2-layers/16-hidden/500-epochs/checkpoints/epoch-50/BundleSheaf_cornell_fold2_seed43.pt
Saved confidence to /home/fguadagn/FMG_Master_Thesis/neural-sheaf-diffusion-modified/results/node_conf/cornell/BundleSheaf/normalised-false/stalk_dim-2/2-layers/16-hidden/500-epochs/checkpoints/epoch-50/BundleSheaf_cornell_fold2_seed43.pt
Saved per-node accuracy to /home/fguadagn/FMG_Master_Thesis/neural-sheaf-diffusion-modified/results/node_accuracy/cornell/BundleSheaf/normalised-false/stalk_dim-2/2-layers/16-hidden/500-epochs/checkpoints/epoch-50/BundleSheaf_cornell_fold2_seed43.pt
Saved saliency to /home/fguadagn/FMG_Master_Thesis/neural-sheaf-diffusion-modified/results/node_saliency/cornell/BundleSheaf/normalised-false/stalk_dim-2/2-layers/16-hidden/500-epochs/checkpoints/epoch-50/BundleSheaf_cornell_fold2_seed43.pt
Saved node norms to /home/fguadagn/FMG_Master_Thesis/neural-sheaf-diffusion-modified/results/node_norms/cornell/BundleSheaf/normalised-false/stalk_dim-2/2-layers/16-hidden/500-epochs/checkpoints/epoch-200/BundleSheaf_cornell_fold2_seed43.pt
Saved confidence to /home/fguadagn/FMG_Master_Thesis/neural-sheaf-diffusion-modified/results/node_conf/cornell/BundleSheaf/normalised-false/stalk_dim-2/2-layers/16-hidden/500-epochs/checkpoints/epoch-200/BundleSheaf_cornell_fold2_seed43.pt
Saved per-node accuracy to /home/fguadagn/FMG_Master_Thesis/neural-sheaf-diffusion-modified/results/node_accuracy/cornell/BundleSheaf/normalised-false/stalk_dim-2/2-layers/16-hidden/500-epochs/checkpoints/epoch-200/BundleSheaf_cornell_fold2_seed43.pt
Saved saliency to /home/fguadagn/FMG_Master_Thesis/neural-sheaf-diffusion-modified/results/node_saliency/cornell/BundleSheaf/normalised-false/stalk_dim-2/2-layers/16-hidden/500-epochs/checkpoints/epoch-200/BundleSheaf_cornell_fold2_seed43.pt
Fold 2 | Epochs: 473 | Best epoch: 273
Test acc (best epoch): 0.7838
Test acc (last epoch): 0.8378
Best val acc: 0.8136
Laplacian 0: Max: 0.9997, Min: -1.0000, Avg: -0.3931, Abs avg: 0.6398
Laplacian 1: Max: 1.0000, Min: -1.0000, Avg: 0.1111, Abs avg: 0.5933
Epsilons 0: [2.373 2.035]
Epsilons 1: [2.444 2.081]
Saved node norms to /home/fguadagn/FMG_Master_Thesis/neural-sheaf-diffusion-modified/results/node_norms/cornell/BundleSheaf/normalised-false/stalk_dim-2/2-layers/16-hidden/500-epochs/checkpoints/best-epoch/BundleSheaf_cornell_fold2_seed43.pt
Saved best-epoch node norms (epoch 273) to checkpoints/best-epoch/
Saved confidence to /home/fguadagn/FMG_Master_Thesis/neural-sheaf-diffusion-modified/results/node_conf/cornell/BundleSheaf/normalised-false/stalk_dim-2/2-layers/16-hidden/500-epochs/checkpoints/best-epoch/BundleSheaf_cornell_fold2_seed43.pt
Saved per-node accuracy to /home/fguadagn/FMG_Master_Thesis/neural-sheaf-diffusion-modified/results/node_accuracy/cornell/BundleSheaf/normalised-false/stalk_dim-2/2-layers/16-hidden/500-epochs/checkpoints/best-epoch/BundleSheaf_cornell_fold2_seed43.pt
Saved saliency to /home/fguadagn/FMG_Master_Thesis/neural-sheaf-diffusion-modified/results/node_saliency/cornell/BundleSheaf/normalised-false/stalk_dim-2/2-layers/16-hidden/500-epochs/checkpoints/best-epoch/BundleSheaf_cornell_fold2_seed43.pt
Saved model weights to /home/fguadagn/FMG_Master_Thesis/neural-sheaf-diffusion-modified/results/model_weights/cornell/BundleSheaf/normalised-false/stalk_dim-2/2-layers/16-hidden/500-epochs/checkpoints/best-epoch/BundleSheaf_cornell_fold2_seed43.pth
Saved fold masks to /home/fguadagn/FMG_Master_Thesis/neural-sheaf-diffusion-modified/results/model_weights/cornell/BundleSheaf/normalised-false/stalk_dim-2/2-layers/16-hidden/500-epochs/checkpoints/best-epoch/BundleSheaf_cornell_fold2_seed43_masks.pt
Saved best-epoch model weights and masks (epoch 273) to checkpoints/best-epoch/
Updated best_epochs.json: fold_2 -> epoch 273
Saved node norms to /home/fguadagn/FMG_Master_Thesis/neural-sheaf-diffusion-modified/results/node_norms/cornell/BundleSheaf/normalised-false/stalk_dim-2/2-layers/16-hidden/500-epochs/BundleSheaf_cornell_fold2_seed43.pt
Saved node predictions to /home/fguadagn/FMG_Master_Thesis/neural-sheaf-diffusion-modified/results/node_preds/cornell/BundleSheaf/normalised-false/stalk_dim-2/2-layers/16-hidden/500-epochs/BundleSheaf_cornell_fold2_seed43.pt
Saved confidence to /home/fguadagn/FMG_Master_Thesis/neural-sheaf-diffusion-modified/results/node_conf/cornell/BundleSheaf/normalised-false/stalk_dim-2/2-layers/16-hidden/500-epochs/BundleSheaf_cornell_fold2_seed43.pt
Saved per-node accuracy to /home/fguadagn/FMG_Master_Thesis/neural-sheaf-diffusion-modified/results/node_accuracy/cornell/BundleSheaf/normalised-false/stalk_dim-2/2-layers/16-hidden/500-epochs/BundleSheaf_cornell_fold2_seed43.pt
Saved saliency to /home/fguadagn/FMG_Master_Thesis/neural-sheaf-diffusion-modified/results/node_saliency/cornell/BundleSheaf/normalised-false/stalk_dim-2/2-layers/16-hidden/500-epochs/BundleSheaf_cornell_fold2_seed43.pt
Saved node norms to /home/fguadagn/FMG_Master_Thesis/neural-sheaf-diffusion-modified/results/node_norms/cornell/BundleSheaf/normalised-false/stalk_dim-2/2-layers/16-hidden/500-epochs/checkpoints/epoch-0/BundleSheaf_cornell_fold3_seed43.pt
Saved confidence to /home/fguadagn/FMG_Master_Thesis/neural-sheaf-diffusion-modified/results/node_conf/cornell/BundleSheaf/normalised-false/stalk_dim-2/2-layers/16-hidden/500-epochs/checkpoints/epoch-0/BundleSheaf_cornell_fold3_seed43.pt
Saved per-node accuracy to /home/fguadagn/FMG_Master_Thesis/neural-sheaf-diffusion-modified/results/node_accuracy/cornell/BundleSheaf/normalised-false/stalk_dim-2/2-layers/16-hidden/500-epochs/checkpoints/epoch-0/BundleSheaf_cornell_fold3_seed43.pt
Saved saliency to /home/fguadagn/FMG_Master_Thesis/neural-sheaf-diffusion-modified/results/node_saliency/cornell/BundleSheaf/normalised-false/stalk_dim-2/2-layers/16-hidden/500-epochs/checkpoints/epoch-0/BundleSheaf_cornell_fold3_seed43.pt
Saved node norms to /home/fguadagn/FMG_Master_Thesis/neural-sheaf-diffusion-modified/results/node_norms/cornell/BundleSheaf/normalised-false/stalk_dim-2/2-layers/16-hidden/500-epochs/checkpoints/epoch-1/BundleSheaf_cornell_fold3_seed43.pt
Saved confidence to /home/fguadagn/FMG_Master_Thesis/neural-sheaf-diffusion-modified/results/node_conf/cornell/BundleSheaf/normalised-false/stalk_dim-2/2-layers/16-hidden/500-epochs/checkpoints/epoch-1/BundleSheaf_cornell_fold3_seed43.pt
Saved per-node accuracy to /home/fguadagn/FMG_Master_Thesis/neural-sheaf-diffusion-modified/results/node_accuracy/cornell/BundleSheaf/normalised-false/stalk_dim-2/2-layers/16-hidden/500-epochs/checkpoints/epoch-1/BundleSheaf_cornell_fold3_seed43.pt
Saved saliency to /home/fguadagn/FMG_Master_Thesis/neural-sheaf-diffusion-modified/results/node_saliency/cornell/BundleSheaf/normalised-false/stalk_dim-2/2-layers/16-hidden/500-epochs/checkpoints/epoch-1/BundleSheaf_cornell_fold3_seed43.pt
Saved node norms to /home/fguadagn/FMG_Master_Thesis/neural-sheaf-diffusion-modified/results/node_norms/cornell/BundleSheaf/normalised-false/stalk_dim-2/2-layers/16-hidden/500-epochs/checkpoints/epoch-5/BundleSheaf_cornell_fold3_seed43.pt
Saved confidence to /home/fguadagn/FMG_Master_Thesis/neural-sheaf-diffusion-modified/results/node_conf/cornell/BundleSheaf/normalised-false/stalk_dim-2/2-layers/16-hidden/500-epochs/checkpoints/epoch-5/BundleSheaf_cornell_fold3_seed43.pt
Saved per-node accuracy to /home/fguadagn/FMG_Master_Thesis/neural-sheaf-diffusion-modified/results/node_accuracy/cornell/BundleSheaf/normalised-false/stalk_dim-2/2-layers/16-hidden/500-epochs/checkpoints/epoch-5/BundleSheaf_cornell_fold3_seed43.pt
Saved saliency to /home/fguadagn/FMG_Master_Thesis/neural-sheaf-diffusion-modified/results/node_saliency/cornell/BundleSheaf/normalised-false/stalk_dim-2/2-layers/16-hidden/500-epochs/checkpoints/epoch-5/BundleSheaf_cornell_fold3_seed43.pt
Saved node norms to /home/fguadagn/FMG_Master_Thesis/neural-sheaf-diffusion-modified/results/node_norms/cornell/BundleSheaf/normalised-false/stalk_dim-2/2-layers/16-hidden/500-epochs/checkpoints/epoch-15/BundleSheaf_cornell_fold3_seed43.pt
Saved confidence to /home/fguadagn/FMG_Master_Thesis/neural-sheaf-diffusion-modified/results/node_conf/cornell/BundleSheaf/normalised-false/stalk_dim-2/2-layers/16-hidden/500-epochs/checkpoints/epoch-15/BundleSheaf_cornell_fold3_seed43.pt
Saved per-node accuracy to /home/fguadagn/FMG_Master_Thesis/neural-sheaf-diffusion-modified/results/node_accuracy/cornell/BundleSheaf/normalised-false/stalk_dim-2/2-layers/16-hidden/500-epochs/checkpoints/epoch-15/BundleSheaf_cornell_fold3_seed43.pt
Saved saliency to /home/fguadagn/FMG_Master_Thesis/neural-sheaf-diffusion-modified/results/node_saliency/cornell/BundleSheaf/normalised-false/stalk_dim-2/2-layers/16-hidden/500-epochs/checkpoints/epoch-15/BundleSheaf_cornell_fold3_seed43.pt
Saved node norms to /home/fguadagn/FMG_Master_Thesis/neural-sheaf-diffusion-modified/results/node_norms/cornell/BundleSheaf/normalised-false/stalk_dim-2/2-layers/16-hidden/500-epochs/checkpoints/epoch-50/BundleSheaf_cornell_fold3_seed43.pt
Saved confidence to /home/fguadagn/FMG_Master_Thesis/neural-sheaf-diffusion-modified/results/node_conf/cornell/BundleSheaf/normalised-false/stalk_dim-2/2-layers/16-hidden/500-epochs/checkpoints/epoch-50/BundleSheaf_cornell_fold3_seed43.pt
Saved per-node accuracy to /home/fguadagn/FMG_Master_Thesis/neural-sheaf-diffusion-modified/results/node_accuracy/cornell/BundleSheaf/normalised-false/stalk_dim-2/2-layers/16-hidden/500-epochs/checkpoints/epoch-50/BundleSheaf_cornell_fold3_seed43.pt
Saved saliency to /home/fguadagn/FMG_Master_Thesis/neural-sheaf-diffusion-modified/results/node_saliency/cornell/BundleSheaf/normalised-false/stalk_dim-2/2-layers/16-hidden/500-epochs/checkpoints/epoch-50/BundleSheaf_cornell_fold3_seed43.pt
Saved node norms to /home/fguadagn/FMG_Master_Thesis/neural-sheaf-diffusion-modified/results/node_norms/cornell/BundleSheaf/normalised-false/stalk_dim-2/2-layers/16-hidden/500-epochs/checkpoints/epoch-200/BundleSheaf_cornell_fold3_seed43.pt
Saved confidence to /home/fguadagn/FMG_Master_Thesis/neural-sheaf-diffusion-modified/results/node_conf/cornell/BundleSheaf/normalised-false/stalk_dim-2/2-layers/16-hidden/500-epochs/checkpoints/epoch-200/BundleSheaf_cornell_fold3_seed43.pt
Saved per-node accuracy to /home/fguadagn/FMG_Master_Thesis/neural-sheaf-diffusion-modified/results/node_accuracy/cornell/BundleSheaf/normalised-false/stalk_dim-2/2-layers/16-hidden/500-epochs/checkpoints/epoch-200/BundleSheaf_cornell_fold3_seed43.pt
Saved saliency to /home/fguadagn/FMG_Master_Thesis/neural-sheaf-diffusion-modified/results/node_saliency/cornell/BundleSheaf/normalised-false/stalk_dim-2/2-layers/16-hidden/500-epochs/checkpoints/epoch-200/BundleSheaf_cornell_fold3_seed43.pt
Fold 3 | Epochs: 499 | Best epoch: 333
Test acc (best epoch): 0.6486
Test acc (last epoch): 0.7027
Best val acc: 0.7458
Laplacian 0: Max: 0.8209, Min: -1.0000, Avg: -0.4605, Abs avg: 0.6216
Laplacian 1: Max: 1.0000, Min: -1.0000, Avg: -0.0643, Abs avg: 0.5871
Epsilons 0: [1.991 1.712]
Epsilons 1: [2.359 2.205]
Saved node norms to /home/fguadagn/FMG_Master_Thesis/neural-sheaf-diffusion-modified/results/node_norms/cornell/BundleSheaf/normalised-false/stalk_dim-2/2-layers/16-hidden/500-epochs/checkpoints/best-epoch/BundleSheaf_cornell_fold3_seed43.pt
Saved best-epoch node norms (epoch 333) to checkpoints/best-epoch/
Saved confidence to /home/fguadagn/FMG_Master_Thesis/neural-sheaf-diffusion-modified/results/node_conf/cornell/BundleSheaf/normalised-false/stalk_dim-2/2-layers/16-hidden/500-epochs/checkpoints/best-epoch/BundleSheaf_cornell_fold3_seed43.pt
Saved per-node accuracy to /home/fguadagn/FMG_Master_Thesis/neural-sheaf-diffusion-modified/results/node_accuracy/cornell/BundleSheaf/normalised-false/stalk_dim-2/2-layers/16-hidden/500-epochs/checkpoints/best-epoch/BundleSheaf_cornell_fold3_seed43.pt
Saved saliency to /home/fguadagn/FMG_Master_Thesis/neural-sheaf-diffusion-modified/results/node_saliency/cornell/BundleSheaf/normalised-false/stalk_dim-2/2-layers/16-hidden/500-epochs/checkpoints/best-epoch/BundleSheaf_cornell_fold3_seed43.pt
Saved model weights to /home/fguadagn/FMG_Master_Thesis/neural-sheaf-diffusion-modified/results/model_weights/cornell/BundleSheaf/normalised-false/stalk_dim-2/2-layers/16-hidden/500-epochs/checkpoints/best-epoch/BundleSheaf_cornell_fold3_seed43.pth
Saved fold masks to /home/fguadagn/FMG_Master_Thesis/neural-sheaf-diffusion-modified/results/model_weights/cornell/BundleSheaf/normalised-false/stalk_dim-2/2-layers/16-hidden/500-epochs/checkpoints/best-epoch/BundleSheaf_cornell_fold3_seed43_masks.pt
Saved best-epoch model weights and masks (epoch 333) to checkpoints/best-epoch/
Updated best_epochs.json: fold_3 -> epoch 333
Saved node norms to /home/fguadagn/FMG_Master_Thesis/neural-sheaf-diffusion-modified/results/node_norms/cornell/BundleSheaf/normalised-false/stalk_dim-2/2-layers/16-hidden/500-epochs/BundleSheaf_cornell_fold3_seed43.pt
Saved node predictions to /home/fguadagn/FMG_Master_Thesis/neural-sheaf-diffusion-modified/results/node_preds/cornell/BundleSheaf/normalised-false/stalk_dim-2/2-layers/16-hidden/500-epochs/BundleSheaf_cornell_fold3_seed43.pt
Saved confidence to /home/fguadagn/FMG_Master_Thesis/neural-sheaf-diffusion-modified/results/node_conf/cornell/BundleSheaf/normalised-false/stalk_dim-2/2-layers/16-hidden/500-epochs/BundleSheaf_cornell_fold3_seed43.pt
Saved per-node accuracy to /home/fguadagn/FMG_Master_Thesis/neural-sheaf-diffusion-modified/results/node_accuracy/cornell/BundleSheaf/normalised-false/stalk_dim-2/2-layers/16-hidden/500-epochs/BundleSheaf_cornell_fold3_seed43.pt
Saved saliency to /home/fguadagn/FMG_Master_Thesis/neural-sheaf-diffusion-modified/results/node_saliency/cornell/BundleSheaf/normalised-false/stalk_dim-2/2-layers/16-hidden/500-epochs/BundleSheaf_cornell_fold3_seed43.pt
Saved node norms to /home/fguadagn/FMG_Master_Thesis/neural-sheaf-diffusion-modified/results/node_norms/cornell/BundleSheaf/normalised-false/stalk_dim-2/2-layers/16-hidden/500-epochs/checkpoints/epoch-0/BundleSheaf_cornell_fold4_seed43.pt
Saved confidence to /home/fguadagn/FMG_Master_Thesis/neural-sheaf-diffusion-modified/results/node_conf/cornell/BundleSheaf/normalised-false/stalk_dim-2/2-layers/16-hidden/500-epochs/checkpoints/epoch-0/BundleSheaf_cornell_fold4_seed43.pt
Saved per-node accuracy to /home/fguadagn/FMG_Master_Thesis/neural-sheaf-diffusion-modified/results/node_accuracy/cornell/BundleSheaf/normalised-false/stalk_dim-2/2-layers/16-hidden/500-epochs/checkpoints/epoch-0/BundleSheaf_cornell_fold4_seed43.pt
Saved saliency to /home/fguadagn/FMG_Master_Thesis/neural-sheaf-diffusion-modified/results/node_saliency/cornell/BundleSheaf/normalised-false/stalk_dim-2/2-layers/16-hidden/500-epochs/checkpoints/epoch-0/BundleSheaf_cornell_fold4_seed43.pt
Saved node norms to /home/fguadagn/FMG_Master_Thesis/neural-sheaf-diffusion-modified/results/node_norms/cornell/BundleSheaf/normalised-false/stalk_dim-2/2-layers/16-hidden/500-epochs/checkpoints/epoch-1/BundleSheaf_cornell_fold4_seed43.pt
Saved confidence to /home/fguadagn/FMG_Master_Thesis/neural-sheaf-diffusion-modified/results/node_conf/cornell/BundleSheaf/normalised-false/stalk_dim-2/2-layers/16-hidden/500-epochs/checkpoints/epoch-1/BundleSheaf_cornell_fold4_seed43.pt
Saved per-node accuracy to /home/fguadagn/FMG_Master_Thesis/neural-sheaf-diffusion-modified/results/node_accuracy/cornell/BundleSheaf/normalised-false/stalk_dim-2/2-layers/16-hidden/500-epochs/checkpoints/epoch-1/BundleSheaf_cornell_fold4_seed43.pt
Saved saliency to /home/fguadagn/FMG_Master_Thesis/neural-sheaf-diffusion-modified/results/node_saliency/cornell/BundleSheaf/normalised-false/stalk_dim-2/2-layers/16-hidden/500-epochs/checkpoints/epoch-1/BundleSheaf_cornell_fold4_seed43.pt
Saved node norms to /home/fguadagn/FMG_Master_Thesis/neural-sheaf-diffusion-modified/results/node_norms/cornell/BundleSheaf/normalised-false/stalk_dim-2/2-layers/16-hidden/500-epochs/checkpoints/epoch-5/BundleSheaf_cornell_fold4_seed43.pt
Saved confidence to /home/fguadagn/FMG_Master_Thesis/neural-sheaf-diffusion-modified/results/node_conf/cornell/BundleSheaf/normalised-false/stalk_dim-2/2-layers/16-hidden/500-epochs/checkpoints/epoch-5/BundleSheaf_cornell_fold4_seed43.pt
Saved per-node accuracy to /home/fguadagn/FMG_Master_Thesis/neural-sheaf-diffusion-modified/results/node_accuracy/cornell/BundleSheaf/normalised-false/stalk_dim-2/2-layers/16-hidden/500-epochs/checkpoints/epoch-5/BundleSheaf_cornell_fold4_seed43.pt
Saved saliency to /home/fguadagn/FMG_Master_Thesis/neural-sheaf-diffusion-modified/results/node_saliency/cornell/BundleSheaf/normalised-false/stalk_dim-2/2-layers/16-hidden/500-epochs/checkpoints/epoch-5/BundleSheaf_cornell_fold4_seed43.pt
Saved node norms to /home/fguadagn/FMG_Master_Thesis/neural-sheaf-diffusion-modified/results/node_norms/cornell/BundleSheaf/normalised-false/stalk_dim-2/2-layers/16-hidden/500-epochs/checkpoints/epoch-15/BundleSheaf_cornell_fold4_seed43.pt
Saved confidence to /home/fguadagn/FMG_Master_Thesis/neural-sheaf-diffusion-modified/results/node_conf/cornell/BundleSheaf/normalised-false/stalk_dim-2/2-layers/16-hidden/500-epochs/checkpoints/epoch-15/BundleSheaf_cornell_fold4_seed43.pt
Saved per-node accuracy to /home/fguadagn/FMG_Master_Thesis/neural-sheaf-diffusion-modified/results/node_accuracy/cornell/BundleSheaf/normalised-false/stalk_dim-2/2-layers/16-hidden/500-epochs/checkpoints/epoch-15/BundleSheaf_cornell_fold4_seed43.pt
Saved saliency to /home/fguadagn/FMG_Master_Thesis/neural-sheaf-diffusion-modified/results/node_saliency/cornell/BundleSheaf/normalised-false/stalk_dim-2/2-layers/16-hidden/500-epochs/checkpoints/epoch-15/BundleSheaf_cornell_fold4_seed43.pt
Saved node norms to /home/fguadagn/FMG_Master_Thesis/neural-sheaf-diffusion-modified/results/node_norms/cornell/BundleSheaf/normalised-false/stalk_dim-2/2-layers/16-hidden/500-epochs/checkpoints/epoch-50/BundleSheaf_cornell_fold4_seed43.pt
Saved confidence to /home/fguadagn/FMG_Master_Thesis/neural-sheaf-diffusion-modified/results/node_conf/cornell/BundleSheaf/normalised-false/stalk_dim-2/2-layers/16-hidden/500-epochs/checkpoints/epoch-50/BundleSheaf_cornell_fold4_seed43.pt
Saved per-node accuracy to /home/fguadagn/FMG_Master_Thesis/neural-sheaf-diffusion-modified/results/node_accuracy/cornell/BundleSheaf/normalised-false/stalk_dim-2/2-layers/16-hidden/500-epochs/checkpoints/epoch-50/BundleSheaf_cornell_fold4_seed43.pt
Saved saliency to /home/fguadagn/FMG_Master_Thesis/neural-sheaf-diffusion-modified/results/node_saliency/cornell/BundleSheaf/normalised-false/stalk_dim-2/2-layers/16-hidden/500-epochs/checkpoints/epoch-50/BundleSheaf_cornell_fold4_seed43.pt
Saved node norms to /home/fguadagn/FMG_Master_Thesis/neural-sheaf-diffusion-modified/results/node_norms/cornell/BundleSheaf/normalised-false/stalk_dim-2/2-layers/16-hidden/500-epochs/checkpoints/epoch-200/BundleSheaf_cornell_fold4_seed43.pt
Saved confidence to /home/fguadagn/FMG_Master_Thesis/neural-sheaf-diffusion-modified/results/node_conf/cornell/BundleSheaf/normalised-false/stalk_dim-2/2-layers/16-hidden/500-epochs/checkpoints/epoch-200/BundleSheaf_cornell_fold4_seed43.pt
Saved per-node accuracy to /home/fguadagn/FMG_Master_Thesis/neural-sheaf-diffusion-modified/results/node_accuracy/cornell/BundleSheaf/normalised-false/stalk_dim-2/2-layers/16-hidden/500-epochs/checkpoints/epoch-200/BundleSheaf_cornell_fold4_seed43.pt
Saved saliency to /home/fguadagn/FMG_Master_Thesis/neural-sheaf-diffusion-modified/results/node_saliency/cornell/BundleSheaf/normalised-false/stalk_dim-2/2-layers/16-hidden/500-epochs/checkpoints/epoch-200/BundleSheaf_cornell_fold4_seed43.pt
Fold 4 | Epochs: 499 | Best epoch: 499
Test acc (best epoch): 0.7568
Test acc (last epoch): 0.7568
Best val acc: 0.7797
Laplacian 0: Max: 0.8537, Min: -1.0000, Avg: -0.4769, Abs avg: 0.5923
Laplacian 1: Max: 0.9999, Min: -1.0000, Avg: -0.4564, Abs avg: 0.5835
Epsilons 0: [2.301 2.059]
Epsilons 1: [2.403 2.294]
Saved node norms to /home/fguadagn/FMG_Master_Thesis/neural-sheaf-diffusion-modified/results/node_norms/cornell/BundleSheaf/normalised-false/stalk_dim-2/2-layers/16-hidden/500-epochs/checkpoints/best-epoch/BundleSheaf_cornell_fold4_seed43.pt
Saved best-epoch node norms (epoch 499) to checkpoints/best-epoch/
Saved confidence to /home/fguadagn/FMG_Master_Thesis/neural-sheaf-diffusion-modified/results/node_conf/cornell/BundleSheaf/normalised-false/stalk_dim-2/2-layers/16-hidden/500-epochs/checkpoints/best-epoch/BundleSheaf_cornell_fold4_seed43.pt
Saved per-node accuracy to /home/fguadagn/FMG_Master_Thesis/neural-sheaf-diffusion-modified/results/node_accuracy/cornell/BundleSheaf/normalised-false/stalk_dim-2/2-layers/16-hidden/500-epochs/checkpoints/best-epoch/BundleSheaf_cornell_fold4_seed43.pt
Saved saliency to /home/fguadagn/FMG_Master_Thesis/neural-sheaf-diffusion-modified/results/node_saliency/cornell/BundleSheaf/normalised-false/stalk_dim-2/2-layers/16-hidden/500-epochs/checkpoints/best-epoch/BundleSheaf_cornell_fold4_seed43.pt
Saved model weights to /home/fguadagn/FMG_Master_Thesis/neural-sheaf-diffusion-modified/results/model_weights/cornell/BundleSheaf/normalised-false/stalk_dim-2/2-layers/16-hidden/500-epochs/checkpoints/best-epoch/BundleSheaf_cornell_fold4_seed43.pth
Saved fold masks to /home/fguadagn/FMG_Master_Thesis/neural-sheaf-diffusion-modified/results/model_weights/cornell/BundleSheaf/normalised-false/stalk_dim-2/2-layers/16-hidden/500-epochs/checkpoints/best-epoch/BundleSheaf_cornell_fold4_seed43_masks.pt
Saved best-epoch model weights and masks (epoch 499) to checkpoints/best-epoch/
Updated best_epochs.json: fold_4 -> epoch 499
Saved node norms to /home/fguadagn/FMG_Master_Thesis/neural-sheaf-diffusion-modified/results/node_norms/cornell/BundleSheaf/normalised-false/stalk_dim-2/2-layers/16-hidden/500-epochs/BundleSheaf_cornell_fold4_seed43.pt
Saved node predictions to /home/fguadagn/FMG_Master_Thesis/neural-sheaf-diffusion-modified/results/node_preds/cornell/BundleSheaf/normalised-false/stalk_dim-2/2-layers/16-hidden/500-epochs/BundleSheaf_cornell_fold4_seed43.pt
Saved confidence to /home/fguadagn/FMG_Master_Thesis/neural-sheaf-diffusion-modified/results/node_conf/cornell/BundleSheaf/normalised-false/stalk_dim-2/2-layers/16-hidden/500-epochs/BundleSheaf_cornell_fold4_seed43.pt
Saved per-node accuracy to /home/fguadagn/FMG_Master_Thesis/neural-sheaf-diffusion-modified/results/node_accuracy/cornell/BundleSheaf/normalised-false/stalk_dim-2/2-layers/16-hidden/500-epochs/BundleSheaf_cornell_fold4_seed43.pt
Saved saliency to /home/fguadagn/FMG_Master_Thesis/neural-sheaf-diffusion-modified/results/node_saliency/cornell/BundleSheaf/normalised-false/stalk_dim-2/2-layers/16-hidden/500-epochs/BundleSheaf_cornell_fold4_seed43.pt
Saved node norms to /home/fguadagn/FMG_Master_Thesis/neural-sheaf-diffusion-modified/results/node_norms/cornell/BundleSheaf/normalised-false/stalk_dim-2/2-layers/16-hidden/500-epochs/checkpoints/epoch-0/BundleSheaf_cornell_fold5_seed43.pt
Saved confidence to /home/fguadagn/FMG_Master_Thesis/neural-sheaf-diffusion-modified/results/node_conf/cornell/BundleSheaf/normalised-false/stalk_dim-2/2-layers/16-hidden/500-epochs/checkpoints/epoch-0/BundleSheaf_cornell_fold5_seed43.pt
Saved per-node accuracy to /home/fguadagn/FMG_Master_Thesis/neural-sheaf-diffusion-modified/results/node_accuracy/cornell/BundleSheaf/normalised-false/stalk_dim-2/2-layers/16-hidden/500-epochs/checkpoints/epoch-0/BundleSheaf_cornell_fold5_seed43.pt
Saved saliency to /home/fguadagn/FMG_Master_Thesis/neural-sheaf-diffusion-modified/results/node_saliency/cornell/BundleSheaf/normalised-false/stalk_dim-2/2-layers/16-hidden/500-epochs/checkpoints/epoch-0/BundleSheaf_cornell_fold5_seed43.pt
Saved node norms to /home/fguadagn/FMG_Master_Thesis/neural-sheaf-diffusion-modified/results/node_norms/cornell/BundleSheaf/normalised-false/stalk_dim-2/2-layers/16-hidden/500-epochs/checkpoints/epoch-1/BundleSheaf_cornell_fold5_seed43.pt
Saved confidence to /home/fguadagn/FMG_Master_Thesis/neural-sheaf-diffusion-modified/results/node_conf/cornell/BundleSheaf/normalised-false/stalk_dim-2/2-layers/16-hidden/500-epochs/checkpoints/epoch-1/BundleSheaf_cornell_fold5_seed43.pt
Saved per-node accuracy to /home/fguadagn/FMG_Master_Thesis/neural-sheaf-diffusion-modified/results/node_accuracy/cornell/BundleSheaf/normalised-false/stalk_dim-2/2-layers/16-hidden/500-epochs/checkpoints/epoch-1/BundleSheaf_cornell_fold5_seed43.pt
Saved saliency to /home/fguadagn/FMG_Master_Thesis/neural-sheaf-diffusion-modified/results/node_saliency/cornell/BundleSheaf/normalised-false/stalk_dim-2/2-layers/16-hidden/500-epochs/checkpoints/epoch-1/BundleSheaf_cornell_fold5_seed43.pt
Saved node norms to /home/fguadagn/FMG_Master_Thesis/neural-sheaf-diffusion-modified/results/node_norms/cornell/BundleSheaf/normalised-false/stalk_dim-2/2-layers/16-hidden/500-epochs/checkpoints/epoch-5/BundleSheaf_cornell_fold5_seed43.pt
Saved confidence to /home/fguadagn/FMG_Master_Thesis/neural-sheaf-diffusion-modified/results/node_conf/cornell/BundleSheaf/normalised-false/stalk_dim-2/2-layers/16-hidden/500-epochs/checkpoints/epoch-5/BundleSheaf_cornell_fold5_seed43.pt
Saved per-node accuracy to /home/fguadagn/FMG_Master_Thesis/neural-sheaf-diffusion-modified/results/node_accuracy/cornell/BundleSheaf/normalised-false/stalk_dim-2/2-layers/16-hidden/500-epochs/checkpoints/epoch-5/BundleSheaf_cornell_fold5_seed43.pt
Saved saliency to /home/fguadagn/FMG_Master_Thesis/neural-sheaf-diffusion-modified/results/node_saliency/cornell/BundleSheaf/normalised-false/stalk_dim-2/2-layers/16-hidden/500-epochs/checkpoints/epoch-5/BundleSheaf_cornell_fold5_seed43.pt
Saved node norms to /home/fguadagn/FMG_Master_Thesis/neural-sheaf-diffusion-modified/results/node_norms/cornell/BundleSheaf/normalised-false/stalk_dim-2/2-layers/16-hidden/500-epochs/checkpoints/epoch-15/BundleSheaf_cornell_fold5_seed43.pt
Saved confidence to /home/fguadagn/FMG_Master_Thesis/neural-sheaf-diffusion-modified/results/node_conf/cornell/BundleSheaf/normalised-false/stalk_dim-2/2-layers/16-hidden/500-epochs/checkpoints/epoch-15/BundleSheaf_cornell_fold5_seed43.pt
Saved per-node accuracy to /home/fguadagn/FMG_Master_Thesis/neural-sheaf-diffusion-modified/results/node_accuracy/cornell/BundleSheaf/normalised-false/stalk_dim-2/2-layers/16-hidden/500-epochs/checkpoints/epoch-15/BundleSheaf_cornell_fold5_seed43.pt
Saved saliency to /home/fguadagn/FMG_Master_Thesis/neural-sheaf-diffusion-modified/results/node_saliency/cornell/BundleSheaf/normalised-false/stalk_dim-2/2-layers/16-hidden/500-epochs/checkpoints/epoch-15/BundleSheaf_cornell_fold5_seed43.pt
Saved node norms to /home/fguadagn/FMG_Master_Thesis/neural-sheaf-diffusion-modified/results/node_norms/cornell/BundleSheaf/normalised-false/stalk_dim-2/2-layers/16-hidden/500-epochs/checkpoints/epoch-50/BundleSheaf_cornell_fold5_seed43.pt
Saved confidence to /home/fguadagn/FMG_Master_Thesis/neural-sheaf-diffusion-modified/results/node_conf/cornell/BundleSheaf/normalised-false/stalk_dim-2/2-layers/16-hidden/500-epochs/checkpoints/epoch-50/BundleSheaf_cornell_fold5_seed43.pt
Saved per-node accuracy to /home/fguadagn/FMG_Master_Thesis/neural-sheaf-diffusion-modified/results/node_accuracy/cornell/BundleSheaf/normalised-false/stalk_dim-2/2-layers/16-hidden/500-epochs/checkpoints/epoch-50/BundleSheaf_cornell_fold5_seed43.pt
Saved saliency to /home/fguadagn/FMG_Master_Thesis/neural-sheaf-diffusion-modified/results/node_saliency/cornell/BundleSheaf/normalised-false/stalk_dim-2/2-layers/16-hidden/500-epochs/checkpoints/epoch-50/BundleSheaf_cornell_fold5_seed43.pt
Saved node norms to /home/fguadagn/FMG_Master_Thesis/neural-sheaf-diffusion-modified/results/node_norms/cornell/BundleSheaf/normalised-false/stalk_dim-2/2-layers/16-hidden/500-epochs/checkpoints/epoch-200/BundleSheaf_cornell_fold5_seed43.pt
Saved confidence to /home/fguadagn/FMG_Master_Thesis/neural-sheaf-diffusion-modified/results/node_conf/cornell/BundleSheaf/normalised-false/stalk_dim-2/2-layers/16-hidden/500-epochs/checkpoints/epoch-200/BundleSheaf_cornell_fold5_seed43.pt
Saved per-node accuracy to /home/fguadagn/FMG_Master_Thesis/neural-sheaf-diffusion-modified/results/node_accuracy/cornell/BundleSheaf/normalised-false/stalk_dim-2/2-layers/16-hidden/500-epochs/checkpoints/epoch-200/BundleSheaf_cornell_fold5_seed43.pt
Saved saliency to /home/fguadagn/FMG_Master_Thesis/neural-sheaf-diffusion-modified/results/node_saliency/cornell/BundleSheaf/normalised-false/stalk_dim-2/2-layers/16-hidden/500-epochs/checkpoints/epoch-200/BundleSheaf_cornell_fold5_seed43.pt
Fold 5 | Epochs: 499 | Best epoch: 460
Test acc (best epoch): 0.6757
Test acc (last epoch): 0.6757
Best val acc: 0.7458
Laplacian 0: Max: 0.9964, Min: -1.0000, Avg: -0.4211, Abs avg: 0.6387
Laplacian 1: Max: 0.9999, Min: -1.0000, Avg: -0.0523, Abs avg: 0.6410
Epsilons 0: [1.906 1.402]
Epsilons 1: [2.496 2.   ]
Saved node norms to /home/fguadagn/FMG_Master_Thesis/neural-sheaf-diffusion-modified/results/node_norms/cornell/BundleSheaf/normalised-false/stalk_dim-2/2-layers/16-hidden/500-epochs/checkpoints/best-epoch/BundleSheaf_cornell_fold5_seed43.pt
Saved best-epoch node norms (epoch 460) to checkpoints/best-epoch/
Saved confidence to /home/fguadagn/FMG_Master_Thesis/neural-sheaf-diffusion-modified/results/node_conf/cornell/BundleSheaf/normalised-false/stalk_dim-2/2-layers/16-hidden/500-epochs/checkpoints/best-epoch/BundleSheaf_cornell_fold5_seed43.pt
Saved per-node accuracy to /home/fguadagn/FMG_Master_Thesis/neural-sheaf-diffusion-modified/results/node_accuracy/cornell/BundleSheaf/normalised-false/stalk_dim-2/2-layers/16-hidden/500-epochs/checkpoints/best-epoch/BundleSheaf_cornell_fold5_seed43.pt
Saved saliency to /home/fguadagn/FMG_Master_Thesis/neural-sheaf-diffusion-modified/results/node_saliency/cornell/BundleSheaf/normalised-false/stalk_dim-2/2-layers/16-hidden/500-epochs/checkpoints/best-epoch/BundleSheaf_cornell_fold5_seed43.pt
Saved model weights to /home/fguadagn/FMG_Master_Thesis/neural-sheaf-diffusion-modified/results/model_weights/cornell/BundleSheaf/normalised-false/stalk_dim-2/2-layers/16-hidden/500-epochs/checkpoints/best-epoch/BundleSheaf_cornell_fold5_seed43.pth
Saved fold masks to /home/fguadagn/FMG_Master_Thesis/neural-sheaf-diffusion-modified/results/model_weights/cornell/BundleSheaf/normalised-false/stalk_dim-2/2-layers/16-hidden/500-epochs/checkpoints/best-epoch/BundleSheaf_cornell_fold5_seed43_masks.pt
Saved best-epoch model weights and masks (epoch 460) to checkpoints/best-epoch/
Updated best_epochs.json: fold_5 -> epoch 460
Saved node norms to /home/fguadagn/FMG_Master_Thesis/neural-sheaf-diffusion-modified/results/node_norms/cornell/BundleSheaf/normalised-false/stalk_dim-2/2-layers/16-hidden/500-epochs/BundleSheaf_cornell_fold5_seed43.pt
Saved node predictions to /home/fguadagn/FMG_Master_Thesis/neural-sheaf-diffusion-modified/results/node_preds/cornell/BundleSheaf/normalised-false/stalk_dim-2/2-layers/16-hidden/500-epochs/BundleSheaf_cornell_fold5_seed43.pt
Saved confidence to /home/fguadagn/FMG_Master_Thesis/neural-sheaf-diffusion-modified/results/node_conf/cornell/BundleSheaf/normalised-false/stalk_dim-2/2-layers/16-hidden/500-epochs/BundleSheaf_cornell_fold5_seed43.pt
Saved per-node accuracy to /home/fguadagn/FMG_Master_Thesis/neural-sheaf-diffusion-modified/results/node_accuracy/cornell/BundleSheaf/normalised-false/stalk_dim-2/2-layers/16-hidden/500-epochs/BundleSheaf_cornell_fold5_seed43.pt
Saved saliency to /home/fguadagn/FMG_Master_Thesis/neural-sheaf-diffusion-modified/results/node_saliency/cornell/BundleSheaf/normalised-false/stalk_dim-2/2-layers/16-hidden/500-epochs/BundleSheaf_cornell_fold5_seed43.pt
Saved node norms to /home/fguadagn/FMG_Master_Thesis/neural-sheaf-diffusion-modified/results/node_norms/cornell/BundleSheaf/normalised-false/stalk_dim-2/2-layers/16-hidden/500-epochs/checkpoints/epoch-0/BundleSheaf_cornell_fold6_seed43.pt
Saved confidence to /home/fguadagn/FMG_Master_Thesis/neural-sheaf-diffusion-modified/results/node_conf/cornell/BundleSheaf/normalised-false/stalk_dim-2/2-layers/16-hidden/500-epochs/checkpoints/epoch-0/BundleSheaf_cornell_fold6_seed43.pt
Saved per-node accuracy to /home/fguadagn/FMG_Master_Thesis/neural-sheaf-diffusion-modified/results/node_accuracy/cornell/BundleSheaf/normalised-false/stalk_dim-2/2-layers/16-hidden/500-epochs/checkpoints/epoch-0/BundleSheaf_cornell_fold6_seed43.pt
Saved saliency to /home/fguadagn/FMG_Master_Thesis/neural-sheaf-diffusion-modified/results/node_saliency/cornell/BundleSheaf/normalised-false/stalk_dim-2/2-layers/16-hidden/500-epochs/checkpoints/epoch-0/BundleSheaf_cornell_fold6_seed43.pt
Saved node norms to /home/fguadagn/FMG_Master_Thesis/neural-sheaf-diffusion-modified/results/node_norms/cornell/BundleSheaf/normalised-false/stalk_dim-2/2-layers/16-hidden/500-epochs/checkpoints/epoch-1/BundleSheaf_cornell_fold6_seed43.pt
Saved confidence to /home/fguadagn/FMG_Master_Thesis/neural-sheaf-diffusion-modified/results/node_conf/cornell/BundleSheaf/normalised-false/stalk_dim-2/2-layers/16-hidden/500-epochs/checkpoints/epoch-1/BundleSheaf_cornell_fold6_seed43.pt
Saved per-node accuracy to /home/fguadagn/FMG_Master_Thesis/neural-sheaf-diffusion-modified/results/node_accuracy/cornell/BundleSheaf/normalised-false/stalk_dim-2/2-layers/16-hidden/500-epochs/checkpoints/epoch-1/BundleSheaf_cornell_fold6_seed43.pt
Saved saliency to /home/fguadagn/FMG_Master_Thesis/neural-sheaf-diffusion-modified/results/node_saliency/cornell/BundleSheaf/normalised-false/stalk_dim-2/2-layers/16-hidden/500-epochs/checkpoints/epoch-1/BundleSheaf_cornell_fold6_seed43.pt
Saved node norms to /home/fguadagn/FMG_Master_Thesis/neural-sheaf-diffusion-modified/results/node_norms/cornell/BundleSheaf/normalised-false/stalk_dim-2/2-layers/16-hidden/500-epochs/checkpoints/epoch-5/BundleSheaf_cornell_fold6_seed43.pt
Saved confidence to /home/fguadagn/FMG_Master_Thesis/neural-sheaf-diffusion-modified/results/node_conf/cornell/BundleSheaf/normalised-false/stalk_dim-2/2-layers/16-hidden/500-epochs/checkpoints/epoch-5/BundleSheaf_cornell_fold6_seed43.pt
Saved per-node accuracy to /home/fguadagn/FMG_Master_Thesis/neural-sheaf-diffusion-modified/results/node_accuracy/cornell/BundleSheaf/normalised-false/stalk_dim-2/2-layers/16-hidden/500-epochs/checkpoints/epoch-5/BundleSheaf_cornell_fold6_seed43.pt
Saved saliency to /home/fguadagn/FMG_Master_Thesis/neural-sheaf-diffusion-modified/results/node_saliency/cornell/BundleSheaf/normalised-false/stalk_dim-2/2-layers/16-hidden/500-epochs/checkpoints/epoch-5/BundleSheaf_cornell_fold6_seed43.pt
Saved node norms to /home/fguadagn/FMG_Master_Thesis/neural-sheaf-diffusion-modified/results/node_norms/cornell/BundleSheaf/normalised-false/stalk_dim-2/2-layers/16-hidden/500-epochs/checkpoints/epoch-15/BundleSheaf_cornell_fold6_seed43.pt
Saved confidence to /home/fguadagn/FMG_Master_Thesis/neural-sheaf-diffusion-modified/results/node_conf/cornell/BundleSheaf/normalised-false/stalk_dim-2/2-layers/16-hidden/500-epochs/checkpoints/epoch-15/BundleSheaf_cornell_fold6_seed43.pt
Saved per-node accuracy to /home/fguadagn/FMG_Master_Thesis/neural-sheaf-diffusion-modified/results/node_accuracy/cornell/BundleSheaf/normalised-false/stalk_dim-2/2-layers/16-hidden/500-epochs/checkpoints/epoch-15/BundleSheaf_cornell_fold6_seed43.pt
Saved saliency to /home/fguadagn/FMG_Master_Thesis/neural-sheaf-diffusion-modified/results/node_saliency/cornell/BundleSheaf/normalised-false/stalk_dim-2/2-layers/16-hidden/500-epochs/checkpoints/epoch-15/BundleSheaf_cornell_fold6_seed43.pt
Saved node norms to /home/fguadagn/FMG_Master_Thesis/neural-sheaf-diffusion-modified/results/node_norms/cornell/BundleSheaf/normalised-false/stalk_dim-2/2-layers/16-hidden/500-epochs/checkpoints/epoch-50/BundleSheaf_cornell_fold6_seed43.pt
Saved confidence to /home/fguadagn/FMG_Master_Thesis/neural-sheaf-diffusion-modified/results/node_conf/cornell/BundleSheaf/normalised-false/stalk_dim-2/2-layers/16-hidden/500-epochs/checkpoints/epoch-50/BundleSheaf_cornell_fold6_seed43.pt
Saved per-node accuracy to /home/fguadagn/FMG_Master_Thesis/neural-sheaf-diffusion-modified/results/node_accuracy/cornell/BundleSheaf/normalised-false/stalk_dim-2/2-layers/16-hidden/500-epochs/checkpoints/epoch-50/BundleSheaf_cornell_fold6_seed43.pt
Saved saliency to /home/fguadagn/FMG_Master_Thesis/neural-sheaf-diffusion-modified/results/node_saliency/cornell/BundleSheaf/normalised-false/stalk_dim-2/2-layers/16-hidden/500-epochs/checkpoints/epoch-50/BundleSheaf_cornell_fold6_seed43.pt
Saved node norms to /home/fguadagn/FMG_Master_Thesis/neural-sheaf-diffusion-modified/results/node_norms/cornell/BundleSheaf/normalised-false/stalk_dim-2/2-layers/16-hidden/500-epochs/checkpoints/epoch-200/BundleSheaf_cornell_fold6_seed43.pt
Saved confidence to /home/fguadagn/FMG_Master_Thesis/neural-sheaf-diffusion-modified/results/node_conf/cornell/BundleSheaf/normalised-false/stalk_dim-2/2-layers/16-hidden/500-epochs/checkpoints/epoch-200/BundleSheaf_cornell_fold6_seed43.pt
Saved per-node accuracy to /home/fguadagn/FMG_Master_Thesis/neural-sheaf-diffusion-modified/results/node_accuracy/cornell/BundleSheaf/normalised-false/stalk_dim-2/2-layers/16-hidden/500-epochs/checkpoints/epoch-200/BundleSheaf_cornell_fold6_seed43.pt
Saved saliency to /home/fguadagn/FMG_Master_Thesis/neural-sheaf-diffusion-modified/results/node_saliency/cornell/BundleSheaf/normalised-false/stalk_dim-2/2-layers/16-hidden/500-epochs/checkpoints/epoch-200/BundleSheaf_cornell_fold6_seed43.pt
Fold 6 | Epochs: 218 | Best epoch: 18
Test acc (best epoch): 0.6486
Test acc (last epoch): 0.6486
Best val acc: 0.5254
Laplacian 0: Max: 0.8425, Min: -1.0000, Avg: -0.4472, Abs avg: 0.6278
Laplacian 1: Max: 0.3547, Min: -1.0000, Avg: -0.4980, Abs avg: 0.5267
Epsilons 0: [0.191 0.448]
Epsilons 1: [-0.482  0.963]
Saved node norms to /home/fguadagn/FMG_Master_Thesis/neural-sheaf-diffusion-modified/results/node_norms/cornell/BundleSheaf/normalised-false/stalk_dim-2/2-layers/16-hidden/500-epochs/checkpoints/best-epoch/BundleSheaf_cornell_fold6_seed43.pt
Saved best-epoch node norms (epoch 18) to checkpoints/best-epoch/
Saved confidence to /home/fguadagn/FMG_Master_Thesis/neural-sheaf-diffusion-modified/results/node_conf/cornell/BundleSheaf/normalised-false/stalk_dim-2/2-layers/16-hidden/500-epochs/checkpoints/best-epoch/BundleSheaf_cornell_fold6_seed43.pt
Saved per-node accuracy to /home/fguadagn/FMG_Master_Thesis/neural-sheaf-diffusion-modified/results/node_accuracy/cornell/BundleSheaf/normalised-false/stalk_dim-2/2-layers/16-hidden/500-epochs/checkpoints/best-epoch/BundleSheaf_cornell_fold6_seed43.pt
Saved saliency to /home/fguadagn/FMG_Master_Thesis/neural-sheaf-diffusion-modified/results/node_saliency/cornell/BundleSheaf/normalised-false/stalk_dim-2/2-layers/16-hidden/500-epochs/checkpoints/best-epoch/BundleSheaf_cornell_fold6_seed43.pt
Saved model weights to /home/fguadagn/FMG_Master_Thesis/neural-sheaf-diffusion-modified/results/model_weights/cornell/BundleSheaf/normalised-false/stalk_dim-2/2-layers/16-hidden/500-epochs/checkpoints/best-epoch/BundleSheaf_cornell_fold6_seed43.pth
Saved fold masks to /home/fguadagn/FMG_Master_Thesis/neural-sheaf-diffusion-modified/results/model_weights/cornell/BundleSheaf/normalised-false/stalk_dim-2/2-layers/16-hidden/500-epochs/checkpoints/best-epoch/BundleSheaf_cornell_fold6_seed43_masks.pt
Saved best-epoch model weights and masks (epoch 18) to checkpoints/best-epoch/
Updated best_epochs.json: fold_6 -> epoch 18
Saved node norms to /home/fguadagn/FMG_Master_Thesis/neural-sheaf-diffusion-modified/results/node_norms/cornell/BundleSheaf/normalised-false/stalk_dim-2/2-layers/16-hidden/500-epochs/BundleSheaf_cornell_fold6_seed43.pt
Saved node predictions to /home/fguadagn/FMG_Master_Thesis/neural-sheaf-diffusion-modified/results/node_preds/cornell/BundleSheaf/normalised-false/stalk_dim-2/2-layers/16-hidden/500-epochs/BundleSheaf_cornell_fold6_seed43.pt
Saved confidence to /home/fguadagn/FMG_Master_Thesis/neural-sheaf-diffusion-modified/results/node_conf/cornell/BundleSheaf/normalised-false/stalk_dim-2/2-layers/16-hidden/500-epochs/BundleSheaf_cornell_fold6_seed43.pt
Saved per-node accuracy to /home/fguadagn/FMG_Master_Thesis/neural-sheaf-diffusion-modified/results/node_accuracy/cornell/BundleSheaf/normalised-false/stalk_dim-2/2-layers/16-hidden/500-epochs/BundleSheaf_cornell_fold6_seed43.pt
Saved saliency to /home/fguadagn/FMG_Master_Thesis/neural-sheaf-diffusion-modified/results/node_saliency/cornell/BundleSheaf/normalised-false/stalk_dim-2/2-layers/16-hidden/500-epochs/BundleSheaf_cornell_fold6_seed43.pt
Saved node norms to /home/fguadagn/FMG_Master_Thesis/neural-sheaf-diffusion-modified/results/node_norms/cornell/BundleSheaf/normalised-false/stalk_dim-2/2-layers/16-hidden/500-epochs/checkpoints/epoch-0/BundleSheaf_cornell_fold7_seed43.pt
Saved confidence to /home/fguadagn/FMG_Master_Thesis/neural-sheaf-diffusion-modified/results/node_conf/cornell/BundleSheaf/normalised-false/stalk_dim-2/2-layers/16-hidden/500-epochs/checkpoints/epoch-0/BundleSheaf_cornell_fold7_seed43.pt
Saved per-node accuracy to /home/fguadagn/FMG_Master_Thesis/neural-sheaf-diffusion-modified/results/node_accuracy/cornell/BundleSheaf/normalised-false/stalk_dim-2/2-layers/16-hidden/500-epochs/checkpoints/epoch-0/BundleSheaf_cornell_fold7_seed43.pt
Saved saliency to /home/fguadagn/FMG_Master_Thesis/neural-sheaf-diffusion-modified/results/node_saliency/cornell/BundleSheaf/normalised-false/stalk_dim-2/2-layers/16-hidden/500-epochs/checkpoints/epoch-0/BundleSheaf_cornell_fold7_seed43.pt
Saved node norms to /home/fguadagn/FMG_Master_Thesis/neural-sheaf-diffusion-modified/results/node_norms/cornell/BundleSheaf/normalised-false/stalk_dim-2/2-layers/16-hidden/500-epochs/checkpoints/epoch-1/BundleSheaf_cornell_fold7_seed43.pt
Saved confidence to /home/fguadagn/FMG_Master_Thesis/neural-sheaf-diffusion-modified/results/node_conf/cornell/BundleSheaf/normalised-false/stalk_dim-2/2-layers/16-hidden/500-epochs/checkpoints/epoch-1/BundleSheaf_cornell_fold7_seed43.pt
Saved per-node accuracy to /home/fguadagn/FMG_Master_Thesis/neural-sheaf-diffusion-modified/results/node_accuracy/cornell/BundleSheaf/normalised-false/stalk_dim-2/2-layers/16-hidden/500-epochs/checkpoints/epoch-1/BundleSheaf_cornell_fold7_seed43.pt
Saved saliency to /home/fguadagn/FMG_Master_Thesis/neural-sheaf-diffusion-modified/results/node_saliency/cornell/BundleSheaf/normalised-false/stalk_dim-2/2-layers/16-hidden/500-epochs/checkpoints/epoch-1/BundleSheaf_cornell_fold7_seed43.pt
Saved node norms to /home/fguadagn/FMG_Master_Thesis/neural-sheaf-diffusion-modified/results/node_norms/cornell/BundleSheaf/normalised-false/stalk_dim-2/2-layers/16-hidden/500-epochs/checkpoints/epoch-5/BundleSheaf_cornell_fold7_seed43.pt
Saved confidence to /home/fguadagn/FMG_Master_Thesis/neural-sheaf-diffusion-modified/results/node_conf/cornell/BundleSheaf/normalised-false/stalk_dim-2/2-layers/16-hidden/500-epochs/checkpoints/epoch-5/BundleSheaf_cornell_fold7_seed43.pt
Saved per-node accuracy to /home/fguadagn/FMG_Master_Thesis/neural-sheaf-diffusion-modified/results/node_accuracy/cornell/BundleSheaf/normalised-false/stalk_dim-2/2-layers/16-hidden/500-epochs/checkpoints/epoch-5/BundleSheaf_cornell_fold7_seed43.pt
Saved saliency to /home/fguadagn/FMG_Master_Thesis/neural-sheaf-diffusion-modified/results/node_saliency/cornell/BundleSheaf/normalised-false/stalk_dim-2/2-layers/16-hidden/500-epochs/checkpoints/epoch-5/BundleSheaf_cornell_fold7_seed43.pt
Saved node norms to /home/fguadagn/FMG_Master_Thesis/neural-sheaf-diffusion-modified/results/node_norms/cornell/BundleSheaf/normalised-false/stalk_dim-2/2-layers/16-hidden/500-epochs/checkpoints/epoch-15/BundleSheaf_cornell_fold7_seed43.pt
Saved confidence to /home/fguadagn/FMG_Master_Thesis/neural-sheaf-diffusion-modified/results/node_conf/cornell/BundleSheaf/normalised-false/stalk_dim-2/2-layers/16-hidden/500-epochs/checkpoints/epoch-15/BundleSheaf_cornell_fold7_seed43.pt
Saved per-node accuracy to /home/fguadagn/FMG_Master_Thesis/neural-sheaf-diffusion-modified/results/node_accuracy/cornell/BundleSheaf/normalised-false/stalk_dim-2/2-layers/16-hidden/500-epochs/checkpoints/epoch-15/BundleSheaf_cornell_fold7_seed43.pt
Saved saliency to /home/fguadagn/FMG_Master_Thesis/neural-sheaf-diffusion-modified/results/node_saliency/cornell/BundleSheaf/normalised-false/stalk_dim-2/2-layers/16-hidden/500-epochs/checkpoints/epoch-15/BundleSheaf_cornell_fold7_seed43.pt
Saved node norms to /home/fguadagn/FMG_Master_Thesis/neural-sheaf-diffusion-modified/results/node_norms/cornell/BundleSheaf/normalised-false/stalk_dim-2/2-layers/16-hidden/500-epochs/checkpoints/epoch-50/BundleSheaf_cornell_fold7_seed43.pt
Saved confidence to /home/fguadagn/FMG_Master_Thesis/neural-sheaf-diffusion-modified/results/node_conf/cornell/BundleSheaf/normalised-false/stalk_dim-2/2-layers/16-hidden/500-epochs/checkpoints/epoch-50/BundleSheaf_cornell_fold7_seed43.pt
Saved per-node accuracy to /home/fguadagn/FMG_Master_Thesis/neural-sheaf-diffusion-modified/results/node_accuracy/cornell/BundleSheaf/normalised-false/stalk_dim-2/2-layers/16-hidden/500-epochs/checkpoints/epoch-50/BundleSheaf_cornell_fold7_seed43.pt
Saved saliency to /home/fguadagn/FMG_Master_Thesis/neural-sheaf-diffusion-modified/results/node_saliency/cornell/BundleSheaf/normalised-false/stalk_dim-2/2-layers/16-hidden/500-epochs/checkpoints/epoch-50/BundleSheaf_cornell_fold7_seed43.pt
Saved node norms to /home/fguadagn/FMG_Master_Thesis/neural-sheaf-diffusion-modified/results/node_norms/cornell/BundleSheaf/normalised-false/stalk_dim-2/2-layers/16-hidden/500-epochs/checkpoints/epoch-200/BundleSheaf_cornell_fold7_seed43.pt
Saved confidence to /home/fguadagn/FMG_Master_Thesis/neural-sheaf-diffusion-modified/results/node_conf/cornell/BundleSheaf/normalised-false/stalk_dim-2/2-layers/16-hidden/500-epochs/checkpoints/epoch-200/BundleSheaf_cornell_fold7_seed43.pt
Saved per-node accuracy to /home/fguadagn/FMG_Master_Thesis/neural-sheaf-diffusion-modified/results/node_accuracy/cornell/BundleSheaf/normalised-false/stalk_dim-2/2-layers/16-hidden/500-epochs/checkpoints/epoch-200/BundleSheaf_cornell_fold7_seed43.pt
Saved saliency to /home/fguadagn/FMG_Master_Thesis/neural-sheaf-diffusion-modified/results/node_saliency/cornell/BundleSheaf/normalised-false/stalk_dim-2/2-layers/16-hidden/500-epochs/checkpoints/epoch-200/BundleSheaf_cornell_fold7_seed43.pt
Fold 7 | Epochs: 499 | Best epoch: 487
Test acc (best epoch): 0.7297
Test acc (last epoch): 0.7297
Best val acc: 0.8136
Laplacian 0: Max: 0.4534, Min: -1.0000, Avg: -0.4935, Abs avg: 0.5598
Laplacian 1: Max: 1.0000, Min: -1.0000, Avg: -0.3150, Abs avg: 0.6583
Epsilons 0: [2.452 1.95 ]
Epsilons 1: [2.601 2.247]
Saved node norms to /home/fguadagn/FMG_Master_Thesis/neural-sheaf-diffusion-modified/results/node_norms/cornell/BundleSheaf/normalised-false/stalk_dim-2/2-layers/16-hidden/500-epochs/checkpoints/best-epoch/BundleSheaf_cornell_fold7_seed43.pt
Saved best-epoch node norms (epoch 487) to checkpoints/best-epoch/
Saved confidence to /home/fguadagn/FMG_Master_Thesis/neural-sheaf-diffusion-modified/results/node_conf/cornell/BundleSheaf/normalised-false/stalk_dim-2/2-layers/16-hidden/500-epochs/checkpoints/best-epoch/BundleSheaf_cornell_fold7_seed43.pt
Saved per-node accuracy to /home/fguadagn/FMG_Master_Thesis/neural-sheaf-diffusion-modified/results/node_accuracy/cornell/BundleSheaf/normalised-false/stalk_dim-2/2-layers/16-hidden/500-epochs/checkpoints/best-epoch/BundleSheaf_cornell_fold7_seed43.pt
Saved saliency to /home/fguadagn/FMG_Master_Thesis/neural-sheaf-diffusion-modified/results/node_saliency/cornell/BundleSheaf/normalised-false/stalk_dim-2/2-layers/16-hidden/500-epochs/checkpoints/best-epoch/BundleSheaf_cornell_fold7_seed43.pt
Saved model weights to /home/fguadagn/FMG_Master_Thesis/neural-sheaf-diffusion-modified/results/model_weights/cornell/BundleSheaf/normalised-false/stalk_dim-2/2-layers/16-hidden/500-epochs/checkpoints/best-epoch/BundleSheaf_cornell_fold7_seed43.pth
Saved fold masks to /home/fguadagn/FMG_Master_Thesis/neural-sheaf-diffusion-modified/results/model_weights/cornell/BundleSheaf/normalised-false/stalk_dim-2/2-layers/16-hidden/500-epochs/checkpoints/best-epoch/BundleSheaf_cornell_fold7_seed43_masks.pt
Saved best-epoch model weights and masks (epoch 487) to checkpoints/best-epoch/
Updated best_epochs.json: fold_7 -> epoch 487
Saved node norms to /home/fguadagn/FMG_Master_Thesis/neural-sheaf-diffusion-modified/results/node_norms/cornell/BundleSheaf/normalised-false/stalk_dim-2/2-layers/16-hidden/500-epochs/BundleSheaf_cornell_fold7_seed43.pt
Saved node predictions to /home/fguadagn/FMG_Master_Thesis/neural-sheaf-diffusion-modified/results/node_preds/cornell/BundleSheaf/normalised-false/stalk_dim-2/2-layers/16-hidden/500-epochs/BundleSheaf_cornell_fold7_seed43.pt
Saved confidence to /home/fguadagn/FMG_Master_Thesis/neural-sheaf-diffusion-modified/results/node_conf/cornell/BundleSheaf/normalised-false/stalk_dim-2/2-layers/16-hidden/500-epochs/BundleSheaf_cornell_fold7_seed43.pt
Saved per-node accuracy to /home/fguadagn/FMG_Master_Thesis/neural-sheaf-diffusion-modified/results/node_accuracy/cornell/BundleSheaf/normalised-false/stalk_dim-2/2-layers/16-hidden/500-epochs/BundleSheaf_cornell_fold7_seed43.pt
Saved saliency to /home/fguadagn/FMG_Master_Thesis/neural-sheaf-diffusion-modified/results/node_saliency/cornell/BundleSheaf/normalised-false/stalk_dim-2/2-layers/16-hidden/500-epochs/BundleSheaf_cornell_fold7_seed43.pt
Saved node norms to /home/fguadagn/FMG_Master_Thesis/neural-sheaf-diffusion-modified/results/node_norms/cornell/BundleSheaf/normalised-false/stalk_dim-2/2-layers/16-hidden/500-epochs/checkpoints/epoch-0/BundleSheaf_cornell_fold8_seed43.pt
Saved confidence to /home/fguadagn/FMG_Master_Thesis/neural-sheaf-diffusion-modified/results/node_conf/cornell/BundleSheaf/normalised-false/stalk_dim-2/2-layers/16-hidden/500-epochs/checkpoints/epoch-0/BundleSheaf_cornell_fold8_seed43.pt
Saved per-node accuracy to /home/fguadagn/FMG_Master_Thesis/neural-sheaf-diffusion-modified/results/node_accuracy/cornell/BundleSheaf/normalised-false/stalk_dim-2/2-layers/16-hidden/500-epochs/checkpoints/epoch-0/BundleSheaf_cornell_fold8_seed43.pt
Saved saliency to /home/fguadagn/FMG_Master_Thesis/neural-sheaf-diffusion-modified/results/node_saliency/cornell/BundleSheaf/normalised-false/stalk_dim-2/2-layers/16-hidden/500-epochs/checkpoints/epoch-0/BundleSheaf_cornell_fold8_seed43.pt
Saved node norms to /home/fguadagn/FMG_Master_Thesis/neural-sheaf-diffusion-modified/results/node_norms/cornell/BundleSheaf/normalised-false/stalk_dim-2/2-layers/16-hidden/500-epochs/checkpoints/epoch-1/BundleSheaf_cornell_fold8_seed43.pt
Saved confidence to /home/fguadagn/FMG_Master_Thesis/neural-sheaf-diffusion-modified/results/node_conf/cornell/BundleSheaf/normalised-false/stalk_dim-2/2-layers/16-hidden/500-epochs/checkpoints/epoch-1/BundleSheaf_cornell_fold8_seed43.pt
Saved per-node accuracy to /home/fguadagn/FMG_Master_Thesis/neural-sheaf-diffusion-modified/results/node_accuracy/cornell/BundleSheaf/normalised-false/stalk_dim-2/2-layers/16-hidden/500-epochs/checkpoints/epoch-1/BundleSheaf_cornell_fold8_seed43.pt
Saved saliency to /home/fguadagn/FMG_Master_Thesis/neural-sheaf-diffusion-modified/results/node_saliency/cornell/BundleSheaf/normalised-false/stalk_dim-2/2-layers/16-hidden/500-epochs/checkpoints/epoch-1/BundleSheaf_cornell_fold8_seed43.pt
Saved node norms to /home/fguadagn/FMG_Master_Thesis/neural-sheaf-diffusion-modified/results/node_norms/cornell/BundleSheaf/normalised-false/stalk_dim-2/2-layers/16-hidden/500-epochs/checkpoints/epoch-5/BundleSheaf_cornell_fold8_seed43.pt
Saved confidence to /home/fguadagn/FMG_Master_Thesis/neural-sheaf-diffusion-modified/results/node_conf/cornell/BundleSheaf/normalised-false/stalk_dim-2/2-layers/16-hidden/500-epochs/checkpoints/epoch-5/BundleSheaf_cornell_fold8_seed43.pt
Saved per-node accuracy to /home/fguadagn/FMG_Master_Thesis/neural-sheaf-diffusion-modified/results/node_accuracy/cornell/BundleSheaf/normalised-false/stalk_dim-2/2-layers/16-hidden/500-epochs/checkpoints/epoch-5/BundleSheaf_cornell_fold8_seed43.pt
Saved saliency to /home/fguadagn/FMG_Master_Thesis/neural-sheaf-diffusion-modified/results/node_saliency/cornell/BundleSheaf/normalised-false/stalk_dim-2/2-layers/16-hidden/500-epochs/checkpoints/epoch-5/BundleSheaf_cornell_fold8_seed43.pt
Saved node norms to /home/fguadagn/FMG_Master_Thesis/neural-sheaf-diffusion-modified/results/node_norms/cornell/BundleSheaf/normalised-false/stalk_dim-2/2-layers/16-hidden/500-epochs/checkpoints/epoch-15/BundleSheaf_cornell_fold8_seed43.pt
Saved confidence to /home/fguadagn/FMG_Master_Thesis/neural-sheaf-diffusion-modified/results/node_conf/cornell/BundleSheaf/normalised-false/stalk_dim-2/2-layers/16-hidden/500-epochs/checkpoints/epoch-15/BundleSheaf_cornell_fold8_seed43.pt
Saved per-node accuracy to /home/fguadagn/FMG_Master_Thesis/neural-sheaf-diffusion-modified/results/node_accuracy/cornell/BundleSheaf/normalised-false/stalk_dim-2/2-layers/16-hidden/500-epochs/checkpoints/epoch-15/BundleSheaf_cornell_fold8_seed43.pt
Saved saliency to /home/fguadagn/FMG_Master_Thesis/neural-sheaf-diffusion-modified/results/node_saliency/cornell/BundleSheaf/normalised-false/stalk_dim-2/2-layers/16-hidden/500-epochs/checkpoints/epoch-15/BundleSheaf_cornell_fold8_seed43.pt
Saved node norms to /home/fguadagn/FMG_Master_Thesis/neural-sheaf-diffusion-modified/results/node_norms/cornell/BundleSheaf/normalised-false/stalk_dim-2/2-layers/16-hidden/500-epochs/checkpoints/epoch-50/BundleSheaf_cornell_fold8_seed43.pt
Saved confidence to /home/fguadagn/FMG_Master_Thesis/neural-sheaf-diffusion-modified/results/node_conf/cornell/BundleSheaf/normalised-false/stalk_dim-2/2-layers/16-hidden/500-epochs/checkpoints/epoch-50/BundleSheaf_cornell_fold8_seed43.pt
Saved per-node accuracy to /home/fguadagn/FMG_Master_Thesis/neural-sheaf-diffusion-modified/results/node_accuracy/cornell/BundleSheaf/normalised-false/stalk_dim-2/2-layers/16-hidden/500-epochs/checkpoints/epoch-50/BundleSheaf_cornell_fold8_seed43.pt
Saved saliency to /home/fguadagn/FMG_Master_Thesis/neural-sheaf-diffusion-modified/results/node_saliency/cornell/BundleSheaf/normalised-false/stalk_dim-2/2-layers/16-hidden/500-epochs/checkpoints/epoch-50/BundleSheaf_cornell_fold8_seed43.pt
Saved node norms to /home/fguadagn/FMG_Master_Thesis/neural-sheaf-diffusion-modified/results/node_norms/cornell/BundleSheaf/normalised-false/stalk_dim-2/2-layers/16-hidden/500-epochs/checkpoints/epoch-200/BundleSheaf_cornell_fold8_seed43.pt
Saved confidence to /home/fguadagn/FMG_Master_Thesis/neural-sheaf-diffusion-modified/results/node_conf/cornell/BundleSheaf/normalised-false/stalk_dim-2/2-layers/16-hidden/500-epochs/checkpoints/epoch-200/BundleSheaf_cornell_fold8_seed43.pt
Saved per-node accuracy to /home/fguadagn/FMG_Master_Thesis/neural-sheaf-diffusion-modified/results/node_accuracy/cornell/BundleSheaf/normalised-false/stalk_dim-2/2-layers/16-hidden/500-epochs/checkpoints/epoch-200/BundleSheaf_cornell_fold8_seed43.pt
Saved saliency to /home/fguadagn/FMG_Master_Thesis/neural-sheaf-diffusion-modified/results/node_saliency/cornell/BundleSheaf/normalised-false/stalk_dim-2/2-layers/16-hidden/500-epochs/checkpoints/epoch-200/BundleSheaf_cornell_fold8_seed43.pt
Fold 8 | Epochs: 499 | Best epoch: 459
Test acc (best epoch): 0.6757
Test acc (last epoch): 0.7027
Best val acc: 0.6949
Laplacian 0: Max: 1.0000, Min: -1.0000, Avg: -0.3490, Abs avg: 0.6489
Laplacian 1: Max: 0.9996, Min: -1.0000, Avg: -0.3942, Abs avg: 0.5778
Epsilons 0: [2.109 2.194]
Epsilons 1: [2.335 2.41 ]
Saved node norms to /home/fguadagn/FMG_Master_Thesis/neural-sheaf-diffusion-modified/results/node_norms/cornell/BundleSheaf/normalised-false/stalk_dim-2/2-layers/16-hidden/500-epochs/checkpoints/best-epoch/BundleSheaf_cornell_fold8_seed43.pt
Saved best-epoch node norms (epoch 459) to checkpoints/best-epoch/
Saved confidence to /home/fguadagn/FMG_Master_Thesis/neural-sheaf-diffusion-modified/results/node_conf/cornell/BundleSheaf/normalised-false/stalk_dim-2/2-layers/16-hidden/500-epochs/checkpoints/best-epoch/BundleSheaf_cornell_fold8_seed43.pt
Saved per-node accuracy to /home/fguadagn/FMG_Master_Thesis/neural-sheaf-diffusion-modified/results/node_accuracy/cornell/BundleSheaf/normalised-false/stalk_dim-2/2-layers/16-hidden/500-epochs/checkpoints/best-epoch/BundleSheaf_cornell_fold8_seed43.pt
Saved saliency to /home/fguadagn/FMG_Master_Thesis/neural-sheaf-diffusion-modified/results/node_saliency/cornell/BundleSheaf/normalised-false/stalk_dim-2/2-layers/16-hidden/500-epochs/checkpoints/best-epoch/BundleSheaf_cornell_fold8_seed43.pt
Saved model weights to /home/fguadagn/FMG_Master_Thesis/neural-sheaf-diffusion-modified/results/model_weights/cornell/BundleSheaf/normalised-false/stalk_dim-2/2-layers/16-hidden/500-epochs/checkpoints/best-epoch/BundleSheaf_cornell_fold8_seed43.pth
Saved fold masks to /home/fguadagn/FMG_Master_Thesis/neural-sheaf-diffusion-modified/results/model_weights/cornell/BundleSheaf/normalised-false/stalk_dim-2/2-layers/16-hidden/500-epochs/checkpoints/best-epoch/BundleSheaf_cornell_fold8_seed43_masks.pt
Saved best-epoch model weights and masks (epoch 459) to checkpoints/best-epoch/
Updated best_epochs.json: fold_8 -> epoch 459
Saved node norms to /home/fguadagn/FMG_Master_Thesis/neural-sheaf-diffusion-modified/results/node_norms/cornell/BundleSheaf/normalised-false/stalk_dim-2/2-layers/16-hidden/500-epochs/BundleSheaf_cornell_fold8_seed43.pt
Saved node predictions to /home/fguadagn/FMG_Master_Thesis/neural-sheaf-diffusion-modified/results/node_preds/cornell/BundleSheaf/normalised-false/stalk_dim-2/2-layers/16-hidden/500-epochs/BundleSheaf_cornell_fold8_seed43.pt
Saved confidence to /home/fguadagn/FMG_Master_Thesis/neural-sheaf-diffusion-modified/results/node_conf/cornell/BundleSheaf/normalised-false/stalk_dim-2/2-layers/16-hidden/500-epochs/BundleSheaf_cornell_fold8_seed43.pt
Saved per-node accuracy to /home/fguadagn/FMG_Master_Thesis/neural-sheaf-diffusion-modified/results/node_accuracy/cornell/BundleSheaf/normalised-false/stalk_dim-2/2-layers/16-hidden/500-epochs/BundleSheaf_cornell_fold8_seed43.pt
Saved saliency to /home/fguadagn/FMG_Master_Thesis/neural-sheaf-diffusion-modified/results/node_saliency/cornell/BundleSheaf/normalised-false/stalk_dim-2/2-layers/16-hidden/500-epochs/BundleSheaf_cornell_fold8_seed43.pt
Saved node norms to /home/fguadagn/FMG_Master_Thesis/neural-sheaf-diffusion-modified/results/node_norms/cornell/BundleSheaf/normalised-false/stalk_dim-2/2-layers/16-hidden/500-epochs/checkpoints/epoch-0/BundleSheaf_cornell_fold9_seed43.pt
Saved confidence to /home/fguadagn/FMG_Master_Thesis/neural-sheaf-diffusion-modified/results/node_conf/cornell/BundleSheaf/normalised-false/stalk_dim-2/2-layers/16-hidden/500-epochs/checkpoints/epoch-0/BundleSheaf_cornell_fold9_seed43.pt
Saved per-node accuracy to /home/fguadagn/FMG_Master_Thesis/neural-sheaf-diffusion-modified/results/node_accuracy/cornell/BundleSheaf/normalised-false/stalk_dim-2/2-layers/16-hidden/500-epochs/checkpoints/epoch-0/BundleSheaf_cornell_fold9_seed43.pt
Saved saliency to /home/fguadagn/FMG_Master_Thesis/neural-sheaf-diffusion-modified/results/node_saliency/cornell/BundleSheaf/normalised-false/stalk_dim-2/2-layers/16-hidden/500-epochs/checkpoints/epoch-0/BundleSheaf_cornell_fold9_seed43.pt
Saved node norms to /home/fguadagn/FMG_Master_Thesis/neural-sheaf-diffusion-modified/results/node_norms/cornell/BundleSheaf/normalised-false/stalk_dim-2/2-layers/16-hidden/500-epochs/checkpoints/epoch-1/BundleSheaf_cornell_fold9_seed43.pt
Saved confidence to /home/fguadagn/FMG_Master_Thesis/neural-sheaf-diffusion-modified/results/node_conf/cornell/BundleSheaf/normalised-false/stalk_dim-2/2-layers/16-hidden/500-epochs/checkpoints/epoch-1/BundleSheaf_cornell_fold9_seed43.pt
Saved per-node accuracy to /home/fguadagn/FMG_Master_Thesis/neural-sheaf-diffusion-modified/results/node_accuracy/cornell/BundleSheaf/normalised-false/stalk_dim-2/2-layers/16-hidden/500-epochs/checkpoints/epoch-1/BundleSheaf_cornell_fold9_seed43.pt
Saved saliency to /home/fguadagn/FMG_Master_Thesis/neural-sheaf-diffusion-modified/results/node_saliency/cornell/BundleSheaf/normalised-false/stalk_dim-2/2-layers/16-hidden/500-epochs/checkpoints/epoch-1/BundleSheaf_cornell_fold9_seed43.pt
Saved node norms to /home/fguadagn/FMG_Master_Thesis/neural-sheaf-diffusion-modified/results/node_norms/cornell/BundleSheaf/normalised-false/stalk_dim-2/2-layers/16-hidden/500-epochs/checkpoints/epoch-5/BundleSheaf_cornell_fold9_seed43.pt
Saved confidence to /home/fguadagn/FMG_Master_Thesis/neural-sheaf-diffusion-modified/results/node_conf/cornell/BundleSheaf/normalised-false/stalk_dim-2/2-layers/16-hidden/500-epochs/checkpoints/epoch-5/BundleSheaf_cornell_fold9_seed43.pt
Saved per-node accuracy to /home/fguadagn/FMG_Master_Thesis/neural-sheaf-diffusion-modified/results/node_accuracy/cornell/BundleSheaf/normalised-false/stalk_dim-2/2-layers/16-hidden/500-epochs/checkpoints/epoch-5/BundleSheaf_cornell_fold9_seed43.pt
Saved saliency to /home/fguadagn/FMG_Master_Thesis/neural-sheaf-diffusion-modified/results/node_saliency/cornell/BundleSheaf/normalised-false/stalk_dim-2/2-layers/16-hidden/500-epochs/checkpoints/epoch-5/BundleSheaf_cornell_fold9_seed43.pt
Saved node norms to /home/fguadagn/FMG_Master_Thesis/neural-sheaf-diffusion-modified/results/node_norms/cornell/BundleSheaf/normalised-false/stalk_dim-2/2-layers/16-hidden/500-epochs/checkpoints/epoch-15/BundleSheaf_cornell_fold9_seed43.pt
Saved confidence to /home/fguadagn/FMG_Master_Thesis/neural-sheaf-diffusion-modified/results/node_conf/cornell/BundleSheaf/normalised-false/stalk_dim-2/2-layers/16-hidden/500-epochs/checkpoints/epoch-15/BundleSheaf_cornell_fold9_seed43.pt
Saved per-node accuracy to /home/fguadagn/FMG_Master_Thesis/neural-sheaf-diffusion-modified/results/node_accuracy/cornell/BundleSheaf/normalised-false/stalk_dim-2/2-layers/16-hidden/500-epochs/checkpoints/epoch-15/BundleSheaf_cornell_fold9_seed43.pt
Saved saliency to /home/fguadagn/FMG_Master_Thesis/neural-sheaf-diffusion-modified/results/node_saliency/cornell/BundleSheaf/normalised-false/stalk_dim-2/2-layers/16-hidden/500-epochs/checkpoints/epoch-15/BundleSheaf_cornell_fold9_seed43.pt
Saved node norms to /home/fguadagn/FMG_Master_Thesis/neural-sheaf-diffusion-modified/results/node_norms/cornell/BundleSheaf/normalised-false/stalk_dim-2/2-layers/16-hidden/500-epochs/checkpoints/epoch-50/BundleSheaf_cornell_fold9_seed43.pt
Saved confidence to /home/fguadagn/FMG_Master_Thesis/neural-sheaf-diffusion-modified/results/node_conf/cornell/BundleSheaf/normalised-false/stalk_dim-2/2-layers/16-hidden/500-epochs/checkpoints/epoch-50/BundleSheaf_cornell_fold9_seed43.pt
Saved per-node accuracy to /home/fguadagn/FMG_Master_Thesis/neural-sheaf-diffusion-modified/results/node_accuracy/cornell/BundleSheaf/normalised-false/stalk_dim-2/2-layers/16-hidden/500-epochs/checkpoints/epoch-50/BundleSheaf_cornell_fold9_seed43.pt
Saved saliency to /home/fguadagn/FMG_Master_Thesis/neural-sheaf-diffusion-modified/results/node_saliency/cornell/BundleSheaf/normalised-false/stalk_dim-2/2-layers/16-hidden/500-epochs/checkpoints/epoch-50/BundleSheaf_cornell_fold9_seed43.pt
Saved node norms to /home/fguadagn/FMG_Master_Thesis/neural-sheaf-diffusion-modified/results/node_norms/cornell/BundleSheaf/normalised-false/stalk_dim-2/2-layers/16-hidden/500-epochs/checkpoints/epoch-200/BundleSheaf_cornell_fold9_seed43.pt
Saved confidence to /home/fguadagn/FMG_Master_Thesis/neural-sheaf-diffusion-modified/results/node_conf/cornell/BundleSheaf/normalised-false/stalk_dim-2/2-layers/16-hidden/500-epochs/checkpoints/epoch-200/BundleSheaf_cornell_fold9_seed43.pt
Saved per-node accuracy to /home/fguadagn/FMG_Master_Thesis/neural-sheaf-diffusion-modified/results/node_accuracy/cornell/BundleSheaf/normalised-false/stalk_dim-2/2-layers/16-hidden/500-epochs/checkpoints/epoch-200/BundleSheaf_cornell_fold9_seed43.pt
Saved saliency to /home/fguadagn/FMG_Master_Thesis/neural-sheaf-diffusion-modified/results/node_saliency/cornell/BundleSheaf/normalised-false/stalk_dim-2/2-layers/16-hidden/500-epochs/checkpoints/epoch-200/BundleSheaf_cornell_fold9_seed43.pt
Fold 9 | Epochs: 499 | Best epoch: 491
Test acc (best epoch): 0.7838
Test acc (last epoch): 0.7838
Best val acc: 0.6949
Laplacian 0: Max: 0.9702, Min: -1.0000, Avg: -0.4261, Abs avg: 0.6412
Laplacian 1: Max: 1.0000, Min: -1.0000, Avg: 0.2431, Abs avg: 0.5884
Epsilons 0: [2.11  1.619]
Epsilons 1: [2.35  2.082]
Saved node norms to /home/fguadagn/FMG_Master_Thesis/neural-sheaf-diffusion-modified/results/node_norms/cornell/BundleSheaf/normalised-false/stalk_dim-2/2-layers/16-hidden/500-epochs/checkpoints/best-epoch/BundleSheaf_cornell_fold9_seed43.pt
Saved best-epoch node norms (epoch 491) to checkpoints/best-epoch/
Saved confidence to /home/fguadagn/FMG_Master_Thesis/neural-sheaf-diffusion-modified/results/node_conf/cornell/BundleSheaf/normalised-false/stalk_dim-2/2-layers/16-hidden/500-epochs/checkpoints/best-epoch/BundleSheaf_cornell_fold9_seed43.pt
Saved per-node accuracy to /home/fguadagn/FMG_Master_Thesis/neural-sheaf-diffusion-modified/results/node_accuracy/cornell/BundleSheaf/normalised-false/stalk_dim-2/2-layers/16-hidden/500-epochs/checkpoints/best-epoch/BundleSheaf_cornell_fold9_seed43.pt
Saved saliency to /home/fguadagn/FMG_Master_Thesis/neural-sheaf-diffusion-modified/results/node_saliency/cornell/BundleSheaf/normalised-false/stalk_dim-2/2-layers/16-hidden/500-epochs/checkpoints/best-epoch/BundleSheaf_cornell_fold9_seed43.pt
Saved model weights to /home/fguadagn/FMG_Master_Thesis/neural-sheaf-diffusion-modified/results/model_weights/cornell/BundleSheaf/normalised-false/stalk_dim-2/2-layers/16-hidden/500-epochs/checkpoints/best-epoch/BundleSheaf_cornell_fold9_seed43.pth
Saved fold masks to /home/fguadagn/FMG_Master_Thesis/neural-sheaf-diffusion-modified/results/model_weights/cornell/BundleSheaf/normalised-false/stalk_dim-2/2-layers/16-hidden/500-epochs/checkpoints/best-epoch/BundleSheaf_cornell_fold9_seed43_masks.pt
Saved best-epoch model weights and masks (epoch 491) to checkpoints/best-epoch/
Updated best_epochs.json: fold_9 -> epoch 491
Saved node norms to /home/fguadagn/FMG_Master_Thesis/neural-sheaf-diffusion-modified/results/node_norms/cornell/BundleSheaf/normalised-false/stalk_dim-2/2-layers/16-hidden/500-epochs/BundleSheaf_cornell_fold9_seed43.pt
Saved node predictions to /home/fguadagn/FMG_Master_Thesis/neural-sheaf-diffusion-modified/results/node_preds/cornell/BundleSheaf/normalised-false/stalk_dim-2/2-layers/16-hidden/500-epochs/BundleSheaf_cornell_fold9_seed43.pt
Saved confidence to /home/fguadagn/FMG_Master_Thesis/neural-sheaf-diffusion-modified/results/node_conf/cornell/BundleSheaf/normalised-false/stalk_dim-2/2-layers/16-hidden/500-epochs/BundleSheaf_cornell_fold9_seed43.pt
Saved per-node accuracy to /home/fguadagn/FMG_Master_Thesis/neural-sheaf-diffusion-modified/results/node_accuracy/cornell/BundleSheaf/normalised-false/stalk_dim-2/2-layers/16-hidden/500-epochs/BundleSheaf_cornell_fold9_seed43.pt
Saved saliency to /home/fguadagn/FMG_Master_Thesis/neural-sheaf-diffusion-modified/results/node_saliency/cornell/BundleSheaf/normalised-false/stalk_dim-2/2-layers/16-hidden/500-epochs/BundleSheaf_cornell_fold9_seed43.pt
BundleSheaf on cornell | SHA: 76c20f9b6a5a98e71dded402ae983d844519635e
Test acc: 70.5405 +/- 6.2162 | Val acc: 71.6949
