Discovering: model=GeneralSheaf  normalised=true
  found: amazon_ratings  d=5  L=5
  found: citeseer  d=5  L=4
  found: cora  d=5  L=3
  found: cornell  d=2  L=2
  found: minesweeper  d=5  L=6
  found: pubmed  d=3  L=4
  found: questions  d=5  L=4
  found: roman_empire  d=5  L=5
  found: tolokers  d=3  L=4
  found: wisconsin  d=2  L=2

Found 10 experiment(s).

============================================================
  amazon_ratings  |  GeneralSheaf  d=5  L=5
============================================================
  Computing betweenness (k=500) …
  Graph: 24492 nodes, 93050 edges

  --- epoch-0 ---
    fold 0 done
    fold 1 done
    fold 2 done
    fold 3 done
    fold 4 done
    fold 5 done
    fold 6 done
    fold 7 done
    fold 8 done
    fold 9 done
  -> 10 fold(s) | deg ρ@X_L=0.010  conf ρ@X_L=0.234  d_test@X_L=0.090

  --- epoch-1 ---
    fold 0 done
    fold 1 done
    fold 2 done
    fold 3 done
    fold 4 done
    fold 5 done
    fold 6 done
    fold 7 done
    fold 8 done
    fold 9 done
  -> 10 fold(s) | deg ρ@X_L=0.024  conf ρ@X_L=0.895  d_test@X_L=0.090

  --- epoch-5 ---
    fold 0 done
    fold 1 done
    fold 2 done
    fold 3 done
    fold 4 done
    fold 5 done
    fold 6 done
    fold 7 done
    fold 8 done
    fold 9 done
  -> 10 fold(s) | deg ρ@X_L=0.126  conf ρ@X_L=0.771  d_test@X_L=0.075

  --- epoch-15 ---
    fold 0 done
    fold 1 done
    fold 2 done
    fold 3 done
    fold 4 done
    fold 5 done
    fold 6 done
    fold 7 done
    fold 8 done
    fold 9 done
  -> 10 fold(s) | deg ρ@X_L=0.185  conf ρ@X_L=0.831  d_test@X_L=0.122

  --- epoch-50 ---
    fold 0 done
    fold 1 done
    fold 2 done
    fold 3 done
    fold 4 done
    fold 5 done
    fold 6 done
    fold 7 done
    fold 8 done
    fold 9 done
  -> 10 fold(s) | deg ρ@X_L=0.159  conf ρ@X_L=0.675  d_test@X_L=0.175

  --- epoch-200 ---
    fold 0 done
    fold 1 done
    fold 2 done
    fold 3 done
    fold 4 done
    fold 5 done
    fold 6 done
    fold 7 done
    fold 8 done
    fold 9 done
  -> 10 fold(s) | deg ρ@X_L=0.195  conf ρ@X_L=0.692  d_test@X_L=0.250

  --- best-epoch ---
    fold 0 done
    fold 1 done
    fold 2 done
    fold 3 done
    fold 4 done
    fold 5 done
    fold 6 done
    fold 7 done
    fold 8 done
    fold 9 done
  -> 10 fold(s) | deg ρ@X_L=0.189  conf ρ@X_L=0.721  d_test@X_L=0.237

  --- last ---
    fold 0 done
    fold 1 done
    fold 2 done
    fold 3 done
    fold 4 done
    fold 5 done
    fold 6 done
    fold 7 done
    fold 8 done
    fold 9 done
  -> 10 fold(s) | deg ρ@X_L=0.216  conf ρ@X_L=0.680  d_test@X_L=0.215
  Saved to /home/fguadagn/FMG_Master_Thesis/neural-sheaf-diffusion-modified/quick_analysis/conviction_heatmap/GeneralSheaf/normalised_true/amazon_ratings_GeneralSheaf_d5_5L_Norm_True_conviction_heatmap.pdf
  Scatter saved to /home/fguadagn/FMG_Master_Thesis/neural-sheaf-diffusion-modified/quick_analysis/conviction_scatter/GeneralSheaf/normalised_true/amazon_ratings_GeneralSheaf_d5_5L_Norm_True_conviction_scatter.pdf

============================================================
  citeseer  |  GeneralSheaf  d=5  L=4
============================================================
  Computing betweenness (k=500) …
  Graph: 3327 nodes, 4552 edges

  --- epoch-0 ---
    fold 0 done
    fold 1 done
    fold 2 done
    fold 3 done
    fold 4 done
    fold 5 done
    fold 6 done
    fold 7 done
    fold 8 done
    fold 9 done
  -> 10 fold(s) | deg ρ@X_L=-0.021  conf ρ@X_L=0.016  d_test@X_L=0.138

  --- epoch-1 ---
    fold 0 done
    fold 1 done
    fold 2 done
    fold 3 done
    fold 4 done
    fold 5 done
    fold 6 done
    fold 7 done
    fold 8 done
    fold 9 done
  -> 10 fold(s) | deg ρ@X_L=0.092  conf ρ@X_L=0.295  d_test@X_L=0.485

  --- epoch-5 ---
    fold 0 done
    fold 1 done
    fold 2 done
    fold 3 done
    fold 4 done
    fold 5 done
    fold 6 done
    fold 7 done
    fold 8 done
    fold 9 done
  -> 10 fold(s) | deg ρ@X_L=0.116  conf ρ@X_L=0.700  d_test@X_L=1.020

  --- epoch-15 ---
    fold 0 done
    fold 1 done
    fold 2 done
    fold 3 done
    fold 4 done
    fold 5 done
    fold 6 done
    fold 7 done
    fold 8 done
    fold 9 done
  -> 10 fold(s) | deg ρ@X_L=0.285  conf ρ@X_L=0.704  d_test@X_L=0.296

  --- epoch-50 ---
    fold 0 done
    fold 1 done
    fold 2 done
    fold 3 done
    fold 4 done
    fold 5 done
    fold 6 done
    fold 7 done
    fold 8 done
    fold 9 done
  -> 10 fold(s) | deg ρ@X_L=0.591  conf ρ@X_L=0.657  d_test@X_L=0.208

  --- epoch-200 ---
    fold 0 done
    fold 1 done
    fold 2 done
    fold 3 done
    fold 4 done
    fold 5 done
    fold 6 done
    fold 7 done
    fold 8 done
    fold 9 done
  -> 10 fold(s) | deg ρ@X_L=0.651  conf ρ@X_L=0.735  d_test@X_L=0.324

  --- best-epoch ---
    fold 0 done
    fold 1 done
    fold 2 done
    fold 3 done
    fold 4 done
    fold 5 done
    fold 6 done
    fold 7 done
    fold 8 done
    fold 9 done
  -> 10 fold(s) | deg ρ@X_L=0.529  conf ρ@X_L=0.685  d_test@X_L=0.273

  --- last ---
    fold 0 done
    fold 1 done
    fold 2 done
    fold 3 done
    fold 4 done
    fold 5 done
    fold 6 done
    fold 7 done
    fold 8 done
    fold 9 done
  -> 10 fold(s) | deg ρ@X_L=0.636  conf ρ@X_L=0.728  d_test@X_L=0.332
  Saved to /home/fguadagn/FMG_Master_Thesis/neural-sheaf-diffusion-modified/quick_analysis/conviction_heatmap/GeneralSheaf/normalised_true/citeseer_GeneralSheaf_d5_4L_Norm_True_conviction_heatmap.pdf
  Scatter saved to /home/fguadagn/FMG_Master_Thesis/neural-sheaf-diffusion-modified/quick_analysis/conviction_scatter/GeneralSheaf/normalised_true/citeseer_GeneralSheaf_d5_4L_Norm_True_conviction_scatter.pdf

============================================================
  cora  |  GeneralSheaf  d=5  L=3
============================================================
  Computing betweenness (k=500) …
  Graph: 2708 nodes, 5278 edges

  --- epoch-0 ---
    fold 0 done
    fold 1 done
    fold 2 done
    fold 3 done
    fold 4 done
    fold 5 done
    fold 6 done
    fold 7 done
    fold 8 done
    fold 9 done
  -> 10 fold(s) | deg ρ@X_L=-0.032  conf ρ@X_L=0.073  d_test@X_L=0.252

  --- epoch-1 ---
    fold 0 done
    fold 1 done
    fold 2 done
    fold 3 done
    fold 4 done
    fold 5 done
    fold 6 done
    fold 7 done
    fold 8 done
    fold 9 done
  -> 10 fold(s) | deg ρ@X_L=-0.055  conf ρ@X_L=0.332  d_test@X_L=0.459

  --- epoch-5 ---
    fold 0 done
    fold 1 done
    fold 2 done
    fold 3 done
    fold 4 done
    fold 5 done
    fold 6 done
    fold 7 done
    fold 8 done
    fold 9 done
  -> 10 fold(s) | deg ρ@X_L=-0.062  conf ρ@X_L=0.909  d_test@X_L=1.254

  --- epoch-15 ---
    fold 0 done
    fold 1 done
    fold 2 done
    fold 3 done
    fold 4 done
    fold 5 done
    fold 6 done
    fold 7 done
    fold 8 done
    fold 9 done
  -> 10 fold(s) | deg ρ@X_L=-0.023  conf ρ@X_L=0.883  d_test@X_L=0.746

  --- epoch-50 ---
    fold 0 done
    fold 1 done
    fold 2 done
    fold 3 done
    fold 4 done
    fold 5 done
    fold 6 done
    fold 7 done
    fold 8 done
    fold 9 done
  -> 10 fold(s) | deg ρ@X_L=0.500  conf ρ@X_L=0.826  d_test@X_L=0.356

  --- epoch-200 ---
    fold 0 done
    fold 1 done
    fold 2 done
    fold 3 done
    fold 4 done
    fold 5 done
    fold 6 done
    fold 7 done
    fold 8 done
    fold 9 done
  -> 10 fold(s) | deg ρ@X_L=0.555  conf ρ@X_L=0.842  d_test@X_L=0.349

  --- best-epoch ---
    fold 0 done
    fold 1 done
    fold 2 done
    fold 3 done
    fold 4 done
    fold 5 done
    fold 6 done
    fold 7 done
    fold 8 done
    fold 9 done
  -> 10 fold(s) | deg ρ@X_L=0.543  conf ρ@X_L=0.833  d_test@X_L=0.358

  --- last ---
    fold 0 done
    fold 1 done
    fold 2 done
    fold 3 done
    fold 4 done
    fold 5 done
    fold 6 done
    fold 7 done
    fold 8 done
    fold 9 done
  -> 10 fold(s) | deg ρ@X_L=0.547  conf ρ@X_L=0.838  d_test@X_L=0.331
  Saved to /home/fguadagn/FMG_Master_Thesis/neural-sheaf-diffusion-modified/quick_analysis/conviction_heatmap/GeneralSheaf/normalised_true/cora_GeneralSheaf_d5_3L_Norm_True_conviction_heatmap.pdf
  Scatter saved to /home/fguadagn/FMG_Master_Thesis/neural-sheaf-diffusion-modified/quick_analysis/conviction_scatter/GeneralSheaf/normalised_true/cora_GeneralSheaf_d5_3L_Norm_True_conviction_scatter.pdf

============================================================
  cornell  |  GeneralSheaf  d=2  L=2
============================================================
  Computing betweenness (k=183) …
  Graph: 183 nodes, 277 edges

  --- epoch-0 ---
    fold 0 done
    fold 1 done
    fold 2 done
    fold 3 done
    fold 4 done
    fold 5 done
    fold 6 done
    fold 7 done
    fold 8 done
    fold 9 done
  -> 10 fold(s) | deg ρ@X_L=-0.018  conf ρ@X_L=0.100  d_test@X_L=0.625

  --- epoch-1 ---
    fold 0 done
    fold 1 done
    fold 2 done
    fold 3 done
    fold 4 done
    fold 5 done
    fold 6 done
    fold 7 done
    fold 8 done
    fold 9 done
  -> 10 fold(s) | deg ρ@X_L=-0.061  conf ρ@X_L=0.358  d_test@X_L=1.163

  --- epoch-5 ---
    fold 0 done
    fold 1 done
    fold 2 done
    fold 3 done
    fold 4 done
    fold 5 done
    fold 6 done
    fold 7 done
    fold 8 done
    fold 9 done
  -> 10 fold(s) | deg ρ@X_L=-0.053  conf ρ@X_L=0.973  d_test@X_L=0.965

  --- epoch-15 ---
    fold 0 done
    fold 1 done
    fold 2 done
    fold 3 done
    fold 4 done
    fold 5 done
    fold 6 done
    fold 7 done
    fold 8 done
    fold 9 done
  -> 10 fold(s) | deg ρ@X_L=0.058  conf ρ@X_L=0.908  d_test@X_L=0.813

  --- epoch-50 ---
    fold 0 done
    fold 1 done
    fold 2 done
    fold 3 done
    fold 4 done
    fold 5 done
    fold 6 done
    fold 7 done
    fold 8 done
    fold 9 done
  -> 10 fold(s) | deg ρ@X_L=0.436  conf ρ@X_L=0.831  d_test@X_L=0.423

  --- epoch-200 ---
    fold 0 done
    fold 1 done
    fold 2 done
    fold 3 done
    fold 4 done
    fold 5 done
    fold 6 done
    fold 7 done
    fold 8 done
    fold 9 done
  -> 10 fold(s) | deg ρ@X_L=0.438  conf ρ@X_L=0.842  d_test@X_L=0.278

  --- best-epoch ---
    fold 0 done
    fold 1 done
    fold 2 done
    fold 3 done
    fold 4 done
    fold 5 done
    fold 6 done
    fold 7 done
    fold 8 done
    fold 9 done
  -> 10 fold(s) | deg ρ@X_L=0.398  conf ρ@X_L=0.838  d_test@X_L=0.331

  --- last ---
    fold 0 done
    fold 1 done
    fold 2 done
    fold 3 done
    fold 4 done
    fold 5 done
    fold 6 done
    fold 7 done
    fold 8 done
    fold 9 done
  -> 10 fold(s) | deg ρ@X_L=0.417  conf ρ@X_L=0.824  d_test@X_L=0.469
  Saved to /home/fguadagn/FMG_Master_Thesis/neural-sheaf-diffusion-modified/quick_analysis/conviction_heatmap/GeneralSheaf/normalised_true/cornell_GeneralSheaf_d2_2L_Norm_True_conviction_heatmap.pdf
  Scatter saved to /home/fguadagn/FMG_Master_Thesis/neural-sheaf-diffusion-modified/quick_analysis/conviction_scatter/GeneralSheaf/normalised_true/cornell_GeneralSheaf_d2_2L_Norm_True_conviction_scatter.pdf

============================================================
  minesweeper  |  GeneralSheaf  d=5  L=6
============================================================
  Computing betweenness (k=500) …
  Graph: 10000 nodes, 39402 edges

  --- epoch-0 ---
    fold 0 done
    fold 1 done
    fold 2 done
    fold 3 done
    fold 4 done
    fold 5 done
    fold 6 done
    fold 7 done
    fold 8 done
    fold 9 done
  -> 10 fold(s) | deg ρ@X_L=0.136  conf ρ@X_L=0.233  d_test@X_L=0.274

  --- epoch-1 ---
    fold 0 done
    fold 1 done
    fold 2 done
    fold 3 done
    fold 4 done
    fold 5 done
    fold 6 done
    fold 7 done
    fold 8 done
    fold 9 done
  -> 10 fold(s) | deg ρ@X_L=0.126  conf ρ@X_L=0.746  d_test@X_L=0.096

  --- epoch-5 ---
    fold 0 done
    fold 1 done
    fold 2 done
    fold 3 done
    fold 4 done
    fold 5 done
    fold 6 done
    fold 7 done
    fold 8 done
    fold 9 done
  -> 10 fold(s) | deg ρ@X_L=0.055  conf ρ@X_L=0.475  d_test@X_L=0.111

  --- epoch-15 ---
    fold 0 done
    fold 1 done
    fold 2 done
    fold 3 done
    fold 4 done
    fold 5 done
    fold 6 done
    fold 7 done
    fold 8 done
    fold 9 done
  -> 10 fold(s) | deg ρ@X_L=0.007  conf ρ@X_L=0.682  d_test@X_L=0.526

  --- epoch-50 ---
    fold 0 done
    fold 1 done
    fold 2 done
    fold 3 done
    fold 4 done
    fold 5 done
    fold 6 done
    fold 7 done
    fold 8 done
    fold 9 done
  -> 10 fold(s) | deg ρ@X_L=0.005  conf ρ@X_L=0.743  d_test@X_L=0.704

  --- epoch-200 ---
    fold 0 done
    fold 1 done
    fold 2 done
    fold 3 done
    fold 4 done
    fold 5 done
    fold 6 done
    fold 7 done
    fold 8 done
    fold 9 done
  -> 10 fold(s) | deg ρ@X_L=0.046  conf ρ@X_L=0.763  d_test@X_L=0.794

  --- best-epoch ---
    fold 0 done
    fold 1 done
    fold 2 done
    fold 3 done
    fold 4 done
    fold 5 done
    fold 6 done
    fold 7 done
    fold 8 done
    fold 9 done
  -> 10 fold(s) | deg ρ@X_L=0.060  conf ρ@X_L=0.729  d_test@X_L=0.834

  --- last ---
    fold 0 done
    fold 1 done
    fold 2 done
    fold 3 done
    fold 4 done
    fold 5 done
    fold 6 done
    fold 7 done
    fold 8 done
    fold 9 done
  -> 10 fold(s) | deg ρ@X_L=0.061  conf ρ@X_L=0.721  d_test@X_L=0.868
  Saved to /home/fguadagn/FMG_Master_Thesis/neural-sheaf-diffusion-modified/quick_analysis/conviction_heatmap/GeneralSheaf/normalised_true/minesweeper_GeneralSheaf_d5_6L_Norm_True_conviction_heatmap.pdf
  Scatter saved to /home/fguadagn/FMG_Master_Thesis/neural-sheaf-diffusion-modified/quick_analysis/conviction_scatter/GeneralSheaf/normalised_true/minesweeper_GeneralSheaf_d5_6L_Norm_True_conviction_scatter.pdf

============================================================
  pubmed  |  GeneralSheaf  d=3  L=4
============================================================
  Computing betweenness (k=500) …
  Graph: 19717 nodes, 44324 edges

  --- epoch-0 ---
    fold 0 done
    fold 1 done
    fold 2 done
    fold 3 done
    fold 4 done
    fold 5 done
    fold 6 done
    fold 7 done
    fold 8 done
    fold 9 done
  -> 10 fold(s) | deg ρ@X_L=-0.014  conf ρ@X_L=-0.092  d_test@X_L=0.148

  --- epoch-1 ---
    fold 0 done
    fold 1 done
    fold 2 done
    fold 3 done
    fold 4 done
    fold 5 done
    fold 6 done
    fold 7 done
    fold 8 done
    fold 9 done
  -> 10 fold(s) | deg ρ@X_L=0.008  conf ρ@X_L=0.170  d_test@X_L=0.551

  --- epoch-5 ---
    fold 0 done
    fold 1 done
    fold 2 done
    fold 3 done
    fold 4 done
    fold 5 done
    fold 6 done
    fold 7 done
    fold 8 done
    fold 9 done
  -> 10 fold(s) | deg ρ@X_L=0.024  conf ρ@X_L=0.630  d_test@X_L=0.961

  --- epoch-15 ---
    fold 0 done
    fold 1 done
    fold 2 done
    fold 3 done
    fold 4 done
    fold 5 done
    fold 6 done
    fold 7 done
    fold 8 done
    fold 9 done
  -> 10 fold(s) | deg ρ@X_L=0.168  conf ρ@X_L=0.818  d_test@X_L=0.487

  --- epoch-50 ---
    fold 0 done
    fold 1 done
    fold 2 done
    fold 3 done
    fold 4 done
    fold 5 done
    fold 6 done
    fold 7 done
    fold 8 done
    fold 9 done
  -> 10 fold(s) | deg ρ@X_L=0.494  conf ρ@X_L=0.739  d_test@X_L=0.406

  --- epoch-200 ---
    fold 0 done
    fold 1 done
    fold 2 done
    fold 3 done
    fold 4 done
    fold 5 done
    fold 6 done
    fold 7 done
    fold 8 done
    fold 9 done
  -> 10 fold(s) | deg ρ@X_L=0.537  conf ρ@X_L=0.664  d_test@X_L=0.315

  --- best-epoch ---
    fold 0 done
    fold 1 done
    fold 2 done
    fold 3 done
    fold 4 done
    fold 5 done
    fold 6 done
    fold 7 done
    fold 8 done
    fold 9 done
  -> 10 fold(s) | deg ρ@X_L=0.527  conf ρ@X_L=0.697  d_test@X_L=0.394

  --- last ---
    fold 0 done
    fold 1 done
    fold 2 done
    fold 3 done
    fold 4 done
    fold 5 done
    fold 6 done
    fold 7 done
    fold 8 done
    fold 9 done
  -> 10 fold(s) | deg ρ@X_L=0.562  conf ρ@X_L=0.657  d_test@X_L=0.307
  Saved to /home/fguadagn/FMG_Master_Thesis/neural-sheaf-diffusion-modified/quick_analysis/conviction_heatmap/GeneralSheaf/normalised_true/pubmed_GeneralSheaf_d3_4L_Norm_True_conviction_heatmap.pdf
  Scatter saved to /home/fguadagn/FMG_Master_Thesis/neural-sheaf-diffusion-modified/quick_analysis/conviction_scatter/GeneralSheaf/normalised_true/pubmed_GeneralSheaf_d3_4L_Norm_True_conviction_scatter.pdf

============================================================
  questions  |  GeneralSheaf  d=5  L=4
============================================================
  Computing betweenness (k=500) …
  Graph: 48921 nodes, 153540 edges

  --- epoch-0 ---
    fold 0 done
    fold 1 done
    fold 2 done
    fold 3 done
    fold 4 done
    fold 5 done
    fold 6 done
    fold 7 done
    fold 8 done
    fold 9 done
  -> 10 fold(s) | deg ρ@X_L=-0.144  conf ρ@X_L=0.087  d_test@X_L=0.559

  --- epoch-1 ---
    fold 0 done
    fold 1 done
    fold 2 done
    fold 3 done
    fold 4 done
    fold 5 done
    fold 6 done
    fold 7 done
    fold 8 done
    fold 9 done
  -> 10 fold(s) | deg ρ@X_L=0.125  conf ρ@X_L=0.925  d_test@X_L=0.138

  --- epoch-5 ---
    fold 0 done
    fold 1 done
    fold 2 done
    fold 3 done
    fold 4 done
    fold 5 done
    fold 6 done
    fold 7 done
    fold 8 done
    fold 9 done
  -> 10 fold(s) | deg ρ@X_L=0.456  conf ρ@X_L=0.867  d_test@X_L=0.428

  --- epoch-15 ---
    fold 0 done
    fold 1 done
    fold 2 done
    fold 3 done
    fold 4 done
    fold 5 done
    fold 6 done
    fold 7 done
    fold 8 done
    fold 9 done
  -> 10 fold(s) | deg ρ@X_L=0.294  conf ρ@X_L=0.147  d_test@X_L=0.272

  --- epoch-50 ---
    fold 0 done
    fold 1 done
    fold 2 done
    fold 3 done
    fold 4 done
    fold 5 done
    fold 6 done
    fold 7 done
    fold 8 done
    fold 9 done
  -> 10 fold(s) | deg ρ@X_L=-0.068  conf ρ@X_L=0.668  d_test@X_L=0.071

  --- epoch-200 ---
    fold 0 done
    fold 1 done
    fold 2 done
    fold 3 done
    fold 4 done
    fold 5 done
    fold 6 done
    fold 7 done
    fold 8 done
    fold 9 done
  -> 10 fold(s) | deg ρ@X_L=0.166  conf ρ@X_L=0.601  d_test@X_L=0.248

  --- best-epoch ---
    fold 0 done
    fold 1 done
    fold 2 done
    fold 3 done
    fold 4 done
    fold 5 done
    fold 6 done
    fold 7 done
    fold 8 done
    fold 9 done
  -> 10 fold(s) | deg ρ@X_L=0.049  conf ρ@X_L=0.655  d_test@X_L=0.083

  --- last ---
    fold 0 done
    fold 1 done
    fold 2 done
    fold 3 done
    fold 4 done
    fold 5 done
    fold 6 done
    fold 7 done
    fold 8 done
    fold 9 done
  -> 10 fold(s) | deg ρ@X_L=0.243  conf ρ@X_L=0.547  d_test@X_L=0.346
  Saved to /home/fguadagn/FMG_Master_Thesis/neural-sheaf-diffusion-modified/quick_analysis/conviction_heatmap/GeneralSheaf/normalised_true/questions_GeneralSheaf_d5_4L_Norm_True_conviction_heatmap.pdf
  Scatter saved to /home/fguadagn/FMG_Master_Thesis/neural-sheaf-diffusion-modified/quick_analysis/conviction_scatter/GeneralSheaf/normalised_true/questions_GeneralSheaf_d5_4L_Norm_True_conviction_scatter.pdf

============================================================
  roman_empire  |  GeneralSheaf  d=5  L=5
============================================================
  Computing betweenness (k=500) …
  Graph: 22662 nodes, 32927 edges

  --- epoch-0 ---
    fold 0 done
    fold 1 done
    fold 2 done
    fold 3 done
    fold 4 done
    fold 5 done
    fold 6 done
    fold 7 done
    fold 8 done
    fold 9 done
  -> 10 fold(s) | deg ρ@X_L=-0.108  conf ρ@X_L=0.556  d_test@X_L=0.291

  --- epoch-1 ---
    fold 0 done
    fold 1 done
    fold 2 done
    fold 3 done
    fold 4 done
    fold 5 done
    fold 6 done
    fold 7 done
    fold 8 done
    fold 9 done
  -> 10 fold(s) | deg ρ@X_L=-0.104  conf ρ@X_L=0.820  d_test@X_L=1.118

  --- epoch-5 ---
    fold 0 done
    fold 1 done
    fold 2 done
    fold 3 done
    fold 4 done
    fold 5 done
    fold 6 done
    fold 7 done
    fold 8 done
    fold 9 done
  -> 10 fold(s) | deg ρ@X_L=0.136  conf ρ@X_L=0.937  d_test@X_L=1.184

  --- epoch-15 ---
    fold 0 done
    fold 1 done
    fold 2 done
    fold 3 done
    fold 4 done
    fold 5 done
    fold 6 done
    fold 7 done
    fold 8 done
    fold 9 done
  -> 10 fold(s) | deg ρ@X_L=0.151  conf ρ@X_L=0.830  d_test@X_L=0.945

  --- epoch-50 ---
    fold 0 done
    fold 1 done
    fold 2 done
    fold 3 done
    fold 4 done
    fold 5 done
    fold 6 done
    fold 7 done
    fold 8 done
    fold 9 done
  -> 10 fold(s) | deg ρ@X_L=0.328  conf ρ@X_L=0.464  d_test@X_L=0.389

  --- epoch-200 ---
    fold 0 done
    fold 1 done
    fold 2 done
    fold 3 done
    fold 4 done
    fold 5 done
    fold 6 done
    fold 7 done
    fold 8 done
    fold 9 done
  -> 10 fold(s) | deg ρ@X_L=0.403  conf ρ@X_L=0.390  d_test@X_L=0.346

  --- best-epoch ---
    fold 0 done
    fold 1 done
    fold 2 done
    fold 3 done
    fold 4 done
    fold 5 done
    fold 6 done
    fold 7 done
    fold 8 done
    fold 9 done
  -> 10 fold(s) | deg ρ@X_L=0.415  conf ρ@X_L=0.377  d_test@X_L=0.366

  --- last ---
    fold 0 done
    fold 1 done
    fold 2 done
    fold 3 done
    fold 4 done
    fold 5 done
    fold 6 done
    fold 7 done
    fold 8 done
    fold 9 done
  -> 10 fold(s) | deg ρ@X_L=0.417  conf ρ@X_L=0.384  d_test@X_L=0.366
  Saved to /home/fguadagn/FMG_Master_Thesis/neural-sheaf-diffusion-modified/quick_analysis/conviction_heatmap/GeneralSheaf/normalised_true/roman_empire_GeneralSheaf_d5_5L_Norm_True_conviction_heatmap.pdf
  Scatter saved to /home/fguadagn/FMG_Master_Thesis/neural-sheaf-diffusion-modified/quick_analysis/conviction_scatter/GeneralSheaf/normalised_true/roman_empire_GeneralSheaf_d5_5L_Norm_True_conviction_scatter.pdf

============================================================
  tolokers  |  GeneralSheaf  d=3  L=4
============================================================
  Computing betweenness (k=500) …
  Graph: 11758 nodes, 519000 edges

  --- epoch-0 ---
    fold 0 done
    fold 1 done
    fold 2 done
    fold 3 done
    fold 4 done
    fold 5 done
    fold 6 done
    fold 7 done
    fold 8 done
    fold 9 done
  -> 10 fold(s) | deg ρ@X_L=0.743  conf ρ@X_L=0.236  d_test@X_L=0.172

  --- epoch-1 ---
    fold 0 done
    fold 1 done
    fold 2 done
    fold 3 done
    fold 4 done
    fold 5 done
    fold 6 done
    fold 7 done
    fold 8 done
    fold 9 done
  -> 10 fold(s) | deg ρ@X_L=0.773  conf ρ@X_L=0.731  d_test@X_L=0.138

  --- epoch-5 ---
    fold 0 done
    fold 1 done
    fold 2 done
    fold 3 done
    fold 4 done
    fold 5 done
    fold 6 done
    fold 7 done
    fold 8 done
    fold 9 done
  -> 10 fold(s) | deg ρ@X_L=0.301  conf ρ@X_L=0.489  d_test@X_L=0.139

  --- epoch-15 ---
    fold 0 done
    fold 1 done
    fold 2 done
    fold 3 done
    fold 4 done
    fold 5 done
    fold 6 done
    fold 7 done
    fold 8 done
    fold 9 done
  -> 10 fold(s) | deg ρ@X_L=0.197  conf ρ@X_L=0.706  d_test@X_L=0.494

  --- epoch-50 ---
    fold 0 done
    fold 1 done
    fold 2 done
    fold 3 done
    fold 4 done
    fold 5 done
    fold 6 done
    fold 7 done
    fold 8 done
    fold 9 done
  -> 10 fold(s) | deg ρ@X_L=0.195  conf ρ@X_L=0.727  d_test@X_L=0.651

  --- epoch-200 ---
    fold 0 done
    fold 1 done
    fold 2 done
    fold 3 done
    fold 4 done
    fold 5 done
    fold 6 done
    fold 7 done
    fold 8 done
    fold 9 done
  -> 10 fold(s) | deg ρ@X_L=0.315  conf ρ@X_L=0.569  d_test@X_L=0.431

  --- best-epoch ---
    fold 0 done
    fold 1 done
    fold 2 done
    fold 3 done
    fold 4 done
    fold 5 done
    fold 6 done
    fold 7 done
    fold 8 done
    fold 9 done
  -> 10 fold(s) | deg ρ@X_L=0.297  conf ρ@X_L=0.551  d_test@X_L=0.399

  --- last ---
    fold 0 done
    fold 1 done
    fold 2 done
    fold 3 done
    fold 4 done
    fold 5 done
    fold 6 done
    fold 7 done
    fold 8 done
    fold 9 done
  -> 10 fold(s) | deg ρ@X_L=0.302  conf ρ@X_L=0.532  d_test@X_L=0.380
  Saved to /home/fguadagn/FMG_Master_Thesis/neural-sheaf-diffusion-modified/quick_analysis/conviction_heatmap/GeneralSheaf/normalised_true/tolokers_GeneralSheaf_d3_4L_Norm_True_conviction_heatmap.pdf
  Scatter saved to /home/fguadagn/FMG_Master_Thesis/neural-sheaf-diffusion-modified/quick_analysis/conviction_scatter/GeneralSheaf/normalised_true/tolokers_GeneralSheaf_d3_4L_Norm_True_conviction_scatter.pdf

============================================================
  wisconsin  |  GeneralSheaf  d=2  L=2
============================================================
  Computing betweenness (k=251) …
  Graph: 251 nodes, 450 edges

  --- epoch-0 ---
    fold 0 done
    fold 1 done
    fold 2 done
    fold 3 done
    fold 4 done
    fold 5 done
    fold 6 done
    fold 7 done
    fold 8 done
    fold 9 done
  -> 10 fold(s) | deg ρ@X_L=-0.011  conf ρ@X_L=0.063  d_test@X_L=0.567

  --- epoch-1 ---
    fold 0 done
    fold 1 done
    fold 2 done
    fold 3 done
    fold 4 done
    fold 5 done
    fold 6 done
    fold 7 done
    fold 8 done
    fold 9 done
  -> 10 fold(s) | deg ρ@X_L=-0.259  conf ρ@X_L=0.245  d_test@X_L=1.151

  --- epoch-5 ---
    fold 0 done
    fold 1 done
    fold 2 done
    fold 3 done
    fold 4 done
    fold 5 done
    fold 6 done
    fold 7 done
    fold 8 done
    fold 9 done
  -> 10 fold(s) | deg ρ@X_L=-0.274  conf ρ@X_L=0.912  d_test@X_L=1.455

  --- epoch-15 ---
    fold 0 done
    fold 1 done
    fold 2 done
    fold 3 done
    fold 4 done
    fold 5 done
    fold 6 done
    fold 7 done
    fold 8 done
    fold 9 done
  -> 10 fold(s) | deg ρ@X_L=-0.260  conf ρ@X_L=0.919  d_test@X_L=1.054

  --- epoch-50 ---
    fold 0 done
    fold 1 done
    fold 2 done
    fold 3 done
    fold 4 done
    fold 5 done
    fold 6 done
    fold 7 done
    fold 8 done
    fold 9 done
  -> 10 fold(s) | deg ρ@X_L=-0.044  conf ρ@X_L=0.906  d_test@X_L=0.858

  --- epoch-200 ---
    fold 0 done
    fold 1 done
    fold 2 done
    fold 3 done
    fold 4 done
    fold 5 done
    fold 6 done
    fold 7 done
    fold 8 done
    fold 9 done
  -> 10 fold(s) | deg ρ@X_L=-0.085  conf ρ@X_L=0.905  d_test@X_L=0.869

  --- best-epoch ---
    fold 0 done
    fold 1 done
    fold 2 done
    fold 3 done
    fold 4 done
    fold 5 done
    fold 6 done
    fold 7 done
    fold 8 done
    fold 9 done
  -> 10 fold(s) | deg ρ@X_L=-0.061  conf ρ@X_L=0.878  d_test@X_L=0.890

  --- last ---
    fold 0 done
    fold 1 done
    fold 2 done
    fold 3 done
    fold 4 done
    fold 5 done
    fold 6 done
    fold 7 done
    fold 8 done
    fold 9 done
  -> 10 fold(s) | deg ρ@X_L=-0.080  conf ρ@X_L=0.885  d_test@X_L=0.734
  Saved to /home/fguadagn/FMG_Master_Thesis/neural-sheaf-diffusion-modified/quick_analysis/conviction_heatmap/GeneralSheaf/normalised_true/wisconsin_GeneralSheaf_d2_2L_Norm_True_conviction_heatmap.pdf
  Scatter saved to /home/fguadagn/FMG_Master_Thesis/neural-sheaf-diffusion-modified/quick_analysis/conviction_scatter/GeneralSheaf/normalised_true/wisconsin_GeneralSheaf_d2_2L_Norm_True_conviction_scatter.pdf

Done. Heatmaps in: /home/fguadagn/FMG_Master_Thesis/neural-sheaf-diffusion-modified/quick_analysis/conviction_heatmap/GeneralSheaf/normalised_true
      Scatters in: /home/fguadagn/FMG_Master_Thesis/neural-sheaf-diffusion-modified/quick_analysis/conviction_scatter/GeneralSheaf/normalised_true
