Discovering: model=GeneralSheaf  normalised=true
  found: amazon_ratings  d=5  L=5  folds=10
  found: citeseer  d=5  L=4  folds=10
  found: cora  d=5  L=3  folds=10
  found: cornell  d=2  L=2  folds=10
  found: minesweeper  d=5  L=6  folds=10
  found: pubmed  d=5  L=4  folds=3
  found: questions  d=5  L=4  folds=10
  found: roman_empire  d=5  L=5  folds=10
  found: tolokers  d=3  L=4  folds=10
  found: wisconsin  d=2  L=2  folds=10

Found 10 experiment(s).

============================================================
  amazon_ratings  |  GeneralSheaf  d=5  L=5  folds=10
============================================================
  fold 0 done  |  baseline acc=0.474  conf=0.503
  fold 1 done  |  baseline acc=0.457  conf=0.438
  fold 2 done  |  baseline acc=0.452  conf=0.473
  fold 3 done  |  baseline acc=0.461  conf=0.466
  fold 4 done  |  baseline acc=0.468  conf=0.484
  fold 5 done  |  baseline acc=0.459  conf=0.482
  fold 6 done  |  baseline acc=0.466  conf=0.496
  fold 7 done  |  baseline acc=0.462  conf=0.485
  fold 8 done  |  baseline acc=0.472  conf=0.505
  fold 9 done  |  baseline acc=0.466  conf=0.492
  Saved to /home/fguadagn/FMG_Master_Thesis/neural-sheaf-diffusion-modified/quick_analysis/accuracy_ranking/GeneralSheaf/normalised_true/amazon_ratings_GeneralSheaf_d5_5L_Norm_True_conviction_masking.pdf

============================================================
  citeseer  |  GeneralSheaf  d=5  L=4  folds=10
============================================================
  fold 0 done  |  baseline acc=0.624  conf=0.708
  fold 1 done  |  baseline acc=0.694  conf=0.690
  fold 2 done  |  baseline acc=0.656  conf=0.765
  fold 3 done  |  baseline acc=0.615  conf=0.696
  fold 4 done  |  baseline acc=0.637  conf=0.545
  fold 5 done  |  baseline acc=0.586  conf=0.637
  fold 6 done  |  baseline acc=0.709  conf=0.869
  fold 7 done  |  baseline acc=0.666  conf=0.714
  fold 8 done  |  baseline acc=0.660  conf=0.627
  fold 9 done  |  baseline acc=0.684  conf=0.649
  Saved to /home/fguadagn/FMG_Master_Thesis/neural-sheaf-diffusion-modified/quick_analysis/accuracy_ranking/GeneralSheaf/normalised_true/citeseer_GeneralSheaf_d5_4L_Norm_True_conviction_masking.pdf

============================================================
  cora  |  GeneralSheaf  d=5  L=3  folds=10
============================================================
  fold 0 done  |  baseline acc=0.813  conf=0.824
  fold 1 done  |  baseline acc=0.855  conf=0.862
  fold 2 done  |  baseline acc=0.843  conf=0.826
  fold 3 done  |  baseline acc=0.807  conf=0.823
  fold 4 done  |  baseline acc=0.851  conf=0.862
  fold 5 done  |  baseline acc=0.809  conf=0.809
  fold 6 done  |  baseline acc=0.809  conf=0.827
  fold 7 done  |  baseline acc=0.813  conf=0.836
  fold 8 done  |  baseline acc=0.845  conf=0.843
  fold 9 done  |  baseline acc=0.849  conf=0.859
  Saved to /home/fguadagn/FMG_Master_Thesis/neural-sheaf-diffusion-modified/quick_analysis/accuracy_ranking/GeneralSheaf/normalised_true/cora_GeneralSheaf_d5_3L_Norm_True_conviction_masking.pdf

============================================================
  cornell  |  GeneralSheaf  d=2  L=2  folds=10
============================================================
  fold 0 done  |  baseline acc=0.676  conf=0.845
  fold 1 done  |  baseline acc=0.865  conf=0.873
  fold 2 done  |  baseline acc=0.946  conf=0.857
  fold 3 done  |  baseline acc=0.703  conf=0.818
  fold 4 done  |  baseline acc=0.892  conf=0.869
  fold 5 done  |  baseline acc=0.784  conf=0.806
  fold 6 done  |  baseline acc=0.811  conf=0.856
  fold 7 done  |  baseline acc=0.757  conf=0.802
  fold 8 done  |  baseline acc=0.838  conf=0.822
  fold 9 done  |  baseline acc=0.838  conf=0.783
  Saved to /home/fguadagn/FMG_Master_Thesis/neural-sheaf-diffusion-modified/quick_analysis/accuracy_ranking/GeneralSheaf/normalised_true/cornell_GeneralSheaf_d2_2L_Norm_True_conviction_masking.pdf

============================================================
  minesweeper  |  GeneralSheaf  d=5  L=6  folds=10
============================================================
  fold 0 done  |  baseline acc=0.900  conf=0.901
  fold 1 done  |  baseline acc=0.910  conf=0.900
  fold 2 done  |  baseline acc=0.910  conf=0.910
  fold 3 done  |  baseline acc=0.891  conf=0.901
  fold 4 done  |  baseline acc=0.895  conf=0.893
  fold 5 done  |  baseline acc=0.905  conf=0.896
  fold 6 done  |  baseline acc=0.906  conf=0.903
  fold 7 done  |  baseline acc=0.904  conf=0.909
  fold 8 done  |  baseline acc=0.908  conf=0.914
  fold 9 done  |  baseline acc=0.905  conf=0.900
  Saved to /home/fguadagn/FMG_Master_Thesis/neural-sheaf-diffusion-modified/quick_analysis/accuracy_ranking/GeneralSheaf/normalised_true/minesweeper_GeneralSheaf_d5_6L_Norm_True_conviction_masking.pdf

============================================================
  pubmed  |  GeneralSheaf  d=5  L=4  folds=10
============================================================
  fold 0 done  |  baseline acc=0.892  conf=0.876
  fold 1 done  |  baseline acc=0.899  conf=0.899
  fold 2 done  |  baseline acc=0.887  conf=0.881
